# Check configuration tokens
# Ensure build layout
# Check configuration tokens
# Preparing build
# Check requirements for android
# Search for Git (git)
#  -> found at /usr/bin/git
# Search for Cython (cython)
#  -> found at /home/null/EncryptorApp/.venv/bin/cython
# Search for Java compiler (javac)
#  -> found at /usr/lib/jvm/java-17-openjdk-amd64/bin/javac
# Search for Java keytool (keytool)
#  -> found at /usr/lib/jvm/java-17-openjdk-amd64/bin/keytool
# Install platform
# Run ['git', 'config', '--get', 'remote.origin.url']
# Cwd /home/null/EncryptorApp/.buildozer/android/platform/python-for-android
https://github.com/kivy/python-for-android.git
# Run ['git', 'branch', '-vv']
# Cwd /home/null/EncryptorApp/.buildozer/android/platform/python-for-android
* develop ad8f9029 [origin/develop] Merge pull request #3259 from kengoon/sdlsurface-patch
# Run ['/home/null/EncryptorApp/.venv/bin/python3', '-m', 'pip', 'install', '-q', 'appdirs', 'colorama>=0.3.3', 'jinja2', 'sh>=2, <3.0; sys_platform!="win32"', 'meson', 'ninja', 'build', 'toml', 'packaging', 'setuptools', 'wheel~=0.43.0']
# Cwd None
# Apache ANT found at /home/null/.buildozer/android/platform/apache-ant-1.9.4
# Android SDK found at /home/null/.buildozer/android/platform/android-sdk
# Recommended android's NDK version by p4a is: 28c
# Android NDK found at /home/null/.buildozer/android/platform/android-ndk-r28c
# Run ['/home/null/EncryptorApp/.venv/bin/python3', '-m', 'pythonforandroid.toolchain', 'aab', '-h', '--color=always', '--storage-dir=/home/null/EncryptorApp/.buildozer/android/platform/build-arm64-v8a_armeabi-v7a', '--ndk-api=30', '--ignore-setup-py', '--debug']
# Cwd /home/null/EncryptorApp/.buildozer/android/platform/python-for-android
[WARNING]: prerequisites.py is experimental and does not support all prerequisites yet.
[WARNING]: Please report any issues to the python-for-android issue tracker.
[WARNING]: prerequisites.py is experimental and does not support all prerequisites yet.
[WARNING]: Please report any issues to the python-for-android issue tracker.
usage: toolchain.py aab [-h] [--debug] [--color {always,never,auto}]
                        [--sdk-dir SDK_DIR] [--ndk-dir NDK_DIR]
                        [--android-api ANDROID_API]
                        [--ndk-version NDK_VERSION] [--ndk-api NDK_API]
                        [--symlink-bootstrap-files]
                        [--storage-dir STORAGE_DIR] [--arch ARCH]
                        [--dist-name DIST_NAME] [--requirements REQUIREMENTS]
                        [--recipe-blacklist RECIPE_BLACKLIST]
                        [--blacklist-requirements BLACKLIST_REQUIREMENTS]
                        [--bootstrap BOOTSTRAP] [--hook HOOK] [--force-build]
                        [--no-force-build] [--require-perfect-match]
                        [--no-require-perfect-match] [--allow-replace-dist]
                        [--no-allow-replace-dist]
                        [--local-recipes LOCAL_RECIPES]
                        [--activity-class-name ACTIVITY_CLASS_NAME]
                        [--service-class-name SERVICE_CLASS_NAME]
                        [--java-build-tool {auto,ant,gradle}] [--copy-libs]
                        [--no-copy-libs] [--add-asset ASSETS]
                        [--add-resource RESOURCES] [--private PRIVATE]
                        [--use-setup-py] [--ignore-setup-py] [--release]
                        [--with-debug-symbols] [--keystore KEYSTORE]
                        [--signkey SIGNKEY] [--keystorepw KEYSTOREPW]
                        [--signkeypw SIGNKEYPW]

options:
  -h, --help            show this help message and exit
  --debug               Display debug output and all build info
  --color {always,never,auto}
                        Enable or disable color output (default enabled on
                        tty)
  --sdk-dir SDK_DIR, --sdk_dir SDK_DIR
                        The filepath where the Android SDK is installed
  --ndk-dir NDK_DIR, --ndk_dir NDK_DIR
                        The filepath where the Android NDK is installed
  --android-api ANDROID_API, --android_api ANDROID_API
                        The Android API level to build against defaults to 33
                        if not specified.
  --ndk-version NDK_VERSION, --ndk_version NDK_VERSION
                        DEPRECATED: the NDK version is now found automatically
                        or not at all.
  --ndk-api NDK_API     The Android API level to compile against. This should
                        be your *minimal supported* API, not normally the same
                        as your --android-api. Defaults to min(ANDROID_API,
                        24) if not specified.
  --symlink-bootstrap-files, --ssymlink_bootstrap_files
                        If True, symlinks the bootstrap files creation. This
                        is useful for development only, it could also cause
                        weird problems.
  --storage-dir STORAGE_DIR
                        Primary storage directory for downloads and builds
                        (default: /home/null/.local/share/python-for-android)
  --arch ARCH           The archs to build for.
  --dist-name DIST_NAME, --dist_name DIST_NAME
                        The name of the distribution to use or create
  --requirements REQUIREMENTS
                        Dependencies of your app, should be recipe names or
                        Python modules. NOT NECESSARY if you are using Python
                        3 with --use-setup-py
  --recipe-blacklist RECIPE_BLACKLIST
                        Blacklist an internal recipe from use. Allows
                        disabling Python 3 core modules to save size
  --blacklist-requirements BLACKLIST_REQUIREMENTS
                        Blacklist an internal recipe from use. Allows
                        disabling Python 3 core modules to save size
  --bootstrap BOOTSTRAP
                        The bootstrap to build with. Leave unset to choose
                        automatically.
  --hook HOOK           Filename to a module that contains python-for-android
                        hooks
  --local-recipes LOCAL_RECIPES, --local_recipes LOCAL_RECIPES
                        Directory to look for local recipes
  --activity-class-name ACTIVITY_CLASS_NAME
                        The full java class name of the main activity
  --service-class-name SERVICE_CLASS_NAME
                        Full java package name of the PythonService class
  --java-build-tool {auto,ant,gradle}
                        The java build tool to use when packaging the APK,
                        defaults to automatically selecting an appropriate
                        tool.
  --add-asset ASSETS    Put this in the assets folder in the apk.
  --add-resource RESOURCES
                        Put this in the res folder in the apk.
  --private PRIVATE     the directory with the app source code files
                        (containing your main.py entrypoint)
  --use-setup-py        Process the setup.py of a project if present.
                        (Experimental!
  --ignore-setup-py     Don't run the setup.py of a project if present. This
                        may be required if the setup.py is not designed to
                        work inside p4a (e.g. by installing dependencies that
                        won't work or aren't desired on Android
  --release             Build your app as a non-debug release build. (Disables
                        gdb debugging among other things)
  --with-debug-symbols  Will keep debug symbols from `.so` files.
  --keystore KEYSTORE   Keystore for JAR signing key, will use jarsigner
                        default if not specified (release build only)
  --signkey SIGNKEY     Key alias to sign PARSER_APK. with (release build
                        only)
  --keystorepw KEYSTOREPW
                        Password for keystore
  --signkeypw SIGNKEYPW
                        Password for key alias

  Whether to force compilation of a new distribution

  --force-build
  --no-force-build      (this is the default)
  --require-perfect-match
  --no-require-perfect-match
                        (this is the default)
  --allow-replace-dist  (this is the default)
  --no-allow-replace-dist
  --copy-libs
  --no-copy-libs        (this is the default)
# Check application requirements
# Compile platform
# Run ['/home/null/EncryptorApp/.venv/bin/python3', '-m', 'pythonforandroid.toolchain', 'create', '--dist_name=encryptorx', '--bootstrap=sdl2', '--requirements=python3,kivy,plyer', '--arch=arm64-v8a', '--arch=armeabi-v7a', '--copy-libs', '--color=always', '--storage-dir=/home/null/EncryptorApp/.buildozer/android/platform/build-arm64-v8a_armeabi-v7a', '--ndk-api=30', '--ignore-setup-py', '--debug']
# Cwd /home/null/EncryptorApp/.buildozer/android/platform/python-for-android
[WARNING]: prerequisites.py is experimental and does not support all prerequisites yet.
[WARNING]: Please report any issues to the python-for-android issue tracker.
[WARNING]: prerequisites.py is experimental and does not support all prerequisites yet.
[WARNING]: Please report any issues to the python-for-android issue tracker.
[1m[INFO][0m:    Will compile for the following archs: armeabi-v7a, arm64-v8a
[1m[INFO][0m:    Found Android API target in $ANDROIDAPI: 34
[1m[INFO][0m:    Available Android APIs are (34)
[1m[INFO][0m:    Requested API target 34 is available, continuing.
[1m[INFO][0m:    Found NDK dir in $ANDROIDNDK: /home/null/.buildozer/android/platform/android-ndk-r28c
[1m[INFO][0m:    Found NDK version 28c
[1m[31m[WARNING][39m[0m: Maximum recommended NDK version is 28c, but newer versions may work.
[1m[31m[WARNING][39m[0m: Newer NDKs may not be fully supported by p4a.
[1m[INFO][0m:    Getting NDK API version (i.e. minimum supported API) from user argument
[1m[INFO][0m:    ccache is missing, the build will not be optimized in the future.
[1m[90m[DEBUG][39m[0m:   All possible dists: []
[1m[90m[DEBUG][39m[0m:   Dist matching name and arch: []
[1m[90m[DEBUG][39m[0m:   Dist matching ndk_api and recipe: []
[1m[INFO][0m:    No existing dists meet the given requirements!
[1m[90m[DEBUG][39m[0m:   Remove directory and subdirectory /home/null/EncryptorApp/.buildozer/android/platform/build-arm64-v8a_armeabi-v7a/dists/encryptorx
[1m[INFO][0m:    [1m[94mNo dist exists that meets your requirements, so one will be built.[0m
[1m[INFO][0m:    Found a single valid recipe set: ['hostpython3', 'libffi', 'openssl', 'plyer', 'sdl2_image', 'sdl2_mixer', 'sdl2_ttf', 'six', 'sqlite3', 'python3', 'sdl2', 'pyjnius', 'setuptools', 'android', 'kivy']
[1m[INFO][0m:    The selected bootstrap is sdl2
[1m[INFO][0m:    [1m[32m# Creating dist with sdl2 bootstrap[0m[39m
[1m[INFO][0m:    [1m[94mDist will have name encryptorx and requirements (python3, kivy, plyer)[0m
[1m[INFO][0m:    Dist contains the following requirements as recipes: ['hostpython3', 'libffi', 'openssl', 'sdl2_image', 'sdl2_mixer', 'sdl2_ttf', 'sqlite3', 'python3', 'sdl2', 'pyjnius', 'setuptools', 'android', 'kivy']
[1m[INFO][0m:    Dist will also contain modules (requests, filetype, certifi, urllib3, idna, six, plyer, chardet) installed from pip
[1m[INFO][0m:    Dist will be build in mode debug
[1m[INFO][0m:    [36m-> directory context /home/null/EncryptorApp/.buildozer/android/platform/build-arm64-v8a_armeabi-v7a/build/bootstrap_builds/sdl2[39m
[1m[INFO][0m:    [36m<- directory context /home/null/EncryptorApp/.buildozer/android/platform/python-for-android[39m
[1m[90m[DEBUG][39m[0m:   Create directory /home/null/EncryptorApp/.buildozer/android/platform/build-arm64-v8a_armeabi-v7a/dists/encryptorx
[1m[INFO][0m:    [1m[94mRecipe build order is ['hostpython3', 'libffi', 'openssl', 'sdl2_image', 'sdl2_mixer', 'sdl2_ttf', 'sqlite3', 'python3', 'sdl2', 'pyjnius', 'setuptools', 'android', 'kivy'][0m
[1m[INFO][0m:    [1m[94mThe requirements (certifi, chardet, filetype, idna, plyer, requests, six, urllib3) were not found as recipes, they will be installed with pip.[0m
[1m[INFO][0m:    [1m[32m# Downloading recipes [0m[39m
[1m[INFO][0m:    [1m[32mDownloading hostpython3[0m[39m
[1m[INFO][0m:    [36m-> directory context /home/null/EncryptorApp/.buildozer/android/platform/build-arm64-v8a_armeabi-v7a/packages/hostpython3[39m
stty: 'standard input': Inappropriate ioctl for device
[1m[90m[DEBUG][39m[0m:   [90m->[0m running basename https://github.com/python/cpython/archive/refs/tags/v3.14.0.tar.gz[0m
[1m[90m[DEBUG][39m[0m:   	v3.14.0.tar.gz
[1m[INFO][0m:    hostpython3 download already cached, skipping
[1m[INFO][0m:    [36m<- directory context /home/null/EncryptorApp/.buildozer/android/platform/python-for-android[39m
[1m[INFO][0m:    [1m[32mDownloading libffi[0m[39m
[1m[INFO][0m:    [36m-> directory context /home/null/EncryptorApp/.buildozer/android/platform/build-arm64-v8a_armeabi-v7a/packages/libffi[39m
stty: 'standard input': Inappropriate ioctl for device
[1m[90m[DEBUG][39m[0m:   [90m->[0m running basename https://github.com/libffi/libffi/archive/v3.4.2.tar.gz[0m
[1m[90m[DEBUG][39m[0m:   	v3.4.2.tar.gz
[1m[INFO][0m:    libffi download already cached, skipping
[1m[INFO][0m:    [36m<- directory context /home/null/EncryptorApp/.buildozer/android/platform/python-for-android[39m
[1m[INFO][0m:    [1m[32mDownloading openssl[0m[39m
[1m[INFO][0m:    [36m-> directory context /home/null/EncryptorApp/.buildozer/android/platform/build-arm64-v8a_armeabi-v7a/packages/openssl[39m
stty: 'standard input': Inappropriate ioctl for device
[1m[90m[DEBUG][39m[0m:   [90m->[0m running basename https://www.openssl.org/source/openssl-3.3.1.tar.gz[0m
[1m[90m[DEBUG][39m[0m:   	openssl-3.3.1.tar.gz
[1m[INFO][0m:    openssl download already cached, skipping
[1m[INFO][0m:    [36m<- directory context /home/null/EncryptorApp/.buildozer/android/platform/python-for-android[39m
[1m[INFO][0m:    [1m[32mDownloading sdl2_image[0m[39m
[1m[INFO][0m:    [36m-> directory context /home/null/EncryptorApp/.buildozer/android/platform/build-arm64-v8a_armeabi-v7a/packages/sdl2_image[39m
stty: 'standard input': Inappropriate ioctl for device
[1m[90m[DEBUG][39m[0m:   [90m->[0m running basename https://github.com/libsdl-org/SDL_image/releases/download/release-2.8.2/SDL2_image-2.8.2.tar.gz[0m
[1m[90m[DEBUG][39m[0m:   	SDL2_image-2.8.2.tar.gz
[1m[INFO][0m:    sdl2_image download already cached, skipping
[1m[INFO][0m:    [36m<- directory context /home/null/EncryptorApp/.buildozer/android/platform/python-for-android[39m
[1m[INFO][0m:    [1m[32mDownloading sdl2_mixer[0m[39m
[1m[INFO][0m:    [36m-> directory context /home/null/EncryptorApp/.buildozer/android/platform/build-arm64-v8a_armeabi-v7a/packages/sdl2_mixer[39m
stty: 'standard input': Inappropriate ioctl for device
[1m[90m[DEBUG][39m[0m:   [90m->[0m running basename https://github.com/libsdl-org/SDL_mixer/releases/download/release-2.6.3/SDL2_mixer-2.6.3.tar.gz[0m
[1m[90m[DEBUG][39m[0m:   	SDL2_mixer-2.6.3.tar.gz
[1m[INFO][0m:    sdl2_mixer download already cached, skipping
[1m[INFO][0m:    [36m<- directory context /home/null/EncryptorApp/.buildozer/android/platform/python-for-android[39m
[1m[INFO][0m:    [1m[32mDownloading sdl2_ttf[0m[39m
[1m[INFO][0m:    [36m-> directory context /home/null/EncryptorApp/.buildozer/android/platform/build-arm64-v8a_armeabi-v7a/packages/sdl2_ttf[39m
stty: 'standard input': Inappropriate ioctl for device
[1m[90m[DEBUG][39m[0m:   [90m->[0m running basename https://github.com/libsdl-org/SDL_ttf/releases/download/release-2.22.0/SDL2_ttf-2.22.0.tar.gz[0m
[1m[90m[DEBUG][39m[0m:   	SDL2_ttf-2.22.0.tar.gz
[1m[INFO][0m:    sdl2_ttf download already cached, skipping
[1m[INFO][0m:    [36m<- directory context /home/null/EncryptorApp/.buildozer/android/platform/python-for-android[39m
[1m[INFO][0m:    [1m[32mDownloading sqlite3[0m[39m
[1m[INFO][0m:    [36m-> directory context /home/null/EncryptorApp/.buildozer/android/platform/build-arm64-v8a_armeabi-v7a/packages/sqlite3[39m
stty: 'standard input': Inappropriate ioctl for device
[1m[90m[DEBUG][39m[0m:   [90m->[0m running basename https://github.com/sqlite/sqlite/archive/refs/tags/version-3.50.4.tar.gz[0m
[1m[90m[DEBUG][39m[0m:   	version-3.50.4.tar.gz
[1m[INFO][0m:    sqlite3 download already cached, skipping
[1m[INFO][0m:    [36m<- directory context /home/null/EncryptorApp/.buildozer/android/platform/python-for-android[39m
[1m[INFO][0m:    [1m[32mDownloading python3[0m[39m
[1m[INFO][0m:    [36m-> directory context /home/null/EncryptorApp/.buildozer/android/platform/build-arm64-v8a_armeabi-v7a/packages/python3[39m
stty: 'standard input': Inappropriate ioctl for device
[1m[90m[DEBUG][39m[0m:   [90m->[0m running basename https://github.com/python/cpython/archive/refs/tags/v3.14.0.tar.gz[0m
[1m[90m[DEBUG][39m[0m:   	v3.14.0.tar.gz
[1m[INFO][0m:    python3 download already cached, skipping
[1m[INFO][0m:    [36m<- directory context /home/null/EncryptorApp/.buildozer/android/platform/python-for-android[39m
[1m[INFO][0m:    [1m[32mDownloading sdl2[0m[39m
[1m[INFO][0m:    [36m-> directory context /home/null/EncryptorApp/.buildozer/android/platform/build-arm64-v8a_armeabi-v7a/packages/sdl2[39m
stty: 'standard input': Inappropriate ioctl for device
[1m[90m[DEBUG][39m[0m:   [90m->[0m running basename https://github.com/libsdl-org/SDL/releases/download/release-2.30.11/SDL2-2.30.11.tar.gz[0m
[1m[90m[DEBUG][39m[0m:   	SDL2-2.30.11.tar.gz
[1m[INFO][0m:    sdl2 download already cached, skipping
[1m[INFO][0m:    [36m<- directory context /home/null/EncryptorApp/.buildozer/android/platform/python-for-android[39m
[1m[INFO][0m:    [1m[32mDownloading pyjnius[0m[39m
[1m[INFO][0m:    [36m-> directory context /home/null/EncryptorApp/.buildozer/android/platform/build-arm64-v8a_armeabi-v7a/packages/pyjnius[39m
stty: 'standard input': Inappropriate ioctl for device
[1m[90m[DEBUG][39m[0m:   [90m->[0m running basename https://github.com/kivy/pyjnius/archive/1.7.0.zip[0m
[1m[90m[DEBUG][39m[0m:   	1.7.0.zip
[1m[INFO][0m:    pyjnius download already cached, skipping
[1m[INFO][0m:    [36m<- directory context /home/null/EncryptorApp/.buildozer/android/platform/python-for-android[39m
[1m[INFO][0m:    [1m[32mDownloading setuptools[0m[39m
[1m[INFO][0m:    Skipping setuptools download as no URL is set
[1m[INFO][0m:    [1m[32mDownloading android[0m[39m
[1m[INFO][0m:    Skipping android download as no URL is set
[1m[INFO][0m:    [1m[32mDownloading kivy[0m[39m
[1m[INFO][0m:    [36m-> directory context /home/null/EncryptorApp/.buildozer/android/platform/build-arm64-v8a_armeabi-v7a/packages/kivy[39m
stty: 'standard input': Inappropriate ioctl for device
[1m[90m[DEBUG][39m[0m:   [90m->[0m running basename https://github.com/kivy/kivy/archive/2.3.1.zip[0m
[1m[90m[DEBUG][39m[0m:   	2.3.1.zip
[1m[INFO][0m:    kivy download already cached, skipping
[1m[INFO][0m:    [36m<- directory context /home/null/EncryptorApp/.buildozer/android/platform/python-for-android[39m
[1m[INFO][0m:    [1m[32m# Building all recipes for arch armeabi-v7a[0m[39m
[1m[INFO][0m:    [1m[32m# Unpacking recipes[0m[39m
[1m[INFO][0m:    [1m[32mUnpacking hostpython3 for armeabi-v7a[0m[39m
stty: 'standard input': Inappropriate ioctl for device
[1m[90m[DEBUG][39m[0m:   [90m->[0m running basename https://github.com/python/cpython/archive/refs/tags/v3.14.0.tar.gz[0m
[1m[90m[DEBUG][39m[0m:   	v3.14.0.tar.gz
[1m[INFO][0m:    [36m-> directory context /home/null/EncryptorApp/.buildozer/android/platform/build-arm64-v8a_armeabi-v7a/build/other_builds/hostpython3/desktop[39m
[1m[INFO][0m:    hostpython3 is already unpacked, skipping
[1m[INFO][0m:    [36m<- directory context /home/null/EncryptorApp/.buildozer/android/platform/python-for-android[39m
[1m[INFO][0m:    [1m[32mUnpacking libffi for armeabi-v7a[0m[39m
stty: 'standard input': Inappropriate ioctl for device
[1m[90m[DEBUG][39m[0m:   [90m->[0m running basename https://github.com/libffi/libffi/archive/v3.4.2.tar.gz[0m
[1m[90m[DEBUG][39m[0m:   	v3.4.2.tar.gz
[1m[INFO][0m:    [36m-> directory context /home/null/EncryptorApp/.buildozer/android/platform/build-arm64-v8a_armeabi-v7a/build/other_builds/libffi/armeabi-v7a__ndk_target_30[39m
[1m[INFO][0m:    libffi is already unpacked, skipping
[1m[INFO][0m:    [36m<- directory context /home/null/EncryptorApp/.buildozer/android/platform/python-for-android[39m
[1m[INFO][0m:    [1m[32mUnpacking openssl for armeabi-v7a[0m[39m
stty: 'standard input': Inappropriate ioctl for device
[1m[90m[DEBUG][39m[0m:   [90m->[0m running basename https://www.openssl.org/source/openssl-3.3.1.tar.gz[0m
[1m[90m[DEBUG][39m[0m:   	openssl-3.3.1.tar.gz
[1m[INFO][0m:    [36m-> directory context /home/null/EncryptorApp/.buildozer/android/platform/build-arm64-v8a_armeabi-v7a/build/other_builds/openssl/armeabi-v7a__ndk_target_30[39m
[1m[INFO][0m:    openssl is already unpacked, skipping
[1m[INFO][0m:    [36m<- directory context /home/null/EncryptorApp/.buildozer/android/platform/python-for-android[39m
[1m[INFO][0m:    [1m[32mUnpacking sdl2_image for armeabi-v7a[0m[39m
stty: 'standard input': Inappropriate ioctl for device
[1m[90m[DEBUG][39m[0m:   [90m->[0m running basename https://github.com/libsdl-org/SDL_image/releases/download/release-2.8.2/SDL2_image-2.8.2.tar.gz[0m
[1m[90m[DEBUG][39m[0m:   	SDL2_image-2.8.2.tar.gz
[1m[INFO][0m:    [36m-> directory context /home/null/EncryptorApp/.buildozer/android/platform/build-arm64-v8a_armeabi-v7a/build/bootstrap_builds/sdl2/jni[39m
[1m[INFO][0m:    sdl2_image is already unpacked, skipping
[1m[INFO][0m:    [36m<- directory context /home/null/EncryptorApp/.buildozer/android/platform/python-for-android[39m
[1m[INFO][0m:    [1m[32mUnpacking sdl2_mixer for armeabi-v7a[0m[39m
stty: 'standard input': Inappropriate ioctl for device
[1m[90m[DEBUG][39m[0m:   [90m->[0m running basename https://github.com/libsdl-org/SDL_mixer/releases/download/release-2.6.3/SDL2_mixer-2.6.3.tar.gz[0m
[1m[90m[DEBUG][39m[0m:   	SDL2_mixer-2.6.3.tar.gz
[1m[INFO][0m:    [36m-> directory context /home/null/EncryptorApp/.buildozer/android/platform/build-arm64-v8a_armeabi-v7a/build/bootstrap_builds/sdl2/jni[39m
[1m[INFO][0m:    sdl2_mixer is already unpacked, skipping
[1m[INFO][0m:    [36m<- directory context /home/null/EncryptorApp/.buildozer/android/platform/python-for-android[39m
[1m[INFO][0m:    [1m[32mUnpacking sdl2_ttf for armeabi-v7a[0m[39m
stty: 'standard input': Inappropriate ioctl for device
[1m[90m[DEBUG][39m[0m:   [90m->[0m running basename https://github.com/libsdl-org/SDL_ttf/releases/download/release-2.22.0/SDL2_ttf-2.22.0.tar.gz[0m
[1m[90m[DEBUG][39m[0m:   	SDL2_ttf-2.22.0.tar.gz
[1m[INFO][0m:    [36m-> directory context /home/null/EncryptorApp/.buildozer/android/platform/build-arm64-v8a_armeabi-v7a/build/bootstrap_builds/sdl2/jni[39m
[1m[INFO][0m:    sdl2_ttf is already unpacked, skipping
[1m[INFO][0m:    [36m<- directory context /home/null/EncryptorApp/.buildozer/android/platform/python-for-android[39m
[1m[INFO][0m:    [1m[32mUnpacking sqlite3 for armeabi-v7a[0m[39m
stty: 'standard input': Inappropriate ioctl for device
[1m[90m[DEBUG][39m[0m:   [90m->[0m running basename https://github.com/sqlite/sqlite/archive/refs/tags/version-3.50.4.tar.gz[0m
[1m[90m[DEBUG][39m[0m:   	version-3.50.4.tar.gz
[1m[INFO][0m:    [36m-> directory context /home/null/EncryptorApp/.buildozer/android/platform/build-arm64-v8a_armeabi-v7a/build/other_builds/sqlite3/armeabi-v7a__ndk_target_30[39m
[1m[INFO][0m:    sqlite3 is already unpacked, skipping
[1m[INFO][0m:    [36m<- directory context /home/null/EncryptorApp/.buildozer/android/platform/python-for-android[39m
[1m[INFO][0m:    [1m[32mUnpacking python3 for armeabi-v7a[0m[39m
stty: 'standard input': Inappropriate ioctl for device
[1m[90m[DEBUG][39m[0m:   [90m->[0m running basename https://github.com/python/cpython/archive/refs/tags/v3.14.0.tar.gz[0m
[1m[90m[DEBUG][39m[0m:   	v3.14.0.tar.gz
[1m[INFO][0m:    [36m-> directory context /home/null/EncryptorApp/.buildozer/android/platform/build-arm64-v8a_armeabi-v7a/build/other_builds/python3/armeabi-v7a__ndk_target_30[39m
[1m[INFO][0m:    python3 is already unpacked, skipping
[1m[INFO][0m:    [36m<- directory context /home/null/EncryptorApp/.buildozer/android/platform/python-for-android[39m
[1m[INFO][0m:    [1m[32mUnpacking sdl2 for armeabi-v7a[0m[39m
stty: 'standard input': Inappropriate ioctl for device
[1m[90m[DEBUG][39m[0m:   [90m->[0m running basename https://github.com/libsdl-org/SDL/releases/download/release-2.30.11/SDL2-2.30.11.tar.gz[0m
[1m[90m[DEBUG][39m[0m:   	SDL2-2.30.11.tar.gz
[1m[INFO][0m:    [36m-> directory context /home/null/EncryptorApp/.buildozer/android/platform/build-arm64-v8a_armeabi-v7a/build/bootstrap_builds/sdl2/jni[39m
[1m[INFO][0m:    sdl2 is already unpacked, skipping
[1m[INFO][0m:    [36m<- directory context /home/null/EncryptorApp/.buildozer/android/platform/python-for-android[39m
[1m[INFO][0m:    [1m[32mUnpacking pyjnius for armeabi-v7a[0m[39m
stty: 'standard input': Inappropriate ioctl for device
[1m[90m[DEBUG][39m[0m:   [90m->[0m running basename https://github.com/kivy/pyjnius/archive/1.7.0.zip[0m
[1m[90m[DEBUG][39m[0m:   	1.7.0.zip
[1m[INFO][0m:    [36m-> directory context /home/null/EncryptorApp/.buildozer/android/platform/build-arm64-v8a_armeabi-v7a/build/other_builds/pyjnius-sdl2/armeabi-v7a__ndk_target_30[39m
[1m[INFO][0m:    pyjnius is already unpacked, skipping
[1m[INFO][0m:    [36m<- directory context /home/null/EncryptorApp/.buildozer/android/platform/python-for-android[39m
[1m[INFO][0m:    [1m[32mUnpacking setuptools for armeabi-v7a[0m[39m
[1m[INFO][0m:    Skipping setuptools unpack as no URL is set
[1m[90m[DEBUG][39m[0m:   Remove directory and subdirectory /home/null/EncryptorApp/.buildozer/android/platform/build-arm64-v8a_armeabi-v7a/build/other_builds/android-sdl2/armeabi-v7a__ndk_target_30/android
stty: 'standard input': Inappropriate ioctl for device
[1m[90m[DEBUG][39m[0m:   [90m->[0m running cp -a /home/null/EncryptorApp/.buildozer/android/platform/python-for-android/pythonforandroid/recipes/android/src /home/null/EncryptorApp/.buildozer/android/platform/build-arm64-v8a_armeabi-v7a/build/other_builds/android-sdl2/armeabi-v7a__ndk_target_30/android[0m
[1m[INFO][0m:    [1m[32mUnpacking kivy for armeabi-v7a[0m[39m
stty: 'standard input': Inappropriate ioctl for device
[1m[90m[DEBUG][39m[0m:   [90m->[0m running basename https://github.com/kivy/kivy/archive/2.3.1.zip[0m
[1m[90m[DEBUG][39m[0m:   	2.3.1.zip
[1m[INFO][0m:    [36m-> directory context /home/null/EncryptorApp/.buildozer/android/platform/build-arm64-v8a_armeabi-v7a/build/other_builds/kivy-sdl2/armeabi-v7a__ndk_target_30[39m
[1m[INFO][0m:    kivy is already unpacked, skipping
[1m[INFO][0m:    [36m<- directory context /home/null/EncryptorApp/.buildozer/android/platform/python-for-android[39m
[1m[INFO][0m:    [1m[32m# Prebuilding recipes[0m[39m
[1m[INFO][0m:    [1m[32mPrebuilding hostpython3 for armeabi-v7a[0m[39m
[1m[INFO][0m:    hostpython3 has no prebuild_armeabi_v7a, skipping
[1m[INFO][0m:    [1m[32mPrebuilding libffi for armeabi-v7a[0m[39m
[1m[INFO][0m:    libffi has no prebuild_armeabi_v7a, skipping
[1m[INFO][0m:    [1m[32mApplying patches for libffi[armeabi-v7a][0m[39m
[1m[INFO][0m:    [1m[32mlibffi already patched, skipping[0m[39m
[1m[INFO][0m:    [1m[32mPrebuilding openssl for armeabi-v7a[0m[39m
[1m[INFO][0m:    openssl has no prebuild_armeabi_v7a, skipping
[1m[INFO][0m:    [1m[32mPrebuilding sdl2_image for armeabi-v7a[0m[39m
[1m[INFO][0m:    sdl2_image has no prebuild_armeabi_v7a, skipping
[1m[INFO][0m:    [1m[32mApplying patches for sdl2_image[armeabi-v7a][0m[39m
[1m[INFO][0m:    [1m[32msdl2_image already patched, skipping[0m[39m
[1m[INFO][0m:    [1m[32mPrebuilding sdl2_mixer for armeabi-v7a[0m[39m
[1m[INFO][0m:    sdl2_mixer has no prebuild_armeabi_v7a, skipping
[1m[INFO][0m:    [1m[32mPrebuilding sdl2_ttf for armeabi-v7a[0m[39m
[1m[INFO][0m:    sdl2_ttf has no prebuild_armeabi_v7a, skipping
[1m[INFO][0m:    [1m[32mPrebuilding sqlite3 for armeabi-v7a[0m[39m
[1m[INFO][0m:    sqlite3 has no prebuild_armeabi_v7a, skipping
[1m[INFO][0m:    [1m[32mPrebuilding python3 for armeabi-v7a[0m[39m
[1m[INFO][0m:    python3 has no prebuild_armeabi_v7a, skipping
[1m[INFO][0m:    [1m[32mApplying patches for python3[armeabi-v7a][0m[39m
[1m[INFO][0m:    [1m[32mpython3 already patched, skipping[0m[39m
[1m[INFO][0m:    [1m[32mPrebuilding sdl2 for armeabi-v7a[0m[39m
[1m[INFO][0m:    sdl2 has no prebuild_armeabi_v7a, skipping
[1m[INFO][0m:    [1m[32mPrebuilding pyjnius for armeabi-v7a[0m[39m
[1m[INFO][0m:    pyjnius has no prebuild_armeabi_v7a, skipping
[1m[INFO][0m:    [1m[32mApplying patches for pyjnius[armeabi-v7a][0m[39m
[1m[INFO][0m:    [1m[32mpyjnius already patched, skipping[0m[39m
[1m[INFO][0m:    [1m[32mPrebuilding setuptools for armeabi-v7a[0m[39m
[1m[INFO][0m:    setuptools has no prebuild_armeabi_v7a, skipping
[1m[INFO][0m:    [1m[32mPrebuilding android for armeabi-v7a[0m[39m
[1m[INFO][0m:    android has no prebuild_armeabi_v7a, skipping
[1m[INFO][0m:    [36m-> directory context /home/null/EncryptorApp/.buildozer/android/platform/build-arm64-v8a_armeabi-v7a/build/other_builds/android-sdl2/armeabi-v7a__ndk_target_30/android[39m
[1m[INFO][0m:    [36m<- directory context /home/null/EncryptorApp/.buildozer/android/platform/python-for-android[39m
[1m[INFO][0m:    [1m[32mPrebuilding kivy for armeabi-v7a[0m[39m
[1m[INFO][0m:    kivy has no prebuild_armeabi_v7a, skipping
[1m[INFO][0m:    [1m[32mApplying patches for kivy[armeabi-v7a][0m[39m
[1m[INFO][0m:    [1m[32mkivy already patched, skipping[0m[39m
[1m[INFO][0m:    [1m[32m# Building recipes[0m[39m
[1m[INFO][0m:    [1m[32mBuilding hostpython3 for armeabi-v7a[0m[39m
[1m[INFO][0m:    hostpython3 said it is already built, skipping
[1m[INFO][0m:    [1m[32mBuilding libffi for armeabi-v7a[0m[39m
[1m[INFO][0m:    libffi said it is already built, skipping
stty: 'standard input': Inappropriate ioctl for device
[1m[90m[DEBUG][39m[0m:   [90m->[0m running cp /home/null/EncryptorApp/.buildozer/android/platform/build-arm64-v8a_armeabi-v7a/build/other_builds/libffi/armeabi-v7a__ndk_target_30/libffi/.libs/libffi.so /home/null/EncryptorApp/.buildozer/android/platform/build-arm64-v8a_armeabi-v7a/build/libs_collections/encryptorx/armeabi-v7a[0m
[1m[INFO][0m:    [1m[32mBuilding openssl for armeabi-v7a[0m[39m
[1m[INFO][0m:    openssl said it is already built, skipping
stty: 'standard input': Inappropriate ioctl for device
[1m[90m[DEBUG][39m[0m:   [90m->[0m running cp /home/null/EncryptorApp/.buildozer/android/platform/build-arm64-v8a_armeabi-v7a/build/other_builds/openssl/armeabi-v7a__ndk_target_30/openssl3/libssl.so /home/null/EncryptorApp/.buildozer/android/platform/build-arm64-v8a_armeabi-v7a/build/other_builds/openssl/armeabi-v7a__ndk_target_30/openssl3/libcrypto.so /home/null/EncryptorApp/.buildozer/android/platform/build-arm64-v8a_armeabi-v7a/build/libs_collections/encryptorx/armeabi-v7a[0m
[1m[INFO][0m:    [1m[32mBuilding sdl2_image for armeabi-v7a[0m[39m
[1m[INFO][0m:    [1m[32mBuilding sdl2_mixer for armeabi-v7a[0m[39m
[1m[INFO][0m:    [1m[32mBuilding sdl2_ttf for armeabi-v7a[0m[39m
[1m[INFO][0m:    [1m[32mBuilding sqlite3 for armeabi-v7a[0m[39m
[1m[INFO][0m:    sqlite3 said it is already built, skipping
stty: 'standard input': Inappropriate ioctl for device
[1m[90m[DEBUG][39m[0m:   [90m->[0m running cp /home/null/EncryptorApp/.buildozer/android/platform/build-arm64-v8a_armeabi-v7a/build/other_builds/sqlite3/armeabi-v7a__ndk_target_30/sqlite3/libsqlite3.so /home/null/EncryptorApp/.buildozer/android/platform/build-arm64-v8a_armeabi-v7a/build/libs_collections/encryptorx/armeabi-v7a[0m
[1m[INFO][0m:    [1m[32mBuilding python3 for armeabi-v7a[0m[39m
[1m[INFO][0m:    python3 said it is already built, skipping
[1m[INFO][0m:    [1m[32mBuilding sdl2 for armeabi-v7a[0m[39m
[1m[INFO][0m:    sdl2 said it is already built, skipping
[1m[INFO][0m:    [1m[32mBuilding pyjnius for armeabi-v7a[0m[39m
[1m[INFO][0m:    Python package already exists in site-packages
[1m[INFO][0m:    pyjnius said it is already built, skipping
[1m[INFO][0m:    [1m[32mBuilding setuptools for armeabi-v7a[0m[39m
[1m[INFO][0m:    setuptools apparently isn't already in site-packages
[1m[31m[WARNING][39m[0m: Skipping build because it does not appear to be a Python project.
[1m[INFO][0m:    [1m[32mBuilding android for armeabi-v7a[0m[39m
[1m[INFO][0m:    Python package already exists in site-packages
[1m[INFO][0m:    android said it is already built, skipping
[1m[INFO][0m:    [1m[32mBuilding kivy for armeabi-v7a[0m[39m
[1m[INFO][0m:    Python package already exists in site-packages
[1m[INFO][0m:    kivy said it is already built, skipping
[1m[INFO][0m:    [1m[32m# Biglinking object files[0m[39m
[1m[31m[WARNING][39m[0m: Context's python recipe found, skipping biglink (will this work?)
[1m[INFO][0m:    [1m[32m# Postbuilding recipes[0m[39m
[1m[INFO][0m:    [1m[32mPostbuilding hostpython3 for armeabi-v7a[0m[39m
[1m[INFO][0m:    [1m[32mPostbuilding libffi for armeabi-v7a[0m[39m
[1m[INFO][0m:    [1m[32mPostbuilding openssl for armeabi-v7a[0m[39m
[1m[INFO][0m:    [1m[32mPostbuilding sdl2_image for armeabi-v7a[0m[39m
[1m[INFO][0m:    [1m[32mPostbuilding sdl2_mixer for armeabi-v7a[0m[39m
[1m[INFO][0m:    [1m[32mPostbuilding sdl2_ttf for armeabi-v7a[0m[39m
[1m[INFO][0m:    [1m[32mPostbuilding sqlite3 for armeabi-v7a[0m[39m
[1m[INFO][0m:    [1m[32mPostbuilding python3 for armeabi-v7a[0m[39m
[1m[INFO][0m:    [1m[32mPostbuilding sdl2 for armeabi-v7a[0m[39m
[1m[INFO][0m:    [1m[32mPostbuilding pyjnius for armeabi-v7a[0m[39m
[1m[INFO][0m:    Copying pyjnius java class to classes build dir
[1m[INFO][0m:    [36m-> directory context /home/null/EncryptorApp/.buildozer/android/platform/build-arm64-v8a_armeabi-v7a/build/other_builds/pyjnius-sdl2/armeabi-v7a__ndk_target_30/pyjnius[39m
stty: 'standard input': Inappropriate ioctl for device
[1m[90m[DEBUG][39m[0m:   [90m->[0m running cp -a jnius/src/org /home/null/EncryptorApp/.buildozer/android/platform/build-arm64-v8a_armeabi-v7a/build/javaclasses/encryptorx[0m
[1m[INFO][0m:    [36m<- directory context /home/null/EncryptorApp/.buildozer/android/platform/python-for-android[39m
[1m[INFO][0m:    [1m[32mPostbuilding setuptools for armeabi-v7a[0m[39m
[1m[INFO][0m:    [1m[32mPostbuilding android for armeabi-v7a[0m[39m
[1m[INFO][0m:    [1m[32mPostbuilding kivy for armeabi-v7a[0m[39m
[1m[INFO][0m:    [1m[32m# Building all recipes for arch arm64-v8a[0m[39m
[1m[INFO][0m:    [1m[32m# Unpacking recipes[0m[39m
[1m[INFO][0m:    [1m[32mUnpacking hostpython3 for arm64-v8a[0m[39m
stty: 'standard input': Inappropriate ioctl for device
[1m[90m[DEBUG][39m[0m:   [90m->[0m running basename https://github.com/python/cpython/archive/refs/tags/v3.14.0.tar.gz[0m
[1m[90m[DEBUG][39m[0m:   	v3.14.0.tar.gz
[1m[INFO][0m:    [36m-> directory context /home/null/EncryptorApp/.buildozer/android/platform/build-arm64-v8a_armeabi-v7a/build/other_builds/hostpython3/desktop[39m
[1m[INFO][0m:    hostpython3 is already unpacked, skipping
[1m[INFO][0m:    [36m<- directory context /home/null/EncryptorApp/.buildozer/android/platform/python-for-android[39m
[1m[INFO][0m:    [1m[32mUnpacking libffi for arm64-v8a[0m[39m
stty: 'standard input': Inappropriate ioctl for device
[1m[90m[DEBUG][39m[0m:   [90m->[0m running basename https://github.com/libffi/libffi/archive/v3.4.2.tar.gz[0m
[1m[90m[DEBUG][39m[0m:   	v3.4.2.tar.gz
[1m[INFO][0m:    [36m-> directory context /home/null/EncryptorApp/.buildozer/android/platform/build-arm64-v8a_armeabi-v7a/build/other_builds/libffi/arm64-v8a__ndk_target_30[39m
[1m[INFO][0m:    libffi is already unpacked, skipping
[1m[INFO][0m:    [36m<- directory context /home/null/EncryptorApp/.buildozer/android/platform/python-for-android[39m
[1m[INFO][0m:    [1m[32mUnpacking openssl for arm64-v8a[0m[39m
stty: 'standard input': Inappropriate ioctl for device
[1m[90m[DEBUG][39m[0m:   [90m->[0m running basename https://www.openssl.org/source/openssl-3.3.1.tar.gz[0m
[1m[90m[DEBUG][39m[0m:   	openssl-3.3.1.tar.gz
[1m[INFO][0m:    [36m-> directory context /home/null/EncryptorApp/.buildozer/android/platform/build-arm64-v8a_armeabi-v7a/build/other_builds/openssl/arm64-v8a__ndk_target_30[39m
[1m[INFO][0m:    openssl is already unpacked, skipping
[1m[INFO][0m:    [36m<- directory context /home/null/EncryptorApp/.buildozer/android/platform/python-for-android[39m
[1m[INFO][0m:    [1m[32mUnpacking sdl2_image for arm64-v8a[0m[39m
stty: 'standard input': Inappropriate ioctl for device
[1m[90m[DEBUG][39m[0m:   [90m->[0m running basename https://github.com/libsdl-org/SDL_image/releases/download/release-2.8.2/SDL2_image-2.8.2.tar.gz[0m
[1m[90m[DEBUG][39m[0m:   	SDL2_image-2.8.2.tar.gz
[1m[INFO][0m:    [36m-> directory context /home/null/EncryptorApp/.buildozer/android/platform/build-arm64-v8a_armeabi-v7a/build/bootstrap_builds/sdl2/jni[39m
[1m[INFO][0m:    sdl2_image is already unpacked, skipping
[1m[INFO][0m:    [36m<- directory context /home/null/EncryptorApp/.buildozer/android/platform/python-for-android[39m
[1m[INFO][0m:    [1m[32mUnpacking sdl2_mixer for arm64-v8a[0m[39m
stty: 'standard input': Inappropriate ioctl for device
[1m[90m[DEBUG][39m[0m:   [90m->[0m running basename https://github.com/libsdl-org/SDL_mixer/releases/download/release-2.6.3/SDL2_mixer-2.6.3.tar.gz[0m
[1m[90m[DEBUG][39m[0m:   	SDL2_mixer-2.6.3.tar.gz
[1m[INFO][0m:    [36m-> directory context /home/null/EncryptorApp/.buildozer/android/platform/build-arm64-v8a_armeabi-v7a/build/bootstrap_builds/sdl2/jni[39m
[1m[INFO][0m:    sdl2_mixer is already unpacked, skipping
[1m[INFO][0m:    [36m<- directory context /home/null/EncryptorApp/.buildozer/android/platform/python-for-android[39m
[1m[INFO][0m:    [1m[32mUnpacking sdl2_ttf for arm64-v8a[0m[39m
stty: 'standard input': Inappropriate ioctl for device
[1m[90m[DEBUG][39m[0m:   [90m->[0m running basename https://github.com/libsdl-org/SDL_ttf/releases/download/release-2.22.0/SDL2_ttf-2.22.0.tar.gz[0m
[1m[90m[DEBUG][39m[0m:   	SDL2_ttf-2.22.0.tar.gz
[1m[INFO][0m:    [36m-> directory context /home/null/EncryptorApp/.buildozer/android/platform/build-arm64-v8a_armeabi-v7a/build/bootstrap_builds/sdl2/jni[39m
[1m[INFO][0m:    sdl2_ttf is already unpacked, skipping
[1m[INFO][0m:    [36m<- directory context /home/null/EncryptorApp/.buildozer/android/platform/python-for-android[39m
[1m[INFO][0m:    [1m[32mUnpacking sqlite3 for arm64-v8a[0m[39m
stty: 'standard input': Inappropriate ioctl for device
[1m[90m[DEBUG][39m[0m:   [90m->[0m running basename https://github.com/sqlite/sqlite/archive/refs/tags/version-3.50.4.tar.gz[0m
[1m[90m[DEBUG][39m[0m:   	version-3.50.4.tar.gz
[1m[INFO][0m:    [36m-> directory context /home/null/EncryptorApp/.buildozer/android/platform/build-arm64-v8a_armeabi-v7a/build/other_builds/sqlite3/arm64-v8a__ndk_target_30[39m
[1m[INFO][0m:    sqlite3 is already unpacked, skipping
[1m[INFO][0m:    [36m<- directory context /home/null/EncryptorApp/.buildozer/android/platform/python-for-android[39m
[1m[INFO][0m:    [1m[32mUnpacking python3 for arm64-v8a[0m[39m
stty: 'standard input': Inappropriate ioctl for device
[1m[90m[DEBUG][39m[0m:   [90m->[0m running basename https://github.com/python/cpython/archive/refs/tags/v3.14.0.tar.gz[0m
[1m[90m[DEBUG][39m[0m:   	v3.14.0.tar.gz
[1m[INFO][0m:    [36m-> directory context /home/null/EncryptorApp/.buildozer/android/platform/build-arm64-v8a_armeabi-v7a/build/other_builds/python3/arm64-v8a__ndk_target_30[39m
[1m[INFO][0m:    python3 is already unpacked, skipping
[1m[INFO][0m:    [36m<- directory context /home/null/EncryptorApp/.buildozer/android/platform/python-for-android[39m
[1m[INFO][0m:    [1m[32mUnpacking sdl2 for arm64-v8a[0m[39m
stty: 'standard input': Inappropriate ioctl for device
[1m[90m[DEBUG][39m[0m:   [90m->[0m running basename https://github.com/libsdl-org/SDL/releases/download/release-2.30.11/SDL2-2.30.11.tar.gz[0m
[1m[90m[DEBUG][39m[0m:   	SDL2-2.30.11.tar.gz
[1m[INFO][0m:    [36m-> directory context /home/null/EncryptorApp/.buildozer/android/platform/build-arm64-v8a_armeabi-v7a/build/bootstrap_builds/sdl2/jni[39m
[1m[INFO][0m:    sdl2 is already unpacked, skipping
[1m[INFO][0m:    [36m<- directory context /home/null/EncryptorApp/.buildozer/android/platform/python-for-android[39m
[1m[INFO][0m:    [1m[32mUnpacking pyjnius for arm64-v8a[0m[39m
stty: 'standard input': Inappropriate ioctl for device
[1m[90m[DEBUG][39m[0m:   [90m->[0m running basename https://github.com/kivy/pyjnius/archive/1.7.0.zip[0m
[1m[90m[DEBUG][39m[0m:   	1.7.0.zip
[1m[INFO][0m:    [36m-> directory context /home/null/EncryptorApp/.buildozer/android/platform/build-arm64-v8a_armeabi-v7a/build/other_builds/pyjnius-sdl2/arm64-v8a__ndk_target_30[39m
[1m[INFO][0m:    pyjnius is already unpacked, skipping
[1m[INFO][0m:    [36m<- directory context /home/null/EncryptorApp/.buildozer/android/platform/python-for-android[39m
[1m[INFO][0m:    [1m[32mUnpacking setuptools for arm64-v8a[0m[39m
[1m[INFO][0m:    Skipping setuptools unpack as no URL is set
[1m[90m[DEBUG][39m[0m:   Remove directory and subdirectory /home/null/EncryptorApp/.buildozer/android/platform/build-arm64-v8a_armeabi-v7a/build/other_builds/android-sdl2/arm64-v8a__ndk_target_30/android
stty: 'standard input': Inappropriate ioctl for device
[1m[90m[DEBUG][39m[0m:   [90m->[0m running cp -a /home/null/EncryptorApp/.buildozer/android/platform/python-for-android/pythonforandroid/recipes/android/src /home/null/EncryptorApp/.buildozer/android/platform/build-arm64-v8a_armeabi-v7a/build/other_builds/android-sdl2/arm64-v8a__ndk_target_30/android[0m
[1m[INFO][0m:    [1m[32mUnpacking kivy for arm64-v8a[0m[39m
stty: 'standard input': Inappropriate ioctl for device
[1m[90m[DEBUG][39m[0m:   [90m->[0m running basename https://github.com/kivy/kivy/archive/2.3.1.zip[0m
[1m[90m[DEBUG][39m[0m:   	2.3.1.zip
[1m[INFO][0m:    [36m-> directory context /home/null/EncryptorApp/.buildozer/android/platform/build-arm64-v8a_armeabi-v7a/build/other_builds/kivy-sdl2/arm64-v8a__ndk_target_30[39m
[1m[INFO][0m:    kivy is already unpacked, skipping
[1m[INFO][0m:    [36m<- directory context /home/null/EncryptorApp/.buildozer/android/platform/python-for-android[39m
[1m[INFO][0m:    [1m[32m# Prebuilding recipes[0m[39m
[1m[INFO][0m:    [1m[32mPrebuilding hostpython3 for arm64-v8a[0m[39m
[1m[INFO][0m:    hostpython3 has no prebuild_arm64_v8a, skipping
[1m[INFO][0m:    [1m[32mPrebuilding libffi for arm64-v8a[0m[39m
[1m[INFO][0m:    libffi has no prebuild_arm64_v8a, skipping
[1m[INFO][0m:    [1m[32mApplying patches for libffi[arm64-v8a][0m[39m
[1m[INFO][0m:    [1m[32mlibffi already patched, skipping[0m[39m
[1m[INFO][0m:    [1m[32mPrebuilding openssl for arm64-v8a[0m[39m
[1m[INFO][0m:    openssl has no prebuild_arm64_v8a, skipping
[1m[INFO][0m:    [1m[32mPrebuilding sdl2_image for arm64-v8a[0m[39m
[1m[INFO][0m:    sdl2_image has no prebuild_arm64_v8a, skipping
[1m[INFO][0m:    [1m[32mApplying patches for sdl2_image[arm64-v8a][0m[39m
[1m[INFO][0m:    [1m[32msdl2_image already patched, skipping[0m[39m
[1m[INFO][0m:    [1m[32mPrebuilding sdl2_mixer for arm64-v8a[0m[39m
[1m[INFO][0m:    sdl2_mixer has no prebuild_arm64_v8a, skipping
[1m[INFO][0m:    [1m[32mPrebuilding sdl2_ttf for arm64-v8a[0m[39m
[1m[INFO][0m:    sdl2_ttf has no prebuild_arm64_v8a, skipping
[1m[INFO][0m:    [1m[32mPrebuilding sqlite3 for arm64-v8a[0m[39m
[1m[INFO][0m:    sqlite3 has no prebuild_arm64_v8a, skipping
[1m[INFO][0m:    [1m[32mPrebuilding python3 for arm64-v8a[0m[39m
[1m[INFO][0m:    python3 has no prebuild_arm64_v8a, skipping
[1m[INFO][0m:    [1m[32mApplying patches for python3[arm64-v8a][0m[39m
[1m[INFO][0m:    [1m[32mpython3 already patched, skipping[0m[39m
[1m[INFO][0m:    [1m[32mPrebuilding sdl2 for arm64-v8a[0m[39m
[1m[INFO][0m:    sdl2 has no prebuild_arm64_v8a, skipping
[1m[INFO][0m:    [1m[32mPrebuilding pyjnius for arm64-v8a[0m[39m
[1m[INFO][0m:    pyjnius has no prebuild_arm64_v8a, skipping
[1m[INFO][0m:    [1m[32mApplying patches for pyjnius[arm64-v8a][0m[39m
[1m[INFO][0m:    [1m[32mpyjnius already patched, skipping[0m[39m
[1m[INFO][0m:    [1m[32mPrebuilding setuptools for arm64-v8a[0m[39m
[1m[INFO][0m:    setuptools has no prebuild_arm64_v8a, skipping
[1m[INFO][0m:    [1m[32mPrebuilding android for arm64-v8a[0m[39m
[1m[INFO][0m:    android has no prebuild_arm64_v8a, skipping
[1m[INFO][0m:    [36m-> directory context /home/null/EncryptorApp/.buildozer/android/platform/build-arm64-v8a_armeabi-v7a/build/other_builds/android-sdl2/arm64-v8a__ndk_target_30/android[39m
[1m[INFO][0m:    [36m<- directory context /home/null/EncryptorApp/.buildozer/android/platform/python-for-android[39m
[1m[INFO][0m:    [1m[32mPrebuilding kivy for arm64-v8a[0m[39m
[1m[INFO][0m:    kivy has no prebuild_arm64_v8a, skipping
[1m[INFO][0m:    [1m[32mApplying patches for kivy[arm64-v8a][0m[39m
[1m[INFO][0m:    [1m[32mkivy already patched, skipping[0m[39m
[1m[INFO][0m:    [1m[32m# Building recipes[0m[39m
[1m[INFO][0m:    [1m[32mBuilding hostpython3 for arm64-v8a[0m[39m
[1m[INFO][0m:    hostpython3 said it is already built, skipping
[1m[INFO][0m:    [1m[32mBuilding libffi for arm64-v8a[0m[39m
[1m[INFO][0m:    libffi said it is already built, skipping
stty: 'standard input': Inappropriate ioctl for device
[1m[90m[DEBUG][39m[0m:   [90m->[0m running cp /home/null/EncryptorApp/.buildozer/android/platform/build-arm64-v8a_armeabi-v7a/build/other_builds/libffi/arm64-v8a__ndk_target_30/libffi/.libs/libffi.so /home/null/EncryptorApp/.buildozer/android/platform/build-arm64-v8a_armeabi-v7a/build/libs_collections/encryptorx/arm64-v8a[0m
[1m[INFO][0m:    [1m[32mBuilding openssl for arm64-v8a[0m[39m
[1m[INFO][0m:    openssl said it is already built, skipping
stty: 'standard input': Inappropriate ioctl for device
[1m[90m[DEBUG][39m[0m:   [90m->[0m running cp /home/null/EncryptorApp/.buildozer/android/platform/build-arm64-v8a_armeabi-v7a/build/other_builds/openssl/arm64-v8a__ndk_target_30/openssl3/libssl.so /home/null/EncryptorApp/.buildozer/android/platform/build-arm64-v8a_armeabi-v7a/build/other_builds/openssl/arm64-v8a__ndk_target_30/openssl3/libcrypto.so /home/null/EncryptorApp/.buildozer/android/platform/build-arm64-v8a_armeabi-v7a/build/libs_collections/encryptorx/arm64-v8a[0m
[1m[INFO][0m:    [1m[32mBuilding sdl2_image for arm64-v8a[0m[39m
[1m[INFO][0m:    [1m[32mBuilding sdl2_mixer for arm64-v8a[0m[39m
[1m[INFO][0m:    [1m[32mBuilding sdl2_ttf for arm64-v8a[0m[39m
[1m[INFO][0m:    [1m[32mBuilding sqlite3 for arm64-v8a[0m[39m
[1m[INFO][0m:    sqlite3 said it is already built, skipping
stty: 'standard input': Inappropriate ioctl for device
[1m[90m[DEBUG][39m[0m:   [90m->[0m running cp /home/null/EncryptorApp/.buildozer/android/platform/build-arm64-v8a_armeabi-v7a/build/other_builds/sqlite3/arm64-v8a__ndk_target_30/sqlite3/libsqlite3.so /home/null/EncryptorApp/.buildozer/android/platform/build-arm64-v8a_armeabi-v7a/build/libs_collections/encryptorx/arm64-v8a[0m
[1m[INFO][0m:    [1m[32mBuilding python3 for arm64-v8a[0m[39m
[1m[INFO][0m:    python3 said it is already built, skipping
[1m[INFO][0m:    [1m[32mBuilding sdl2 for arm64-v8a[0m[39m
[1m[INFO][0m:    sdl2 said it is already built, skipping
[1m[INFO][0m:    [1m[32mBuilding pyjnius for arm64-v8a[0m[39m
[1m[INFO][0m:    Python package already exists in site-packages
[1m[INFO][0m:    pyjnius said it is already built, skipping
[1m[INFO][0m:    [1m[32mBuilding setuptools for arm64-v8a[0m[39m
[1m[INFO][0m:    setuptools apparently isn't already in site-packages
[1m[31m[WARNING][39m[0m: Skipping build because it does not appear to be a Python project.
[1m[INFO][0m:    [1m[32mBuilding android for arm64-v8a[0m[39m
[1m[INFO][0m:    Python package already exists in site-packages
[1m[INFO][0m:    android said it is already built, skipping
[1m[INFO][0m:    [1m[32mBuilding kivy for arm64-v8a[0m[39m
[1m[INFO][0m:    Python package already exists in site-packages
[1m[INFO][0m:    kivy said it is already built, skipping
[1m[INFO][0m:    [1m[32m# Biglinking object files[0m[39m
[1m[31m[WARNING][39m[0m: Context's python recipe found, skipping biglink (will this work?)
[1m[INFO][0m:    [1m[32m# Postbuilding recipes[0m[39m
[1m[INFO][0m:    [1m[32mPostbuilding hostpython3 for arm64-v8a[0m[39m
[1m[INFO][0m:    [1m[32mPostbuilding libffi for arm64-v8a[0m[39m
[1m[INFO][0m:    [1m[32mPostbuilding openssl for arm64-v8a[0m[39m
[1m[INFO][0m:    [1m[32mPostbuilding sdl2_image for arm64-v8a[0m[39m
[1m[INFO][0m:    [1m[32mPostbuilding sdl2_mixer for arm64-v8a[0m[39m
[1m[INFO][0m:    [1m[32mPostbuilding sdl2_ttf for arm64-v8a[0m[39m
[1m[INFO][0m:    [1m[32mPostbuilding sqlite3 for arm64-v8a[0m[39m
[1m[INFO][0m:    [1m[32mPostbuilding python3 for arm64-v8a[0m[39m
[1m[INFO][0m:    [1m[32mPostbuilding sdl2 for arm64-v8a[0m[39m
[1m[INFO][0m:    [1m[32mPostbuilding pyjnius for arm64-v8a[0m[39m
[1m[INFO][0m:    Copying pyjnius java class to classes build dir
[1m[INFO][0m:    [36m-> directory context /home/null/EncryptorApp/.buildozer/android/platform/build-arm64-v8a_armeabi-v7a/build/other_builds/pyjnius-sdl2/arm64-v8a__ndk_target_30/pyjnius[39m
stty: 'standard input': Inappropriate ioctl for device
[1m[90m[DEBUG][39m[0m:   [90m->[0m running cp -a jnius/src/org /home/null/EncryptorApp/.buildozer/android/platform/build-arm64-v8a_armeabi-v7a/build/javaclasses/encryptorx[0m
[1m[INFO][0m:    [36m<- directory context /home/null/EncryptorApp/.buildozer/android/platform/python-for-android[39m
[1m[INFO][0m:    [1m[32mPostbuilding setuptools for arm64-v8a[0m[39m
[1m[INFO][0m:    [1m[32mPostbuilding android for arm64-v8a[0m[39m
[1m[INFO][0m:    [1m[32mPostbuilding kivy for arm64-v8a[0m[39m
[1m[INFO][0m:    [1m[32m# Installing pure Python modules[0m[39m
[1m[INFO][0m:    *** PYTHON PACKAGE / PROJECT INSTALL STAGE FOR ARCH: armeabi-v7a ***
[1m[INFO][0m:    No Python modules and no setup.py to process, skipping
[1m[INFO][0m:    *** PYTHON PACKAGE / PROJECT INSTALL STAGE FOR ARCH: arm64-v8a ***
[1m[INFO][0m:    No Python modules and no setup.py to process, skipping
[1m[INFO][0m:    [1m[32m# Creating Android project (sdl2)[0m[39m
[1m[90m[DEBUG][39m[0m:   Remove directory and subdirectory /home/null/EncryptorApp/.buildozer/android/platform/build-arm64-v8a_armeabi-v7a/dists/encryptorx
[1m[INFO][0m:    Copying SDL/gradle build
stty: 'standard input': Inappropriate ioctl for device
[1m[90m[DEBUG][39m[0m:   [90m->[0m running cp -r /home/null/EncryptorApp/.buildozer/android/platform/build-arm64-v8a_armeabi-v7a/build/bootstrap_builds/sdl2 /home/null/EncryptorApp/.buildozer/android/platform/build-arm64-v8a_armeabi-v7a/dists/encryptorx[0m
[1m[INFO][0m:    [36m-> directory context /home/null/EncryptorApp/.buildozer/android/platform/build-arm64-v8a_armeabi-v7a/dists/encryptorx[39m
[1m[INFO][0m:    [36m<- directory context /home/null/EncryptorApp/.buildozer/android/platform/python-for-android[39m
[1m[INFO][0m:    [36m-> directory context /home/null/EncryptorApp/.buildozer/android/platform/build-arm64-v8a_armeabi-v7a/dists/encryptorx[39m
[1m[INFO][0m:    Copying Python distribution
[1m[INFO][0m:    Copying java files
stty: 'standard input': Inappropriate ioctl for device
[1m[90m[DEBUG][39m[0m:   [90m->[0m running cp -a /home/null/EncryptorApp/.buildozer/android/platform/build-arm64-v8a_armeabi-v7a/build/javaclasses/encryptorx src/main/java[0m
[1m[90m[DEBUG][39m[0m:   Create directory _python_bundle__armeabi-v7a/_python_bundle
[1m[INFO][0m:    Copying libs
stty: 'standard input': Inappropriate ioctl for device
[1m[90m[DEBUG][39m[0m:   [90m->[0m running cp -a /home/null/EncryptorApp/.buildozer/android/platform/build-arm64-v8a_armeabi-v7a/build/libs_collections/encryptorx/armeabi-v7a/libsqlite3.so /home/null/EncryptorApp/.buildozer/android/platform/build-arm64-v8a_armeabi-v7a/build/libs_collections/encryptorx/armeabi-v7a/libcrypto.so /home/null/EncryptorApp/.buildozer/android/platform/build-arm64-v8a_armeabi-v7a/build/libs_collections/encryptorx/armeabi-v7a/libssl.so /home/null/EncryptorApp/.buildozer/android/platform/build-arm64-v8a_armeabi-v7a/build/libs_collections/encryptorx/armeabi-v7a/libffi.so libs/armeabi-v7a[0m
Listing '/home/null/EncryptorApp/.buildozer/android/platform/build-arm64-v8a_armeabi-v7a/build/other_builds/python3/armeabi-v7a__ndk_target_30/python3/android-build/build/lib.android-30-armeabi_v7a-3.14'...
Compiling '/home/null/EncryptorApp/.buildozer/android/platform/build-arm64-v8a_armeabi-v7a/build/other_builds/python3/armeabi-v7a__ndk_target_30/python3/android-build/build/lib.android-30-armeabi_v7a-3.14/_sysconfigdata__android_arm-linux-androideabi.py'...
Listing '/home/null/EncryptorApp/.buildozer/android/platform/build-arm64-v8a_armeabi-v7a/build/other_builds/python3/armeabi-v7a__ndk_target_30/python3/Lib'...
Compiling '/home/null/EncryptorApp/.buildozer/android/platform/build-arm64-v8a_armeabi-v7a/build/other_builds/python3/armeabi-v7a__ndk_target_30/python3/Lib/__future__.py'...
Compiling '/home/null/EncryptorApp/.buildozer/android/platform/build-arm64-v8a_armeabi-v7a/build/other_builds/python3/armeabi-v7a__ndk_target_30/python3/Lib/__hello__.py'...
Listing '/home/null/EncryptorApp/.buildozer/android/platform/build-arm64-v8a_armeabi-v7a/build/other_builds/python3/armeabi-v7a__ndk_target_30/python3/Lib/__phello__'...
Compiling '/home/null/EncryptorApp/.buildozer/android/platform/build-arm64-v8a_armeabi-v7a/build/other_builds/python3/armeabi-v7a__ndk_target_30/python3/Lib/__phello__/__init__.py'...
Listing '/home/null/EncryptorApp/.buildozer/android/platform/build-arm64-v8a_armeabi-v7a/build/other_builds/python3/armeabi-v7a__ndk_target_30/python3/Lib/__phello__/ham'...
Compiling '/home/null/EncryptorApp/.buildozer/android/platform/build-arm64-v8a_armeabi-v7a/build/other_builds/python3/armeabi-v7a__ndk_target_30/python3/Lib/__phello__/ham/__init__.py'...
Compiling '/home/null/EncryptorApp/.buildozer/android/platform/build-arm64-v8a_armeabi-v7a/build/other_builds/python3/armeabi-v7a__ndk_target_30/python3/Lib/__phello__/ham/eggs.py'...
Compiling '/home/null/EncryptorApp/.buildozer/android/platform/build-arm64-v8a_armeabi-v7a/build/other_builds/python3/armeabi-v7a__ndk_target_30/python3/Lib/__phello__/spam.py'...
Compiling '/home/null/EncryptorApp/.buildozer/android/platform/build-arm64-v8a_armeabi-v7a/build/other_builds/python3/armeabi-v7a__ndk_target_30/python3/Lib/_aix_support.py'...
Compiling '/home/null/EncryptorApp/.buildozer/android/platform/build-arm64-v8a_armeabi-v7a/build/other_builds/python3/armeabi-v7a__ndk_target_30/python3/Lib/_android_support.py'...
Compiling '/home/null/EncryptorApp/.buildozer/android/platform/build-arm64-v8a_armeabi-v7a/build/other_builds/python3/armeabi-v7a__ndk_target_30/python3/Lib/_apple_support.py'...
Compiling '/home/null/EncryptorApp/.buildozer/android/platform/build-arm64-v8a_armeabi-v7a/build/other_builds/python3/armeabi-v7a__ndk_target_30/python3/Lib/_ast_unparse.py'...
Compiling '/home/null/EncryptorApp/.buildozer/android/platform/build-arm64-v8a_armeabi-v7a/build/other_builds/python3/armeabi-v7a__ndk_target_30/python3/Lib/_collections_abc.py'...
Compiling '/home/null/EncryptorApp/.buildozer/android/platform/build-arm64-v8a_armeabi-v7a/build/other_builds/python3/armeabi-v7a__ndk_target_30/python3/Lib/_colorize.py'...
Compiling '/home/null/EncryptorApp/.buildozer/android/platform/build-arm64-v8a_armeabi-v7a/build/other_builds/python3/armeabi-v7a__ndk_target_30/python3/Lib/_compat_pickle.py'...
Compiling '/home/null/EncryptorApp/.buildozer/android/platform/build-arm64-v8a_armeabi-v7a/build/other_builds/python3/armeabi-v7a__ndk_target_30/python3/Lib/_ios_support.py'...
Compiling '/home/null/EncryptorApp/.buildozer/android/platform/build-arm64-v8a_armeabi-v7a/build/other_builds/python3/armeabi-v7a__ndk_target_30/python3/Lib/_markupbase.py'...
Compiling '/home/null/EncryptorApp/.buildozer/android/platform/build-arm64-v8a_armeabi-v7a/build/other_builds/python3/armeabi-v7a__ndk_target_30/python3/Lib/_opcode_metadata.py'...
Compiling '/home/null/EncryptorApp/.buildozer/android/platform/build-arm64-v8a_armeabi-v7a/build/other_builds/python3/armeabi-v7a__ndk_target_30/python3/Lib/_osx_support.py'...
Compiling '/home/null/EncryptorApp/.buildozer/android/platform/build-arm64-v8a_armeabi-v7a/build/other_builds/python3/armeabi-v7a__ndk_target_30/python3/Lib/_py_abc.py'...
Compiling '/home/null/EncryptorApp/.buildozer/android/platform/build-arm64-v8a_armeabi-v7a/build/other_builds/python3/armeabi-v7a__ndk_target_30/python3/Lib/_py_warnings.py'...
Compiling '/home/null/EncryptorApp/.buildozer/android/platform/build-arm64-v8a_armeabi-v7a/build/other_builds/python3/armeabi-v7a__ndk_target_30/python3/Lib/_pydatetime.py'...
Compiling '/home/null/EncryptorApp/.buildozer/android/platform/build-arm64-v8a_armeabi-v7a/build/other_builds/python3/armeabi-v7a__ndk_target_30/python3/Lib/_pydecimal.py'...
Compiling '/home/null/EncryptorApp/.buildozer/android/platform/build-arm64-v8a_armeabi-v7a/build/other_builds/python3/armeabi-v7a__ndk_target_30/python3/Lib/_pyio.py'...
Compiling '/home/null/EncryptorApp/.buildozer/android/platform/build-arm64-v8a_armeabi-v7a/build/other_builds/python3/armeabi-v7a__ndk_target_30/python3/Lib/_pylong.py'...
Listing '/home/null/EncryptorApp/.buildozer/android/platform/build-arm64-v8a_armeabi-v7a/build/other_builds/python3/armeabi-v7a__ndk_target_30/python3/Lib/_pyrepl'...
Compiling '/home/null/EncryptorApp/.buildozer/android/platform/build-arm64-v8a_armeabi-v7a/build/other_builds/python3/armeabi-v7a__ndk_target_30/python3/Lib/_pyrepl/__init__.py'...
Compiling '/home/null/EncryptorApp/.buildozer/android/platform/build-arm64-v8a_armeabi-v7a/build/other_builds/python3/armeabi-v7a__ndk_target_30/python3/Lib/_pyrepl/__main__.py'...
Compiling '/home/null/EncryptorApp/.buildozer/android/platform/build-arm64-v8a_armeabi-v7a/build/other_builds/python3/armeabi-v7a__ndk_target_30/python3/Lib/_pyrepl/_module_completer.py'...
Compiling '/home/null/EncryptorApp/.buildozer/android/platform/build-arm64-v8a_armeabi-v7a/build/other_builds/python3/armeabi-v7a__ndk_target_30/python3/Lib/_pyrepl/_threading_handler.py'...
Compiling '/home/null/EncryptorApp/.buildozer/android/platform/build-arm64-v8a_armeabi-v7a/build/other_builds/python3/armeabi-v7a__ndk_target_30/python3/Lib/_pyrepl/base_eventqueue.py'...
Compiling '/home/null/EncryptorApp/.buildozer/android/platform/build-arm64-v8a_armeabi-v7a/build/other_builds/python3/armeabi-v7a__ndk_target_30/python3/Lib/_pyrepl/commands.py'...
Compiling '/home/null/EncryptorApp/.buildozer/android/platform/build-arm64-v8a_armeabi-v7a/build/other_builds/python3/armeabi-v7a__ndk_target_30/python3/Lib/_pyrepl/completing_reader.py'...
Compiling '/home/null/EncryptorApp/.buildozer/android/platform/build-arm64-v8a_armeabi-v7a/build/other_builds/python3/armeabi-v7a__ndk_target_30/python3/Lib/_pyrepl/console.py'...
Compiling '/home/null/EncryptorApp/.buildozer/android/platform/build-arm64-v8a_armeabi-v7a/build/other_builds/python3/armeabi-v7a__ndk_target_30/python3/Lib/_pyrepl/fancy_termios.py'...
Compiling '/home/null/EncryptorApp/.buildozer/android/platform/build-arm64-v8a_armeabi-v7a/build/other_builds/python3/armeabi-v7a__ndk_target_30/python3/Lib/_pyrepl/historical_reader.py'...
Compiling '/home/null/EncryptorApp/.buildozer/android/platform/build-arm64-v8a_armeabi-v7a/build/other_builds/python3/armeabi-v7a__ndk_target_30/python3/Lib/_pyrepl/input.py'...
Compiling '/home/null/EncryptorApp/.buildozer/android/platform/build-arm64-v8a_armeabi-v7a/build/other_builds/python3/armeabi-v7a__ndk_target_30/python3/Lib/_pyrepl/keymap.py'...
Compiling '/home/null/EncryptorApp/.buildozer/android/platform/build-arm64-v8a_armeabi-v7a/build/other_builds/python3/armeabi-v7a__ndk_target_30/python3/Lib/_pyrepl/main.py'...
Compiling '/home/null/EncryptorApp/.buildozer/android/platform/build-arm64-v8a_armeabi-v7a/build/other_builds/python3/armeabi-v7a__ndk_target_30/python3/Lib/_pyrepl/pager.py'...
Compiling '/home/null/EncryptorApp/.buildozer/android/platform/build-arm64-v8a_armeabi-v7a/build/other_builds/python3/armeabi-v7a__ndk_target_30/python3/Lib/_pyrepl/reader.py'...
Compiling '/home/null/EncryptorApp/.buildozer/android/platform/build-arm64-v8a_armeabi-v7a/build/other_builds/python3/armeabi-v7a__ndk_target_30/python3/Lib/_pyrepl/readline.py'...
Compiling '/home/null/EncryptorApp/.buildozer/android/platform/build-arm64-v8a_armeabi-v7a/build/other_builds/python3/armeabi-v7a__ndk_target_30/python3/Lib/_pyrepl/simple_interact.py'...
Compiling '/home/null/EncryptorApp/.buildozer/android/platform/build-arm64-v8a_armeabi-v7a/build/other_builds/python3/armeabi-v7a__ndk_target_30/python3/Lib/_pyrepl/terminfo.py'...
Compiling '/home/null/EncryptorApp/.buildozer/android/platform/build-arm64-v8a_armeabi-v7a/build/other_builds/python3/armeabi-v7a__ndk_target_30/python3/Lib/_pyrepl/trace.py'...
Compiling '/home/null/EncryptorApp/.buildozer/android/platform/build-arm64-v8a_armeabi-v7a/build/other_builds/python3/armeabi-v7a__ndk_target_30/python3/Lib/_pyrepl/types.py'...
Compiling '/home/null/EncryptorApp/.buildozer/android/platform/build-arm64-v8a_armeabi-v7a/build/other_builds/python3/armeabi-v7a__ndk_target_30/python3/Lib/_pyrepl/unix_console.py'...
Compiling '/home/null/EncryptorApp/.buildozer/android/platform/build-arm64-v8a_armeabi-v7a/build/other_builds/python3/armeabi-v7a__ndk_target_30/python3/Lib/_pyrepl/unix_eventqueue.py'...
Compiling '/home/null/EncryptorApp/.buildozer/android/platform/build-arm64-v8a_armeabi-v7a/build/other_builds/python3/armeabi-v7a__ndk_target_30/python3/Lib/_pyrepl/utils.py'...
Compiling '/home/null/EncryptorApp/.buildozer/android/platform/build-arm64-v8a_armeabi-v7a/build/other_builds/python3/armeabi-v7a__ndk_target_30/python3/Lib/_pyrepl/windows_console.py'...
Compiling '/home/null/EncryptorApp/.buildozer/android/platform/build-arm64-v8a_armeabi-v7a/build/other_builds/python3/armeabi-v7a__ndk_target_30/python3/Lib/_pyrepl/windows_eventqueue.py'...
Compiling '/home/null/EncryptorApp/.buildozer/android/platform/build-arm64-v8a_armeabi-v7a/build/other_builds/python3/armeabi-v7a__ndk_target_30/python3/Lib/_sitebuiltins.py'...
Compiling '/home/null/EncryptorApp/.buildozer/android/platform/build-arm64-v8a_armeabi-v7a/build/other_builds/python3/armeabi-v7a__ndk_target_30/python3/Lib/_strptime.py'...
Compiling '/home/null/EncryptorApp/.buildozer/android/platform/build-arm64-v8a_armeabi-v7a/build/other_builds/python3/armeabi-v7a__ndk_target_30/python3/Lib/_threading_local.py'...
Compiling '/home/null/EncryptorApp/.buildozer/android/platform/build-arm64-v8a_armeabi-v7a/build/other_builds/python3/armeabi-v7a__ndk_target_30/python3/Lib/_weakrefset.py'...
Compiling '/home/null/EncryptorApp/.buildozer/android/platform/build-arm64-v8a_armeabi-v7a/build/other_builds/python3/armeabi-v7a__ndk_target_30/python3/Lib/abc.py'...
Compiling '/home/null/EncryptorApp/.buildozer/android/platform/build-arm64-v8a_armeabi-v7a/build/other_builds/python3/armeabi-v7a__ndk_target_30/python3/Lib/annotationlib.py'...
Compiling '/home/null/EncryptorApp/.buildozer/android/platform/build-arm64-v8a_armeabi-v7a/build/other_builds/python3/armeabi-v7a__ndk_target_30/python3/Lib/antigravity.py'...
Compiling '/home/null/EncryptorApp/.buildozer/android/platform/build-arm64-v8a_armeabi-v7a/build/other_builds/python3/armeabi-v7a__ndk_target_30/python3/Lib/argparse.py'...
Compiling '/home/null/EncryptorApp/.buildozer/android/platform/build-arm64-v8a_armeabi-v7a/build/other_builds/python3/armeabi-v7a__ndk_target_30/python3/Lib/ast.py'...
Listing '/home/null/EncryptorApp/.buildozer/android/platform/build-arm64-v8a_armeabi-v7a/build/other_builds/python3/armeabi-v7a__ndk_target_30/python3/Lib/asyncio'...
Compiling '/home/null/EncryptorApp/.buildozer/android/platform/build-arm64-v8a_armeabi-v7a/build/other_builds/python3/armeabi-v7a__ndk_target_30/python3/Lib/asyncio/__init__.py'...
Compiling '/home/null/EncryptorApp/.buildozer/android/platform/build-arm64-v8a_armeabi-v7a/build/other_builds/python3/armeabi-v7a__ndk_target_30/python3/Lib/asyncio/__main__.py'...
Compiling '/home/null/EncryptorApp/.buildozer/android/platform/build-arm64-v8a_armeabi-v7a/build/other_builds/python3/armeabi-v7a__ndk_target_30/python3/Lib/asyncio/base_events.py'...
Compiling '/home/null/EncryptorApp/.buildozer/android/platform/build-arm64-v8a_armeabi-v7a/build/other_builds/python3/armeabi-v7a__ndk_target_30/python3/Lib/asyncio/base_futures.py'...
Compiling '/home/null/EncryptorApp/.buildozer/android/platform/build-arm64-v8a_armeabi-v7a/build/other_builds/python3/armeabi-v7a__ndk_target_30/python3/Lib/asyncio/base_subprocess.py'...
Compiling '/home/null/EncryptorApp/.buildozer/android/platform/build-arm64-v8a_armeabi-v7a/build/other_builds/python3/armeabi-v7a__ndk_target_30/python3/Lib/asyncio/base_tasks.py'...
Compiling '/home/null/EncryptorApp/.buildozer/android/platform/build-arm64-v8a_armeabi-v7a/build/other_builds/python3/armeabi-v7a__ndk_target_30/python3/Lib/asyncio/constants.py'...
Compiling '/home/null/EncryptorApp/.buildozer/android/platform/build-arm64-v8a_armeabi-v7a/build/other_builds/python3/armeabi-v7a__ndk_target_30/python3/Lib/asyncio/coroutines.py'...
Compiling '/home/null/EncryptorApp/.buildozer/android/platform/build-arm64-v8a_armeabi-v7a/build/other_builds/python3/armeabi-v7a__ndk_target_30/python3/Lib/asyncio/events.py'...
Compiling '/home/null/EncryptorApp/.buildozer/android/platform/build-arm64-v8a_armeabi-v7a/build/other_builds/python3/armeabi-v7a__ndk_target_30/python3/Lib/asyncio/exceptions.py'...
Compiling '/home/null/EncryptorApp/.buildozer/android/platform/build-arm64-v8a_armeabi-v7a/build/other_builds/python3/armeabi-v7a__ndk_target_30/python3/Lib/asyncio/format_helpers.py'...
Compiling '/home/null/EncryptorApp/.buildozer/android/platform/build-arm64-v8a_armeabi-v7a/build/other_builds/python3/armeabi-v7a__ndk_target_30/python3/Lib/asyncio/futures.py'...
Compiling '/home/null/EncryptorApp/.buildozer/android/platform/build-arm64-v8a_armeabi-v7a/build/other_builds/python3/armeabi-v7a__ndk_target_30/python3/Lib/asyncio/graph.py'...
Compiling '/home/null/EncryptorApp/.buildozer/android/platform/build-arm64-v8a_armeabi-v7a/build/other_builds/python3/armeabi-v7a__ndk_target_30/python3/Lib/asyncio/locks.py'...
Compiling '/home/null/EncryptorApp/.buildozer/android/platform/build-arm64-v8a_armeabi-v7a/build/other_builds/python3/armeabi-v7a__ndk_target_30/python3/Lib/asyncio/log.py'...
Compiling '/home/null/EncryptorApp/.buildozer/android/platform/build-arm64-v8a_armeabi-v7a/build/other_builds/python3/armeabi-v7a__ndk_target_30/python3/Lib/asyncio/mixins.py'...
Compiling '/home/null/EncryptorApp/.buildozer/android/platform/build-arm64-v8a_armeabi-v7a/build/other_builds/python3/armeabi-v7a__ndk_target_30/python3/Lib/asyncio/proactor_events.py'...
Compiling '/home/null/EncryptorApp/.buildozer/android/platform/build-arm64-v8a_armeabi-v7a/build/other_builds/python3/armeabi-v7a__ndk_target_30/python3/Lib/asyncio/protocols.py'...
Compiling '/home/null/EncryptorApp/.buildozer/android/platform/build-arm64-v8a_armeabi-v7a/build/other_builds/python3/armeabi-v7a__ndk_target_30/python3/Lib/asyncio/queues.py'...
Compiling '/home/null/EncryptorApp/.buildozer/android/platform/build-arm64-v8a_armeabi-v7a/build/other_builds/python3/armeabi-v7a__ndk_target_30/python3/Lib/asyncio/runners.py'...
Compiling '/home/null/EncryptorApp/.buildozer/android/platform/build-arm64-v8a_armeabi-v7a/build/other_builds/python3/armeabi-v7a__ndk_target_30/python3/Lib/asyncio/selector_events.py'...
Compiling '/home/null/EncryptorApp/.buildozer/android/platform/build-arm64-v8a_armeabi-v7a/build/other_builds/python3/armeabi-v7a__ndk_target_30/python3/Lib/asyncio/sslproto.py'...
Compiling '/home/null/EncryptorApp/.buildozer/android/platform/build-arm64-v8a_armeabi-v7a/build/other_builds/python3/armeabi-v7a__ndk_target_30/python3/Lib/asyncio/staggered.py'...
Compiling '/home/null/EncryptorApp/.buildozer/android/platform/build-arm64-v8a_armeabi-v7a/build/other_builds/python3/armeabi-v7a__ndk_target_30/python3/Lib/asyncio/streams.py'...
Compiling '/home/null/EncryptorApp/.buildozer/android/platform/build-arm64-v8a_armeabi-v7a/build/other_builds/python3/armeabi-v7a__ndk_target_30/python3/Lib/asyncio/subprocess.py'...
Compiling '/home/null/EncryptorApp/.buildozer/android/platform/build-arm64-v8a_armeabi-v7a/build/other_builds/python3/armeabi-v7a__ndk_target_30/python3/Lib/asyncio/taskgroups.py'...
Compiling '/home/null/EncryptorApp/.buildozer/android/platform/build-arm64-v8a_armeabi-v7a/build/other_builds/python3/armeabi-v7a__ndk_target_30/python3/Lib/asyncio/tasks.py'...
Compiling '/home/null/EncryptorApp/.buildozer/android/platform/build-arm64-v8a_armeabi-v7a/build/other_builds/python3/armeabi-v7a__ndk_target_30/python3/Lib/asyncio/threads.py'...
Compiling '/home/null/EncryptorApp/.buildozer/android/platform/build-arm64-v8a_armeabi-v7a/build/other_builds/python3/armeabi-v7a__ndk_target_30/python3/Lib/asyncio/timeouts.py'...
Compiling '/home/null/EncryptorApp/.buildozer/android/platform/build-arm64-v8a_armeabi-v7a/build/other_builds/python3/armeabi-v7a__ndk_target_30/python3/Lib/asyncio/tools.py'...
Compiling '/home/null/EncryptorApp/.buildozer/android/platform/build-arm64-v8a_armeabi-v7a/build/other_builds/python3/armeabi-v7a__ndk_target_30/python3/Lib/asyncio/transports.py'...
Compiling '/home/null/EncryptorApp/.buildozer/android/platform/build-arm64-v8a_armeabi-v7a/build/other_builds/python3/armeabi-v7a__ndk_target_30/python3/Lib/asyncio/trsock.py'...
Compiling '/home/null/EncryptorApp/.buildozer/android/platform/build-arm64-v8a_armeabi-v7a/build/other_builds/python3/armeabi-v7a__ndk_target_30/python3/Lib/asyncio/unix_events.py'...
Compiling '/home/null/EncryptorApp/.buildozer/android/platform/build-arm64-v8a_armeabi-v7a/build/other_builds/python3/armeabi-v7a__ndk_target_30/python3/Lib/asyncio/windows_events.py'...
Compiling '/home/null/EncryptorApp/.buildozer/android/platform/build-arm64-v8a_armeabi-v7a/build/other_builds/python3/armeabi-v7a__ndk_target_30/python3/Lib/asyncio/windows_utils.py'...
Compiling '/home/null/EncryptorApp/.buildozer/android/platform/build-arm64-v8a_armeabi-v7a/build/other_builds/python3/armeabi-v7a__ndk_target_30/python3/Lib/base64.py'...
Compiling '/home/null/EncryptorApp/.buildozer/android/platform/build-arm64-v8a_armeabi-v7a/build/other_builds/python3/armeabi-v7a__ndk_target_30/python3/Lib/bdb.py'...
Compiling '/home/null/EncryptorApp/.buildozer/android/platform/build-arm64-v8a_armeabi-v7a/build/other_builds/python3/armeabi-v7a__ndk_target_30/python3/Lib/bisect.py'...
Compiling '/home/null/EncryptorApp/.buildozer/android/platform/build-arm64-v8a_armeabi-v7a/build/other_builds/python3/armeabi-v7a__ndk_target_30/python3/Lib/bz2.py'...
Compiling '/home/null/EncryptorApp/.buildozer/android/platform/build-arm64-v8a_armeabi-v7a/build/other_builds/python3/armeabi-v7a__ndk_target_30/python3/Lib/cProfile.py'...
Compiling '/home/null/EncryptorApp/.buildozer/android/platform/build-arm64-v8a_armeabi-v7a/build/other_builds/python3/armeabi-v7a__ndk_target_30/python3/Lib/calendar.py'...
Compiling '/home/null/EncryptorApp/.buildozer/android/platform/build-arm64-v8a_armeabi-v7a/build/other_builds/python3/armeabi-v7a__ndk_target_30/python3/Lib/cmd.py'...
Compiling '/home/null/EncryptorApp/.buildozer/android/platform/build-arm64-v8a_armeabi-v7a/build/other_builds/python3/armeabi-v7a__ndk_target_30/python3/Lib/code.py'...
Compiling '/home/null/EncryptorApp/.buildozer/android/platform/build-arm64-v8a_armeabi-v7a/build/other_builds/python3/armeabi-v7a__ndk_target_30/python3/Lib/codecs.py'...
Compiling '/home/null/EncryptorApp/.buildozer/android/platform/build-arm64-v8a_armeabi-v7a/build/other_builds/python3/armeabi-v7a__ndk_target_30/python3/Lib/codeop.py'...
Listing '/home/null/EncryptorApp/.buildozer/android/platform/build-arm64-v8a_armeabi-v7a/build/other_builds/python3/armeabi-v7a__ndk_target_30/python3/Lib/collections'...
Compiling '/home/null/EncryptorApp/.buildozer/android/platform/build-arm64-v8a_armeabi-v7a/build/other_builds/python3/armeabi-v7a__ndk_target_30/python3/Lib/collections/__init__.py'...
Compiling '/home/null/EncryptorApp/.buildozer/android/platform/build-arm64-v8a_armeabi-v7a/build/other_builds/python3/armeabi-v7a__ndk_target_30/python3/Lib/colorsys.py'...
Compiling '/home/null/EncryptorApp/.buildozer/android/platform/build-arm64-v8a_armeabi-v7a/build/other_builds/python3/armeabi-v7a__ndk_target_30/python3/Lib/compileall.py'...
Listing '/home/null/EncryptorApp/.buildozer/android/platform/build-arm64-v8a_armeabi-v7a/build/other_builds/python3/armeabi-v7a__ndk_target_30/python3/Lib/compression'...
Compiling '/home/null/EncryptorApp/.buildozer/android/platform/build-arm64-v8a_armeabi-v7a/build/other_builds/python3/armeabi-v7a__ndk_target_30/python3/Lib/compression/__init__.py'...
Listing '/home/null/EncryptorApp/.buildozer/android/platform/build-arm64-v8a_armeabi-v7a/build/other_builds/python3/armeabi-v7a__ndk_target_30/python3/Lib/compression/_common'...
Compiling '/home/null/EncryptorApp/.buildozer/android/platform/build-arm64-v8a_armeabi-v7a/build/other_builds/python3/armeabi-v7a__ndk_target_30/python3/Lib/compression/_common/__init__.py'...
Compiling '/home/null/EncryptorApp/.buildozer/android/platform/build-arm64-v8a_armeabi-v7a/build/other_builds/python3/armeabi-v7a__ndk_target_30/python3/Lib/compression/_common/_streams.py'...
Compiling '/home/null/EncryptorApp/.buildozer/android/platform/build-arm64-v8a_armeabi-v7a/build/other_builds/python3/armeabi-v7a__ndk_target_30/python3/Lib/compression/bz2.py'...
Compiling '/home/null/EncryptorApp/.buildozer/android/platform/build-arm64-v8a_armeabi-v7a/build/other_builds/python3/armeabi-v7a__ndk_target_30/python3/Lib/compression/gzip.py'...
Compiling '/home/null/EncryptorApp/.buildozer/android/platform/build-arm64-v8a_armeabi-v7a/build/other_builds/python3/armeabi-v7a__ndk_target_30/python3/Lib/compression/lzma.py'...
Compiling '/home/null/EncryptorApp/.buildozer/android/platform/build-arm64-v8a_armeabi-v7a/build/other_builds/python3/armeabi-v7a__ndk_target_30/python3/Lib/compression/zlib.py'...
Listing '/home/null/EncryptorApp/.buildozer/android/platform/build-arm64-v8a_armeabi-v7a/build/other_builds/python3/armeabi-v7a__ndk_target_30/python3/Lib/compression/zstd'...
Compiling '/home/null/EncryptorApp/.buildozer/android/platform/build-arm64-v8a_armeabi-v7a/build/other_builds/python3/armeabi-v7a__ndk_target_30/python3/Lib/compression/zstd/__init__.py'...
Compiling '/home/null/EncryptorApp/.buildozer/android/platform/build-arm64-v8a_armeabi-v7a/build/other_builds/python3/armeabi-v7a__ndk_target_30/python3/Lib/compression/zstd/_zstdfile.py'...
Listing '/home/null/EncryptorApp/.buildozer/android/platform/build-arm64-v8a_armeabi-v7a/build/other_builds/python3/armeabi-v7a__ndk_target_30/python3/Lib/concurrent'...
Compiling '/home/null/EncryptorApp/.buildozer/android/platform/build-arm64-v8a_armeabi-v7a/build/other_builds/python3/armeabi-v7a__ndk_target_30/python3/Lib/concurrent/__init__.py'...
Listing '/home/null/EncryptorApp/.buildozer/android/platform/build-arm64-v8a_armeabi-v7a/build/other_builds/python3/armeabi-v7a__ndk_target_30/python3/Lib/concurrent/futures'...
Compiling '/home/null/EncryptorApp/.buildozer/android/platform/build-arm64-v8a_armeabi-v7a/build/other_builds/python3/armeabi-v7a__ndk_target_30/python3/Lib/concurrent/futures/__init__.py'...
Compiling '/home/null/EncryptorApp/.buildozer/android/platform/build-arm64-v8a_armeabi-v7a/build/other_builds/python3/armeabi-v7a__ndk_target_30/python3/Lib/concurrent/futures/_base.py'...
Compiling '/home/null/EncryptorApp/.buildozer/android/platform/build-arm64-v8a_armeabi-v7a/build/other_builds/python3/armeabi-v7a__ndk_target_30/python3/Lib/concurrent/futures/interpreter.py'...
Compiling '/home/null/EncryptorApp/.buildozer/android/platform/build-arm64-v8a_armeabi-v7a/build/other_builds/python3/armeabi-v7a__ndk_target_30/python3/Lib/concurrent/futures/process.py'...
Compiling '/home/null/EncryptorApp/.buildozer/android/platform/build-arm64-v8a_armeabi-v7a/build/other_builds/python3/armeabi-v7a__ndk_target_30/python3/Lib/concurrent/futures/thread.py'...
Listing '/home/null/EncryptorApp/.buildozer/android/platform/build-arm64-v8a_armeabi-v7a/build/other_builds/python3/armeabi-v7a__ndk_target_30/python3/Lib/concurrent/interpreters'...
Compiling '/home/null/EncryptorApp/.buildozer/android/platform/build-arm64-v8a_armeabi-v7a/build/other_builds/python3/armeabi-v7a__ndk_target_30/python3/Lib/concurrent/interpreters/__init__.py'...
Compiling '/home/null/EncryptorApp/.buildozer/android/platform/build-arm64-v8a_armeabi-v7a/build/other_builds/python3/armeabi-v7a__ndk_target_30/python3/Lib/concurrent/interpreters/_crossinterp.py'...
Compiling '/home/null/EncryptorApp/.buildozer/android/platform/build-arm64-v8a_armeabi-v7a/build/other_builds/python3/armeabi-v7a__ndk_target_30/python3/Lib/concurrent/interpreters/_queues.py'...
Compiling '/home/null/EncryptorApp/.buildozer/android/platform/build-arm64-v8a_armeabi-v7a/build/other_builds/python3/armeabi-v7a__ndk_target_30/python3/Lib/configparser.py'...
Compiling '/home/null/EncryptorApp/.buildozer/android/platform/build-arm64-v8a_armeabi-v7a/build/other_builds/python3/armeabi-v7a__ndk_target_30/python3/Lib/contextlib.py'...
Compiling '/home/null/EncryptorApp/.buildozer/android/platform/build-arm64-v8a_armeabi-v7a/build/other_builds/python3/armeabi-v7a__ndk_target_30/python3/Lib/contextvars.py'...
Compiling '/home/null/EncryptorApp/.buildozer/android/platform/build-arm64-v8a_armeabi-v7a/build/other_builds/python3/armeabi-v7a__ndk_target_30/python3/Lib/copy.py'...
Compiling '/home/null/EncryptorApp/.buildozer/android/platform/build-arm64-v8a_armeabi-v7a/build/other_builds/python3/armeabi-v7a__ndk_target_30/python3/Lib/copyreg.py'...
Compiling '/home/null/EncryptorApp/.buildozer/android/platform/build-arm64-v8a_armeabi-v7a/build/other_builds/python3/armeabi-v7a__ndk_target_30/python3/Lib/csv.py'...
Listing '/home/null/EncryptorApp/.buildozer/android/platform/build-arm64-v8a_armeabi-v7a/build/other_builds/python3/armeabi-v7a__ndk_target_30/python3/Lib/ctypes'...
Compiling '/home/null/EncryptorApp/.buildozer/android/platform/build-arm64-v8a_armeabi-v7a/build/other_builds/python3/armeabi-v7a__ndk_target_30/python3/Lib/ctypes/__init__.py'...
Compiling '/home/null/EncryptorApp/.buildozer/android/platform/build-arm64-v8a_armeabi-v7a/build/other_builds/python3/armeabi-v7a__ndk_target_30/python3/Lib/ctypes/_aix.py'...
Compiling '/home/null/EncryptorApp/.buildozer/android/platform/build-arm64-v8a_armeabi-v7a/build/other_builds/python3/armeabi-v7a__ndk_target_30/python3/Lib/ctypes/_endian.py'...
Compiling '/home/null/EncryptorApp/.buildozer/android/platform/build-arm64-v8a_armeabi-v7a/build/other_builds/python3/armeabi-v7a__ndk_target_30/python3/Lib/ctypes/_layout.py'...
Listing '/home/null/EncryptorApp/.buildozer/android/platform/build-arm64-v8a_armeabi-v7a/build/other_builds/python3/armeabi-v7a__ndk_target_30/python3/Lib/ctypes/macholib'...
Compiling '/home/null/EncryptorApp/.buildozer/android/platform/build-arm64-v8a_armeabi-v7a/build/other_builds/python3/armeabi-v7a__ndk_target_30/python3/Lib/ctypes/macholib/__init__.py'...
Compiling '/home/null/EncryptorApp/.buildozer/android/platform/build-arm64-v8a_armeabi-v7a/build/other_builds/python3/armeabi-v7a__ndk_target_30/python3/Lib/ctypes/macholib/dyld.py'...
Compiling '/home/null/EncryptorApp/.buildozer/android/platform/build-arm64-v8a_armeabi-v7a/build/other_builds/python3/armeabi-v7a__ndk_target_30/python3/Lib/ctypes/macholib/dylib.py'...
Compiling '/home/null/EncryptorApp/.buildozer/android/platform/build-arm64-v8a_armeabi-v7a/build/other_builds/python3/armeabi-v7a__ndk_target_30/python3/Lib/ctypes/macholib/framework.py'...
Compiling '/home/null/EncryptorApp/.buildozer/android/platform/build-arm64-v8a_armeabi-v7a/build/other_builds/python3/armeabi-v7a__ndk_target_30/python3/Lib/ctypes/util.py'...
Compiling '/home/null/EncryptorApp/.buildozer/android/platform/build-arm64-v8a_armeabi-v7a/build/other_builds/python3/armeabi-v7a__ndk_target_30/python3/Lib/ctypes/wintypes.py'...
Listing '/home/null/EncryptorApp/.buildozer/android/platform/build-arm64-v8a_armeabi-v7a/build/other_builds/python3/armeabi-v7a__ndk_target_30/python3/Lib/curses'...
Compiling '/home/null/EncryptorApp/.buildozer/android/platform/build-arm64-v8a_armeabi-v7a/build/other_builds/python3/armeabi-v7a__ndk_target_30/python3/Lib/curses/__init__.py'...
Compiling '/home/null/EncryptorApp/.buildozer/android/platform/build-arm64-v8a_armeabi-v7a/build/other_builds/python3/armeabi-v7a__ndk_target_30/python3/Lib/curses/ascii.py'...
Compiling '/home/null/EncryptorApp/.buildozer/android/platform/build-arm64-v8a_armeabi-v7a/build/other_builds/python3/armeabi-v7a__ndk_target_30/python3/Lib/curses/has_key.py'...
Compiling '/home/null/EncryptorApp/.buildozer/android/platform/build-arm64-v8a_armeabi-v7a/build/other_builds/python3/armeabi-v7a__ndk_target_30/python3/Lib/curses/panel.py'...
Compiling '/home/null/EncryptorApp/.buildozer/android/platform/build-arm64-v8a_armeabi-v7a/build/other_builds/python3/armeabi-v7a__ndk_target_30/python3/Lib/curses/textpad.py'...
Compiling '/home/null/EncryptorApp/.buildozer/android/platform/build-arm64-v8a_armeabi-v7a/build/other_builds/python3/armeabi-v7a__ndk_target_30/python3/Lib/dataclasses.py'...
Compiling '/home/null/EncryptorApp/.buildozer/android/platform/build-arm64-v8a_armeabi-v7a/build/other_builds/python3/armeabi-v7a__ndk_target_30/python3/Lib/datetime.py'...
Listing '/home/null/EncryptorApp/.buildozer/android/platform/build-arm64-v8a_armeabi-v7a/build/other_builds/python3/armeabi-v7a__ndk_target_30/python3/Lib/dbm'...
Compiling '/home/null/EncryptorApp/.buildozer/android/platform/build-arm64-v8a_armeabi-v7a/build/other_builds/python3/armeabi-v7a__ndk_target_30/python3/Lib/dbm/__init__.py'...
Compiling '/home/null/EncryptorApp/.buildozer/android/platform/build-arm64-v8a_armeabi-v7a/build/other_builds/python3/armeabi-v7a__ndk_target_30/python3/Lib/dbm/dumb.py'...
Compiling '/home/null/EncryptorApp/.buildozer/android/platform/build-arm64-v8a_armeabi-v7a/build/other_builds/python3/armeabi-v7a__ndk_target_30/python3/Lib/dbm/gnu.py'...
Compiling '/home/null/EncryptorApp/.buildozer/android/platform/build-arm64-v8a_armeabi-v7a/build/other_builds/python3/armeabi-v7a__ndk_target_30/python3/Lib/dbm/ndbm.py'...
Compiling '/home/null/EncryptorApp/.buildozer/android/platform/build-arm64-v8a_armeabi-v7a/build/other_builds/python3/armeabi-v7a__ndk_target_30/python3/Lib/dbm/sqlite3.py'...
Compiling '/home/null/EncryptorApp/.buildozer/android/platform/build-arm64-v8a_armeabi-v7a/build/other_builds/python3/armeabi-v7a__ndk_target_30/python3/Lib/decimal.py'...
Compiling '/home/null/EncryptorApp/.buildozer/android/platform/build-arm64-v8a_armeabi-v7a/build/other_builds/python3/armeabi-v7a__ndk_target_30/python3/Lib/difflib.py'...
Compiling '/home/null/EncryptorApp/.buildozer/android/platform/build-arm64-v8a_armeabi-v7a/build/other_builds/python3/armeabi-v7a__ndk_target_30/python3/Lib/dis.py'...
Compiling '/home/null/EncryptorApp/.buildozer/android/platform/build-arm64-v8a_armeabi-v7a/build/other_builds/python3/armeabi-v7a__ndk_target_30/python3/Lib/doctest.py'...
Listing '/home/null/EncryptorApp/.buildozer/android/platform/build-arm64-v8a_armeabi-v7a/build/other_builds/python3/armeabi-v7a__ndk_target_30/python3/Lib/email'...
Compiling '/home/null/EncryptorApp/.buildozer/android/platform/build-arm64-v8a_armeabi-v7a/build/other_builds/python3/armeabi-v7a__ndk_target_30/python3/Lib/email/__init__.py'...
Compiling '/home/null/EncryptorApp/.buildozer/android/platform/build-arm64-v8a_armeabi-v7a/build/other_builds/python3/armeabi-v7a__ndk_target_30/python3/Lib/email/_encoded_words.py'...
Compiling '/home/null/EncryptorApp/.buildozer/android/platform/build-arm64-v8a_armeabi-v7a/build/other_builds/python3/armeabi-v7a__ndk_target_30/python3/Lib/email/_header_value_parser.py'...
Compiling '/home/null/EncryptorApp/.buildozer/android/platform/build-arm64-v8a_armeabi-v7a/build/other_builds/python3/armeabi-v7a__ndk_target_30/python3/Lib/email/_parseaddr.py'...
Compiling '/home/null/EncryptorApp/.buildozer/android/platform/build-arm64-v8a_armeabi-v7a/build/other_builds/python3/armeabi-v7a__ndk_target_30/python3/Lib/email/_policybase.py'...
Compiling '/home/null/EncryptorApp/.buildozer/android/platform/build-arm64-v8a_armeabi-v7a/build/other_builds/python3/armeabi-v7a__ndk_target_30/python3/Lib/email/base64mime.py'...
Compiling '/home/null/EncryptorApp/.buildozer/android/platform/build-arm64-v8a_armeabi-v7a/build/other_builds/python3/armeabi-v7a__ndk_target_30/python3/Lib/email/charset.py'...
Compiling '/home/null/EncryptorApp/.buildozer/android/platform/build-arm64-v8a_armeabi-v7a/build/other_builds/python3/armeabi-v7a__ndk_target_30/python3/Lib/email/contentmanager.py'...
Compiling '/home/null/EncryptorApp/.buildozer/android/platform/build-arm64-v8a_armeabi-v7a/build/other_builds/python3/armeabi-v7a__ndk_target_30/python3/Lib/email/encoders.py'...
Compiling '/home/null/EncryptorApp/.buildozer/android/platform/build-arm64-v8a_armeabi-v7a/build/other_builds/python3/armeabi-v7a__ndk_target_30/python3/Lib/email/errors.py'...
Compiling '/home/null/EncryptorApp/.buildozer/android/platform/build-arm64-v8a_armeabi-v7a/build/other_builds/python3/armeabi-v7a__ndk_target_30/python3/Lib/email/feedparser.py'...
Compiling '/home/null/EncryptorApp/.buildozer/android/platform/build-arm64-v8a_armeabi-v7a/build/other_builds/python3/armeabi-v7a__ndk_target_30/python3/Lib/email/generator.py'...
Compiling '/home/null/EncryptorApp/.buildozer/android/platform/build-arm64-v8a_armeabi-v7a/build/other_builds/python3/armeabi-v7a__ndk_target_30/python3/Lib/email/header.py'...
Compiling '/home/null/EncryptorApp/.buildozer/android/platform/build-arm64-v8a_armeabi-v7a/build/other_builds/python3/armeabi-v7a__ndk_target_30/python3/Lib/email/headerregistry.py'...
Compiling '/home/null/EncryptorApp/.buildozer/android/platform/build-arm64-v8a_armeabi-v7a/build/other_builds/python3/armeabi-v7a__ndk_target_30/python3/Lib/email/iterators.py'...
Compiling '/home/null/EncryptorApp/.buildozer/android/platform/build-arm64-v8a_armeabi-v7a/build/other_builds/python3/armeabi-v7a__ndk_target_30/python3/Lib/email/message.py'...
Listing '/home/null/EncryptorApp/.buildozer/android/platform/build-arm64-v8a_armeabi-v7a/build/other_builds/python3/armeabi-v7a__ndk_target_30/python3/Lib/email/mime'...
Compiling '/home/null/EncryptorApp/.buildozer/android/platform/build-arm64-v8a_armeabi-v7a/build/other_builds/python3/armeabi-v7a__ndk_target_30/python3/Lib/email/mime/__init__.py'...
Compiling '/home/null/EncryptorApp/.buildozer/android/platform/build-arm64-v8a_armeabi-v7a/build/other_builds/python3/armeabi-v7a__ndk_target_30/python3/Lib/email/mime/application.py'...
Compiling '/home/null/EncryptorApp/.buildozer/android/platform/build-arm64-v8a_armeabi-v7a/build/other_builds/python3/armeabi-v7a__ndk_target_30/python3/Lib/email/mime/audio.py'...
Compiling '/home/null/EncryptorApp/.buildozer/android/platform/build-arm64-v8a_armeabi-v7a/build/other_builds/python3/armeabi-v7a__ndk_target_30/python3/Lib/email/mime/base.py'...
Compiling '/home/null/EncryptorApp/.buildozer/android/platform/build-arm64-v8a_armeabi-v7a/build/other_builds/python3/armeabi-v7a__ndk_target_30/python3/Lib/email/mime/image.py'...
Compiling '/home/null/EncryptorApp/.buildozer/android/platform/build-arm64-v8a_armeabi-v7a/build/other_builds/python3/armeabi-v7a__ndk_target_30/python3/Lib/email/mime/message.py'...
Compiling '/home/null/EncryptorApp/.buildozer/android/platform/build-arm64-v8a_armeabi-v7a/build/other_builds/python3/armeabi-v7a__ndk_target_30/python3/Lib/email/mime/multipart.py'...
Compiling '/home/null/EncryptorApp/.buildozer/android/platform/build-arm64-v8a_armeabi-v7a/build/other_builds/python3/armeabi-v7a__ndk_target_30/python3/Lib/email/mime/nonmultipart.py'...
Compiling '/home/null/EncryptorApp/.buildozer/android/platform/build-arm64-v8a_armeabi-v7a/build/other_builds/python3/armeabi-v7a__ndk_target_30/python3/Lib/email/mime/text.py'...
Compiling '/home/null/EncryptorApp/.buildozer/android/platform/build-arm64-v8a_armeabi-v7a/build/other_builds/python3/armeabi-v7a__ndk_target_30/python3/Lib/email/parser.py'...
Compiling '/home/null/EncryptorApp/.buildozer/android/platform/build-arm64-v8a_armeabi-v7a/build/other_builds/python3/armeabi-v7a__ndk_target_30/python3/Lib/email/policy.py'...
Compiling '/home/null/EncryptorApp/.buildozer/android/platform/build-arm64-v8a_armeabi-v7a/build/other_builds/python3/armeabi-v7a__ndk_target_30/python3/Lib/email/quoprimime.py'...
Compiling '/home/null/EncryptorApp/.buildozer/android/platform/build-arm64-v8a_armeabi-v7a/build/other_builds/python3/armeabi-v7a__ndk_target_30/python3/Lib/email/utils.py'...
Listing '/home/null/EncryptorApp/.buildozer/android/platform/build-arm64-v8a_armeabi-v7a/build/other_builds/python3/armeabi-v7a__ndk_target_30/python3/Lib/encodings'...
Compiling '/home/null/EncryptorApp/.buildozer/android/platform/build-arm64-v8a_armeabi-v7a/build/other_builds/python3/armeabi-v7a__ndk_target_30/python3/Lib/encodings/__init__.py'...
Compiling '/home/null/EncryptorApp/.buildozer/android/platform/build-arm64-v8a_armeabi-v7a/build/other_builds/python3/armeabi-v7a__ndk_target_30/python3/Lib/encodings/_win_cp_codecs.py'...
Compiling '/home/null/EncryptorApp/.buildozer/android/platform/build-arm64-v8a_armeabi-v7a/build/other_builds/python3/armeabi-v7a__ndk_target_30/python3/Lib/encodings/aliases.py'...
Compiling '/home/null/EncryptorApp/.buildozer/android/platform/build-arm64-v8a_armeabi-v7a/build/other_builds/python3/armeabi-v7a__ndk_target_30/python3/Lib/encodings/ascii.py'...
Compiling '/home/null/EncryptorApp/.buildozer/android/platform/build-arm64-v8a_armeabi-v7a/build/other_builds/python3/armeabi-v7a__ndk_target_30/python3/Lib/encodings/base64_codec.py'...
Compiling '/home/null/EncryptorApp/.buildozer/android/platform/build-arm64-v8a_armeabi-v7a/build/other_builds/python3/armeabi-v7a__ndk_target_30/python3/Lib/encodings/big5.py'...
Compiling '/home/null/EncryptorApp/.buildozer/android/platform/build-arm64-v8a_armeabi-v7a/build/other_builds/python3/armeabi-v7a__ndk_target_30/python3/Lib/encodings/big5hkscs.py'...
Compiling '/home/null/EncryptorApp/.buildozer/android/platform/build-arm64-v8a_armeabi-v7a/build/other_builds/python3/armeabi-v7a__ndk_target_30/python3/Lib/encodings/bz2_codec.py'...
Compiling '/home/null/EncryptorApp/.buildozer/android/platform/build-arm64-v8a_armeabi-v7a/build/other_builds/python3/armeabi-v7a__ndk_target_30/python3/Lib/encodings/charmap.py'...
Compiling '/home/null/EncryptorApp/.buildozer/android/platform/build-arm64-v8a_armeabi-v7a/build/other_builds/python3/armeabi-v7a__ndk_target_30/python3/Lib/encodings/cp037.py'...
Compiling '/home/null/EncryptorApp/.buildozer/android/platform/build-arm64-v8a_armeabi-v7a/build/other_builds/python3/armeabi-v7a__ndk_target_30/python3/Lib/encodings/cp1006.py'...
Compiling '/home/null/EncryptorApp/.buildozer/android/platform/build-arm64-v8a_armeabi-v7a/build/other_builds/python3/armeabi-v7a__ndk_target_30/python3/Lib/encodings/cp1026.py'...
Compiling '/home/null/EncryptorApp/.buildozer/android/platform/build-arm64-v8a_armeabi-v7a/build/other_builds/python3/armeabi-v7a__ndk_target_30/python3/Lib/encodings/cp1125.py'...
Compiling '/home/null/EncryptorApp/.buildozer/android/platform/build-arm64-v8a_armeabi-v7a/build/other_builds/python3/armeabi-v7a__ndk_target_30/python3/Lib/encodings/cp1140.py'...
Compiling '/home/null/EncryptorApp/.buildozer/android/platform/build-arm64-v8a_armeabi-v7a/build/other_builds/python3/armeabi-v7a__ndk_target_30/python3/Lib/encodings/cp1250.py'...
Compiling '/home/null/EncryptorApp/.buildozer/android/platform/build-arm64-v8a_armeabi-v7a/build/other_builds/python3/armeabi-v7a__ndk_target_30/python3/Lib/encodings/cp1251.py'...
Compiling '/home/null/EncryptorApp/.buildozer/android/platform/build-arm64-v8a_armeabi-v7a/build/other_builds/python3/armeabi-v7a__ndk_target_30/python3/Lib/encodings/cp1252.py'...
Compiling '/home/null/EncryptorApp/.buildozer/android/platform/build-arm64-v8a_armeabi-v7a/build/other_builds/python3/armeabi-v7a__ndk_target_30/python3/Lib/encodings/cp1253.py'...
Compiling '/home/null/EncryptorApp/.buildozer/android/platform/build-arm64-v8a_armeabi-v7a/build/other_builds/python3/armeabi-v7a__ndk_target_30/python3/Lib/encodings/cp1254.py'...
Compiling '/home/null/EncryptorApp/.buildozer/android/platform/build-arm64-v8a_armeabi-v7a/build/other_builds/python3/armeabi-v7a__ndk_target_30/python3/Lib/encodings/cp1255.py'...
Compiling '/home/null/EncryptorApp/.buildozer/android/platform/build-arm64-v8a_armeabi-v7a/build/other_builds/python3/armeabi-v7a__ndk_target_30/python3/Lib/encodings/cp1256.py'...
Compiling '/home/null/EncryptorApp/.buildozer/android/platform/build-arm64-v8a_armeabi-v7a/build/other_builds/python3/armeabi-v7a__ndk_target_30/python3/Lib/encodings/cp1257.py'...
Compiling '/home/null/EncryptorApp/.buildozer/android/platform/build-arm64-v8a_armeabi-v7a/build/other_builds/python3/armeabi-v7a__ndk_target_30/python3/Lib/encodings/cp1258.py'...
Compiling '/home/null/EncryptorApp/.buildozer/android/platform/build-arm64-v8a_armeabi-v7a/build/other_builds/python3/armeabi-v7a__ndk_target_30/python3/Lib/encodings/cp273.py'...
Compiling '/home/null/EncryptorApp/.buildozer/android/platform/build-arm64-v8a_armeabi-v7a/build/other_builds/python3/armeabi-v7a__ndk_target_30/python3/Lib/encodings/cp424.py'...
Compiling '/home/null/EncryptorApp/.buildozer/android/platform/build-arm64-v8a_armeabi-v7a/build/other_builds/python3/armeabi-v7a__ndk_target_30/python3/Lib/encodings/cp437.py'...
Compiling '/home/null/EncryptorApp/.buildozer/android/platform/build-arm64-v8a_armeabi-v7a/build/other_builds/python3/armeabi-v7a__ndk_target_30/python3/Lib/encodings/cp500.py'...
Compiling '/home/null/EncryptorApp/.buildozer/android/platform/build-arm64-v8a_armeabi-v7a/build/other_builds/python3/armeabi-v7a__ndk_target_30/python3/Lib/encodings/cp720.py'...
Compiling '/home/null/EncryptorApp/.buildozer/android/platform/build-arm64-v8a_armeabi-v7a/build/other_builds/python3/armeabi-v7a__ndk_target_30/python3/Lib/encodings/cp737.py'...
Compiling '/home/null/EncryptorApp/.buildozer/android/platform/build-arm64-v8a_armeabi-v7a/build/other_builds/python3/armeabi-v7a__ndk_target_30/python3/Lib/encodings/cp775.py'...
Compiling '/home/null/EncryptorApp/.buildozer/android/platform/build-arm64-v8a_armeabi-v7a/build/other_builds/python3/armeabi-v7a__ndk_target_30/python3/Lib/encodings/cp850.py'...
Compiling '/home/null/EncryptorApp/.buildozer/android/platform/build-arm64-v8a_armeabi-v7a/build/other_builds/python3/armeabi-v7a__ndk_target_30/python3/Lib/encodings/cp852.py'...
Compiling '/home/null/EncryptorApp/.buildozer/android/platform/build-arm64-v8a_armeabi-v7a/build/other_builds/python3/armeabi-v7a__ndk_target_30/python3/Lib/encodings/cp855.py'...
Compiling '/home/null/EncryptorApp/.buildozer/android/platform/build-arm64-v8a_armeabi-v7a/build/other_builds/python3/armeabi-v7a__ndk_target_30/python3/Lib/encodings/cp856.py'...
Compiling '/home/null/EncryptorApp/.buildozer/android/platform/build-arm64-v8a_armeabi-v7a/build/other_builds/python3/armeabi-v7a__ndk_target_30/python3/Lib/encodings/cp857.py'...
Compiling '/home/null/EncryptorApp/.buildozer/android/platform/build-arm64-v8a_armeabi-v7a/build/other_builds/python3/armeabi-v7a__ndk_target_30/python3/Lib/encodings/cp858.py'...
Compiling '/home/null/EncryptorApp/.buildozer/android/platform/build-arm64-v8a_armeabi-v7a/build/other_builds/python3/armeabi-v7a__ndk_target_30/python3/Lib/encodings/cp860.py'...
Compiling '/home/null/EncryptorApp/.buildozer/android/platform/build-arm64-v8a_armeabi-v7a/build/other_builds/python3/armeabi-v7a__ndk_target_30/python3/Lib/encodings/cp861.py'...
Compiling '/home/null/EncryptorApp/.buildozer/android/platform/build-arm64-v8a_armeabi-v7a/build/other_builds/python3/armeabi-v7a__ndk_target_30/python3/Lib/encodings/cp862.py'...
Compiling '/home/null/EncryptorApp/.buildozer/android/platform/build-arm64-v8a_armeabi-v7a/build/other_builds/python3/armeabi-v7a__ndk_target_30/python3/Lib/encodings/cp863.py'...
Compiling '/home/null/EncryptorApp/.buildozer/android/platform/build-arm64-v8a_armeabi-v7a/build/other_builds/python3/armeabi-v7a__ndk_target_30/python3/Lib/encodings/cp864.py'...
Compiling '/home/null/EncryptorApp/.buildozer/android/platform/build-arm64-v8a_armeabi-v7a/build/other_builds/python3/armeabi-v7a__ndk_target_30/python3/Lib/encodings/cp865.py'...
Compiling '/home/null/EncryptorApp/.buildozer/android/platform/build-arm64-v8a_armeabi-v7a/build/other_builds/python3/armeabi-v7a__ndk_target_30/python3/Lib/encodings/cp866.py'...
Compiling '/home/null/EncryptorApp/.buildozer/android/platform/build-arm64-v8a_armeabi-v7a/build/other_builds/python3/armeabi-v7a__ndk_target_30/python3/Lib/encodings/cp869.py'...
Compiling '/home/null/EncryptorApp/.buildozer/android/platform/build-arm64-v8a_armeabi-v7a/build/other_builds/python3/armeabi-v7a__ndk_target_30/python3/Lib/encodings/cp874.py'...
Compiling '/home/null/EncryptorApp/.buildozer/android/platform/build-arm64-v8a_armeabi-v7a/build/other_builds/python3/armeabi-v7a__ndk_target_30/python3/Lib/encodings/cp875.py'...
Compiling '/home/null/EncryptorApp/.buildozer/android/platform/build-arm64-v8a_armeabi-v7a/build/other_builds/python3/armeabi-v7a__ndk_target_30/python3/Lib/encodings/cp932.py'...
Compiling '/home/null/EncryptorApp/.buildozer/android/platform/build-arm64-v8a_armeabi-v7a/build/other_builds/python3/armeabi-v7a__ndk_target_30/python3/Lib/encodings/cp949.py'...
Compiling '/home/null/EncryptorApp/.buildozer/android/platform/build-arm64-v8a_armeabi-v7a/build/other_builds/python3/armeabi-v7a__ndk_target_30/python3/Lib/encodings/cp950.py'...
Compiling '/home/null/EncryptorApp/.buildozer/android/platform/build-arm64-v8a_armeabi-v7a/build/other_builds/python3/armeabi-v7a__ndk_target_30/python3/Lib/encodings/euc_jis_2004.py'...
Compiling '/home/null/EncryptorApp/.buildozer/android/platform/build-arm64-v8a_armeabi-v7a/build/other_builds/python3/armeabi-v7a__ndk_target_30/python3/Lib/encodings/euc_jisx0213.py'...
Compiling '/home/null/EncryptorApp/.buildozer/android/platform/build-arm64-v8a_armeabi-v7a/build/other_builds/python3/armeabi-v7a__ndk_target_30/python3/Lib/encodings/euc_jp.py'...
Compiling '/home/null/EncryptorApp/.buildozer/android/platform/build-arm64-v8a_armeabi-v7a/build/other_builds/python3/armeabi-v7a__ndk_target_30/python3/Lib/encodings/euc_kr.py'...
Compiling '/home/null/EncryptorApp/.buildozer/android/platform/build-arm64-v8a_armeabi-v7a/build/other_builds/python3/armeabi-v7a__ndk_target_30/python3/Lib/encodings/gb18030.py'...
Compiling '/home/null/EncryptorApp/.buildozer/android/platform/build-arm64-v8a_armeabi-v7a/build/other_builds/python3/armeabi-v7a__ndk_target_30/python3/Lib/encodings/gb2312.py'...
Compiling '/home/null/EncryptorApp/.buildozer/android/platform/build-arm64-v8a_armeabi-v7a/build/other_builds/python3/armeabi-v7a__ndk_target_30/python3/Lib/encodings/gbk.py'...
Compiling '/home/null/EncryptorApp/.buildozer/android/platform/build-arm64-v8a_armeabi-v7a/build/other_builds/python3/armeabi-v7a__ndk_target_30/python3/Lib/encodings/hex_codec.py'...
Compiling '/home/null/EncryptorApp/.buildozer/android/platform/build-arm64-v8a_armeabi-v7a/build/other_builds/python3/armeabi-v7a__ndk_target_30/python3/Lib/encodings/hp_roman8.py'...
Compiling '/home/null/EncryptorApp/.buildozer/android/platform/build-arm64-v8a_armeabi-v7a/build/other_builds/python3/armeabi-v7a__ndk_target_30/python3/Lib/encodings/hz.py'...
Compiling '/home/null/EncryptorApp/.buildozer/android/platform/build-arm64-v8a_armeabi-v7a/build/other_builds/python3/armeabi-v7a__ndk_target_30/python3/Lib/encodings/idna.py'...
Compiling '/home/null/EncryptorApp/.buildozer/android/platform/build-arm64-v8a_armeabi-v7a/build/other_builds/python3/armeabi-v7a__ndk_target_30/python3/Lib/encodings/iso2022_jp.py'...
Compiling '/home/null/EncryptorApp/.buildozer/android/platform/build-arm64-v8a_armeabi-v7a/build/other_builds/python3/armeabi-v7a__ndk_target_30/python3/Lib/encodings/iso2022_jp_1.py'...
Compiling '/home/null/EncryptorApp/.buildozer/android/platform/build-arm64-v8a_armeabi-v7a/build/other_builds/python3/armeabi-v7a__ndk_target_30/python3/Lib/encodings/iso2022_jp_2.py'...
Compiling '/home/null/EncryptorApp/.buildozer/android/platform/build-arm64-v8a_armeabi-v7a/build/other_builds/python3/armeabi-v7a__ndk_target_30/python3/Lib/encodings/iso2022_jp_2004.py'...
Compiling '/home/null/EncryptorApp/.buildozer/android/platform/build-arm64-v8a_armeabi-v7a/build/other_builds/python3/armeabi-v7a__ndk_target_30/python3/Lib/encodings/iso2022_jp_3.py'...
Compiling '/home/null/EncryptorApp/.buildozer/android/platform/build-arm64-v8a_armeabi-v7a/build/other_builds/python3/armeabi-v7a__ndk_target_30/python3/Lib/encodings/iso2022_jp_ext.py'...
Compiling '/home/null/EncryptorApp/.buildozer/android/platform/build-arm64-v8a_armeabi-v7a/build/other_builds/python3/armeabi-v7a__ndk_target_30/python3/Lib/encodings/iso2022_kr.py'...
Compiling '/home/null/EncryptorApp/.buildozer/android/platform/build-arm64-v8a_armeabi-v7a/build/other_builds/python3/armeabi-v7a__ndk_target_30/python3/Lib/encodings/iso8859_1.py'...
Compiling '/home/null/EncryptorApp/.buildozer/android/platform/build-arm64-v8a_armeabi-v7a/build/other_builds/python3/armeabi-v7a__ndk_target_30/python3/Lib/encodings/iso8859_10.py'...
Compiling '/home/null/EncryptorApp/.buildozer/android/platform/build-arm64-v8a_armeabi-v7a/build/other_builds/python3/armeabi-v7a__ndk_target_30/python3/Lib/encodings/iso8859_11.py'...
Compiling '/home/null/EncryptorApp/.buildozer/android/platform/build-arm64-v8a_armeabi-v7a/build/other_builds/python3/armeabi-v7a__ndk_target_30/python3/Lib/encodings/iso8859_13.py'...
Compiling '/home/null/EncryptorApp/.buildozer/android/platform/build-arm64-v8a_armeabi-v7a/build/other_builds/python3/armeabi-v7a__ndk_target_30/python3/Lib/encodings/iso8859_14.py'...
Compiling '/home/null/EncryptorApp/.buildozer/android/platform/build-arm64-v8a_armeabi-v7a/build/other_builds/python3/armeabi-v7a__ndk_target_30/python3/Lib/encodings/iso8859_15.py'...
Compiling '/home/null/EncryptorApp/.buildozer/android/platform/build-arm64-v8a_armeabi-v7a/build/other_builds/python3/armeabi-v7a__ndk_target_30/python3/Lib/encodings/iso8859_16.py'...
Compiling '/home/null/EncryptorApp/.buildozer/android/platform/build-arm64-v8a_armeabi-v7a/build/other_builds/python3/armeabi-v7a__ndk_target_30/python3/Lib/encodings/iso8859_2.py'...
Compiling '/home/null/EncryptorApp/.buildozer/android/platform/build-arm64-v8a_armeabi-v7a/build/other_builds/python3/armeabi-v7a__ndk_target_30/python3/Lib/encodings/iso8859_3.py'...
Compiling '/home/null/EncryptorApp/.buildozer/android/platform/build-arm64-v8a_armeabi-v7a/build/other_builds/python3/armeabi-v7a__ndk_target_30/python3/Lib/encodings/iso8859_4.py'...
Compiling '/home/null/EncryptorApp/.buildozer/android/platform/build-arm64-v8a_armeabi-v7a/build/other_builds/python3/armeabi-v7a__ndk_target_30/python3/Lib/encodings/iso8859_5.py'...
Compiling '/home/null/EncryptorApp/.buildozer/android/platform/build-arm64-v8a_armeabi-v7a/build/other_builds/python3/armeabi-v7a__ndk_target_30/python3/Lib/encodings/iso8859_6.py'...
Compiling '/home/null/EncryptorApp/.buildozer/android/platform/build-arm64-v8a_armeabi-v7a/build/other_builds/python3/armeabi-v7a__ndk_target_30/python3/Lib/encodings/iso8859_7.py'...
Compiling '/home/null/EncryptorApp/.buildozer/android/platform/build-arm64-v8a_armeabi-v7a/build/other_builds/python3/armeabi-v7a__ndk_target_30/python3/Lib/encodings/iso8859_8.py'...
Compiling '/home/null/EncryptorApp/.buildozer/android/platform/build-arm64-v8a_armeabi-v7a/build/other_builds/python3/armeabi-v7a__ndk_target_30/python3/Lib/encodings/iso8859_9.py'...
Compiling '/home/null/EncryptorApp/.buildozer/android/platform/build-arm64-v8a_armeabi-v7a/build/other_builds/python3/armeabi-v7a__ndk_target_30/python3/Lib/encodings/johab.py'...
Compiling '/home/null/EncryptorApp/.buildozer/android/platform/build-arm64-v8a_armeabi-v7a/build/other_builds/python3/armeabi-v7a__ndk_target_30/python3/Lib/encodings/koi8_r.py'...
Compiling '/home/null/EncryptorApp/.buildozer/android/platform/build-arm64-v8a_armeabi-v7a/build/other_builds/python3/armeabi-v7a__ndk_target_30/python3/Lib/encodings/koi8_t.py'...
Compiling '/home/null/EncryptorApp/.buildozer/android/platform/build-arm64-v8a_armeabi-v7a/build/other_builds/python3/armeabi-v7a__ndk_target_30/python3/Lib/encodings/koi8_u.py'...
Compiling '/home/null/EncryptorApp/.buildozer/android/platform/build-arm64-v8a_armeabi-v7a/build/other_builds/python3/armeabi-v7a__ndk_target_30/python3/Lib/encodings/kz1048.py'...
Compiling '/home/null/EncryptorApp/.buildozer/android/platform/build-arm64-v8a_armeabi-v7a/build/other_builds/python3/armeabi-v7a__ndk_target_30/python3/Lib/encodings/latin_1.py'...
Compiling '/home/null/EncryptorApp/.buildozer/android/platform/build-arm64-v8a_armeabi-v7a/build/other_builds/python3/armeabi-v7a__ndk_target_30/python3/Lib/encodings/mac_arabic.py'...
Compiling '/home/null/EncryptorApp/.buildozer/android/platform/build-arm64-v8a_armeabi-v7a/build/other_builds/python3/armeabi-v7a__ndk_target_30/python3/Lib/encodings/mac_croatian.py'...
Compiling '/home/null/EncryptorApp/.buildozer/android/platform/build-arm64-v8a_armeabi-v7a/build/other_builds/python3/armeabi-v7a__ndk_target_30/python3/Lib/encodings/mac_cyrillic.py'...
Compiling '/home/null/EncryptorApp/.buildozer/android/platform/build-arm64-v8a_armeabi-v7a/build/other_builds/python3/armeabi-v7a__ndk_target_30/python3/Lib/encodings/mac_farsi.py'...
Compiling '/home/null/EncryptorApp/.buildozer/android/platform/build-arm64-v8a_armeabi-v7a/build/other_builds/python3/armeabi-v7a__ndk_target_30/python3/Lib/encodings/mac_greek.py'...
Compiling '/home/null/EncryptorApp/.buildozer/android/platform/build-arm64-v8a_armeabi-v7a/build/other_builds/python3/armeabi-v7a__ndk_target_30/python3/Lib/encodings/mac_iceland.py'...
Compiling '/home/null/EncryptorApp/.buildozer/android/platform/build-arm64-v8a_armeabi-v7a/build/other_builds/python3/armeabi-v7a__ndk_target_30/python3/Lib/encodings/mac_latin2.py'...
Compiling '/home/null/EncryptorApp/.buildozer/android/platform/build-arm64-v8a_armeabi-v7a/build/other_builds/python3/armeabi-v7a__ndk_target_30/python3/Lib/encodings/mac_roman.py'...
Compiling '/home/null/EncryptorApp/.buildozer/android/platform/build-arm64-v8a_armeabi-v7a/build/other_builds/python3/armeabi-v7a__ndk_target_30/python3/Lib/encodings/mac_romanian.py'...
Compiling '/home/null/EncryptorApp/.buildozer/android/platform/build-arm64-v8a_armeabi-v7a/build/other_builds/python3/armeabi-v7a__ndk_target_30/python3/Lib/encodings/mac_turkish.py'...
Compiling '/home/null/EncryptorApp/.buildozer/android/platform/build-arm64-v8a_armeabi-v7a/build/other_builds/python3/armeabi-v7a__ndk_target_30/python3/Lib/encodings/mbcs.py'...
Compiling '/home/null/EncryptorApp/.buildozer/android/platform/build-arm64-v8a_armeabi-v7a/build/other_builds/python3/armeabi-v7a__ndk_target_30/python3/Lib/encodings/oem.py'...
Compiling '/home/null/EncryptorApp/.buildozer/android/platform/build-arm64-v8a_armeabi-v7a/build/other_builds/python3/armeabi-v7a__ndk_target_30/python3/Lib/encodings/palmos.py'...
Compiling '/home/null/EncryptorApp/.buildozer/android/platform/build-arm64-v8a_armeabi-v7a/build/other_builds/python3/armeabi-v7a__ndk_target_30/python3/Lib/encodings/ptcp154.py'...
Compiling '/home/null/EncryptorApp/.buildozer/android/platform/build-arm64-v8a_armeabi-v7a/build/other_builds/python3/armeabi-v7a__ndk_target_30/python3/Lib/encodings/punycode.py'...
Compiling '/home/null/EncryptorApp/.buildozer/android/platform/build-arm64-v8a_armeabi-v7a/build/other_builds/python3/armeabi-v7a__ndk_target_30/python3/Lib/encodings/quopri_codec.py'...
Compiling '/home/null/EncryptorApp/.buildozer/android/platform/build-arm64-v8a_armeabi-v7a/build/other_builds/python3/armeabi-v7a__ndk_target_30/python3/Lib/encodings/raw_unicode_escape.py'...
Compiling '/home/null/EncryptorApp/.buildozer/android/platform/build-arm64-v8a_armeabi-v7a/build/other_builds/python3/armeabi-v7a__ndk_target_30/python3/Lib/encodings/rot_13.py'...
Compiling '/home/null/EncryptorApp/.buildozer/android/platform/build-arm64-v8a_armeabi-v7a/build/other_builds/python3/armeabi-v7a__ndk_target_30/python3/Lib/encodings/shift_jis.py'...
Compiling '/home/null/EncryptorApp/.buildozer/android/platform/build-arm64-v8a_armeabi-v7a/build/other_builds/python3/armeabi-v7a__ndk_target_30/python3/Lib/encodings/shift_jis_2004.py'...
Compiling '/home/null/EncryptorApp/.buildozer/android/platform/build-arm64-v8a_armeabi-v7a/build/other_builds/python3/armeabi-v7a__ndk_target_30/python3/Lib/encodings/shift_jisx0213.py'...
Compiling '/home/null/EncryptorApp/.buildozer/android/platform/build-arm64-v8a_armeabi-v7a/build/other_builds/python3/armeabi-v7a__ndk_target_30/python3/Lib/encodings/tis_620.py'...
Compiling '/home/null/EncryptorApp/.buildozer/android/platform/build-arm64-v8a_armeabi-v7a/build/other_builds/python3/armeabi-v7a__ndk_target_30/python3/Lib/encodings/undefined.py'...
Compiling '/home/null/EncryptorApp/.buildozer/android/platform/build-arm64-v8a_armeabi-v7a/build/other_builds/python3/armeabi-v7a__ndk_target_30/python3/Lib/encodings/unicode_escape.py'...
Compiling '/home/null/EncryptorApp/.buildozer/android/platform/build-arm64-v8a_armeabi-v7a/build/other_builds/python3/armeabi-v7a__ndk_target_30/python3/Lib/encodings/utf_16.py'...
Compiling '/home/null/EncryptorApp/.buildozer/android/platform/build-arm64-v8a_armeabi-v7a/build/other_builds/python3/armeabi-v7a__ndk_target_30/python3/Lib/encodings/utf_16_be.py'...
Compiling '/home/null/EncryptorApp/.buildozer/android/platform/build-arm64-v8a_armeabi-v7a/build/other_builds/python3/armeabi-v7a__ndk_target_30/python3/Lib/encodings/utf_16_le.py'...
Compiling '/home/null/EncryptorApp/.buildozer/android/platform/build-arm64-v8a_armeabi-v7a/build/other_builds/python3/armeabi-v7a__ndk_target_30/python3/Lib/encodings/utf_32.py'...
Compiling '/home/null/EncryptorApp/.buildozer/android/platform/build-arm64-v8a_armeabi-v7a/build/other_builds/python3/armeabi-v7a__ndk_target_30/python3/Lib/encodings/utf_32_be.py'...
Compiling '/home/null/EncryptorApp/.buildozer/android/platform/build-arm64-v8a_armeabi-v7a/build/other_builds/python3/armeabi-v7a__ndk_target_30/python3/Lib/encodings/utf_32_le.py'...
Compiling '/home/null/EncryptorApp/.buildozer/android/platform/build-arm64-v8a_armeabi-v7a/build/other_builds/python3/armeabi-v7a__ndk_target_30/python3/Lib/encodings/utf_7.py'...
Compiling '/home/null/EncryptorApp/.buildozer/android/platform/build-arm64-v8a_armeabi-v7a/build/other_builds/python3/armeabi-v7a__ndk_target_30/python3/Lib/encodings/utf_8.py'...
Compiling '/home/null/EncryptorApp/.buildozer/android/platform/build-arm64-v8a_armeabi-v7a/build/other_builds/python3/armeabi-v7a__ndk_target_30/python3/Lib/encodings/utf_8_sig.py'...
Compiling '/home/null/EncryptorApp/.buildozer/android/platform/build-arm64-v8a_armeabi-v7a/build/other_builds/python3/armeabi-v7a__ndk_target_30/python3/Lib/encodings/uu_codec.py'...
Compiling '/home/null/EncryptorApp/.buildozer/android/platform/build-arm64-v8a_armeabi-v7a/build/other_builds/python3/armeabi-v7a__ndk_target_30/python3/Lib/encodings/zlib_codec.py'...
Listing '/home/null/EncryptorApp/.buildozer/android/platform/build-arm64-v8a_armeabi-v7a/build/other_builds/python3/armeabi-v7a__ndk_target_30/python3/Lib/ensurepip'...
Compiling '/home/null/EncryptorApp/.buildozer/android/platform/build-arm64-v8a_armeabi-v7a/build/other_builds/python3/armeabi-v7a__ndk_target_30/python3/Lib/ensurepip/__init__.py'...
Compiling '/home/null/EncryptorApp/.buildozer/android/platform/build-arm64-v8a_armeabi-v7a/build/other_builds/python3/armeabi-v7a__ndk_target_30/python3/Lib/ensurepip/__main__.py'...
Listing '/home/null/EncryptorApp/.buildozer/android/platform/build-arm64-v8a_armeabi-v7a/build/other_builds/python3/armeabi-v7a__ndk_target_30/python3/Lib/ensurepip/_bundled'...
Compiling '/home/null/EncryptorApp/.buildozer/android/platform/build-arm64-v8a_armeabi-v7a/build/other_builds/python3/armeabi-v7a__ndk_target_30/python3/Lib/ensurepip/_uninstall.py'...
Compiling '/home/null/EncryptorApp/.buildozer/android/platform/build-arm64-v8a_armeabi-v7a/build/other_builds/python3/armeabi-v7a__ndk_target_30/python3/Lib/enum.py'...
Compiling '/home/null/EncryptorApp/.buildozer/android/platform/build-arm64-v8a_armeabi-v7a/build/other_builds/python3/armeabi-v7a__ndk_target_30/python3/Lib/filecmp.py'...
Compiling '/home/null/EncryptorApp/.buildozer/android/platform/build-arm64-v8a_armeabi-v7a/build/other_builds/python3/armeabi-v7a__ndk_target_30/python3/Lib/fileinput.py'...
Compiling '/home/null/EncryptorApp/.buildozer/android/platform/build-arm64-v8a_armeabi-v7a/build/other_builds/python3/armeabi-v7a__ndk_target_30/python3/Lib/fnmatch.py'...
Compiling '/home/null/EncryptorApp/.buildozer/android/platform/build-arm64-v8a_armeabi-v7a/build/other_builds/python3/armeabi-v7a__ndk_target_30/python3/Lib/fractions.py'...
Compiling '/home/null/EncryptorApp/.buildozer/android/platform/build-arm64-v8a_armeabi-v7a/build/other_builds/python3/armeabi-v7a__ndk_target_30/python3/Lib/ftplib.py'...
Compiling '/home/null/EncryptorApp/.buildozer/android/platform/build-arm64-v8a_armeabi-v7a/build/other_builds/python3/armeabi-v7a__ndk_target_30/python3/Lib/functools.py'...
Compiling '/home/null/EncryptorApp/.buildozer/android/platform/build-arm64-v8a_armeabi-v7a/build/other_builds/python3/armeabi-v7a__ndk_target_30/python3/Lib/genericpath.py'...
Compiling '/home/null/EncryptorApp/.buildozer/android/platform/build-arm64-v8a_armeabi-v7a/build/other_builds/python3/armeabi-v7a__ndk_target_30/python3/Lib/getopt.py'...
Compiling '/home/null/EncryptorApp/.buildozer/android/platform/build-arm64-v8a_armeabi-v7a/build/other_builds/python3/armeabi-v7a__ndk_target_30/python3/Lib/getpass.py'...
Compiling '/home/null/EncryptorApp/.buildozer/android/platform/build-arm64-v8a_armeabi-v7a/build/other_builds/python3/armeabi-v7a__ndk_target_30/python3/Lib/gettext.py'...
Compiling '/home/null/EncryptorApp/.buildozer/android/platform/build-arm64-v8a_armeabi-v7a/build/other_builds/python3/armeabi-v7a__ndk_target_30/python3/Lib/glob.py'...
Compiling '/home/null/EncryptorApp/.buildozer/android/platform/build-arm64-v8a_armeabi-v7a/build/other_builds/python3/armeabi-v7a__ndk_target_30/python3/Lib/graphlib.py'...
Compiling '/home/null/EncryptorApp/.buildozer/android/platform/build-arm64-v8a_armeabi-v7a/build/other_builds/python3/armeabi-v7a__ndk_target_30/python3/Lib/gzip.py'...
Compiling '/home/null/EncryptorApp/.buildozer/android/platform/build-arm64-v8a_armeabi-v7a/build/other_builds/python3/armeabi-v7a__ndk_target_30/python3/Lib/hashlib.py'...
Compiling '/home/null/EncryptorApp/.buildozer/android/platform/build-arm64-v8a_armeabi-v7a/build/other_builds/python3/armeabi-v7a__ndk_target_30/python3/Lib/heapq.py'...
Compiling '/home/null/EncryptorApp/.buildozer/android/platform/build-arm64-v8a_armeabi-v7a/build/other_builds/python3/armeabi-v7a__ndk_target_30/python3/Lib/hmac.py'...
Listing '/home/null/EncryptorApp/.buildozer/android/platform/build-arm64-v8a_armeabi-v7a/build/other_builds/python3/armeabi-v7a__ndk_target_30/python3/Lib/html'...
Compiling '/home/null/EncryptorApp/.buildozer/android/platform/build-arm64-v8a_armeabi-v7a/build/other_builds/python3/armeabi-v7a__ndk_target_30/python3/Lib/html/__init__.py'...
Compiling '/home/null/EncryptorApp/.buildozer/android/platform/build-arm64-v8a_armeabi-v7a/build/other_builds/python3/armeabi-v7a__ndk_target_30/python3/Lib/html/entities.py'...
Compiling '/home/null/EncryptorApp/.buildozer/android/platform/build-arm64-v8a_armeabi-v7a/build/other_builds/python3/armeabi-v7a__ndk_target_30/python3/Lib/html/parser.py'...
Listing '/home/null/EncryptorApp/.buildozer/android/platform/build-arm64-v8a_armeabi-v7a/build/other_builds/python3/armeabi-v7a__ndk_target_30/python3/Lib/http'...
Compiling '/home/null/EncryptorApp/.buildozer/android/platform/build-arm64-v8a_armeabi-v7a/build/other_builds/python3/armeabi-v7a__ndk_target_30/python3/Lib/http/__init__.py'...
Compiling '/home/null/EncryptorApp/.buildozer/android/platform/build-arm64-v8a_armeabi-v7a/build/other_builds/python3/armeabi-v7a__ndk_target_30/python3/Lib/http/client.py'...
Compiling '/home/null/EncryptorApp/.buildozer/android/platform/build-arm64-v8a_armeabi-v7a/build/other_builds/python3/armeabi-v7a__ndk_target_30/python3/Lib/http/cookiejar.py'...
Compiling '/home/null/EncryptorApp/.buildozer/android/platform/build-arm64-v8a_armeabi-v7a/build/other_builds/python3/armeabi-v7a__ndk_target_30/python3/Lib/http/cookies.py'...
Compiling '/home/null/EncryptorApp/.buildozer/android/platform/build-arm64-v8a_armeabi-v7a/build/other_builds/python3/armeabi-v7a__ndk_target_30/python3/Lib/http/server.py'...
Listing '/home/null/EncryptorApp/.buildozer/android/platform/build-arm64-v8a_armeabi-v7a/build/other_builds/python3/armeabi-v7a__ndk_target_30/python3/Lib/idlelib'...
Listing '/home/null/EncryptorApp/.buildozer/android/platform/build-arm64-v8a_armeabi-v7a/build/other_builds/python3/armeabi-v7a__ndk_target_30/python3/Lib/idlelib/Icons'...
Compiling '/home/null/EncryptorApp/.buildozer/android/platform/build-arm64-v8a_armeabi-v7a/build/other_builds/python3/armeabi-v7a__ndk_target_30/python3/Lib/idlelib/__init__.py'...
Compiling '/home/null/EncryptorApp/.buildozer/android/platform/build-arm64-v8a_armeabi-v7a/build/other_builds/python3/armeabi-v7a__ndk_target_30/python3/Lib/idlelib/__main__.py'...
Compiling '/home/null/EncryptorApp/.buildozer/android/platform/build-arm64-v8a_armeabi-v7a/build/other_builds/python3/armeabi-v7a__ndk_target_30/python3/Lib/idlelib/autocomplete.py'...
Compiling '/home/null/EncryptorApp/.buildozer/android/platform/build-arm64-v8a_armeabi-v7a/build/other_builds/python3/armeabi-v7a__ndk_target_30/python3/Lib/idlelib/autocomplete_w.py'...
Compiling '/home/null/EncryptorApp/.buildozer/android/platform/build-arm64-v8a_armeabi-v7a/build/other_builds/python3/armeabi-v7a__ndk_target_30/python3/Lib/idlelib/autoexpand.py'...
Compiling '/home/null/EncryptorApp/.buildozer/android/platform/build-arm64-v8a_armeabi-v7a/build/other_builds/python3/armeabi-v7a__ndk_target_30/python3/Lib/idlelib/browser.py'...
Compiling '/home/null/EncryptorApp/.buildozer/android/platform/build-arm64-v8a_armeabi-v7a/build/other_builds/python3/armeabi-v7a__ndk_target_30/python3/Lib/idlelib/calltip.py'...
Compiling '/home/null/EncryptorApp/.buildozer/android/platform/build-arm64-v8a_armeabi-v7a/build/other_builds/python3/armeabi-v7a__ndk_target_30/python3/Lib/idlelib/calltip_w.py'...
Compiling '/home/null/EncryptorApp/.buildozer/android/platform/build-arm64-v8a_armeabi-v7a/build/other_builds/python3/armeabi-v7a__ndk_target_30/python3/Lib/idlelib/codecontext.py'...
Compiling '/home/null/EncryptorApp/.buildozer/android/platform/build-arm64-v8a_armeabi-v7a/build/other_builds/python3/armeabi-v7a__ndk_target_30/python3/Lib/idlelib/colorizer.py'...
Compiling '/home/null/EncryptorApp/.buildozer/android/platform/build-arm64-v8a_armeabi-v7a/build/other_builds/python3/armeabi-v7a__ndk_target_30/python3/Lib/idlelib/config.py'...
Compiling '/home/null/EncryptorApp/.buildozer/android/platform/build-arm64-v8a_armeabi-v7a/build/other_builds/python3/armeabi-v7a__ndk_target_30/python3/Lib/idlelib/config_key.py'...
Compiling '/home/null/EncryptorApp/.buildozer/android/platform/build-arm64-v8a_armeabi-v7a/build/other_builds/python3/armeabi-v7a__ndk_target_30/python3/Lib/idlelib/configdialog.py'...
Compiling '/home/null/EncryptorApp/.buildozer/android/platform/build-arm64-v8a_armeabi-v7a/build/other_builds/python3/armeabi-v7a__ndk_target_30/python3/Lib/idlelib/debugger.py'...
Compiling '/home/null/EncryptorApp/.buildozer/android/platform/build-arm64-v8a_armeabi-v7a/build/other_builds/python3/armeabi-v7a__ndk_target_30/python3/Lib/idlelib/debugger_r.py'...
Compiling '/home/null/EncryptorApp/.buildozer/android/platform/build-arm64-v8a_armeabi-v7a/build/other_builds/python3/armeabi-v7a__ndk_target_30/python3/Lib/idlelib/debugobj.py'...
Compiling '/home/null/EncryptorApp/.buildozer/android/platform/build-arm64-v8a_armeabi-v7a/build/other_builds/python3/armeabi-v7a__ndk_target_30/python3/Lib/idlelib/debugobj_r.py'...
Compiling '/home/null/EncryptorApp/.buildozer/android/platform/build-arm64-v8a_armeabi-v7a/build/other_builds/python3/armeabi-v7a__ndk_target_30/python3/Lib/idlelib/delegator.py'...
Compiling '/home/null/EncryptorApp/.buildozer/android/platform/build-arm64-v8a_armeabi-v7a/build/other_builds/python3/armeabi-v7a__ndk_target_30/python3/Lib/idlelib/dynoption.py'...
Compiling '/home/null/EncryptorApp/.buildozer/android/platform/build-arm64-v8a_armeabi-v7a/build/other_builds/python3/armeabi-v7a__ndk_target_30/python3/Lib/idlelib/editor.py'...
Compiling '/home/null/EncryptorApp/.buildozer/android/platform/build-arm64-v8a_armeabi-v7a/build/other_builds/python3/armeabi-v7a__ndk_target_30/python3/Lib/idlelib/filelist.py'...
Compiling '/home/null/EncryptorApp/.buildozer/android/platform/build-arm64-v8a_armeabi-v7a/build/other_builds/python3/armeabi-v7a__ndk_target_30/python3/Lib/idlelib/format.py'...
Compiling '/home/null/EncryptorApp/.buildozer/android/platform/build-arm64-v8a_armeabi-v7a/build/other_builds/python3/armeabi-v7a__ndk_target_30/python3/Lib/idlelib/grep.py'...
Compiling '/home/null/EncryptorApp/.buildozer/android/platform/build-arm64-v8a_armeabi-v7a/build/other_builds/python3/armeabi-v7a__ndk_target_30/python3/Lib/idlelib/help.py'...
Compiling '/home/null/EncryptorApp/.buildozer/android/platform/build-arm64-v8a_armeabi-v7a/build/other_builds/python3/armeabi-v7a__ndk_target_30/python3/Lib/idlelib/help_about.py'...
Compiling '/home/null/EncryptorApp/.buildozer/android/platform/build-arm64-v8a_armeabi-v7a/build/other_builds/python3/armeabi-v7a__ndk_target_30/python3/Lib/idlelib/history.py'...
Compiling '/home/null/EncryptorApp/.buildozer/android/platform/build-arm64-v8a_armeabi-v7a/build/other_builds/python3/armeabi-v7a__ndk_target_30/python3/Lib/idlelib/hyperparser.py'...
Compiling '/home/null/EncryptorApp/.buildozer/android/platform/build-arm64-v8a_armeabi-v7a/build/other_builds/python3/armeabi-v7a__ndk_target_30/python3/Lib/idlelib/idle.py'...
Listing '/home/null/EncryptorApp/.buildozer/android/platform/build-arm64-v8a_armeabi-v7a/build/other_builds/python3/armeabi-v7a__ndk_target_30/python3/Lib/idlelib/idle_test'...
Compiling '/home/null/EncryptorApp/.buildozer/android/platform/build-arm64-v8a_armeabi-v7a/build/other_builds/python3/armeabi-v7a__ndk_target_30/python3/Lib/idlelib/idle_test/__init__.py'...
Compiling '/home/null/EncryptorApp/.buildozer/android/platform/build-arm64-v8a_armeabi-v7a/build/other_builds/python3/armeabi-v7a__ndk_target_30/python3/Lib/idlelib/idle_test/htest.py'...
Compiling '/home/null/EncryptorApp/.buildozer/android/platform/build-arm64-v8a_armeabi-v7a/build/other_builds/python3/armeabi-v7a__ndk_target_30/python3/Lib/idlelib/idle_test/mock_idle.py'...
Compiling '/home/null/EncryptorApp/.buildozer/android/platform/build-arm64-v8a_armeabi-v7a/build/other_builds/python3/armeabi-v7a__ndk_target_30/python3/Lib/idlelib/idle_test/mock_tk.py'...
Compiling '/home/null/EncryptorApp/.buildozer/android/platform/build-arm64-v8a_armeabi-v7a/build/other_builds/python3/armeabi-v7a__ndk_target_30/python3/Lib/idlelib/idle_test/template.py'...
Compiling '/home/null/EncryptorApp/.buildozer/android/platform/build-arm64-v8a_armeabi-v7a/build/other_builds/python3/armeabi-v7a__ndk_target_30/python3/Lib/idlelib/idle_test/test_autocomplete.py'...
Compiling '/home/null/EncryptorApp/.buildozer/android/platform/build-arm64-v8a_armeabi-v7a/build/other_builds/python3/armeabi-v7a__ndk_target_30/python3/Lib/idlelib/idle_test/test_autocomplete_w.py'...
Compiling '/home/null/EncryptorApp/.buildozer/android/platform/build-arm64-v8a_armeabi-v7a/build/other_builds/python3/armeabi-v7a__ndk_target_30/python3/Lib/idlelib/idle_test/test_autoexpand.py'...
Compiling '/home/null/EncryptorApp/.buildozer/android/platform/build-arm64-v8a_armeabi-v7a/build/other_builds/python3/armeabi-v7a__ndk_target_30/python3/Lib/idlelib/idle_test/test_browser.py'...
Compiling '/home/null/EncryptorApp/.buildozer/android/platform/build-arm64-v8a_armeabi-v7a/build/other_builds/python3/armeabi-v7a__ndk_target_30/python3/Lib/idlelib/idle_test/test_calltip.py'...
Compiling '/home/null/EncryptorApp/.buildozer/android/platform/build-arm64-v8a_armeabi-v7a/build/other_builds/python3/armeabi-v7a__ndk_target_30/python3/Lib/idlelib/idle_test/test_calltip_w.py'...
Compiling '/home/null/EncryptorApp/.buildozer/android/platform/build-arm64-v8a_armeabi-v7a/build/other_builds/python3/armeabi-v7a__ndk_target_30/python3/Lib/idlelib/idle_test/test_codecontext.py'...
Compiling '/home/null/EncryptorApp/.buildozer/android/platform/build-arm64-v8a_armeabi-v7a/build/other_builds/python3/armeabi-v7a__ndk_target_30/python3/Lib/idlelib/idle_test/test_colorizer.py'...
Compiling '/home/null/EncryptorApp/.buildozer/android/platform/build-arm64-v8a_armeabi-v7a/build/other_builds/python3/armeabi-v7a__ndk_target_30/python3/Lib/idlelib/idle_test/test_config.py'...
Compiling '/home/null/EncryptorApp/.buildozer/android/platform/build-arm64-v8a_armeabi-v7a/build/other_builds/python3/armeabi-v7a__ndk_target_30/python3/Lib/idlelib/idle_test/test_config_key.py'...
Compiling '/home/null/EncryptorApp/.buildozer/android/platform/build-arm64-v8a_armeabi-v7a/build/other_builds/python3/armeabi-v7a__ndk_target_30/python3/Lib/idlelib/idle_test/test_configdialog.py'...
Compiling '/home/null/EncryptorApp/.buildozer/android/platform/build-arm64-v8a_armeabi-v7a/build/other_builds/python3/armeabi-v7a__ndk_target_30/python3/Lib/idlelib/idle_test/test_debugger.py'...
Compiling '/home/null/EncryptorApp/.buildozer/android/platform/build-arm64-v8a_armeabi-v7a/build/other_builds/python3/armeabi-v7a__ndk_target_30/python3/Lib/idlelib/idle_test/test_debugger_r.py'...
Compiling '/home/null/EncryptorApp/.buildozer/android/platform/build-arm64-v8a_armeabi-v7a/build/other_builds/python3/armeabi-v7a__ndk_target_30/python3/Lib/idlelib/idle_test/test_debugobj.py'...
Compiling '/home/null/EncryptorApp/.buildozer/android/platform/build-arm64-v8a_armeabi-v7a/build/other_builds/python3/armeabi-v7a__ndk_target_30/python3/Lib/idlelib/idle_test/test_debugobj_r.py'...
Compiling '/home/null/EncryptorApp/.buildozer/android/platform/build-arm64-v8a_armeabi-v7a/build/other_builds/python3/armeabi-v7a__ndk_target_30/python3/Lib/idlelib/idle_test/test_delegator.py'...
Compiling '/home/null/EncryptorApp/.buildozer/android/platform/build-arm64-v8a_armeabi-v7a/build/other_builds/python3/armeabi-v7a__ndk_target_30/python3/Lib/idlelib/idle_test/test_editmenu.py'...
Compiling '/home/null/EncryptorApp/.buildozer/android/platform/build-arm64-v8a_armeabi-v7a/build/other_builds/python3/armeabi-v7a__ndk_target_30/python3/Lib/idlelib/idle_test/test_editor.py'...
Compiling '/home/null/EncryptorApp/.buildozer/android/platform/build-arm64-v8a_armeabi-v7a/build/other_builds/python3/armeabi-v7a__ndk_target_30/python3/Lib/idlelib/idle_test/test_filelist.py'...
Compiling '/home/null/EncryptorApp/.buildozer/android/platform/build-arm64-v8a_armeabi-v7a/build/other_builds/python3/armeabi-v7a__ndk_target_30/python3/Lib/idlelib/idle_test/test_format.py'...
Compiling '/home/null/EncryptorApp/.buildozer/android/platform/build-arm64-v8a_armeabi-v7a/build/other_builds/python3/armeabi-v7a__ndk_target_30/python3/Lib/idlelib/idle_test/test_grep.py'...
Compiling '/home/null/EncryptorApp/.buildozer/android/platform/build-arm64-v8a_armeabi-v7a/build/other_builds/python3/armeabi-v7a__ndk_target_30/python3/Lib/idlelib/idle_test/test_help.py'...
Compiling '/home/null/EncryptorApp/.buildozer/android/platform/build-arm64-v8a_armeabi-v7a/build/other_builds/python3/armeabi-v7a__ndk_target_30/python3/Lib/idlelib/idle_test/test_help_about.py'...
Compiling '/home/null/EncryptorApp/.buildozer/android/platform/build-arm64-v8a_armeabi-v7a/build/other_builds/python3/armeabi-v7a__ndk_target_30/python3/Lib/idlelib/idle_test/test_history.py'...
Compiling '/home/null/EncryptorApp/.buildozer/android/platform/build-arm64-v8a_armeabi-v7a/build/other_builds/python3/armeabi-v7a__ndk_target_30/python3/Lib/idlelib/idle_test/test_hyperparser.py'...
Compiling '/home/null/EncryptorApp/.buildozer/android/platform/build-arm64-v8a_armeabi-v7a/build/other_builds/python3/armeabi-v7a__ndk_target_30/python3/Lib/idlelib/idle_test/test_iomenu.py'...
Compiling '/home/null/EncryptorApp/.buildozer/android/platform/build-arm64-v8a_armeabi-v7a/build/other_builds/python3/armeabi-v7a__ndk_target_30/python3/Lib/idlelib/idle_test/test_macosx.py'...
Compiling '/home/null/EncryptorApp/.buildozer/android/platform/build-arm64-v8a_armeabi-v7a/build/other_builds/python3/armeabi-v7a__ndk_target_30/python3/Lib/idlelib/idle_test/test_mainmenu.py'...
Compiling '/home/null/EncryptorApp/.buildozer/android/platform/build-arm64-v8a_armeabi-v7a/build/other_builds/python3/armeabi-v7a__ndk_target_30/python3/Lib/idlelib/idle_test/test_multicall.py'...
Compiling '/home/null/EncryptorApp/.buildozer/android/platform/build-arm64-v8a_armeabi-v7a/build/other_builds/python3/armeabi-v7a__ndk_target_30/python3/Lib/idlelib/idle_test/test_outwin.py'...
Compiling '/home/null/EncryptorApp/.buildozer/android/platform/build-arm64-v8a_armeabi-v7a/build/other_builds/python3/armeabi-v7a__ndk_target_30/python3/Lib/idlelib/idle_test/test_parenmatch.py'...
Compiling '/home/null/EncryptorApp/.buildozer/android/platform/build-arm64-v8a_armeabi-v7a/build/other_builds/python3/armeabi-v7a__ndk_target_30/python3/Lib/idlelib/idle_test/test_pathbrowser.py'...
Compiling '/home/null/EncryptorApp/.buildozer/android/platform/build-arm64-v8a_armeabi-v7a/build/other_builds/python3/armeabi-v7a__ndk_target_30/python3/Lib/idlelib/idle_test/test_percolator.py'...
Compiling '/home/null/EncryptorApp/.buildozer/android/platform/build-arm64-v8a_armeabi-v7a/build/other_builds/python3/armeabi-v7a__ndk_target_30/python3/Lib/idlelib/idle_test/test_pyparse.py'...
Compiling '/home/null/EncryptorApp/.buildozer/android/platform/build-arm64-v8a_armeabi-v7a/build/other_builds/python3/armeabi-v7a__ndk_target_30/python3/Lib/idlelib/idle_test/test_pyshell.py'...
Compiling '/home/null/EncryptorApp/.buildozer/android/platform/build-arm64-v8a_armeabi-v7a/build/other_builds/python3/armeabi-v7a__ndk_target_30/python3/Lib/idlelib/idle_test/test_query.py'...
Compiling '/home/null/EncryptorApp/.buildozer/android/platform/build-arm64-v8a_armeabi-v7a/build/other_builds/python3/armeabi-v7a__ndk_target_30/python3/Lib/idlelib/idle_test/test_redirector.py'...
Compiling '/home/null/EncryptorApp/.buildozer/android/platform/build-arm64-v8a_armeabi-v7a/build/other_builds/python3/armeabi-v7a__ndk_target_30/python3/Lib/idlelib/idle_test/test_replace.py'...
Compiling '/home/null/EncryptorApp/.buildozer/android/platform/build-arm64-v8a_armeabi-v7a/build/other_builds/python3/armeabi-v7a__ndk_target_30/python3/Lib/idlelib/idle_test/test_rpc.py'...
Compiling '/home/null/EncryptorApp/.buildozer/android/platform/build-arm64-v8a_armeabi-v7a/build/other_builds/python3/armeabi-v7a__ndk_target_30/python3/Lib/idlelib/idle_test/test_run.py'...
Compiling '/home/null/EncryptorApp/.buildozer/android/platform/build-arm64-v8a_armeabi-v7a/build/other_builds/python3/armeabi-v7a__ndk_target_30/python3/Lib/idlelib/idle_test/test_runscript.py'...
Compiling '/home/null/EncryptorApp/.buildozer/android/platform/build-arm64-v8a_armeabi-v7a/build/other_builds/python3/armeabi-v7a__ndk_target_30/python3/Lib/idlelib/idle_test/test_scrolledlist.py'...
Compiling '/home/null/EncryptorApp/.buildozer/android/platform/build-arm64-v8a_armeabi-v7a/build/other_builds/python3/armeabi-v7a__ndk_target_30/python3/Lib/idlelib/idle_test/test_search.py'...
Compiling '/home/null/EncryptorApp/.buildozer/android/platform/build-arm64-v8a_armeabi-v7a/build/other_builds/python3/armeabi-v7a__ndk_target_30/python3/Lib/idlelib/idle_test/test_searchbase.py'...
Compiling '/home/null/EncryptorApp/.buildozer/android/platform/build-arm64-v8a_armeabi-v7a/build/other_builds/python3/armeabi-v7a__ndk_target_30/python3/Lib/idlelib/idle_test/test_searchengine.py'...
Compiling '/home/null/EncryptorApp/.buildozer/android/platform/build-arm64-v8a_armeabi-v7a/build/other_builds/python3/armeabi-v7a__ndk_target_30/python3/Lib/idlelib/idle_test/test_sidebar.py'...
Compiling '/home/null/EncryptorApp/.buildozer/android/platform/build-arm64-v8a_armeabi-v7a/build/other_builds/python3/armeabi-v7a__ndk_target_30/python3/Lib/idlelib/idle_test/test_squeezer.py'...
Compiling '/home/null/EncryptorApp/.buildozer/android/platform/build-arm64-v8a_armeabi-v7a/build/other_builds/python3/armeabi-v7a__ndk_target_30/python3/Lib/idlelib/idle_test/test_stackviewer.py'...
Compiling '/home/null/EncryptorApp/.buildozer/android/platform/build-arm64-v8a_armeabi-v7a/build/other_builds/python3/armeabi-v7a__ndk_target_30/python3/Lib/idlelib/idle_test/test_statusbar.py'...
Compiling '/home/null/EncryptorApp/.buildozer/android/platform/build-arm64-v8a_armeabi-v7a/build/other_builds/python3/armeabi-v7a__ndk_target_30/python3/Lib/idlelib/idle_test/test_text.py'...
Compiling '/home/null/EncryptorApp/.buildozer/android/platform/build-arm64-v8a_armeabi-v7a/build/other_builds/python3/armeabi-v7a__ndk_target_30/python3/Lib/idlelib/idle_test/test_textview.py'...
Compiling '/home/null/EncryptorApp/.buildozer/android/platform/build-arm64-v8a_armeabi-v7a/build/other_builds/python3/armeabi-v7a__ndk_target_30/python3/Lib/idlelib/idle_test/test_tooltip.py'...
Compiling '/home/null/EncryptorApp/.buildozer/android/platform/build-arm64-v8a_armeabi-v7a/build/other_builds/python3/armeabi-v7a__ndk_target_30/python3/Lib/idlelib/idle_test/test_tree.py'...
Compiling '/home/null/EncryptorApp/.buildozer/android/platform/build-arm64-v8a_armeabi-v7a/build/other_builds/python3/armeabi-v7a__ndk_target_30/python3/Lib/idlelib/idle_test/test_undo.py'...
Compiling '/home/null/EncryptorApp/.buildozer/android/platform/build-arm64-v8a_armeabi-v7a/build/other_builds/python3/armeabi-v7a__ndk_target_30/python3/Lib/idlelib/idle_test/test_util.py'...
Compiling '/home/null/EncryptorApp/.buildozer/android/platform/build-arm64-v8a_armeabi-v7a/build/other_builds/python3/armeabi-v7a__ndk_target_30/python3/Lib/idlelib/idle_test/test_warning.py'...
Compiling '/home/null/EncryptorApp/.buildozer/android/platform/build-arm64-v8a_armeabi-v7a/build/other_builds/python3/armeabi-v7a__ndk_target_30/python3/Lib/idlelib/idle_test/test_window.py'...
Compiling '/home/null/EncryptorApp/.buildozer/android/platform/build-arm64-v8a_armeabi-v7a/build/other_builds/python3/armeabi-v7a__ndk_target_30/python3/Lib/idlelib/idle_test/test_zoomheight.py'...
Compiling '/home/null/EncryptorApp/.buildozer/android/platform/build-arm64-v8a_armeabi-v7a/build/other_builds/python3/armeabi-v7a__ndk_target_30/python3/Lib/idlelib/idle_test/test_zzdummy.py'...
Compiling '/home/null/EncryptorApp/.buildozer/android/platform/build-arm64-v8a_armeabi-v7a/build/other_builds/python3/armeabi-v7a__ndk_target_30/python3/Lib/idlelib/idle_test/tkinter_testing_utils.py'...
Compiling '/home/null/EncryptorApp/.buildozer/android/platform/build-arm64-v8a_armeabi-v7a/build/other_builds/python3/armeabi-v7a__ndk_target_30/python3/Lib/idlelib/iomenu.py'...
Compiling '/home/null/EncryptorApp/.buildozer/android/platform/build-arm64-v8a_armeabi-v7a/build/other_builds/python3/armeabi-v7a__ndk_target_30/python3/Lib/idlelib/macosx.py'...
Compiling '/home/null/EncryptorApp/.buildozer/android/platform/build-arm64-v8a_armeabi-v7a/build/other_builds/python3/armeabi-v7a__ndk_target_30/python3/Lib/idlelib/mainmenu.py'...
Compiling '/home/null/EncryptorApp/.buildozer/android/platform/build-arm64-v8a_armeabi-v7a/build/other_builds/python3/armeabi-v7a__ndk_target_30/python3/Lib/idlelib/multicall.py'...
Compiling '/home/null/EncryptorApp/.buildozer/android/platform/build-arm64-v8a_armeabi-v7a/build/other_builds/python3/armeabi-v7a__ndk_target_30/python3/Lib/idlelib/outwin.py'...
Compiling '/home/null/EncryptorApp/.buildozer/android/platform/build-arm64-v8a_armeabi-v7a/build/other_builds/python3/armeabi-v7a__ndk_target_30/python3/Lib/idlelib/parenmatch.py'...
Compiling '/home/null/EncryptorApp/.buildozer/android/platform/build-arm64-v8a_armeabi-v7a/build/other_builds/python3/armeabi-v7a__ndk_target_30/python3/Lib/idlelib/pathbrowser.py'...
Compiling '/home/null/EncryptorApp/.buildozer/android/platform/build-arm64-v8a_armeabi-v7a/build/other_builds/python3/armeabi-v7a__ndk_target_30/python3/Lib/idlelib/percolator.py'...
Compiling '/home/null/EncryptorApp/.buildozer/android/platform/build-arm64-v8a_armeabi-v7a/build/other_builds/python3/armeabi-v7a__ndk_target_30/python3/Lib/idlelib/pyparse.py'...
Compiling '/home/null/EncryptorApp/.buildozer/android/platform/build-arm64-v8a_armeabi-v7a/build/other_builds/python3/armeabi-v7a__ndk_target_30/python3/Lib/idlelib/pyshell.py'...
Compiling '/home/null/EncryptorApp/.buildozer/android/platform/build-arm64-v8a_armeabi-v7a/build/other_builds/python3/armeabi-v7a__ndk_target_30/python3/Lib/idlelib/query.py'...
Compiling '/home/null/EncryptorApp/.buildozer/android/platform/build-arm64-v8a_armeabi-v7a/build/other_builds/python3/armeabi-v7a__ndk_target_30/python3/Lib/idlelib/redirector.py'...
Compiling '/home/null/EncryptorApp/.buildozer/android/platform/build-arm64-v8a_armeabi-v7a/build/other_builds/python3/armeabi-v7a__ndk_target_30/python3/Lib/idlelib/replace.py'...
Compiling '/home/null/EncryptorApp/.buildozer/android/platform/build-arm64-v8a_armeabi-v7a/build/other_builds/python3/armeabi-v7a__ndk_target_30/python3/Lib/idlelib/rpc.py'...
Compiling '/home/null/EncryptorApp/.buildozer/android/platform/build-arm64-v8a_armeabi-v7a/build/other_builds/python3/armeabi-v7a__ndk_target_30/python3/Lib/idlelib/run.py'...
Compiling '/home/null/EncryptorApp/.buildozer/android/platform/build-arm64-v8a_armeabi-v7a/build/other_builds/python3/armeabi-v7a__ndk_target_30/python3/Lib/idlelib/runscript.py'...
Compiling '/home/null/EncryptorApp/.buildozer/android/platform/build-arm64-v8a_armeabi-v7a/build/other_builds/python3/armeabi-v7a__ndk_target_30/python3/Lib/idlelib/scrolledlist.py'...
Compiling '/home/null/EncryptorApp/.buildozer/android/platform/build-arm64-v8a_armeabi-v7a/build/other_builds/python3/armeabi-v7a__ndk_target_30/python3/Lib/idlelib/search.py'...
Compiling '/home/null/EncryptorApp/.buildozer/android/platform/build-arm64-v8a_armeabi-v7a/build/other_builds/python3/armeabi-v7a__ndk_target_30/python3/Lib/idlelib/searchbase.py'...
Compiling '/home/null/EncryptorApp/.buildozer/android/platform/build-arm64-v8a_armeabi-v7a/build/other_builds/python3/armeabi-v7a__ndk_target_30/python3/Lib/idlelib/searchengine.py'...
Compiling '/home/null/EncryptorApp/.buildozer/android/platform/build-arm64-v8a_armeabi-v7a/build/other_builds/python3/armeabi-v7a__ndk_target_30/python3/Lib/idlelib/sidebar.py'...
Compiling '/home/null/EncryptorApp/.buildozer/android/platform/build-arm64-v8a_armeabi-v7a/build/other_builds/python3/armeabi-v7a__ndk_target_30/python3/Lib/idlelib/squeezer.py'...
Compiling '/home/null/EncryptorApp/.buildozer/android/platform/build-arm64-v8a_armeabi-v7a/build/other_builds/python3/armeabi-v7a__ndk_target_30/python3/Lib/idlelib/stackviewer.py'...
Compiling '/home/null/EncryptorApp/.buildozer/android/platform/build-arm64-v8a_armeabi-v7a/build/other_builds/python3/armeabi-v7a__ndk_target_30/python3/Lib/idlelib/statusbar.py'...
Compiling '/home/null/EncryptorApp/.buildozer/android/platform/build-arm64-v8a_armeabi-v7a/build/other_builds/python3/armeabi-v7a__ndk_target_30/python3/Lib/idlelib/textview.py'...
Compiling '/home/null/EncryptorApp/.buildozer/android/platform/build-arm64-v8a_armeabi-v7a/build/other_builds/python3/armeabi-v7a__ndk_target_30/python3/Lib/idlelib/tooltip.py'...
Compiling '/home/null/EncryptorApp/.buildozer/android/platform/build-arm64-v8a_armeabi-v7a/build/other_builds/python3/armeabi-v7a__ndk_target_30/python3/Lib/idlelib/tree.py'...
Compiling '/home/null/EncryptorApp/.buildozer/android/platform/build-arm64-v8a_armeabi-v7a/build/other_builds/python3/armeabi-v7a__ndk_target_30/python3/Lib/idlelib/undo.py'...
Compiling '/home/null/EncryptorApp/.buildozer/android/platform/build-arm64-v8a_armeabi-v7a/build/other_builds/python3/armeabi-v7a__ndk_target_30/python3/Lib/idlelib/util.py'...
Compiling '/home/null/EncryptorApp/.buildozer/android/platform/build-arm64-v8a_armeabi-v7a/build/other_builds/python3/armeabi-v7a__ndk_target_30/python3/Lib/idlelib/window.py'...
Compiling '/home/null/EncryptorApp/.buildozer/android/platform/build-arm64-v8a_armeabi-v7a/build/other_builds/python3/armeabi-v7a__ndk_target_30/python3/Lib/idlelib/zoomheight.py'...
Compiling '/home/null/EncryptorApp/.buildozer/android/platform/build-arm64-v8a_armeabi-v7a/build/other_builds/python3/armeabi-v7a__ndk_target_30/python3/Lib/idlelib/zzdummy.py'...
Compiling '/home/null/EncryptorApp/.buildozer/android/platform/build-arm64-v8a_armeabi-v7a/build/other_builds/python3/armeabi-v7a__ndk_target_30/python3/Lib/imaplib.py'...
Listing '/home/null/EncryptorApp/.buildozer/android/platform/build-arm64-v8a_armeabi-v7a/build/other_builds/python3/armeabi-v7a__ndk_target_30/python3/Lib/importlib'...
Compiling '/home/null/EncryptorApp/.buildozer/android/platform/build-arm64-v8a_armeabi-v7a/build/other_builds/python3/armeabi-v7a__ndk_target_30/python3/Lib/importlib/__init__.py'...
Compiling '/home/null/EncryptorApp/.buildozer/android/platform/build-arm64-v8a_armeabi-v7a/build/other_builds/python3/armeabi-v7a__ndk_target_30/python3/Lib/importlib/_abc.py'...
Compiling '/home/null/EncryptorApp/.buildozer/android/platform/build-arm64-v8a_armeabi-v7a/build/other_builds/python3/armeabi-v7a__ndk_target_30/python3/Lib/importlib/_bootstrap.py'...
Compiling '/home/null/EncryptorApp/.buildozer/android/platform/build-arm64-v8a_armeabi-v7a/build/other_builds/python3/armeabi-v7a__ndk_target_30/python3/Lib/importlib/_bootstrap_external.py'...
Compiling '/home/null/EncryptorApp/.buildozer/android/platform/build-arm64-v8a_armeabi-v7a/build/other_builds/python3/armeabi-v7a__ndk_target_30/python3/Lib/importlib/abc.py'...
Compiling '/home/null/EncryptorApp/.buildozer/android/platform/build-arm64-v8a_armeabi-v7a/build/other_builds/python3/armeabi-v7a__ndk_target_30/python3/Lib/importlib/machinery.py'...
Listing '/home/null/EncryptorApp/.buildozer/android/platform/build-arm64-v8a_armeabi-v7a/build/other_builds/python3/armeabi-v7a__ndk_target_30/python3/Lib/importlib/metadata'...
Compiling '/home/null/EncryptorApp/.buildozer/android/platform/build-arm64-v8a_armeabi-v7a/build/other_builds/python3/armeabi-v7a__ndk_target_30/python3/Lib/importlib/metadata/__init__.py'...
Compiling '/home/null/EncryptorApp/.buildozer/android/platform/build-arm64-v8a_armeabi-v7a/build/other_builds/python3/armeabi-v7a__ndk_target_30/python3/Lib/importlib/metadata/_adapters.py'...
Compiling '/home/null/EncryptorApp/.buildozer/android/platform/build-arm64-v8a_armeabi-v7a/build/other_builds/python3/armeabi-v7a__ndk_target_30/python3/Lib/importlib/metadata/_collections.py'...
Compiling '/home/null/EncryptorApp/.buildozer/android/platform/build-arm64-v8a_armeabi-v7a/build/other_builds/python3/armeabi-v7a__ndk_target_30/python3/Lib/importlib/metadata/_functools.py'...
Compiling '/home/null/EncryptorApp/.buildozer/android/platform/build-arm64-v8a_armeabi-v7a/build/other_builds/python3/armeabi-v7a__ndk_target_30/python3/Lib/importlib/metadata/_itertools.py'...
Compiling '/home/null/EncryptorApp/.buildozer/android/platform/build-arm64-v8a_armeabi-v7a/build/other_builds/python3/armeabi-v7a__ndk_target_30/python3/Lib/importlib/metadata/_meta.py'...
Compiling '/home/null/EncryptorApp/.buildozer/android/platform/build-arm64-v8a_armeabi-v7a/build/other_builds/python3/armeabi-v7a__ndk_target_30/python3/Lib/importlib/metadata/_text.py'...
Compiling '/home/null/EncryptorApp/.buildozer/android/platform/build-arm64-v8a_armeabi-v7a/build/other_builds/python3/armeabi-v7a__ndk_target_30/python3/Lib/importlib/metadata/diagnose.py'...
Compiling '/home/null/EncryptorApp/.buildozer/android/platform/build-arm64-v8a_armeabi-v7a/build/other_builds/python3/armeabi-v7a__ndk_target_30/python3/Lib/importlib/readers.py'...
Listing '/home/null/EncryptorApp/.buildozer/android/platform/build-arm64-v8a_armeabi-v7a/build/other_builds/python3/armeabi-v7a__ndk_target_30/python3/Lib/importlib/resources'...
Compiling '/home/null/EncryptorApp/.buildozer/android/platform/build-arm64-v8a_armeabi-v7a/build/other_builds/python3/armeabi-v7a__ndk_target_30/python3/Lib/importlib/resources/__init__.py'...
Compiling '/home/null/EncryptorApp/.buildozer/android/platform/build-arm64-v8a_armeabi-v7a/build/other_builds/python3/armeabi-v7a__ndk_target_30/python3/Lib/importlib/resources/_adapters.py'...
Compiling '/home/null/EncryptorApp/.buildozer/android/platform/build-arm64-v8a_armeabi-v7a/build/other_builds/python3/armeabi-v7a__ndk_target_30/python3/Lib/importlib/resources/_common.py'...
Compiling '/home/null/EncryptorApp/.buildozer/android/platform/build-arm64-v8a_armeabi-v7a/build/other_builds/python3/armeabi-v7a__ndk_target_30/python3/Lib/importlib/resources/_functional.py'...
Compiling '/home/null/EncryptorApp/.buildozer/android/platform/build-arm64-v8a_armeabi-v7a/build/other_builds/python3/armeabi-v7a__ndk_target_30/python3/Lib/importlib/resources/_itertools.py'...
Compiling '/home/null/EncryptorApp/.buildozer/android/platform/build-arm64-v8a_armeabi-v7a/build/other_builds/python3/armeabi-v7a__ndk_target_30/python3/Lib/importlib/resources/abc.py'...
Compiling '/home/null/EncryptorApp/.buildozer/android/platform/build-arm64-v8a_armeabi-v7a/build/other_builds/python3/armeabi-v7a__ndk_target_30/python3/Lib/importlib/resources/readers.py'...
Compiling '/home/null/EncryptorApp/.buildozer/android/platform/build-arm64-v8a_armeabi-v7a/build/other_builds/python3/armeabi-v7a__ndk_target_30/python3/Lib/importlib/resources/simple.py'...
Compiling '/home/null/EncryptorApp/.buildozer/android/platform/build-arm64-v8a_armeabi-v7a/build/other_builds/python3/armeabi-v7a__ndk_target_30/python3/Lib/importlib/simple.py'...
Compiling '/home/null/EncryptorApp/.buildozer/android/platform/build-arm64-v8a_armeabi-v7a/build/other_builds/python3/armeabi-v7a__ndk_target_30/python3/Lib/importlib/util.py'...
Compiling '/home/null/EncryptorApp/.buildozer/android/platform/build-arm64-v8a_armeabi-v7a/build/other_builds/python3/armeabi-v7a__ndk_target_30/python3/Lib/inspect.py'...
Compiling '/home/null/EncryptorApp/.buildozer/android/platform/build-arm64-v8a_armeabi-v7a/build/other_builds/python3/armeabi-v7a__ndk_target_30/python3/Lib/io.py'...
Compiling '/home/null/EncryptorApp/.buildozer/android/platform/build-arm64-v8a_armeabi-v7a/build/other_builds/python3/armeabi-v7a__ndk_target_30/python3/Lib/ipaddress.py'...
Listing '/home/null/EncryptorApp/.buildozer/android/platform/build-arm64-v8a_armeabi-v7a/build/other_builds/python3/armeabi-v7a__ndk_target_30/python3/Lib/json'...
Compiling '/home/null/EncryptorApp/.buildozer/android/platform/build-arm64-v8a_armeabi-v7a/build/other_builds/python3/armeabi-v7a__ndk_target_30/python3/Lib/json/__init__.py'...
Compiling '/home/null/EncryptorApp/.buildozer/android/platform/build-arm64-v8a_armeabi-v7a/build/other_builds/python3/armeabi-v7a__ndk_target_30/python3/Lib/json/__main__.py'...
Compiling '/home/null/EncryptorApp/.buildozer/android/platform/build-arm64-v8a_armeabi-v7a/build/other_builds/python3/armeabi-v7a__ndk_target_30/python3/Lib/json/decoder.py'...
Compiling '/home/null/EncryptorApp/.buildozer/android/platform/build-arm64-v8a_armeabi-v7a/build/other_builds/python3/armeabi-v7a__ndk_target_30/python3/Lib/json/encoder.py'...
Compiling '/home/null/EncryptorApp/.buildozer/android/platform/build-arm64-v8a_armeabi-v7a/build/other_builds/python3/armeabi-v7a__ndk_target_30/python3/Lib/json/scanner.py'...
Compiling '/home/null/EncryptorApp/.buildozer/android/platform/build-arm64-v8a_armeabi-v7a/build/other_builds/python3/armeabi-v7a__ndk_target_30/python3/Lib/json/tool.py'...
Compiling '/home/null/EncryptorApp/.buildozer/android/platform/build-arm64-v8a_armeabi-v7a/build/other_builds/python3/armeabi-v7a__ndk_target_30/python3/Lib/keyword.py'...
Compiling '/home/null/EncryptorApp/.buildozer/android/platform/build-arm64-v8a_armeabi-v7a/build/other_builds/python3/armeabi-v7a__ndk_target_30/python3/Lib/linecache.py'...
Compiling '/home/null/EncryptorApp/.buildozer/android/platform/build-arm64-v8a_armeabi-v7a/build/other_builds/python3/armeabi-v7a__ndk_target_30/python3/Lib/locale.py'...
Listing '/home/null/EncryptorApp/.buildozer/android/platform/build-arm64-v8a_armeabi-v7a/build/other_builds/python3/armeabi-v7a__ndk_target_30/python3/Lib/logging'...
Compiling '/home/null/EncryptorApp/.buildozer/android/platform/build-arm64-v8a_armeabi-v7a/build/other_builds/python3/armeabi-v7a__ndk_target_30/python3/Lib/logging/__init__.py'...
Compiling '/home/null/EncryptorApp/.buildozer/android/platform/build-arm64-v8a_armeabi-v7a/build/other_builds/python3/armeabi-v7a__ndk_target_30/python3/Lib/logging/config.py'...
Compiling '/home/null/EncryptorApp/.buildozer/android/platform/build-arm64-v8a_armeabi-v7a/build/other_builds/python3/armeabi-v7a__ndk_target_30/python3/Lib/logging/handlers.py'...
Compiling '/home/null/EncryptorApp/.buildozer/android/platform/build-arm64-v8a_armeabi-v7a/build/other_builds/python3/armeabi-v7a__ndk_target_30/python3/Lib/lzma.py'...
Compiling '/home/null/EncryptorApp/.buildozer/android/platform/build-arm64-v8a_armeabi-v7a/build/other_builds/python3/armeabi-v7a__ndk_target_30/python3/Lib/mailbox.py'...
Compiling '/home/null/EncryptorApp/.buildozer/android/platform/build-arm64-v8a_armeabi-v7a/build/other_builds/python3/armeabi-v7a__ndk_target_30/python3/Lib/mimetypes.py'...
Compiling '/home/null/EncryptorApp/.buildozer/android/platform/build-arm64-v8a_armeabi-v7a/build/other_builds/python3/armeabi-v7a__ndk_target_30/python3/Lib/modulefinder.py'...
Listing '/home/null/EncryptorApp/.buildozer/android/platform/build-arm64-v8a_armeabi-v7a/build/other_builds/python3/armeabi-v7a__ndk_target_30/python3/Lib/multiprocessing'...
Compiling '/home/null/EncryptorApp/.buildozer/android/platform/build-arm64-v8a_armeabi-v7a/build/other_builds/python3/armeabi-v7a__ndk_target_30/python3/Lib/multiprocessing/__init__.py'...
Compiling '/home/null/EncryptorApp/.buildozer/android/platform/build-arm64-v8a_armeabi-v7a/build/other_builds/python3/armeabi-v7a__ndk_target_30/python3/Lib/multiprocessing/connection.py'...
Compiling '/home/null/EncryptorApp/.buildozer/android/platform/build-arm64-v8a_armeabi-v7a/build/other_builds/python3/armeabi-v7a__ndk_target_30/python3/Lib/multiprocessing/context.py'...
Listing '/home/null/EncryptorApp/.buildozer/android/platform/build-arm64-v8a_armeabi-v7a/build/other_builds/python3/armeabi-v7a__ndk_target_30/python3/Lib/multiprocessing/dummy'...
Compiling '/home/null/EncryptorApp/.buildozer/android/platform/build-arm64-v8a_armeabi-v7a/build/other_builds/python3/armeabi-v7a__ndk_target_30/python3/Lib/multiprocessing/dummy/__init__.py'...
Compiling '/home/null/EncryptorApp/.buildozer/android/platform/build-arm64-v8a_armeabi-v7a/build/other_builds/python3/armeabi-v7a__ndk_target_30/python3/Lib/multiprocessing/dummy/connection.py'...
Compiling '/home/null/EncryptorApp/.buildozer/android/platform/build-arm64-v8a_armeabi-v7a/build/other_builds/python3/armeabi-v7a__ndk_target_30/python3/Lib/multiprocessing/forkserver.py'...
Compiling '/home/null/EncryptorApp/.buildozer/android/platform/build-arm64-v8a_armeabi-v7a/build/other_builds/python3/armeabi-v7a__ndk_target_30/python3/Lib/multiprocessing/heap.py'...
Compiling '/home/null/EncryptorApp/.buildozer/android/platform/build-arm64-v8a_armeabi-v7a/build/other_builds/python3/armeabi-v7a__ndk_target_30/python3/Lib/multiprocessing/managers.py'...
Compiling '/home/null/EncryptorApp/.buildozer/android/platform/build-arm64-v8a_armeabi-v7a/build/other_builds/python3/armeabi-v7a__ndk_target_30/python3/Lib/multiprocessing/pool.py'...
Compiling '/home/null/EncryptorApp/.buildozer/android/platform/build-arm64-v8a_armeabi-v7a/build/other_builds/python3/armeabi-v7a__ndk_target_30/python3/Lib/multiprocessing/popen_fork.py'...
Compiling '/home/null/EncryptorApp/.buildozer/android/platform/build-arm64-v8a_armeabi-v7a/build/other_builds/python3/armeabi-v7a__ndk_target_30/python3/Lib/multiprocessing/popen_forkserver.py'...
Compiling '/home/null/EncryptorApp/.buildozer/android/platform/build-arm64-v8a_armeabi-v7a/build/other_builds/python3/armeabi-v7a__ndk_target_30/python3/Lib/multiprocessing/popen_spawn_posix.py'...
Compiling '/home/null/EncryptorApp/.buildozer/android/platform/build-arm64-v8a_armeabi-v7a/build/other_builds/python3/armeabi-v7a__ndk_target_30/python3/Lib/multiprocessing/popen_spawn_win32.py'...
Compiling '/home/null/EncryptorApp/.buildozer/android/platform/build-arm64-v8a_armeabi-v7a/build/other_builds/python3/armeabi-v7a__ndk_target_30/python3/Lib/multiprocessing/process.py'...
Compiling '/home/null/EncryptorApp/.buildozer/android/platform/build-arm64-v8a_armeabi-v7a/build/other_builds/python3/armeabi-v7a__ndk_target_30/python3/Lib/multiprocessing/queues.py'...
Compiling '/home/null/EncryptorApp/.buildozer/android/platform/build-arm64-v8a_armeabi-v7a/build/other_builds/python3/armeabi-v7a__ndk_target_30/python3/Lib/multiprocessing/reduction.py'...
Compiling '/home/null/EncryptorApp/.buildozer/android/platform/build-arm64-v8a_armeabi-v7a/build/other_builds/python3/armeabi-v7a__ndk_target_30/python3/Lib/multiprocessing/resource_sharer.py'...
Compiling '/home/null/EncryptorApp/.buildozer/android/platform/build-arm64-v8a_armeabi-v7a/build/other_builds/python3/armeabi-v7a__ndk_target_30/python3/Lib/multiprocessing/resource_tracker.py'...
Compiling '/home/null/EncryptorApp/.buildozer/android/platform/build-arm64-v8a_armeabi-v7a/build/other_builds/python3/armeabi-v7a__ndk_target_30/python3/Lib/multiprocessing/shared_memory.py'...
Compiling '/home/null/EncryptorApp/.buildozer/android/platform/build-arm64-v8a_armeabi-v7a/build/other_builds/python3/armeabi-v7a__ndk_target_30/python3/Lib/multiprocessing/sharedctypes.py'...
Compiling '/home/null/EncryptorApp/.buildozer/android/platform/build-arm64-v8a_armeabi-v7a/build/other_builds/python3/armeabi-v7a__ndk_target_30/python3/Lib/multiprocessing/spawn.py'...
Compiling '/home/null/EncryptorApp/.buildozer/android/platform/build-arm64-v8a_armeabi-v7a/build/other_builds/python3/armeabi-v7a__ndk_target_30/python3/Lib/multiprocessing/synchronize.py'...
Compiling '/home/null/EncryptorApp/.buildozer/android/platform/build-arm64-v8a_armeabi-v7a/build/other_builds/python3/armeabi-v7a__ndk_target_30/python3/Lib/multiprocessing/util.py'...
Compiling '/home/null/EncryptorApp/.buildozer/android/platform/build-arm64-v8a_armeabi-v7a/build/other_builds/python3/armeabi-v7a__ndk_target_30/python3/Lib/netrc.py'...
Compiling '/home/null/EncryptorApp/.buildozer/android/platform/build-arm64-v8a_armeabi-v7a/build/other_builds/python3/armeabi-v7a__ndk_target_30/python3/Lib/ntpath.py'...
Compiling '/home/null/EncryptorApp/.buildozer/android/platform/build-arm64-v8a_armeabi-v7a/build/other_builds/python3/armeabi-v7a__ndk_target_30/python3/Lib/nturl2path.py'...
Compiling '/home/null/EncryptorApp/.buildozer/android/platform/build-arm64-v8a_armeabi-v7a/build/other_builds/python3/armeabi-v7a__ndk_target_30/python3/Lib/numbers.py'...
Compiling '/home/null/EncryptorApp/.buildozer/android/platform/build-arm64-v8a_armeabi-v7a/build/other_builds/python3/armeabi-v7a__ndk_target_30/python3/Lib/opcode.py'...
Compiling '/home/null/EncryptorApp/.buildozer/android/platform/build-arm64-v8a_armeabi-v7a/build/other_builds/python3/armeabi-v7a__ndk_target_30/python3/Lib/operator.py'...
Compiling '/home/null/EncryptorApp/.buildozer/android/platform/build-arm64-v8a_armeabi-v7a/build/other_builds/python3/armeabi-v7a__ndk_target_30/python3/Lib/optparse.py'...
Compiling '/home/null/EncryptorApp/.buildozer/android/platform/build-arm64-v8a_armeabi-v7a/build/other_builds/python3/armeabi-v7a__ndk_target_30/python3/Lib/os.py'...
Listing '/home/null/EncryptorApp/.buildozer/android/platform/build-arm64-v8a_armeabi-v7a/build/other_builds/python3/armeabi-v7a__ndk_target_30/python3/Lib/pathlib'...
Compiling '/home/null/EncryptorApp/.buildozer/android/platform/build-arm64-v8a_armeabi-v7a/build/other_builds/python3/armeabi-v7a__ndk_target_30/python3/Lib/pathlib/__init__.py'...
Compiling '/home/null/EncryptorApp/.buildozer/android/platform/build-arm64-v8a_armeabi-v7a/build/other_builds/python3/armeabi-v7a__ndk_target_30/python3/Lib/pathlib/_os.py'...
Compiling '/home/null/EncryptorApp/.buildozer/android/platform/build-arm64-v8a_armeabi-v7a/build/other_builds/python3/armeabi-v7a__ndk_target_30/python3/Lib/pathlib/types.py'...
Compiling '/home/null/EncryptorApp/.buildozer/android/platform/build-arm64-v8a_armeabi-v7a/build/other_builds/python3/armeabi-v7a__ndk_target_30/python3/Lib/pdb.py'...
Compiling '/home/null/EncryptorApp/.buildozer/android/platform/build-arm64-v8a_armeabi-v7a/build/other_builds/python3/armeabi-v7a__ndk_target_30/python3/Lib/pickle.py'...
Compiling '/home/null/EncryptorApp/.buildozer/android/platform/build-arm64-v8a_armeabi-v7a/build/other_builds/python3/armeabi-v7a__ndk_target_30/python3/Lib/pickletools.py'...
Compiling '/home/null/EncryptorApp/.buildozer/android/platform/build-arm64-v8a_armeabi-v7a/build/other_builds/python3/armeabi-v7a__ndk_target_30/python3/Lib/pkgutil.py'...
Compiling '/home/null/EncryptorApp/.buildozer/android/platform/build-arm64-v8a_armeabi-v7a/build/other_builds/python3/armeabi-v7a__ndk_target_30/python3/Lib/platform.py'...
Compiling '/home/null/EncryptorApp/.buildozer/android/platform/build-arm64-v8a_armeabi-v7a/build/other_builds/python3/armeabi-v7a__ndk_target_30/python3/Lib/plistlib.py'...
Compiling '/home/null/EncryptorApp/.buildozer/android/platform/build-arm64-v8a_armeabi-v7a/build/other_builds/python3/armeabi-v7a__ndk_target_30/python3/Lib/poplib.py'...
Compiling '/home/null/EncryptorApp/.buildozer/android/platform/build-arm64-v8a_armeabi-v7a/build/other_builds/python3/armeabi-v7a__ndk_target_30/python3/Lib/posixpath.py'...
Compiling '/home/null/EncryptorApp/.buildozer/android/platform/build-arm64-v8a_armeabi-v7a/build/other_builds/python3/armeabi-v7a__ndk_target_30/python3/Lib/pprint.py'...
Compiling '/home/null/EncryptorApp/.buildozer/android/platform/build-arm64-v8a_armeabi-v7a/build/other_builds/python3/armeabi-v7a__ndk_target_30/python3/Lib/profile.py'...
Compiling '/home/null/EncryptorApp/.buildozer/android/platform/build-arm64-v8a_armeabi-v7a/build/other_builds/python3/armeabi-v7a__ndk_target_30/python3/Lib/pstats.py'...
Compiling '/home/null/EncryptorApp/.buildozer/android/platform/build-arm64-v8a_armeabi-v7a/build/other_builds/python3/armeabi-v7a__ndk_target_30/python3/Lib/pty.py'...
Compiling '/home/null/EncryptorApp/.buildozer/android/platform/build-arm64-v8a_armeabi-v7a/build/other_builds/python3/armeabi-v7a__ndk_target_30/python3/Lib/py_compile.py'...
Compiling '/home/null/EncryptorApp/.buildozer/android/platform/build-arm64-v8a_armeabi-v7a/build/other_builds/python3/armeabi-v7a__ndk_target_30/python3/Lib/pyclbr.py'...
Compiling '/home/null/EncryptorApp/.buildozer/android/platform/build-arm64-v8a_armeabi-v7a/build/other_builds/python3/armeabi-v7a__ndk_target_30/python3/Lib/pydoc.py'...
Listing '/home/null/EncryptorApp/.buildozer/android/platform/build-arm64-v8a_armeabi-v7a/build/other_builds/python3/armeabi-v7a__ndk_target_30/python3/Lib/pydoc_data'...
Compiling '/home/null/EncryptorApp/.buildozer/android/platform/build-arm64-v8a_armeabi-v7a/build/other_builds/python3/armeabi-v7a__ndk_target_30/python3/Lib/pydoc_data/__init__.py'...
Compiling '/home/null/EncryptorApp/.buildozer/android/platform/build-arm64-v8a_armeabi-v7a/build/other_builds/python3/armeabi-v7a__ndk_target_30/python3/Lib/pydoc_data/topics.py'...
Compiling '/home/null/EncryptorApp/.buildozer/android/platform/build-arm64-v8a_armeabi-v7a/build/other_builds/python3/armeabi-v7a__ndk_target_30/python3/Lib/queue.py'...
Compiling '/home/null/EncryptorApp/.buildozer/android/platform/build-arm64-v8a_armeabi-v7a/build/other_builds/python3/armeabi-v7a__ndk_target_30/python3/Lib/quopri.py'...
Compiling '/home/null/EncryptorApp/.buildozer/android/platform/build-arm64-v8a_armeabi-v7a/build/other_builds/python3/armeabi-v7a__ndk_target_30/python3/Lib/random.py'...
Listing '/home/null/EncryptorApp/.buildozer/android/platform/build-arm64-v8a_armeabi-v7a/build/other_builds/python3/armeabi-v7a__ndk_target_30/python3/Lib/re'...
Compiling '/home/null/EncryptorApp/.buildozer/android/platform/build-arm64-v8a_armeabi-v7a/build/other_builds/python3/armeabi-v7a__ndk_target_30/python3/Lib/re/__init__.py'...
Compiling '/home/null/EncryptorApp/.buildozer/android/platform/build-arm64-v8a_armeabi-v7a/build/other_builds/python3/armeabi-v7a__ndk_target_30/python3/Lib/re/_casefix.py'...
Compiling '/home/null/EncryptorApp/.buildozer/android/platform/build-arm64-v8a_armeabi-v7a/build/other_builds/python3/armeabi-v7a__ndk_target_30/python3/Lib/re/_compiler.py'...
Compiling '/home/null/EncryptorApp/.buildozer/android/platform/build-arm64-v8a_armeabi-v7a/build/other_builds/python3/armeabi-v7a__ndk_target_30/python3/Lib/re/_constants.py'...
Compiling '/home/null/EncryptorApp/.buildozer/android/platform/build-arm64-v8a_armeabi-v7a/build/other_builds/python3/armeabi-v7a__ndk_target_30/python3/Lib/re/_parser.py'...
Compiling '/home/null/EncryptorApp/.buildozer/android/platform/build-arm64-v8a_armeabi-v7a/build/other_builds/python3/armeabi-v7a__ndk_target_30/python3/Lib/reprlib.py'...
Compiling '/home/null/EncryptorApp/.buildozer/android/platform/build-arm64-v8a_armeabi-v7a/build/other_builds/python3/armeabi-v7a__ndk_target_30/python3/Lib/rlcompleter.py'...
Compiling '/home/null/EncryptorApp/.buildozer/android/platform/build-arm64-v8a_armeabi-v7a/build/other_builds/python3/armeabi-v7a__ndk_target_30/python3/Lib/runpy.py'...
Compiling '/home/null/EncryptorApp/.buildozer/android/platform/build-arm64-v8a_armeabi-v7a/build/other_builds/python3/armeabi-v7a__ndk_target_30/python3/Lib/sched.py'...
Compiling '/home/null/EncryptorApp/.buildozer/android/platform/build-arm64-v8a_armeabi-v7a/build/other_builds/python3/armeabi-v7a__ndk_target_30/python3/Lib/secrets.py'...
Compiling '/home/null/EncryptorApp/.buildozer/android/platform/build-arm64-v8a_armeabi-v7a/build/other_builds/python3/armeabi-v7a__ndk_target_30/python3/Lib/selectors.py'...
Compiling '/home/null/EncryptorApp/.buildozer/android/platform/build-arm64-v8a_armeabi-v7a/build/other_builds/python3/armeabi-v7a__ndk_target_30/python3/Lib/shelve.py'...
Compiling '/home/null/EncryptorApp/.buildozer/android/platform/build-arm64-v8a_armeabi-v7a/build/other_builds/python3/armeabi-v7a__ndk_target_30/python3/Lib/shlex.py'...
Compiling '/home/null/EncryptorApp/.buildozer/android/platform/build-arm64-v8a_armeabi-v7a/build/other_builds/python3/armeabi-v7a__ndk_target_30/python3/Lib/shutil.py'...
Compiling '/home/null/EncryptorApp/.buildozer/android/platform/build-arm64-v8a_armeabi-v7a/build/other_builds/python3/armeabi-v7a__ndk_target_30/python3/Lib/signal.py'...
Listing '/home/null/EncryptorApp/.buildozer/android/platform/build-arm64-v8a_armeabi-v7a/build/other_builds/python3/armeabi-v7a__ndk_target_30/python3/Lib/site-packages'...
Compiling '/home/null/EncryptorApp/.buildozer/android/platform/build-arm64-v8a_armeabi-v7a/build/other_builds/python3/armeabi-v7a__ndk_target_30/python3/Lib/site.py'...
Compiling '/home/null/EncryptorApp/.buildozer/android/platform/build-arm64-v8a_armeabi-v7a/build/other_builds/python3/armeabi-v7a__ndk_target_30/python3/Lib/smtplib.py'...
Compiling '/home/null/EncryptorApp/.buildozer/android/platform/build-arm64-v8a_armeabi-v7a/build/other_builds/python3/armeabi-v7a__ndk_target_30/python3/Lib/socket.py'...
Compiling '/home/null/EncryptorApp/.buildozer/android/platform/build-arm64-v8a_armeabi-v7a/build/other_builds/python3/armeabi-v7a__ndk_target_30/python3/Lib/socketserver.py'...
Listing '/home/null/EncryptorApp/.buildozer/android/platform/build-arm64-v8a_armeabi-v7a/build/other_builds/python3/armeabi-v7a__ndk_target_30/python3/Lib/sqlite3'...
Compiling '/home/null/EncryptorApp/.buildozer/android/platform/build-arm64-v8a_armeabi-v7a/build/other_builds/python3/armeabi-v7a__ndk_target_30/python3/Lib/sqlite3/__init__.py'...
Compiling '/home/null/EncryptorApp/.buildozer/android/platform/build-arm64-v8a_armeabi-v7a/build/other_builds/python3/armeabi-v7a__ndk_target_30/python3/Lib/sqlite3/__main__.py'...
Compiling '/home/null/EncryptorApp/.buildozer/android/platform/build-arm64-v8a_armeabi-v7a/build/other_builds/python3/armeabi-v7a__ndk_target_30/python3/Lib/sqlite3/dbapi2.py'...
Compiling '/home/null/EncryptorApp/.buildozer/android/platform/build-arm64-v8a_armeabi-v7a/build/other_builds/python3/armeabi-v7a__ndk_target_30/python3/Lib/sqlite3/dump.py'...
Compiling '/home/null/EncryptorApp/.buildozer/android/platform/build-arm64-v8a_armeabi-v7a/build/other_builds/python3/armeabi-v7a__ndk_target_30/python3/Lib/sre_compile.py'...
Compiling '/home/null/EncryptorApp/.buildozer/android/platform/build-arm64-v8a_armeabi-v7a/build/other_builds/python3/armeabi-v7a__ndk_target_30/python3/Lib/sre_constants.py'...
Compiling '/home/null/EncryptorApp/.buildozer/android/platform/build-arm64-v8a_armeabi-v7a/build/other_builds/python3/armeabi-v7a__ndk_target_30/python3/Lib/sre_parse.py'...
Compiling '/home/null/EncryptorApp/.buildozer/android/platform/build-arm64-v8a_armeabi-v7a/build/other_builds/python3/armeabi-v7a__ndk_target_30/python3/Lib/ssl.py'...
Compiling '/home/null/EncryptorApp/.buildozer/android/platform/build-arm64-v8a_armeabi-v7a/build/other_builds/python3/armeabi-v7a__ndk_target_30/python3/Lib/stat.py'...
Compiling '/home/null/EncryptorApp/.buildozer/android/platform/build-arm64-v8a_armeabi-v7a/build/other_builds/python3/armeabi-v7a__ndk_target_30/python3/Lib/statistics.py'...
Listing '/home/null/EncryptorApp/.buildozer/android/platform/build-arm64-v8a_armeabi-v7a/build/other_builds/python3/armeabi-v7a__ndk_target_30/python3/Lib/string'...
Compiling '/home/null/EncryptorApp/.buildozer/android/platform/build-arm64-v8a_armeabi-v7a/build/other_builds/python3/armeabi-v7a__ndk_target_30/python3/Lib/string/__init__.py'...
Compiling '/home/null/EncryptorApp/.buildozer/android/platform/build-arm64-v8a_armeabi-v7a/build/other_builds/python3/armeabi-v7a__ndk_target_30/python3/Lib/string/templatelib.py'...
Compiling '/home/null/EncryptorApp/.buildozer/android/platform/build-arm64-v8a_armeabi-v7a/build/other_builds/python3/armeabi-v7a__ndk_target_30/python3/Lib/stringprep.py'...
Compiling '/home/null/EncryptorApp/.buildozer/android/platform/build-arm64-v8a_armeabi-v7a/build/other_builds/python3/armeabi-v7a__ndk_target_30/python3/Lib/struct.py'...
Compiling '/home/null/EncryptorApp/.buildozer/android/platform/build-arm64-v8a_armeabi-v7a/build/other_builds/python3/armeabi-v7a__ndk_target_30/python3/Lib/subprocess.py'...
Compiling '/home/null/EncryptorApp/.buildozer/android/platform/build-arm64-v8a_armeabi-v7a/build/other_builds/python3/armeabi-v7a__ndk_target_30/python3/Lib/symtable.py'...
Listing '/home/null/EncryptorApp/.buildozer/android/platform/build-arm64-v8a_armeabi-v7a/build/other_builds/python3/armeabi-v7a__ndk_target_30/python3/Lib/sysconfig'...
Compiling '/home/null/EncryptorApp/.buildozer/android/platform/build-arm64-v8a_armeabi-v7a/build/other_builds/python3/armeabi-v7a__ndk_target_30/python3/Lib/sysconfig/__init__.py'...
Compiling '/home/null/EncryptorApp/.buildozer/android/platform/build-arm64-v8a_armeabi-v7a/build/other_builds/python3/armeabi-v7a__ndk_target_30/python3/Lib/sysconfig/__main__.py'...
Compiling '/home/null/EncryptorApp/.buildozer/android/platform/build-arm64-v8a_armeabi-v7a/build/other_builds/python3/armeabi-v7a__ndk_target_30/python3/Lib/tabnanny.py'...
Compiling '/home/null/EncryptorApp/.buildozer/android/platform/build-arm64-v8a_armeabi-v7a/build/other_builds/python3/armeabi-v7a__ndk_target_30/python3/Lib/tarfile.py'...
Compiling '/home/null/EncryptorApp/.buildozer/android/platform/build-arm64-v8a_armeabi-v7a/build/other_builds/python3/armeabi-v7a__ndk_target_30/python3/Lib/tempfile.py'...
Listing '/home/null/EncryptorApp/.buildozer/android/platform/build-arm64-v8a_armeabi-v7a/build/other_builds/python3/armeabi-v7a__ndk_target_30/python3/Lib/test'...
Compiling '/home/null/EncryptorApp/.buildozer/android/platform/build-arm64-v8a_armeabi-v7a/build/other_builds/python3/armeabi-v7a__ndk_target_30/python3/Lib/test/__init__.py'...
Compiling '/home/null/EncryptorApp/.buildozer/android/platform/build-arm64-v8a_armeabi-v7a/build/other_builds/python3/armeabi-v7a__ndk_target_30/python3/Lib/test/__main__.py'...
Compiling '/home/null/EncryptorApp/.buildozer/android/platform/build-arm64-v8a_armeabi-v7a/build/other_builds/python3/armeabi-v7a__ndk_target_30/python3/Lib/test/_code_definitions.py'...
Compiling '/home/null/EncryptorApp/.buildozer/android/platform/build-arm64-v8a_armeabi-v7a/build/other_builds/python3/armeabi-v7a__ndk_target_30/python3/Lib/test/_crossinterp_definitions.py'...
Compiling '/home/null/EncryptorApp/.buildozer/android/platform/build-arm64-v8a_armeabi-v7a/build/other_builds/python3/armeabi-v7a__ndk_target_30/python3/Lib/test/_test_atexit.py'...
Compiling '/home/null/EncryptorApp/.buildozer/android/platform/build-arm64-v8a_armeabi-v7a/build/other_builds/python3/armeabi-v7a__ndk_target_30/python3/Lib/test/_test_eintr.py'...
Compiling '/home/null/EncryptorApp/.buildozer/android/platform/build-arm64-v8a_armeabi-v7a/build/other_builds/python3/armeabi-v7a__ndk_target_30/python3/Lib/test/_test_embed_structseq.py'...
Compiling '/home/null/EncryptorApp/.buildozer/android/platform/build-arm64-v8a_armeabi-v7a/build/other_builds/python3/armeabi-v7a__ndk_target_30/python3/Lib/test/_test_gc_fast_cycles.py'...
Compiling '/home/null/EncryptorApp/.buildozer/android/platform/build-arm64-v8a_armeabi-v7a/build/other_builds/python3/armeabi-v7a__ndk_target_30/python3/Lib/test/_test_monitoring_shutdown.py'...
Compiling '/home/null/EncryptorApp/.buildozer/android/platform/build-arm64-v8a_armeabi-v7a/build/other_builds/python3/armeabi-v7a__ndk_target_30/python3/Lib/test/_test_multiprocessing.py'...
Compiling '/home/null/EncryptorApp/.buildozer/android/platform/build-arm64-v8a_armeabi-v7a/build/other_builds/python3/armeabi-v7a__ndk_target_30/python3/Lib/test/_test_venv_multiprocessing.py'...
Compiling '/home/null/EncryptorApp/.buildozer/android/platform/build-arm64-v8a_armeabi-v7a/build/other_builds/python3/armeabi-v7a__ndk_target_30/python3/Lib/test/archiver_tests.py'...
Listing '/home/null/EncryptorApp/.buildozer/android/platform/build-arm64-v8a_armeabi-v7a/build/other_builds/python3/armeabi-v7a__ndk_target_30/python3/Lib/test/archivetestdata'...
Compiling '/home/null/EncryptorApp/.buildozer/android/platform/build-arm64-v8a_armeabi-v7a/build/other_builds/python3/armeabi-v7a__ndk_target_30/python3/Lib/test/archivetestdata/testdata_module_inside_zip.py'...
Listing '/home/null/EncryptorApp/.buildozer/android/platform/build-arm64-v8a_armeabi-v7a/build/other_builds/python3/armeabi-v7a__ndk_target_30/python3/Lib/test/audiodata'...
Compiling '/home/null/EncryptorApp/.buildozer/android/platform/build-arm64-v8a_armeabi-v7a/build/other_builds/python3/armeabi-v7a__ndk_target_30/python3/Lib/test/audiotests.py'...
Compiling '/home/null/EncryptorApp/.buildozer/android/platform/build-arm64-v8a_armeabi-v7a/build/other_builds/python3/armeabi-v7a__ndk_target_30/python3/Lib/test/audit-tests.py'...
Compiling '/home/null/EncryptorApp/.buildozer/android/platform/build-arm64-v8a_armeabi-v7a/build/other_builds/python3/armeabi-v7a__ndk_target_30/python3/Lib/test/autotest.py'...
Compiling '/home/null/EncryptorApp/.buildozer/android/platform/build-arm64-v8a_armeabi-v7a/build/other_builds/python3/armeabi-v7a__ndk_target_30/python3/Lib/test/bisect_cmd.py'...
Listing '/home/null/EncryptorApp/.buildozer/android/platform/build-arm64-v8a_armeabi-v7a/build/other_builds/python3/armeabi-v7a__ndk_target_30/python3/Lib/test/certdata'...
Listing '/home/null/EncryptorApp/.buildozer/android/platform/build-arm64-v8a_armeabi-v7a/build/other_builds/python3/armeabi-v7a__ndk_target_30/python3/Lib/test/certdata/capath'...
Compiling '/home/null/EncryptorApp/.buildozer/android/platform/build-arm64-v8a_armeabi-v7a/build/other_builds/python3/armeabi-v7a__ndk_target_30/python3/Lib/test/certdata/make_ssl_certs.py'...
Listing '/home/null/EncryptorApp/.buildozer/android/platform/build-arm64-v8a_armeabi-v7a/build/other_builds/python3/armeabi-v7a__ndk_target_30/python3/Lib/test/cjkencodings'...
Listing '/home/null/EncryptorApp/.buildozer/android/platform/build-arm64-v8a_armeabi-v7a/build/other_builds/python3/armeabi-v7a__ndk_target_30/python3/Lib/test/configdata'...
Compiling '/home/null/EncryptorApp/.buildozer/android/platform/build-arm64-v8a_armeabi-v7a/build/other_builds/python3/armeabi-v7a__ndk_target_30/python3/Lib/test/cov.py'...
Listing '/home/null/EncryptorApp/.buildozer/android/platform/build-arm64-v8a_armeabi-v7a/build/other_builds/python3/armeabi-v7a__ndk_target_30/python3/Lib/test/crashers'...
Compiling '/home/null/EncryptorApp/.buildozer/android/platform/build-arm64-v8a_armeabi-v7a/build/other_builds/python3/armeabi-v7a__ndk_target_30/python3/Lib/test/crashers/bogus_code_obj.py'...
Compiling '/home/null/EncryptorApp/.buildozer/android/platform/build-arm64-v8a_armeabi-v7a/build/other_builds/python3/armeabi-v7a__ndk_target_30/python3/Lib/test/crashers/gc_inspection.py'...
Compiling '/home/null/EncryptorApp/.buildozer/android/platform/build-arm64-v8a_armeabi-v7a/build/other_builds/python3/armeabi-v7a__ndk_target_30/python3/Lib/test/crashers/infinite_loop_re.py'...
Compiling '/home/null/EncryptorApp/.buildozer/android/platform/build-arm64-v8a_armeabi-v7a/build/other_builds/python3/armeabi-v7a__ndk_target_30/python3/Lib/test/crashers/mutation_inside_cyclegc.py'...
Compiling '/home/null/EncryptorApp/.buildozer/android/platform/build-arm64-v8a_armeabi-v7a/build/other_builds/python3/armeabi-v7a__ndk_target_30/python3/Lib/test/crashers/recursive_call.py'...
Compiling '/home/null/EncryptorApp/.buildozer/android/platform/build-arm64-v8a_armeabi-v7a/build/other_builds/python3/armeabi-v7a__ndk_target_30/python3/Lib/test/crashers/trace_at_recursion_limit.py'...
Compiling '/home/null/EncryptorApp/.buildozer/android/platform/build-arm64-v8a_armeabi-v7a/build/other_builds/python3/armeabi-v7a__ndk_target_30/python3/Lib/test/crashers/underlying_dict.py'...
Compiling '/home/null/EncryptorApp/.buildozer/android/platform/build-arm64-v8a_armeabi-v7a/build/other_builds/python3/armeabi-v7a__ndk_target_30/python3/Lib/test/curses_tests.py'...
Listing '/home/null/EncryptorApp/.buildozer/android/platform/build-arm64-v8a_armeabi-v7a/build/other_builds/python3/armeabi-v7a__ndk_target_30/python3/Lib/test/data'...
Compiling '/home/null/EncryptorApp/.buildozer/android/platform/build-arm64-v8a_armeabi-v7a/build/other_builds/python3/armeabi-v7a__ndk_target_30/python3/Lib/test/datetimetester.py'...
Listing '/home/null/EncryptorApp/.buildozer/android/platform/build-arm64-v8a_armeabi-v7a/build/other_builds/python3/armeabi-v7a__ndk_target_30/python3/Lib/test/decimaltestdata'...
Compiling '/home/null/EncryptorApp/.buildozer/android/platform/build-arm64-v8a_armeabi-v7a/build/other_builds/python3/armeabi-v7a__ndk_target_30/python3/Lib/test/dis_module.py'...
Listing '/home/null/EncryptorApp/.buildozer/android/platform/build-arm64-v8a_armeabi-v7a/build/other_builds/python3/armeabi-v7a__ndk_target_30/python3/Lib/test/dtracedata'...
Compiling '/home/null/EncryptorApp/.buildozer/android/platform/build-arm64-v8a_armeabi-v7a/build/other_builds/python3/armeabi-v7a__ndk_target_30/python3/Lib/test/dtracedata/call_stack.py'...
Compiling '/home/null/EncryptorApp/.buildozer/android/platform/build-arm64-v8a_armeabi-v7a/build/other_builds/python3/armeabi-v7a__ndk_target_30/python3/Lib/test/dtracedata/gc.py'...
Compiling '/home/null/EncryptorApp/.buildozer/android/platform/build-arm64-v8a_armeabi-v7a/build/other_builds/python3/armeabi-v7a__ndk_target_30/python3/Lib/test/dtracedata/instance.py'...
Compiling '/home/null/EncryptorApp/.buildozer/android/platform/build-arm64-v8a_armeabi-v7a/build/other_builds/python3/armeabi-v7a__ndk_target_30/python3/Lib/test/dtracedata/line.py'...
Listing '/home/null/EncryptorApp/.buildozer/android/platform/build-arm64-v8a_armeabi-v7a/build/other_builds/python3/armeabi-v7a__ndk_target_30/python3/Lib/test/encoded_modules'...
Compiling '/home/null/EncryptorApp/.buildozer/android/platform/build-arm64-v8a_armeabi-v7a/build/other_builds/python3/armeabi-v7a__ndk_target_30/python3/Lib/test/encoded_modules/__init__.py'...
Compiling '/home/null/EncryptorApp/.buildozer/android/platform/build-arm64-v8a_armeabi-v7a/build/other_builds/python3/armeabi-v7a__ndk_target_30/python3/Lib/test/encoded_modules/module_iso_8859_1.py'...
Compiling '/home/null/EncryptorApp/.buildozer/android/platform/build-arm64-v8a_armeabi-v7a/build/other_builds/python3/armeabi-v7a__ndk_target_30/python3/Lib/test/encoded_modules/module_koi8_r.py'...
Compiling '/home/null/EncryptorApp/.buildozer/android/platform/build-arm64-v8a_armeabi-v7a/build/other_builds/python3/armeabi-v7a__ndk_target_30/python3/Lib/test/fork_wait.py'...
Listing '/home/null/EncryptorApp/.buildozer/android/platform/build-arm64-v8a_armeabi-v7a/build/other_builds/python3/armeabi-v7a__ndk_target_30/python3/Lib/test/leakers'...
Compiling '/home/null/EncryptorApp/.buildozer/android/platform/build-arm64-v8a_armeabi-v7a/build/other_builds/python3/armeabi-v7a__ndk_target_30/python3/Lib/test/leakers/__init__.py'...
Compiling '/home/null/EncryptorApp/.buildozer/android/platform/build-arm64-v8a_armeabi-v7a/build/other_builds/python3/armeabi-v7a__ndk_target_30/python3/Lib/test/leakers/test_ctypes.py'...
Compiling '/home/null/EncryptorApp/.buildozer/android/platform/build-arm64-v8a_armeabi-v7a/build/other_builds/python3/armeabi-v7a__ndk_target_30/python3/Lib/test/leakers/test_selftype.py'...
Listing '/home/null/EncryptorApp/.buildozer/android/platform/build-arm64-v8a_armeabi-v7a/build/other_builds/python3/armeabi-v7a__ndk_target_30/python3/Lib/test/libregrtest'...
Compiling '/home/null/EncryptorApp/.buildozer/android/platform/build-arm64-v8a_armeabi-v7a/build/other_builds/python3/armeabi-v7a__ndk_target_30/python3/Lib/test/libregrtest/__init__.py'...
Compiling '/home/null/EncryptorApp/.buildozer/android/platform/build-arm64-v8a_armeabi-v7a/build/other_builds/python3/armeabi-v7a__ndk_target_30/python3/Lib/test/libregrtest/cmdline.py'...
Compiling '/home/null/EncryptorApp/.buildozer/android/platform/build-arm64-v8a_armeabi-v7a/build/other_builds/python3/armeabi-v7a__ndk_target_30/python3/Lib/test/libregrtest/filter.py'...
Compiling '/home/null/EncryptorApp/.buildozer/android/platform/build-arm64-v8a_armeabi-v7a/build/other_builds/python3/armeabi-v7a__ndk_target_30/python3/Lib/test/libregrtest/findtests.py'...
Compiling '/home/null/EncryptorApp/.buildozer/android/platform/build-arm64-v8a_armeabi-v7a/build/other_builds/python3/armeabi-v7a__ndk_target_30/python3/Lib/test/libregrtest/logger.py'...
Compiling '/home/null/EncryptorApp/.buildozer/android/platform/build-arm64-v8a_armeabi-v7a/build/other_builds/python3/armeabi-v7a__ndk_target_30/python3/Lib/test/libregrtest/main.py'...
Compiling '/home/null/EncryptorApp/.buildozer/android/platform/build-arm64-v8a_armeabi-v7a/build/other_builds/python3/armeabi-v7a__ndk_target_30/python3/Lib/test/libregrtest/parallel_case.py'...
Compiling '/home/null/EncryptorApp/.buildozer/android/platform/build-arm64-v8a_armeabi-v7a/build/other_builds/python3/armeabi-v7a__ndk_target_30/python3/Lib/test/libregrtest/pgo.py'...
Compiling '/home/null/EncryptorApp/.buildozer/android/platform/build-arm64-v8a_armeabi-v7a/build/other_builds/python3/armeabi-v7a__ndk_target_30/python3/Lib/test/libregrtest/refleak.py'...
Compiling '/home/null/EncryptorApp/.buildozer/android/platform/build-arm64-v8a_armeabi-v7a/build/other_builds/python3/armeabi-v7a__ndk_target_30/python3/Lib/test/libregrtest/result.py'...
Compiling '/home/null/EncryptorApp/.buildozer/android/platform/build-arm64-v8a_armeabi-v7a/build/other_builds/python3/armeabi-v7a__ndk_target_30/python3/Lib/test/libregrtest/results.py'...
Compiling '/home/null/EncryptorApp/.buildozer/android/platform/build-arm64-v8a_armeabi-v7a/build/other_builds/python3/armeabi-v7a__ndk_target_30/python3/Lib/test/libregrtest/run_workers.py'...
Compiling '/home/null/EncryptorApp/.buildozer/android/platform/build-arm64-v8a_armeabi-v7a/build/other_builds/python3/armeabi-v7a__ndk_target_30/python3/Lib/test/libregrtest/runtests.py'...
Compiling '/home/null/EncryptorApp/.buildozer/android/platform/build-arm64-v8a_armeabi-v7a/build/other_builds/python3/armeabi-v7a__ndk_target_30/python3/Lib/test/libregrtest/save_env.py'...
Compiling '/home/null/EncryptorApp/.buildozer/android/platform/build-arm64-v8a_armeabi-v7a/build/other_builds/python3/armeabi-v7a__ndk_target_30/python3/Lib/test/libregrtest/setup.py'...
Compiling '/home/null/EncryptorApp/.buildozer/android/platform/build-arm64-v8a_armeabi-v7a/build/other_builds/python3/armeabi-v7a__ndk_target_30/python3/Lib/test/libregrtest/single.py'...
Compiling '/home/null/EncryptorApp/.buildozer/android/platform/build-arm64-v8a_armeabi-v7a/build/other_builds/python3/armeabi-v7a__ndk_target_30/python3/Lib/test/libregrtest/testresult.py'...
Compiling '/home/null/EncryptorApp/.buildozer/android/platform/build-arm64-v8a_armeabi-v7a/build/other_builds/python3/armeabi-v7a__ndk_target_30/python3/Lib/test/libregrtest/tsan.py'...
Compiling '/home/null/EncryptorApp/.buildozer/android/platform/build-arm64-v8a_armeabi-v7a/build/other_builds/python3/armeabi-v7a__ndk_target_30/python3/Lib/test/libregrtest/utils.py'...
Compiling '/home/null/EncryptorApp/.buildozer/android/platform/build-arm64-v8a_armeabi-v7a/build/other_builds/python3/armeabi-v7a__ndk_target_30/python3/Lib/test/libregrtest/win_utils.py'...
Compiling '/home/null/EncryptorApp/.buildozer/android/platform/build-arm64-v8a_armeabi-v7a/build/other_builds/python3/armeabi-v7a__ndk_target_30/python3/Lib/test/libregrtest/worker.py'...
Compiling '/home/null/EncryptorApp/.buildozer/android/platform/build-arm64-v8a_armeabi-v7a/build/other_builds/python3/armeabi-v7a__ndk_target_30/python3/Lib/test/list_tests.py'...
Compiling '/home/null/EncryptorApp/.buildozer/android/platform/build-arm64-v8a_armeabi-v7a/build/other_builds/python3/armeabi-v7a__ndk_target_30/python3/Lib/test/lock_tests.py'...
Compiling '/home/null/EncryptorApp/.buildozer/android/platform/build-arm64-v8a_armeabi-v7a/build/other_builds/python3/armeabi-v7a__ndk_target_30/python3/Lib/test/mapping_tests.py'...
Listing '/home/null/EncryptorApp/.buildozer/android/platform/build-arm64-v8a_armeabi-v7a/build/other_builds/python3/armeabi-v7a__ndk_target_30/python3/Lib/test/mathdata'...
Compiling '/home/null/EncryptorApp/.buildozer/android/platform/build-arm64-v8a_armeabi-v7a/build/other_builds/python3/armeabi-v7a__ndk_target_30/python3/Lib/test/memory_watchdog.py'...
Compiling '/home/null/EncryptorApp/.buildozer/android/platform/build-arm64-v8a_armeabi-v7a/build/other_builds/python3/armeabi-v7a__ndk_target_30/python3/Lib/test/mock_socket.py'...
Compiling '/home/null/EncryptorApp/.buildozer/android/platform/build-arm64-v8a_armeabi-v7a/build/other_builds/python3/armeabi-v7a__ndk_target_30/python3/Lib/test/mp_fork_bomb.py'...
Compiling '/home/null/EncryptorApp/.buildozer/android/platform/build-arm64-v8a_armeabi-v7a/build/other_builds/python3/armeabi-v7a__ndk_target_30/python3/Lib/test/mp_preload.py'...
Compiling '/home/null/EncryptorApp/.buildozer/android/platform/build-arm64-v8a_armeabi-v7a/build/other_builds/python3/armeabi-v7a__ndk_target_30/python3/Lib/test/mp_preload_flush.py'...
Compiling '/home/null/EncryptorApp/.buildozer/android/platform/build-arm64-v8a_armeabi-v7a/build/other_builds/python3/armeabi-v7a__ndk_target_30/python3/Lib/test/multibytecodec_support.py'...
Compiling '/home/null/EncryptorApp/.buildozer/android/platform/build-arm64-v8a_armeabi-v7a/build/other_builds/python3/armeabi-v7a__ndk_target_30/python3/Lib/test/pickletester.py'...
Compiling '/home/null/EncryptorApp/.buildozer/android/platform/build-arm64-v8a_armeabi-v7a/build/other_builds/python3/armeabi-v7a__ndk_target_30/python3/Lib/test/profilee.py'...
Compiling '/home/null/EncryptorApp/.buildozer/android/platform/build-arm64-v8a_armeabi-v7a/build/other_builds/python3/armeabi-v7a__ndk_target_30/python3/Lib/test/pyclbr_input.py'...
Compiling '/home/null/EncryptorApp/.buildozer/android/platform/build-arm64-v8a_armeabi-v7a/build/other_builds/python3/armeabi-v7a__ndk_target_30/python3/Lib/test/pythoninfo.py'...
Compiling '/home/null/EncryptorApp/.buildozer/android/platform/build-arm64-v8a_armeabi-v7a/build/other_builds/python3/armeabi-v7a__ndk_target_30/python3/Lib/test/re_tests.py'...
Compiling '/home/null/EncryptorApp/.buildozer/android/platform/build-arm64-v8a_armeabi-v7a/build/other_builds/python3/armeabi-v7a__ndk_target_30/python3/Lib/test/regrtest.py'...
Listing '/home/null/EncryptorApp/.buildozer/android/platform/build-arm64-v8a_armeabi-v7a/build/other_builds/python3/armeabi-v7a__ndk_target_30/python3/Lib/test/regrtestdata'...
Listing '/home/null/EncryptorApp/.buildozer/android/platform/build-arm64-v8a_armeabi-v7a/build/other_builds/python3/armeabi-v7a__ndk_target_30/python3/Lib/test/regrtestdata/import_from_tests'...
Compiling '/home/null/EncryptorApp/.buildozer/android/platform/build-arm64-v8a_armeabi-v7a/build/other_builds/python3/armeabi-v7a__ndk_target_30/python3/Lib/test/regrtestdata/import_from_tests/test_regrtest_a.py'...
Listing '/home/null/EncryptorApp/.buildozer/android/platform/build-arm64-v8a_armeabi-v7a/build/other_builds/python3/armeabi-v7a__ndk_target_30/python3/Lib/test/regrtestdata/import_from_tests/test_regrtest_b'...
Compiling '/home/null/EncryptorApp/.buildozer/android/platform/build-arm64-v8a_armeabi-v7a/build/other_builds/python3/armeabi-v7a__ndk_target_30/python3/Lib/test/regrtestdata/import_from_tests/test_regrtest_b/__init__.py'...
Compiling '/home/null/EncryptorApp/.buildozer/android/platform/build-arm64-v8a_armeabi-v7a/build/other_builds/python3/armeabi-v7a__ndk_target_30/python3/Lib/test/regrtestdata/import_from_tests/test_regrtest_b/util.py'...
Compiling '/home/null/EncryptorApp/.buildozer/android/platform/build-arm64-v8a_armeabi-v7a/build/other_builds/python3/armeabi-v7a__ndk_target_30/python3/Lib/test/regrtestdata/import_from_tests/test_regrtest_c.py'...
Compiling '/home/null/EncryptorApp/.buildozer/android/platform/build-arm64-v8a_armeabi-v7a/build/other_builds/python3/armeabi-v7a__ndk_target_30/python3/Lib/test/relimport.py'...
Compiling '/home/null/EncryptorApp/.buildozer/android/platform/build-arm64-v8a_armeabi-v7a/build/other_builds/python3/armeabi-v7a__ndk_target_30/python3/Lib/test/seq_tests.py'...
Compiling '/home/null/EncryptorApp/.buildozer/android/platform/build-arm64-v8a_armeabi-v7a/build/other_builds/python3/armeabi-v7a__ndk_target_30/python3/Lib/test/signalinterproctester.py'...
Compiling '/home/null/EncryptorApp/.buildozer/android/platform/build-arm64-v8a_armeabi-v7a/build/other_builds/python3/armeabi-v7a__ndk_target_30/python3/Lib/test/ssl_servers.py'...
Compiling '/home/null/EncryptorApp/.buildozer/android/platform/build-arm64-v8a_armeabi-v7a/build/other_builds/python3/armeabi-v7a__ndk_target_30/python3/Lib/test/ssltests.py'...
Compiling '/home/null/EncryptorApp/.buildozer/android/platform/build-arm64-v8a_armeabi-v7a/build/other_builds/python3/armeabi-v7a__ndk_target_30/python3/Lib/test/string_tests.py'...
Listing '/home/null/EncryptorApp/.buildozer/android/platform/build-arm64-v8a_armeabi-v7a/build/other_builds/python3/armeabi-v7a__ndk_target_30/python3/Lib/test/subprocessdata'...
Compiling '/home/null/EncryptorApp/.buildozer/android/platform/build-arm64-v8a_armeabi-v7a/build/other_builds/python3/armeabi-v7a__ndk_target_30/python3/Lib/test/subprocessdata/fd_status.py'...
Compiling '/home/null/EncryptorApp/.buildozer/android/platform/build-arm64-v8a_armeabi-v7a/build/other_builds/python3/armeabi-v7a__ndk_target_30/python3/Lib/test/subprocessdata/input_reader.py'...
Compiling '/home/null/EncryptorApp/.buildozer/android/platform/build-arm64-v8a_armeabi-v7a/build/other_builds/python3/armeabi-v7a__ndk_target_30/python3/Lib/test/subprocessdata/qcat.py'...
Compiling '/home/null/EncryptorApp/.buildozer/android/platform/build-arm64-v8a_armeabi-v7a/build/other_builds/python3/armeabi-v7a__ndk_target_30/python3/Lib/test/subprocessdata/qgrep.py'...
Compiling '/home/null/EncryptorApp/.buildozer/android/platform/build-arm64-v8a_armeabi-v7a/build/other_builds/python3/armeabi-v7a__ndk_target_30/python3/Lib/test/subprocessdata/sigchild_ignore.py'...
Listing '/home/null/EncryptorApp/.buildozer/android/platform/build-arm64-v8a_armeabi-v7a/build/other_builds/python3/armeabi-v7a__ndk_target_30/python3/Lib/test/support'...
Compiling '/home/null/EncryptorApp/.buildozer/android/platform/build-arm64-v8a_armeabi-v7a/build/other_builds/python3/armeabi-v7a__ndk_target_30/python3/Lib/test/support/__init__.py'...
Listing '/home/null/EncryptorApp/.buildozer/android/platform/build-arm64-v8a_armeabi-v7a/build/other_builds/python3/armeabi-v7a__ndk_target_30/python3/Lib/test/support/_hypothesis_stubs'...
Compiling '/home/null/EncryptorApp/.buildozer/android/platform/build-arm64-v8a_armeabi-v7a/build/other_builds/python3/armeabi-v7a__ndk_target_30/python3/Lib/test/support/_hypothesis_stubs/__init__.py'...
Compiling '/home/null/EncryptorApp/.buildozer/android/platform/build-arm64-v8a_armeabi-v7a/build/other_builds/python3/armeabi-v7a__ndk_target_30/python3/Lib/test/support/_hypothesis_stubs/_helpers.py'...
Compiling '/home/null/EncryptorApp/.buildozer/android/platform/build-arm64-v8a_armeabi-v7a/build/other_builds/python3/armeabi-v7a__ndk_target_30/python3/Lib/test/support/_hypothesis_stubs/strategies.py'...
Compiling '/home/null/EncryptorApp/.buildozer/android/platform/build-arm64-v8a_armeabi-v7a/build/other_builds/python3/armeabi-v7a__ndk_target_30/python3/Lib/test/support/ast_helper.py'...
Compiling '/home/null/EncryptorApp/.buildozer/android/platform/build-arm64-v8a_armeabi-v7a/build/other_builds/python3/armeabi-v7a__ndk_target_30/python3/Lib/test/support/asynchat.py'...
Compiling '/home/null/EncryptorApp/.buildozer/android/platform/build-arm64-v8a_armeabi-v7a/build/other_builds/python3/armeabi-v7a__ndk_target_30/python3/Lib/test/support/asyncore.py'...
Compiling '/home/null/EncryptorApp/.buildozer/android/platform/build-arm64-v8a_armeabi-v7a/build/other_builds/python3/armeabi-v7a__ndk_target_30/python3/Lib/test/support/bytecode_helper.py'...
Compiling '/home/null/EncryptorApp/.buildozer/android/platform/build-arm64-v8a_armeabi-v7a/build/other_builds/python3/armeabi-v7a__ndk_target_30/python3/Lib/test/support/channels.py'...
Compiling '/home/null/EncryptorApp/.buildozer/android/platform/build-arm64-v8a_armeabi-v7a/build/other_builds/python3/armeabi-v7a__ndk_target_30/python3/Lib/test/support/hashlib_helper.py'...
Compiling '/home/null/EncryptorApp/.buildozer/android/platform/build-arm64-v8a_armeabi-v7a/build/other_builds/python3/armeabi-v7a__ndk_target_30/python3/Lib/test/support/hypothesis_helper.py'...
Compiling '/home/null/EncryptorApp/.buildozer/android/platform/build-arm64-v8a_armeabi-v7a/build/other_builds/python3/armeabi-v7a__ndk_target_30/python3/Lib/test/support/i18n_helper.py'...
Compiling '/home/null/EncryptorApp/.buildozer/android/platform/build-arm64-v8a_armeabi-v7a/build/other_builds/python3/armeabi-v7a__ndk_target_30/python3/Lib/test/support/import_helper.py'...
Compiling '/home/null/EncryptorApp/.buildozer/android/platform/build-arm64-v8a_armeabi-v7a/build/other_builds/python3/armeabi-v7a__ndk_target_30/python3/Lib/test/support/logging_helper.py'...
Compiling '/home/null/EncryptorApp/.buildozer/android/platform/build-arm64-v8a_armeabi-v7a/build/other_builds/python3/armeabi-v7a__ndk_target_30/python3/Lib/test/support/numbers.py'...
Compiling '/home/null/EncryptorApp/.buildozer/android/platform/build-arm64-v8a_armeabi-v7a/build/other_builds/python3/armeabi-v7a__ndk_target_30/python3/Lib/test/support/os_helper.py'...
Compiling '/home/null/EncryptorApp/.buildozer/android/platform/build-arm64-v8a_armeabi-v7a/build/other_builds/python3/armeabi-v7a__ndk_target_30/python3/Lib/test/support/pty_helper.py'...
Compiling '/home/null/EncryptorApp/.buildozer/android/platform/build-arm64-v8a_armeabi-v7a/build/other_builds/python3/armeabi-v7a__ndk_target_30/python3/Lib/test/support/refleak_helper.py'...
Compiling '/home/null/EncryptorApp/.buildozer/android/platform/build-arm64-v8a_armeabi-v7a/build/other_builds/python3/armeabi-v7a__ndk_target_30/python3/Lib/test/support/script_helper.py'...
Compiling '/home/null/EncryptorApp/.buildozer/android/platform/build-arm64-v8a_armeabi-v7a/build/other_builds/python3/armeabi-v7a__ndk_target_30/python3/Lib/test/support/smtpd.py'...
Compiling '/home/null/EncryptorApp/.buildozer/android/platform/build-arm64-v8a_armeabi-v7a/build/other_builds/python3/armeabi-v7a__ndk_target_30/python3/Lib/test/support/socket_helper.py'...
Compiling '/home/null/EncryptorApp/.buildozer/android/platform/build-arm64-v8a_armeabi-v7a/build/other_builds/python3/armeabi-v7a__ndk_target_30/python3/Lib/test/support/strace_helper.py'...
Compiling '/home/null/EncryptorApp/.buildozer/android/platform/build-arm64-v8a_armeabi-v7a/build/other_builds/python3/armeabi-v7a__ndk_target_30/python3/Lib/test/support/testcase.py'...
Compiling '/home/null/EncryptorApp/.buildozer/android/platform/build-arm64-v8a_armeabi-v7a/build/other_builds/python3/armeabi-v7a__ndk_target_30/python3/Lib/test/support/threading_helper.py'...
Compiling '/home/null/EncryptorApp/.buildozer/android/platform/build-arm64-v8a_armeabi-v7a/build/other_builds/python3/armeabi-v7a__ndk_target_30/python3/Lib/test/support/venv.py'...
Compiling '/home/null/EncryptorApp/.buildozer/android/platform/build-arm64-v8a_armeabi-v7a/build/other_builds/python3/armeabi-v7a__ndk_target_30/python3/Lib/test/support/warnings_helper.py'...
Compiling '/home/null/EncryptorApp/.buildozer/android/platform/build-arm64-v8a_armeabi-v7a/build/other_builds/python3/armeabi-v7a__ndk_target_30/python3/Lib/test/test___all__.py'...
Compiling '/home/null/EncryptorApp/.buildozer/android/platform/build-arm64-v8a_armeabi-v7a/build/other_builds/python3/armeabi-v7a__ndk_target_30/python3/Lib/test/test__colorize.py'...
Compiling '/home/null/EncryptorApp/.buildozer/android/platform/build-arm64-v8a_armeabi-v7a/build/other_builds/python3/armeabi-v7a__ndk_target_30/python3/Lib/test/test__interpchannels.py'...
Compiling '/home/null/EncryptorApp/.buildozer/android/platform/build-arm64-v8a_armeabi-v7a/build/other_builds/python3/armeabi-v7a__ndk_target_30/python3/Lib/test/test__interpreters.py'...
Compiling '/home/null/EncryptorApp/.buildozer/android/platform/build-arm64-v8a_armeabi-v7a/build/other_builds/python3/armeabi-v7a__ndk_target_30/python3/Lib/test/test__locale.py'...
Compiling '/home/null/EncryptorApp/.buildozer/android/platform/build-arm64-v8a_armeabi-v7a/build/other_builds/python3/armeabi-v7a__ndk_target_30/python3/Lib/test/test__opcode.py'...
Compiling '/home/null/EncryptorApp/.buildozer/android/platform/build-arm64-v8a_armeabi-v7a/build/other_builds/python3/armeabi-v7a__ndk_target_30/python3/Lib/test/test__osx_support.py'...
Compiling '/home/null/EncryptorApp/.buildozer/android/platform/build-arm64-v8a_armeabi-v7a/build/other_builds/python3/armeabi-v7a__ndk_target_30/python3/Lib/test/test_abc.py'...
Compiling '/home/null/EncryptorApp/.buildozer/android/platform/build-arm64-v8a_armeabi-v7a/build/other_builds/python3/armeabi-v7a__ndk_target_30/python3/Lib/test/test_abstract_numbers.py'...
Compiling '/home/null/EncryptorApp/.buildozer/android/platform/build-arm64-v8a_armeabi-v7a/build/other_builds/python3/armeabi-v7a__ndk_target_30/python3/Lib/test/test_android.py'...
Compiling '/home/null/EncryptorApp/.buildozer/android/platform/build-arm64-v8a_armeabi-v7a/build/other_builds/python3/armeabi-v7a__ndk_target_30/python3/Lib/test/test_annotationlib.py'...
Compiling '/home/null/EncryptorApp/.buildozer/android/platform/build-arm64-v8a_armeabi-v7a/build/other_builds/python3/armeabi-v7a__ndk_target_30/python3/Lib/test/test_apple.py'...
Compiling '/home/null/EncryptorApp/.buildozer/android/platform/build-arm64-v8a_armeabi-v7a/build/other_builds/python3/armeabi-v7a__ndk_target_30/python3/Lib/test/test_argparse.py'...
Compiling '/home/null/EncryptorApp/.buildozer/android/platform/build-arm64-v8a_armeabi-v7a/build/other_builds/python3/armeabi-v7a__ndk_target_30/python3/Lib/test/test_array.py'...
Compiling '/home/null/EncryptorApp/.buildozer/android/platform/build-arm64-v8a_armeabi-v7a/build/other_builds/python3/armeabi-v7a__ndk_target_30/python3/Lib/test/test_asdl_parser.py'...
Listing '/home/null/EncryptorApp/.buildozer/android/platform/build-arm64-v8a_armeabi-v7a/build/other_builds/python3/armeabi-v7a__ndk_target_30/python3/Lib/test/test_ast'...
Compiling '/home/null/EncryptorApp/.buildozer/android/platform/build-arm64-v8a_armeabi-v7a/build/other_builds/python3/armeabi-v7a__ndk_target_30/python3/Lib/test/test_ast/__init__.py'...
Listing '/home/null/EncryptorApp/.buildozer/android/platform/build-arm64-v8a_armeabi-v7a/build/other_builds/python3/armeabi-v7a__ndk_target_30/python3/Lib/test/test_ast/data'...
Compiling '/home/null/EncryptorApp/.buildozer/android/platform/build-arm64-v8a_armeabi-v7a/build/other_builds/python3/armeabi-v7a__ndk_target_30/python3/Lib/test/test_ast/snippets.py'...
Compiling '/home/null/EncryptorApp/.buildozer/android/platform/build-arm64-v8a_armeabi-v7a/build/other_builds/python3/armeabi-v7a__ndk_target_30/python3/Lib/test/test_ast/test_ast.py'...
Compiling '/home/null/EncryptorApp/.buildozer/android/platform/build-arm64-v8a_armeabi-v7a/build/other_builds/python3/armeabi-v7a__ndk_target_30/python3/Lib/test/test_ast/utils.py'...
Compiling '/home/null/EncryptorApp/.buildozer/android/platform/build-arm64-v8a_armeabi-v7a/build/other_builds/python3/armeabi-v7a__ndk_target_30/python3/Lib/test/test_asyncgen.py'...
Listing '/home/null/EncryptorApp/.buildozer/android/platform/build-arm64-v8a_armeabi-v7a/build/other_builds/python3/armeabi-v7a__ndk_target_30/python3/Lib/test/test_asyncio'...
Compiling '/home/null/EncryptorApp/.buildozer/android/platform/build-arm64-v8a_armeabi-v7a/build/other_builds/python3/armeabi-v7a__ndk_target_30/python3/Lib/test/test_asyncio/__init__.py'...
Compiling '/home/null/EncryptorApp/.buildozer/android/platform/build-arm64-v8a_armeabi-v7a/build/other_builds/python3/armeabi-v7a__ndk_target_30/python3/Lib/test/test_asyncio/__main__.py'...
Compiling '/home/null/EncryptorApp/.buildozer/android/platform/build-arm64-v8a_armeabi-v7a/build/other_builds/python3/armeabi-v7a__ndk_target_30/python3/Lib/test/test_asyncio/echo.py'...
Compiling '/home/null/EncryptorApp/.buildozer/android/platform/build-arm64-v8a_armeabi-v7a/build/other_builds/python3/armeabi-v7a__ndk_target_30/python3/Lib/test/test_asyncio/echo2.py'...
Compiling '/home/null/EncryptorApp/.buildozer/android/platform/build-arm64-v8a_armeabi-v7a/build/other_builds/python3/armeabi-v7a__ndk_target_30/python3/Lib/test/test_asyncio/echo3.py'...
Compiling '/home/null/EncryptorApp/.buildozer/android/platform/build-arm64-v8a_armeabi-v7a/build/other_builds/python3/armeabi-v7a__ndk_target_30/python3/Lib/test/test_asyncio/functional.py'...
Compiling '/home/null/EncryptorApp/.buildozer/android/platform/build-arm64-v8a_armeabi-v7a/build/other_builds/python3/armeabi-v7a__ndk_target_30/python3/Lib/test/test_asyncio/test_base_events.py'...
Compiling '/home/null/EncryptorApp/.buildozer/android/platform/build-arm64-v8a_armeabi-v7a/build/other_builds/python3/armeabi-v7a__ndk_target_30/python3/Lib/test/test_asyncio/test_buffered_proto.py'...
Compiling '/home/null/EncryptorApp/.buildozer/android/platform/build-arm64-v8a_armeabi-v7a/build/other_builds/python3/armeabi-v7a__ndk_target_30/python3/Lib/test/test_asyncio/test_context.py'...
Compiling '/home/null/EncryptorApp/.buildozer/android/platform/build-arm64-v8a_armeabi-v7a/build/other_builds/python3/armeabi-v7a__ndk_target_30/python3/Lib/test/test_asyncio/test_eager_task_factory.py'...
Compiling '/home/null/EncryptorApp/.buildozer/android/platform/build-arm64-v8a_armeabi-v7a/build/other_builds/python3/armeabi-v7a__ndk_target_30/python3/Lib/test/test_asyncio/test_events.py'...
Compiling '/home/null/EncryptorApp/.buildozer/android/platform/build-arm64-v8a_armeabi-v7a/build/other_builds/python3/armeabi-v7a__ndk_target_30/python3/Lib/test/test_asyncio/test_free_threading.py'...
Compiling '/home/null/EncryptorApp/.buildozer/android/platform/build-arm64-v8a_armeabi-v7a/build/other_builds/python3/armeabi-v7a__ndk_target_30/python3/Lib/test/test_asyncio/test_futures.py'...
Compiling '/home/null/EncryptorApp/.buildozer/android/platform/build-arm64-v8a_armeabi-v7a/build/other_builds/python3/armeabi-v7a__ndk_target_30/python3/Lib/test/test_asyncio/test_futures2.py'...
Compiling '/home/null/EncryptorApp/.buildozer/android/platform/build-arm64-v8a_armeabi-v7a/build/other_builds/python3/armeabi-v7a__ndk_target_30/python3/Lib/test/test_asyncio/test_graph.py'...
Compiling '/home/null/EncryptorApp/.buildozer/android/platform/build-arm64-v8a_armeabi-v7a/build/other_builds/python3/armeabi-v7a__ndk_target_30/python3/Lib/test/test_asyncio/test_locks.py'...
Compiling '/home/null/EncryptorApp/.buildozer/android/platform/build-arm64-v8a_armeabi-v7a/build/other_builds/python3/armeabi-v7a__ndk_target_30/python3/Lib/test/test_asyncio/test_pep492.py'...
Compiling '/home/null/EncryptorApp/.buildozer/android/platform/build-arm64-v8a_armeabi-v7a/build/other_builds/python3/armeabi-v7a__ndk_target_30/python3/Lib/test/test_asyncio/test_proactor_events.py'...
Compiling '/home/null/EncryptorApp/.buildozer/android/platform/build-arm64-v8a_armeabi-v7a/build/other_builds/python3/armeabi-v7a__ndk_target_30/python3/Lib/test/test_asyncio/test_protocols.py'...
Compiling '/home/null/EncryptorApp/.buildozer/android/platform/build-arm64-v8a_armeabi-v7a/build/other_builds/python3/armeabi-v7a__ndk_target_30/python3/Lib/test/test_asyncio/test_queues.py'...
Compiling '/home/null/EncryptorApp/.buildozer/android/platform/build-arm64-v8a_armeabi-v7a/build/other_builds/python3/armeabi-v7a__ndk_target_30/python3/Lib/test/test_asyncio/test_runners.py'...
Compiling '/home/null/EncryptorApp/.buildozer/android/platform/build-arm64-v8a_armeabi-v7a/build/other_builds/python3/armeabi-v7a__ndk_target_30/python3/Lib/test/test_asyncio/test_selector_events.py'...
Compiling '/home/null/EncryptorApp/.buildozer/android/platform/build-arm64-v8a_armeabi-v7a/build/other_builds/python3/armeabi-v7a__ndk_target_30/python3/Lib/test/test_asyncio/test_sendfile.py'...
Compiling '/home/null/EncryptorApp/.buildozer/android/platform/build-arm64-v8a_armeabi-v7a/build/other_builds/python3/armeabi-v7a__ndk_target_30/python3/Lib/test/test_asyncio/test_server.py'...
Compiling '/home/null/EncryptorApp/.buildozer/android/platform/build-arm64-v8a_armeabi-v7a/build/other_builds/python3/armeabi-v7a__ndk_target_30/python3/Lib/test/test_asyncio/test_sock_lowlevel.py'...
Compiling '/home/null/EncryptorApp/.buildozer/android/platform/build-arm64-v8a_armeabi-v7a/build/other_builds/python3/armeabi-v7a__ndk_target_30/python3/Lib/test/test_asyncio/test_ssl.py'...
Compiling '/home/null/EncryptorApp/.buildozer/android/platform/build-arm64-v8a_armeabi-v7a/build/other_builds/python3/armeabi-v7a__ndk_target_30/python3/Lib/test/test_asyncio/test_sslproto.py'...
Compiling '/home/null/EncryptorApp/.buildozer/android/platform/build-arm64-v8a_armeabi-v7a/build/other_builds/python3/armeabi-v7a__ndk_target_30/python3/Lib/test/test_asyncio/test_staggered.py'...
Compiling '/home/null/EncryptorApp/.buildozer/android/platform/build-arm64-v8a_armeabi-v7a/build/other_builds/python3/armeabi-v7a__ndk_target_30/python3/Lib/test/test_asyncio/test_streams.py'...
Compiling '/home/null/EncryptorApp/.buildozer/android/platform/build-arm64-v8a_armeabi-v7a/build/other_builds/python3/armeabi-v7a__ndk_target_30/python3/Lib/test/test_asyncio/test_subprocess.py'...
Compiling '/home/null/EncryptorApp/.buildozer/android/platform/build-arm64-v8a_armeabi-v7a/build/other_builds/python3/armeabi-v7a__ndk_target_30/python3/Lib/test/test_asyncio/test_taskgroups.py'...
Compiling '/home/null/EncryptorApp/.buildozer/android/platform/build-arm64-v8a_armeabi-v7a/build/other_builds/python3/armeabi-v7a__ndk_target_30/python3/Lib/test/test_asyncio/test_tasks.py'...
Compiling '/home/null/EncryptorApp/.buildozer/android/platform/build-arm64-v8a_armeabi-v7a/build/other_builds/python3/armeabi-v7a__ndk_target_30/python3/Lib/test/test_asyncio/test_threads.py'...
Compiling '/home/null/EncryptorApp/.buildozer/android/platform/build-arm64-v8a_armeabi-v7a/build/other_builds/python3/armeabi-v7a__ndk_target_30/python3/Lib/test/test_asyncio/test_timeouts.py'...
Compiling '/home/null/EncryptorApp/.buildozer/android/platform/build-arm64-v8a_armeabi-v7a/build/other_builds/python3/armeabi-v7a__ndk_target_30/python3/Lib/test/test_asyncio/test_tools.py'...
Compiling '/home/null/EncryptorApp/.buildozer/android/platform/build-arm64-v8a_armeabi-v7a/build/other_builds/python3/armeabi-v7a__ndk_target_30/python3/Lib/test/test_asyncio/test_transports.py'...
Compiling '/home/null/EncryptorApp/.buildozer/android/platform/build-arm64-v8a_armeabi-v7a/build/other_builds/python3/armeabi-v7a__ndk_target_30/python3/Lib/test/test_asyncio/test_unix_events.py'...
Compiling '/home/null/EncryptorApp/.buildozer/android/platform/build-arm64-v8a_armeabi-v7a/build/other_builds/python3/armeabi-v7a__ndk_target_30/python3/Lib/test/test_asyncio/test_waitfor.py'...
Compiling '/home/null/EncryptorApp/.buildozer/android/platform/build-arm64-v8a_armeabi-v7a/build/other_builds/python3/armeabi-v7a__ndk_target_30/python3/Lib/test/test_asyncio/test_windows_events.py'...
Compiling '/home/null/EncryptorApp/.buildozer/android/platform/build-arm64-v8a_armeabi-v7a/build/other_builds/python3/armeabi-v7a__ndk_target_30/python3/Lib/test/test_asyncio/test_windows_utils.py'...
Compiling '/home/null/EncryptorApp/.buildozer/android/platform/build-arm64-v8a_armeabi-v7a/build/other_builds/python3/armeabi-v7a__ndk_target_30/python3/Lib/test/test_asyncio/utils.py'...
Compiling '/home/null/EncryptorApp/.buildozer/android/platform/build-arm64-v8a_armeabi-v7a/build/other_builds/python3/armeabi-v7a__ndk_target_30/python3/Lib/test/test_atexit.py'...
Compiling '/home/null/EncryptorApp/.buildozer/android/platform/build-arm64-v8a_armeabi-v7a/build/other_builds/python3/armeabi-v7a__ndk_target_30/python3/Lib/test/test_audit.py'...
Compiling '/home/null/EncryptorApp/.buildozer/android/platform/build-arm64-v8a_armeabi-v7a/build/other_builds/python3/armeabi-v7a__ndk_target_30/python3/Lib/test/test_augassign.py'...
Compiling '/home/null/EncryptorApp/.buildozer/android/platform/build-arm64-v8a_armeabi-v7a/build/other_builds/python3/armeabi-v7a__ndk_target_30/python3/Lib/test/test_base64.py'...
Compiling '/home/null/EncryptorApp/.buildozer/android/platform/build-arm64-v8a_armeabi-v7a/build/other_builds/python3/armeabi-v7a__ndk_target_30/python3/Lib/test/test_baseexception.py'...
Compiling '/home/null/EncryptorApp/.buildozer/android/platform/build-arm64-v8a_armeabi-v7a/build/other_builds/python3/armeabi-v7a__ndk_target_30/python3/Lib/test/test_bdb.py'...
Compiling '/home/null/EncryptorApp/.buildozer/android/platform/build-arm64-v8a_armeabi-v7a/build/other_builds/python3/armeabi-v7a__ndk_target_30/python3/Lib/test/test_bigaddrspace.py'...
Compiling '/home/null/EncryptorApp/.buildozer/android/platform/build-arm64-v8a_armeabi-v7a/build/other_builds/python3/armeabi-v7a__ndk_target_30/python3/Lib/test/test_bigmem.py'...
Compiling '/home/null/EncryptorApp/.buildozer/android/platform/build-arm64-v8a_armeabi-v7a/build/other_builds/python3/armeabi-v7a__ndk_target_30/python3/Lib/test/test_binascii.py'...
Compiling '/home/null/EncryptorApp/.buildozer/android/platform/build-arm64-v8a_armeabi-v7a/build/other_builds/python3/armeabi-v7a__ndk_target_30/python3/Lib/test/test_binop.py'...
Compiling '/home/null/EncryptorApp/.buildozer/android/platform/build-arm64-v8a_armeabi-v7a/build/other_builds/python3/armeabi-v7a__ndk_target_30/python3/Lib/test/test_bisect.py'...
Compiling '/home/null/EncryptorApp/.buildozer/android/platform/build-arm64-v8a_armeabi-v7a/build/other_builds/python3/armeabi-v7a__ndk_target_30/python3/Lib/test/test_bool.py'...
Compiling '/home/null/EncryptorApp/.buildozer/android/platform/build-arm64-v8a_armeabi-v7a/build/other_builds/python3/armeabi-v7a__ndk_target_30/python3/Lib/test/test_buffer.py'...
Compiling '/home/null/EncryptorApp/.buildozer/android/platform/build-arm64-v8a_armeabi-v7a/build/other_builds/python3/armeabi-v7a__ndk_target_30/python3/Lib/test/test_bufio.py'...
Compiling '/home/null/EncryptorApp/.buildozer/android/platform/build-arm64-v8a_armeabi-v7a/build/other_builds/python3/armeabi-v7a__ndk_target_30/python3/Lib/test/test_build_details.py'...
Compiling '/home/null/EncryptorApp/.buildozer/android/platform/build-arm64-v8a_armeabi-v7a/build/other_builds/python3/armeabi-v7a__ndk_target_30/python3/Lib/test/test_builtin.py'...
Compiling '/home/null/EncryptorApp/.buildozer/android/platform/build-arm64-v8a_armeabi-v7a/build/other_builds/python3/armeabi-v7a__ndk_target_30/python3/Lib/test/test_bytes.py'...
Compiling '/home/null/EncryptorApp/.buildozer/android/platform/build-arm64-v8a_armeabi-v7a/build/other_builds/python3/armeabi-v7a__ndk_target_30/python3/Lib/test/test_bz2.py'...
Compiling '/home/null/EncryptorApp/.buildozer/android/platform/build-arm64-v8a_armeabi-v7a/build/other_builds/python3/armeabi-v7a__ndk_target_30/python3/Lib/test/test_c_locale_coercion.py'...
Compiling '/home/null/EncryptorApp/.buildozer/android/platform/build-arm64-v8a_armeabi-v7a/build/other_builds/python3/armeabi-v7a__ndk_target_30/python3/Lib/test/test_calendar.py'...
Compiling '/home/null/EncryptorApp/.buildozer/android/platform/build-arm64-v8a_armeabi-v7a/build/other_builds/python3/armeabi-v7a__ndk_target_30/python3/Lib/test/test_call.py'...
Listing '/home/null/EncryptorApp/.buildozer/android/platform/build-arm64-v8a_armeabi-v7a/build/other_builds/python3/armeabi-v7a__ndk_target_30/python3/Lib/test/test_capi'...
Compiling '/home/null/EncryptorApp/.buildozer/android/platform/build-arm64-v8a_armeabi-v7a/build/other_builds/python3/armeabi-v7a__ndk_target_30/python3/Lib/test/test_capi/__init__.py'...
Compiling '/home/null/EncryptorApp/.buildozer/android/platform/build-arm64-v8a_armeabi-v7a/build/other_builds/python3/armeabi-v7a__ndk_target_30/python3/Lib/test/test_capi/__main__.py'...
Compiling '/home/null/EncryptorApp/.buildozer/android/platform/build-arm64-v8a_armeabi-v7a/build/other_builds/python3/armeabi-v7a__ndk_target_30/python3/Lib/test/test_capi/check_config.py'...
Compiling '/home/null/EncryptorApp/.buildozer/android/platform/build-arm64-v8a_armeabi-v7a/build/other_builds/python3/armeabi-v7a__ndk_target_30/python3/Lib/test/test_capi/test_abstract.py'...
Compiling '/home/null/EncryptorApp/.buildozer/android/platform/build-arm64-v8a_armeabi-v7a/build/other_builds/python3/armeabi-v7a__ndk_target_30/python3/Lib/test/test_capi/test_bytearray.py'...
Compiling '/home/null/EncryptorApp/.buildozer/android/platform/build-arm64-v8a_armeabi-v7a/build/other_builds/python3/armeabi-v7a__ndk_target_30/python3/Lib/test/test_capi/test_bytes.py'...
Compiling '/home/null/EncryptorApp/.buildozer/android/platform/build-arm64-v8a_armeabi-v7a/build/other_builds/python3/armeabi-v7a__ndk_target_30/python3/Lib/test/test_capi/test_codecs.py'...
Compiling '/home/null/EncryptorApp/.buildozer/android/platform/build-arm64-v8a_armeabi-v7a/build/other_builds/python3/armeabi-v7a__ndk_target_30/python3/Lib/test/test_capi/test_complex.py'...
Compiling '/home/null/EncryptorApp/.buildozer/android/platform/build-arm64-v8a_armeabi-v7a/build/other_builds/python3/armeabi-v7a__ndk_target_30/python3/Lib/test/test_capi/test_config.py'...
Compiling '/home/null/EncryptorApp/.buildozer/android/platform/build-arm64-v8a_armeabi-v7a/build/other_builds/python3/armeabi-v7a__ndk_target_30/python3/Lib/test/test_capi/test_dict.py'...
Compiling '/home/null/EncryptorApp/.buildozer/android/platform/build-arm64-v8a_armeabi-v7a/build/other_builds/python3/armeabi-v7a__ndk_target_30/python3/Lib/test/test_capi/test_emscripten.py'...
Compiling '/home/null/EncryptorApp/.buildozer/android/platform/build-arm64-v8a_armeabi-v7a/build/other_builds/python3/armeabi-v7a__ndk_target_30/python3/Lib/test/test_capi/test_eval.py'...
Compiling '/home/null/EncryptorApp/.buildozer/android/platform/build-arm64-v8a_armeabi-v7a/build/other_builds/python3/armeabi-v7a__ndk_target_30/python3/Lib/test/test_capi/test_eval_code_ex.py'...
Compiling '/home/null/EncryptorApp/.buildozer/android/platform/build-arm64-v8a_armeabi-v7a/build/other_builds/python3/armeabi-v7a__ndk_target_30/python3/Lib/test/test_capi/test_exceptions.py'...
Compiling '/home/null/EncryptorApp/.buildozer/android/platform/build-arm64-v8a_armeabi-v7a/build/other_builds/python3/armeabi-v7a__ndk_target_30/python3/Lib/test/test_capi/test_file.py'...
Compiling '/home/null/EncryptorApp/.buildozer/android/platform/build-arm64-v8a_armeabi-v7a/build/other_builds/python3/armeabi-v7a__ndk_target_30/python3/Lib/test/test_capi/test_float.py'...
Compiling '/home/null/EncryptorApp/.buildozer/android/platform/build-arm64-v8a_armeabi-v7a/build/other_builds/python3/armeabi-v7a__ndk_target_30/python3/Lib/test/test_capi/test_frame.py'...
Compiling '/home/null/EncryptorApp/.buildozer/android/platform/build-arm64-v8a_armeabi-v7a/build/other_builds/python3/armeabi-v7a__ndk_target_30/python3/Lib/test/test_capi/test_function.py'...
Compiling '/home/null/EncryptorApp/.buildozer/android/platform/build-arm64-v8a_armeabi-v7a/build/other_builds/python3/armeabi-v7a__ndk_target_30/python3/Lib/test/test_capi/test_getargs.py'...
Compiling '/home/null/EncryptorApp/.buildozer/android/platform/build-arm64-v8a_armeabi-v7a/build/other_builds/python3/armeabi-v7a__ndk_target_30/python3/Lib/test/test_capi/test_hash.py'...
Compiling '/home/null/EncryptorApp/.buildozer/android/platform/build-arm64-v8a_armeabi-v7a/build/other_builds/python3/armeabi-v7a__ndk_target_30/python3/Lib/test/test_capi/test_immortal.py'...
Compiling '/home/null/EncryptorApp/.buildozer/android/platform/build-arm64-v8a_armeabi-v7a/build/other_builds/python3/armeabi-v7a__ndk_target_30/python3/Lib/test/test_capi/test_import.py'...
Compiling '/home/null/EncryptorApp/.buildozer/android/platform/build-arm64-v8a_armeabi-v7a/build/other_builds/python3/armeabi-v7a__ndk_target_30/python3/Lib/test/test_capi/test_list.py'...
Compiling '/home/null/EncryptorApp/.buildozer/android/platform/build-arm64-v8a_armeabi-v7a/build/other_builds/python3/armeabi-v7a__ndk_target_30/python3/Lib/test/test_capi/test_long.py'...
Compiling '/home/null/EncryptorApp/.buildozer/android/platform/build-arm64-v8a_armeabi-v7a/build/other_builds/python3/armeabi-v7a__ndk_target_30/python3/Lib/test/test_capi/test_mem.py'...
Compiling '/home/null/EncryptorApp/.buildozer/android/platform/build-arm64-v8a_armeabi-v7a/build/other_builds/python3/armeabi-v7a__ndk_target_30/python3/Lib/test/test_capi/test_misc.py'...
Compiling '/home/null/EncryptorApp/.buildozer/android/platform/build-arm64-v8a_armeabi-v7a/build/other_builds/python3/armeabi-v7a__ndk_target_30/python3/Lib/test/test_capi/test_number.py'...
Compiling '/home/null/EncryptorApp/.buildozer/android/platform/build-arm64-v8a_armeabi-v7a/build/other_builds/python3/armeabi-v7a__ndk_target_30/python3/Lib/test/test_capi/test_object.py'...
Compiling '/home/null/EncryptorApp/.buildozer/android/platform/build-arm64-v8a_armeabi-v7a/build/other_builds/python3/armeabi-v7a__ndk_target_30/python3/Lib/test/test_capi/test_opt.py'...
Compiling '/home/null/EncryptorApp/.buildozer/android/platform/build-arm64-v8a_armeabi-v7a/build/other_builds/python3/armeabi-v7a__ndk_target_30/python3/Lib/test/test_capi/test_pyatomic.py'...
Compiling '/home/null/EncryptorApp/.buildozer/android/platform/build-arm64-v8a_armeabi-v7a/build/other_builds/python3/armeabi-v7a__ndk_target_30/python3/Lib/test/test_capi/test_run.py'...
Compiling '/home/null/EncryptorApp/.buildozer/android/platform/build-arm64-v8a_armeabi-v7a/build/other_builds/python3/armeabi-v7a__ndk_target_30/python3/Lib/test/test_capi/test_set.py'...
Compiling '/home/null/EncryptorApp/.buildozer/android/platform/build-arm64-v8a_armeabi-v7a/build/other_builds/python3/armeabi-v7a__ndk_target_30/python3/Lib/test/test_capi/test_structmembers.py'...
Compiling '/home/null/EncryptorApp/.buildozer/android/platform/build-arm64-v8a_armeabi-v7a/build/other_builds/python3/armeabi-v7a__ndk_target_30/python3/Lib/test/test_capi/test_sys.py'...
Compiling '/home/null/EncryptorApp/.buildozer/android/platform/build-arm64-v8a_armeabi-v7a/build/other_builds/python3/armeabi-v7a__ndk_target_30/python3/Lib/test/test_capi/test_time.py'...
Compiling '/home/null/EncryptorApp/.buildozer/android/platform/build-arm64-v8a_armeabi-v7a/build/other_builds/python3/armeabi-v7a__ndk_target_30/python3/Lib/test/test_capi/test_tuple.py'...
Compiling '/home/null/EncryptorApp/.buildozer/android/platform/build-arm64-v8a_armeabi-v7a/build/other_builds/python3/armeabi-v7a__ndk_target_30/python3/Lib/test/test_capi/test_type.py'...
Compiling '/home/null/EncryptorApp/.buildozer/android/platform/build-arm64-v8a_armeabi-v7a/build/other_builds/python3/armeabi-v7a__ndk_target_30/python3/Lib/test/test_capi/test_unicode.py'...
Compiling '/home/null/EncryptorApp/.buildozer/android/platform/build-arm64-v8a_armeabi-v7a/build/other_builds/python3/armeabi-v7a__ndk_target_30/python3/Lib/test/test_capi/test_watchers.py'...
Listing '/home/null/EncryptorApp/.buildozer/android/platform/build-arm64-v8a_armeabi-v7a/build/other_builds/python3/armeabi-v7a__ndk_target_30/python3/Lib/test/test_cext'...
Compiling '/home/null/EncryptorApp/.buildozer/android/platform/build-arm64-v8a_armeabi-v7a/build/other_builds/python3/armeabi-v7a__ndk_target_30/python3/Lib/test/test_cext/__init__.py'...
Compiling '/home/null/EncryptorApp/.buildozer/android/platform/build-arm64-v8a_armeabi-v7a/build/other_builds/python3/armeabi-v7a__ndk_target_30/python3/Lib/test/test_cext/setup.py'...
Compiling '/home/null/EncryptorApp/.buildozer/android/platform/build-arm64-v8a_armeabi-v7a/build/other_builds/python3/armeabi-v7a__ndk_target_30/python3/Lib/test/test_charmapcodec.py'...
Compiling '/home/null/EncryptorApp/.buildozer/android/platform/build-arm64-v8a_armeabi-v7a/build/other_builds/python3/armeabi-v7a__ndk_target_30/python3/Lib/test/test_class.py'...
Compiling '/home/null/EncryptorApp/.buildozer/android/platform/build-arm64-v8a_armeabi-v7a/build/other_builds/python3/armeabi-v7a__ndk_target_30/python3/Lib/test/test_clinic.py'...
Compiling '/home/null/EncryptorApp/.buildozer/android/platform/build-arm64-v8a_armeabi-v7a/build/other_builds/python3/armeabi-v7a__ndk_target_30/python3/Lib/test/test_cmath.py'...
Compiling '/home/null/EncryptorApp/.buildozer/android/platform/build-arm64-v8a_armeabi-v7a/build/other_builds/python3/armeabi-v7a__ndk_target_30/python3/Lib/test/test_cmd.py'...
Compiling '/home/null/EncryptorApp/.buildozer/android/platform/build-arm64-v8a_armeabi-v7a/build/other_builds/python3/armeabi-v7a__ndk_target_30/python3/Lib/test/test_cmd_line.py'...
Compiling '/home/null/EncryptorApp/.buildozer/android/platform/build-arm64-v8a_armeabi-v7a/build/other_builds/python3/armeabi-v7a__ndk_target_30/python3/Lib/test/test_cmd_line_script.py'...
Compiling '/home/null/EncryptorApp/.buildozer/android/platform/build-arm64-v8a_armeabi-v7a/build/other_builds/python3/armeabi-v7a__ndk_target_30/python3/Lib/test/test_code.py'...
Compiling '/home/null/EncryptorApp/.buildozer/android/platform/build-arm64-v8a_armeabi-v7a/build/other_builds/python3/armeabi-v7a__ndk_target_30/python3/Lib/test/test_code_module.py'...
Compiling '/home/null/EncryptorApp/.buildozer/android/platform/build-arm64-v8a_armeabi-v7a/build/other_builds/python3/armeabi-v7a__ndk_target_30/python3/Lib/test/test_codeccallbacks.py'...
Compiling '/home/null/EncryptorApp/.buildozer/android/platform/build-arm64-v8a_armeabi-v7a/build/other_builds/python3/armeabi-v7a__ndk_target_30/python3/Lib/test/test_codecencodings_cn.py'...
Compiling '/home/null/EncryptorApp/.buildozer/android/platform/build-arm64-v8a_armeabi-v7a/build/other_builds/python3/armeabi-v7a__ndk_target_30/python3/Lib/test/test_codecencodings_hk.py'...
Compiling '/home/null/EncryptorApp/.buildozer/android/platform/build-arm64-v8a_armeabi-v7a/build/other_builds/python3/armeabi-v7a__ndk_target_30/python3/Lib/test/test_codecencodings_iso2022.py'...
Compiling '/home/null/EncryptorApp/.buildozer/android/platform/build-arm64-v8a_armeabi-v7a/build/other_builds/python3/armeabi-v7a__ndk_target_30/python3/Lib/test/test_codecencodings_jp.py'...
Compiling '/home/null/EncryptorApp/.buildozer/android/platform/build-arm64-v8a_armeabi-v7a/build/other_builds/python3/armeabi-v7a__ndk_target_30/python3/Lib/test/test_codecencodings_kr.py'...
Compiling '/home/null/EncryptorApp/.buildozer/android/platform/build-arm64-v8a_armeabi-v7a/build/other_builds/python3/armeabi-v7a__ndk_target_30/python3/Lib/test/test_codecencodings_tw.py'...
Compiling '/home/null/EncryptorApp/.buildozer/android/platform/build-arm64-v8a_armeabi-v7a/build/other_builds/python3/armeabi-v7a__ndk_target_30/python3/Lib/test/test_codecmaps_cn.py'...
Compiling '/home/null/EncryptorApp/.buildozer/android/platform/build-arm64-v8a_armeabi-v7a/build/other_builds/python3/armeabi-v7a__ndk_target_30/python3/Lib/test/test_codecmaps_hk.py'...
Compiling '/home/null/EncryptorApp/.buildozer/android/platform/build-arm64-v8a_armeabi-v7a/build/other_builds/python3/armeabi-v7a__ndk_target_30/python3/Lib/test/test_codecmaps_jp.py'...
Compiling '/home/null/EncryptorApp/.buildozer/android/platform/build-arm64-v8a_armeabi-v7a/build/other_builds/python3/armeabi-v7a__ndk_target_30/python3/Lib/test/test_codecmaps_kr.py'...
Compiling '/home/null/EncryptorApp/.buildozer/android/platform/build-arm64-v8a_armeabi-v7a/build/other_builds/python3/armeabi-v7a__ndk_target_30/python3/Lib/test/test_codecmaps_tw.py'...
Compiling '/home/null/EncryptorApp/.buildozer/android/platform/build-arm64-v8a_armeabi-v7a/build/other_builds/python3/armeabi-v7a__ndk_target_30/python3/Lib/test/test_codecs.py'...
Compiling '/home/null/EncryptorApp/.buildozer/android/platform/build-arm64-v8a_armeabi-v7a/build/other_builds/python3/armeabi-v7a__ndk_target_30/python3/Lib/test/test_codeop.py'...
Compiling '/home/null/EncryptorApp/.buildozer/android/platform/build-arm64-v8a_armeabi-v7a/build/other_builds/python3/armeabi-v7a__ndk_target_30/python3/Lib/test/test_collections.py'...
Compiling '/home/null/EncryptorApp/.buildozer/android/platform/build-arm64-v8a_armeabi-v7a/build/other_builds/python3/armeabi-v7a__ndk_target_30/python3/Lib/test/test_colorsys.py'...
Compiling '/home/null/EncryptorApp/.buildozer/android/platform/build-arm64-v8a_armeabi-v7a/build/other_builds/python3/armeabi-v7a__ndk_target_30/python3/Lib/test/test_compare.py'...
Compiling '/home/null/EncryptorApp/.buildozer/android/platform/build-arm64-v8a_armeabi-v7a/build/other_builds/python3/armeabi-v7a__ndk_target_30/python3/Lib/test/test_compile.py'...
Compiling '/home/null/EncryptorApp/.buildozer/android/platform/build-arm64-v8a_armeabi-v7a/build/other_builds/python3/armeabi-v7a__ndk_target_30/python3/Lib/test/test_compileall.py'...
Compiling '/home/null/EncryptorApp/.buildozer/android/platform/build-arm64-v8a_armeabi-v7a/build/other_builds/python3/armeabi-v7a__ndk_target_30/python3/Lib/test/test_compiler_assemble.py'...
Compiling '/home/null/EncryptorApp/.buildozer/android/platform/build-arm64-v8a_armeabi-v7a/build/other_builds/python3/armeabi-v7a__ndk_target_30/python3/Lib/test/test_compiler_codegen.py'...
Compiling '/home/null/EncryptorApp/.buildozer/android/platform/build-arm64-v8a_armeabi-v7a/build/other_builds/python3/armeabi-v7a__ndk_target_30/python3/Lib/test/test_complex.py'...
Listing '/home/null/EncryptorApp/.buildozer/android/platform/build-arm64-v8a_armeabi-v7a/build/other_builds/python3/armeabi-v7a__ndk_target_30/python3/Lib/test/test_concurrent_futures'...
Compiling '/home/null/EncryptorApp/.buildozer/android/platform/build-arm64-v8a_armeabi-v7a/build/other_builds/python3/armeabi-v7a__ndk_target_30/python3/Lib/test/test_concurrent_futures/__init__.py'...
Compiling '/home/null/EncryptorApp/.buildozer/android/platform/build-arm64-v8a_armeabi-v7a/build/other_builds/python3/armeabi-v7a__ndk_target_30/python3/Lib/test/test_concurrent_futures/executor.py'...
Compiling '/home/null/EncryptorApp/.buildozer/android/platform/build-arm64-v8a_armeabi-v7a/build/other_builds/python3/armeabi-v7a__ndk_target_30/python3/Lib/test/test_concurrent_futures/test_as_completed.py'...
Compiling '/home/null/EncryptorApp/.buildozer/android/platform/build-arm64-v8a_armeabi-v7a/build/other_builds/python3/armeabi-v7a__ndk_target_30/python3/Lib/test/test_concurrent_futures/test_deadlock.py'...
Compiling '/home/null/EncryptorApp/.buildozer/android/platform/build-arm64-v8a_armeabi-v7a/build/other_builds/python3/armeabi-v7a__ndk_target_30/python3/Lib/test/test_concurrent_futures/test_future.py'...
Compiling '/home/null/EncryptorApp/.buildozer/android/platform/build-arm64-v8a_armeabi-v7a/build/other_builds/python3/armeabi-v7a__ndk_target_30/python3/Lib/test/test_concurrent_futures/test_init.py'...
Compiling '/home/null/EncryptorApp/.buildozer/android/platform/build-arm64-v8a_armeabi-v7a/build/other_builds/python3/armeabi-v7a__ndk_target_30/python3/Lib/test/test_concurrent_futures/test_interpreter_pool.py'...
Compiling '/home/null/EncryptorApp/.buildozer/android/platform/build-arm64-v8a_armeabi-v7a/build/other_builds/python3/armeabi-v7a__ndk_target_30/python3/Lib/test/test_concurrent_futures/test_process_pool.py'...
Compiling '/home/null/EncryptorApp/.buildozer/android/platform/build-arm64-v8a_armeabi-v7a/build/other_builds/python3/armeabi-v7a__ndk_target_30/python3/Lib/test/test_concurrent_futures/test_shutdown.py'...
Compiling '/home/null/EncryptorApp/.buildozer/android/platform/build-arm64-v8a_armeabi-v7a/build/other_builds/python3/armeabi-v7a__ndk_target_30/python3/Lib/test/test_concurrent_futures/test_thread_pool.py'...
Compiling '/home/null/EncryptorApp/.buildozer/android/platform/build-arm64-v8a_armeabi-v7a/build/other_builds/python3/armeabi-v7a__ndk_target_30/python3/Lib/test/test_concurrent_futures/test_wait.py'...
Compiling '/home/null/EncryptorApp/.buildozer/android/platform/build-arm64-v8a_armeabi-v7a/build/other_builds/python3/armeabi-v7a__ndk_target_30/python3/Lib/test/test_concurrent_futures/util.py'...
Compiling '/home/null/EncryptorApp/.buildozer/android/platform/build-arm64-v8a_armeabi-v7a/build/other_builds/python3/armeabi-v7a__ndk_target_30/python3/Lib/test/test_configparser.py'...
Compiling '/home/null/EncryptorApp/.buildozer/android/platform/build-arm64-v8a_armeabi-v7a/build/other_builds/python3/armeabi-v7a__ndk_target_30/python3/Lib/test/test_contains.py'...
Compiling '/home/null/EncryptorApp/.buildozer/android/platform/build-arm64-v8a_armeabi-v7a/build/other_builds/python3/armeabi-v7a__ndk_target_30/python3/Lib/test/test_context.py'...
Compiling '/home/null/EncryptorApp/.buildozer/android/platform/build-arm64-v8a_armeabi-v7a/build/other_builds/python3/armeabi-v7a__ndk_target_30/python3/Lib/test/test_contextlib.py'...
Compiling '/home/null/EncryptorApp/.buildozer/android/platform/build-arm64-v8a_armeabi-v7a/build/other_builds/python3/armeabi-v7a__ndk_target_30/python3/Lib/test/test_contextlib_async.py'...
Compiling '/home/null/EncryptorApp/.buildozer/android/platform/build-arm64-v8a_armeabi-v7a/build/other_builds/python3/armeabi-v7a__ndk_target_30/python3/Lib/test/test_copy.py'...
Compiling '/home/null/EncryptorApp/.buildozer/android/platform/build-arm64-v8a_armeabi-v7a/build/other_builds/python3/armeabi-v7a__ndk_target_30/python3/Lib/test/test_copyreg.py'...
Compiling '/home/null/EncryptorApp/.buildozer/android/platform/build-arm64-v8a_armeabi-v7a/build/other_builds/python3/armeabi-v7a__ndk_target_30/python3/Lib/test/test_coroutines.py'...
Listing '/home/null/EncryptorApp/.buildozer/android/platform/build-arm64-v8a_armeabi-v7a/build/other_builds/python3/armeabi-v7a__ndk_target_30/python3/Lib/test/test_cppext'...
Compiling '/home/null/EncryptorApp/.buildozer/android/platform/build-arm64-v8a_armeabi-v7a/build/other_builds/python3/armeabi-v7a__ndk_target_30/python3/Lib/test/test_cppext/__init__.py'...
Compiling '/home/null/EncryptorApp/.buildozer/android/platform/build-arm64-v8a_armeabi-v7a/build/other_builds/python3/armeabi-v7a__ndk_target_30/python3/Lib/test/test_cppext/setup.py'...
Compiling '/home/null/EncryptorApp/.buildozer/android/platform/build-arm64-v8a_armeabi-v7a/build/other_builds/python3/armeabi-v7a__ndk_target_30/python3/Lib/test/test_cprofile.py'...
Compiling '/home/null/EncryptorApp/.buildozer/android/platform/build-arm64-v8a_armeabi-v7a/build/other_builds/python3/armeabi-v7a__ndk_target_30/python3/Lib/test/test_crossinterp.py'...
Compiling '/home/null/EncryptorApp/.buildozer/android/platform/build-arm64-v8a_armeabi-v7a/build/other_builds/python3/armeabi-v7a__ndk_target_30/python3/Lib/test/test_csv.py'...
Listing '/home/null/EncryptorApp/.buildozer/android/platform/build-arm64-v8a_armeabi-v7a/build/other_builds/python3/armeabi-v7a__ndk_target_30/python3/Lib/test/test_ctypes'...
Compiling '/home/null/EncryptorApp/.buildozer/android/platform/build-arm64-v8a_armeabi-v7a/build/other_builds/python3/armeabi-v7a__ndk_target_30/python3/Lib/test/test_ctypes/__init__.py'...
Compiling '/home/null/EncryptorApp/.buildozer/android/platform/build-arm64-v8a_armeabi-v7a/build/other_builds/python3/armeabi-v7a__ndk_target_30/python3/Lib/test/test_ctypes/__main__.py'...
Compiling '/home/null/EncryptorApp/.buildozer/android/platform/build-arm64-v8a_armeabi-v7a/build/other_builds/python3/armeabi-v7a__ndk_target_30/python3/Lib/test/test_ctypes/_support.py'...
Compiling '/home/null/EncryptorApp/.buildozer/android/platform/build-arm64-v8a_armeabi-v7a/build/other_builds/python3/armeabi-v7a__ndk_target_30/python3/Lib/test/test_ctypes/test_aligned_structures.py'...
Compiling '/home/null/EncryptorApp/.buildozer/android/platform/build-arm64-v8a_armeabi-v7a/build/other_builds/python3/armeabi-v7a__ndk_target_30/python3/Lib/test/test_ctypes/test_anon.py'...
Compiling '/home/null/EncryptorApp/.buildozer/android/platform/build-arm64-v8a_armeabi-v7a/build/other_builds/python3/armeabi-v7a__ndk_target_30/python3/Lib/test/test_ctypes/test_array_in_pointer.py'...
Compiling '/home/null/EncryptorApp/.buildozer/android/platform/build-arm64-v8a_armeabi-v7a/build/other_builds/python3/armeabi-v7a__ndk_target_30/python3/Lib/test/test_ctypes/test_arrays.py'...
Compiling '/home/null/EncryptorApp/.buildozer/android/platform/build-arm64-v8a_armeabi-v7a/build/other_builds/python3/armeabi-v7a__ndk_target_30/python3/Lib/test/test_ctypes/test_as_parameter.py'...
Compiling '/home/null/EncryptorApp/.buildozer/android/platform/build-arm64-v8a_armeabi-v7a/build/other_builds/python3/armeabi-v7a__ndk_target_30/python3/Lib/test/test_ctypes/test_bitfields.py'...
Compiling '/home/null/EncryptorApp/.buildozer/android/platform/build-arm64-v8a_armeabi-v7a/build/other_builds/python3/armeabi-v7a__ndk_target_30/python3/Lib/test/test_ctypes/test_buffers.py'...
Compiling '/home/null/EncryptorApp/.buildozer/android/platform/build-arm64-v8a_armeabi-v7a/build/other_builds/python3/armeabi-v7a__ndk_target_30/python3/Lib/test/test_ctypes/test_bytes.py'...
Compiling '/home/null/EncryptorApp/.buildozer/android/platform/build-arm64-v8a_armeabi-v7a/build/other_builds/python3/armeabi-v7a__ndk_target_30/python3/Lib/test/test_ctypes/test_byteswap.py'...
Compiling '/home/null/EncryptorApp/.buildozer/android/platform/build-arm64-v8a_armeabi-v7a/build/other_builds/python3/armeabi-v7a__ndk_target_30/python3/Lib/test/test_ctypes/test_c_simple_type_meta.py'...
Compiling '/home/null/EncryptorApp/.buildozer/android/platform/build-arm64-v8a_armeabi-v7a/build/other_builds/python3/armeabi-v7a__ndk_target_30/python3/Lib/test/test_ctypes/test_callbacks.py'...
Compiling '/home/null/EncryptorApp/.buildozer/android/platform/build-arm64-v8a_armeabi-v7a/build/other_builds/python3/armeabi-v7a__ndk_target_30/python3/Lib/test/test_ctypes/test_cast.py'...
Compiling '/home/null/EncryptorApp/.buildozer/android/platform/build-arm64-v8a_armeabi-v7a/build/other_builds/python3/armeabi-v7a__ndk_target_30/python3/Lib/test/test_ctypes/test_cfuncs.py'...
Compiling '/home/null/EncryptorApp/.buildozer/android/platform/build-arm64-v8a_armeabi-v7a/build/other_builds/python3/armeabi-v7a__ndk_target_30/python3/Lib/test/test_ctypes/test_checkretval.py'...
Compiling '/home/null/EncryptorApp/.buildozer/android/platform/build-arm64-v8a_armeabi-v7a/build/other_builds/python3/armeabi-v7a__ndk_target_30/python3/Lib/test/test_ctypes/test_delattr.py'...
Compiling '/home/null/EncryptorApp/.buildozer/android/platform/build-arm64-v8a_armeabi-v7a/build/other_builds/python3/armeabi-v7a__ndk_target_30/python3/Lib/test/test_ctypes/test_dlerror.py'...
Compiling '/home/null/EncryptorApp/.buildozer/android/platform/build-arm64-v8a_armeabi-v7a/build/other_builds/python3/armeabi-v7a__ndk_target_30/python3/Lib/test/test_ctypes/test_dllist.py'...
Compiling '/home/null/EncryptorApp/.buildozer/android/platform/build-arm64-v8a_armeabi-v7a/build/other_builds/python3/armeabi-v7a__ndk_target_30/python3/Lib/test/test_ctypes/test_errno.py'...
Compiling '/home/null/EncryptorApp/.buildozer/android/platform/build-arm64-v8a_armeabi-v7a/build/other_builds/python3/armeabi-v7a__ndk_target_30/python3/Lib/test/test_ctypes/test_find.py'...
Compiling '/home/null/EncryptorApp/.buildozer/android/platform/build-arm64-v8a_armeabi-v7a/build/other_builds/python3/armeabi-v7a__ndk_target_30/python3/Lib/test/test_ctypes/test_frombuffer.py'...
Compiling '/home/null/EncryptorApp/.buildozer/android/platform/build-arm64-v8a_armeabi-v7a/build/other_builds/python3/armeabi-v7a__ndk_target_30/python3/Lib/test/test_ctypes/test_funcptr.py'...
Compiling '/home/null/EncryptorApp/.buildozer/android/platform/build-arm64-v8a_armeabi-v7a/build/other_builds/python3/armeabi-v7a__ndk_target_30/python3/Lib/test/test_ctypes/test_functions.py'...
Compiling '/home/null/EncryptorApp/.buildozer/android/platform/build-arm64-v8a_armeabi-v7a/build/other_builds/python3/armeabi-v7a__ndk_target_30/python3/Lib/test/test_ctypes/test_generated_structs.py'...
Compiling '/home/null/EncryptorApp/.buildozer/android/platform/build-arm64-v8a_armeabi-v7a/build/other_builds/python3/armeabi-v7a__ndk_target_30/python3/Lib/test/test_ctypes/test_incomplete.py'...
Compiling '/home/null/EncryptorApp/.buildozer/android/platform/build-arm64-v8a_armeabi-v7a/build/other_builds/python3/armeabi-v7a__ndk_target_30/python3/Lib/test/test_ctypes/test_init.py'...
Compiling '/home/null/EncryptorApp/.buildozer/android/platform/build-arm64-v8a_armeabi-v7a/build/other_builds/python3/armeabi-v7a__ndk_target_30/python3/Lib/test/test_ctypes/test_internals.py'...
Compiling '/home/null/EncryptorApp/.buildozer/android/platform/build-arm64-v8a_armeabi-v7a/build/other_builds/python3/armeabi-v7a__ndk_target_30/python3/Lib/test/test_ctypes/test_keeprefs.py'...
Compiling '/home/null/EncryptorApp/.buildozer/android/platform/build-arm64-v8a_armeabi-v7a/build/other_builds/python3/armeabi-v7a__ndk_target_30/python3/Lib/test/test_ctypes/test_libc.py'...
Compiling '/home/null/EncryptorApp/.buildozer/android/platform/build-arm64-v8a_armeabi-v7a/build/other_builds/python3/armeabi-v7a__ndk_target_30/python3/Lib/test/test_ctypes/test_loading.py'...
Compiling '/home/null/EncryptorApp/.buildozer/android/platform/build-arm64-v8a_armeabi-v7a/build/other_builds/python3/armeabi-v7a__ndk_target_30/python3/Lib/test/test_ctypes/test_macholib.py'...
Compiling '/home/null/EncryptorApp/.buildozer/android/platform/build-arm64-v8a_armeabi-v7a/build/other_builds/python3/armeabi-v7a__ndk_target_30/python3/Lib/test/test_ctypes/test_memfunctions.py'...
Compiling '/home/null/EncryptorApp/.buildozer/android/platform/build-arm64-v8a_armeabi-v7a/build/other_builds/python3/armeabi-v7a__ndk_target_30/python3/Lib/test/test_ctypes/test_numbers.py'...
Compiling '/home/null/EncryptorApp/.buildozer/android/platform/build-arm64-v8a_armeabi-v7a/build/other_builds/python3/armeabi-v7a__ndk_target_30/python3/Lib/test/test_ctypes/test_objects.py'...
Compiling '/home/null/EncryptorApp/.buildozer/android/platform/build-arm64-v8a_armeabi-v7a/build/other_builds/python3/armeabi-v7a__ndk_target_30/python3/Lib/test/test_ctypes/test_parameters.py'...
Compiling '/home/null/EncryptorApp/.buildozer/android/platform/build-arm64-v8a_armeabi-v7a/build/other_builds/python3/armeabi-v7a__ndk_target_30/python3/Lib/test/test_ctypes/test_pep3118.py'...
Compiling '/home/null/EncryptorApp/.buildozer/android/platform/build-arm64-v8a_armeabi-v7a/build/other_builds/python3/armeabi-v7a__ndk_target_30/python3/Lib/test/test_ctypes/test_pickling.py'...
Compiling '/home/null/EncryptorApp/.buildozer/android/platform/build-arm64-v8a_armeabi-v7a/build/other_builds/python3/armeabi-v7a__ndk_target_30/python3/Lib/test/test_ctypes/test_pointers.py'...
Compiling '/home/null/EncryptorApp/.buildozer/android/platform/build-arm64-v8a_armeabi-v7a/build/other_builds/python3/armeabi-v7a__ndk_target_30/python3/Lib/test/test_ctypes/test_prototypes.py'...
Compiling '/home/null/EncryptorApp/.buildozer/android/platform/build-arm64-v8a_armeabi-v7a/build/other_builds/python3/armeabi-v7a__ndk_target_30/python3/Lib/test/test_ctypes/test_python_api.py'...
Compiling '/home/null/EncryptorApp/.buildozer/android/platform/build-arm64-v8a_armeabi-v7a/build/other_builds/python3/armeabi-v7a__ndk_target_30/python3/Lib/test/test_ctypes/test_random_things.py'...
Compiling '/home/null/EncryptorApp/.buildozer/android/platform/build-arm64-v8a_armeabi-v7a/build/other_builds/python3/armeabi-v7a__ndk_target_30/python3/Lib/test/test_ctypes/test_refcounts.py'...
Compiling '/home/null/EncryptorApp/.buildozer/android/platform/build-arm64-v8a_armeabi-v7a/build/other_builds/python3/armeabi-v7a__ndk_target_30/python3/Lib/test/test_ctypes/test_repr.py'...
Compiling '/home/null/EncryptorApp/.buildozer/android/platform/build-arm64-v8a_armeabi-v7a/build/other_builds/python3/armeabi-v7a__ndk_target_30/python3/Lib/test/test_ctypes/test_returnfuncptrs.py'...
Compiling '/home/null/EncryptorApp/.buildozer/android/platform/build-arm64-v8a_armeabi-v7a/build/other_builds/python3/armeabi-v7a__ndk_target_30/python3/Lib/test/test_ctypes/test_simplesubclasses.py'...
Compiling '/home/null/EncryptorApp/.buildozer/android/platform/build-arm64-v8a_armeabi-v7a/build/other_builds/python3/armeabi-v7a__ndk_target_30/python3/Lib/test/test_ctypes/test_sizes.py'...
Compiling '/home/null/EncryptorApp/.buildozer/android/platform/build-arm64-v8a_armeabi-v7a/build/other_builds/python3/armeabi-v7a__ndk_target_30/python3/Lib/test/test_ctypes/test_slicing.py'...
Compiling '/home/null/EncryptorApp/.buildozer/android/platform/build-arm64-v8a_armeabi-v7a/build/other_builds/python3/armeabi-v7a__ndk_target_30/python3/Lib/test/test_ctypes/test_stringptr.py'...
Compiling '/home/null/EncryptorApp/.buildozer/android/platform/build-arm64-v8a_armeabi-v7a/build/other_builds/python3/armeabi-v7a__ndk_target_30/python3/Lib/test/test_ctypes/test_strings.py'...
Compiling '/home/null/EncryptorApp/.buildozer/android/platform/build-arm64-v8a_armeabi-v7a/build/other_builds/python3/armeabi-v7a__ndk_target_30/python3/Lib/test/test_ctypes/test_struct_fields.py'...
Compiling '/home/null/EncryptorApp/.buildozer/android/platform/build-arm64-v8a_armeabi-v7a/build/other_builds/python3/armeabi-v7a__ndk_target_30/python3/Lib/test/test_ctypes/test_structunion.py'...
Compiling '/home/null/EncryptorApp/.buildozer/android/platform/build-arm64-v8a_armeabi-v7a/build/other_builds/python3/armeabi-v7a__ndk_target_30/python3/Lib/test/test_ctypes/test_structures.py'...
Compiling '/home/null/EncryptorApp/.buildozer/android/platform/build-arm64-v8a_armeabi-v7a/build/other_builds/python3/armeabi-v7a__ndk_target_30/python3/Lib/test/test_ctypes/test_unaligned_structures.py'...
Compiling '/home/null/EncryptorApp/.buildozer/android/platform/build-arm64-v8a_armeabi-v7a/build/other_builds/python3/armeabi-v7a__ndk_target_30/python3/Lib/test/test_ctypes/test_unicode.py'...
Compiling '/home/null/EncryptorApp/.buildozer/android/platform/build-arm64-v8a_armeabi-v7a/build/other_builds/python3/armeabi-v7a__ndk_target_30/python3/Lib/test/test_ctypes/test_values.py'...
Compiling '/home/null/EncryptorApp/.buildozer/android/platform/build-arm64-v8a_armeabi-v7a/build/other_builds/python3/armeabi-v7a__ndk_target_30/python3/Lib/test/test_ctypes/test_varsize_struct.py'...
Compiling '/home/null/EncryptorApp/.buildozer/android/platform/build-arm64-v8a_armeabi-v7a/build/other_builds/python3/armeabi-v7a__ndk_target_30/python3/Lib/test/test_ctypes/test_win32.py'...
Compiling '/home/null/EncryptorApp/.buildozer/android/platform/build-arm64-v8a_armeabi-v7a/build/other_builds/python3/armeabi-v7a__ndk_target_30/python3/Lib/test/test_ctypes/test_win32_com_foreign_func.py'...
Compiling '/home/null/EncryptorApp/.buildozer/android/platform/build-arm64-v8a_armeabi-v7a/build/other_builds/python3/armeabi-v7a__ndk_target_30/python3/Lib/test/test_ctypes/test_wintypes.py'...
Compiling '/home/null/EncryptorApp/.buildozer/android/platform/build-arm64-v8a_armeabi-v7a/build/other_builds/python3/armeabi-v7a__ndk_target_30/python3/Lib/test/test_curses.py'...
Listing '/home/null/EncryptorApp/.buildozer/android/platform/build-arm64-v8a_armeabi-v7a/build/other_builds/python3/armeabi-v7a__ndk_target_30/python3/Lib/test/test_dataclasses'...
Compiling '/home/null/EncryptorApp/.buildozer/android/platform/build-arm64-v8a_armeabi-v7a/build/other_builds/python3/armeabi-v7a__ndk_target_30/python3/Lib/test/test_dataclasses/__init__.py'...
Compiling '/home/null/EncryptorApp/.buildozer/android/platform/build-arm64-v8a_armeabi-v7a/build/other_builds/python3/armeabi-v7a__ndk_target_30/python3/Lib/test/test_dataclasses/dataclass_module_1.py'...
Compiling '/home/null/EncryptorApp/.buildozer/android/platform/build-arm64-v8a_armeabi-v7a/build/other_builds/python3/armeabi-v7a__ndk_target_30/python3/Lib/test/test_dataclasses/dataclass_module_1_str.py'...
Compiling '/home/null/EncryptorApp/.buildozer/android/platform/build-arm64-v8a_armeabi-v7a/build/other_builds/python3/armeabi-v7a__ndk_target_30/python3/Lib/test/test_dataclasses/dataclass_module_2.py'...
Compiling '/home/null/EncryptorApp/.buildozer/android/platform/build-arm64-v8a_armeabi-v7a/build/other_builds/python3/armeabi-v7a__ndk_target_30/python3/Lib/test/test_dataclasses/dataclass_module_2_str.py'...
Compiling '/home/null/EncryptorApp/.buildozer/android/platform/build-arm64-v8a_armeabi-v7a/build/other_builds/python3/armeabi-v7a__ndk_target_30/python3/Lib/test/test_dataclasses/dataclass_textanno.py'...
Compiling '/home/null/EncryptorApp/.buildozer/android/platform/build-arm64-v8a_armeabi-v7a/build/other_builds/python3/armeabi-v7a__ndk_target_30/python3/Lib/test/test_datetime.py'...
Compiling '/home/null/EncryptorApp/.buildozer/android/platform/build-arm64-v8a_armeabi-v7a/build/other_builds/python3/armeabi-v7a__ndk_target_30/python3/Lib/test/test_dbm.py'...
Compiling '/home/null/EncryptorApp/.buildozer/android/platform/build-arm64-v8a_armeabi-v7a/build/other_builds/python3/armeabi-v7a__ndk_target_30/python3/Lib/test/test_dbm_dumb.py'...
Compiling '/home/null/EncryptorApp/.buildozer/android/platform/build-arm64-v8a_armeabi-v7a/build/other_builds/python3/armeabi-v7a__ndk_target_30/python3/Lib/test/test_dbm_gnu.py'...
Compiling '/home/null/EncryptorApp/.buildozer/android/platform/build-arm64-v8a_armeabi-v7a/build/other_builds/python3/armeabi-v7a__ndk_target_30/python3/Lib/test/test_dbm_ndbm.py'...
Compiling '/home/null/EncryptorApp/.buildozer/android/platform/build-arm64-v8a_armeabi-v7a/build/other_builds/python3/armeabi-v7a__ndk_target_30/python3/Lib/test/test_dbm_sqlite3.py'...
Compiling '/home/null/EncryptorApp/.buildozer/android/platform/build-arm64-v8a_armeabi-v7a/build/other_builds/python3/armeabi-v7a__ndk_target_30/python3/Lib/test/test_decimal.py'...
Compiling '/home/null/EncryptorApp/.buildozer/android/platform/build-arm64-v8a_armeabi-v7a/build/other_builds/python3/armeabi-v7a__ndk_target_30/python3/Lib/test/test_decorators.py'...
Compiling '/home/null/EncryptorApp/.buildozer/android/platform/build-arm64-v8a_armeabi-v7a/build/other_builds/python3/armeabi-v7a__ndk_target_30/python3/Lib/test/test_defaultdict.py'...
Compiling '/home/null/EncryptorApp/.buildozer/android/platform/build-arm64-v8a_armeabi-v7a/build/other_builds/python3/armeabi-v7a__ndk_target_30/python3/Lib/test/test_deque.py'...
Compiling '/home/null/EncryptorApp/.buildozer/android/platform/build-arm64-v8a_armeabi-v7a/build/other_builds/python3/armeabi-v7a__ndk_target_30/python3/Lib/test/test_descr.py'...
Compiling '/home/null/EncryptorApp/.buildozer/android/platform/build-arm64-v8a_armeabi-v7a/build/other_builds/python3/armeabi-v7a__ndk_target_30/python3/Lib/test/test_descrtut.py'...
Compiling '/home/null/EncryptorApp/.buildozer/android/platform/build-arm64-v8a_armeabi-v7a/build/other_builds/python3/armeabi-v7a__ndk_target_30/python3/Lib/test/test_devpoll.py'...
Compiling '/home/null/EncryptorApp/.buildozer/android/platform/build-arm64-v8a_armeabi-v7a/build/other_builds/python3/armeabi-v7a__ndk_target_30/python3/Lib/test/test_dict.py'...
Compiling '/home/null/EncryptorApp/.buildozer/android/platform/build-arm64-v8a_armeabi-v7a/build/other_builds/python3/armeabi-v7a__ndk_target_30/python3/Lib/test/test_dictcomps.py'...
Compiling '/home/null/EncryptorApp/.buildozer/android/platform/build-arm64-v8a_armeabi-v7a/build/other_builds/python3/armeabi-v7a__ndk_target_30/python3/Lib/test/test_dictviews.py'...
Compiling '/home/null/EncryptorApp/.buildozer/android/platform/build-arm64-v8a_armeabi-v7a/build/other_builds/python3/armeabi-v7a__ndk_target_30/python3/Lib/test/test_difflib.py'...
Compiling '/home/null/EncryptorApp/.buildozer/android/platform/build-arm64-v8a_armeabi-v7a/build/other_builds/python3/armeabi-v7a__ndk_target_30/python3/Lib/test/test_dis.py'...
Listing '/home/null/EncryptorApp/.buildozer/android/platform/build-arm64-v8a_armeabi-v7a/build/other_builds/python3/armeabi-v7a__ndk_target_30/python3/Lib/test/test_doctest'...
Compiling '/home/null/EncryptorApp/.buildozer/android/platform/build-arm64-v8a_armeabi-v7a/build/other_builds/python3/armeabi-v7a__ndk_target_30/python3/Lib/test/test_doctest/__init__.py'...
Compiling '/home/null/EncryptorApp/.buildozer/android/platform/build-arm64-v8a_armeabi-v7a/build/other_builds/python3/armeabi-v7a__ndk_target_30/python3/Lib/test/test_doctest/decorator_mod.py'...
Compiling '/home/null/EncryptorApp/.buildozer/android/platform/build-arm64-v8a_armeabi-v7a/build/other_builds/python3/armeabi-v7a__ndk_target_30/python3/Lib/test/test_doctest/doctest_aliases.py'...
Compiling '/home/null/EncryptorApp/.buildozer/android/platform/build-arm64-v8a_armeabi-v7a/build/other_builds/python3/armeabi-v7a__ndk_target_30/python3/Lib/test/test_doctest/doctest_lineno.py'...
Compiling '/home/null/EncryptorApp/.buildozer/android/platform/build-arm64-v8a_armeabi-v7a/build/other_builds/python3/armeabi-v7a__ndk_target_30/python3/Lib/test/test_doctest/sample_doctest.py'...
Compiling '/home/null/EncryptorApp/.buildozer/android/platform/build-arm64-v8a_armeabi-v7a/build/other_builds/python3/armeabi-v7a__ndk_target_30/python3/Lib/test/test_doctest/sample_doctest_errors.py'...
Compiling '/home/null/EncryptorApp/.buildozer/android/platform/build-arm64-v8a_armeabi-v7a/build/other_builds/python3/armeabi-v7a__ndk_target_30/python3/Lib/test/test_doctest/sample_doctest_no_docstrings.py'...
Compiling '/home/null/EncryptorApp/.buildozer/android/platform/build-arm64-v8a_armeabi-v7a/build/other_builds/python3/armeabi-v7a__ndk_target_30/python3/Lib/test/test_doctest/sample_doctest_no_doctests.py'...
Compiling '/home/null/EncryptorApp/.buildozer/android/platform/build-arm64-v8a_armeabi-v7a/build/other_builds/python3/armeabi-v7a__ndk_target_30/python3/Lib/test/test_doctest/sample_doctest_skip.py'...
Compiling '/home/null/EncryptorApp/.buildozer/android/platform/build-arm64-v8a_armeabi-v7a/build/other_builds/python3/armeabi-v7a__ndk_target_30/python3/Lib/test/test_doctest/test_doctest.py'...
Compiling '/home/null/EncryptorApp/.buildozer/android/platform/build-arm64-v8a_armeabi-v7a/build/other_builds/python3/armeabi-v7a__ndk_target_30/python3/Lib/test/test_doctest/test_doctest2.py'...
Compiling '/home/null/EncryptorApp/.buildozer/android/platform/build-arm64-v8a_armeabi-v7a/build/other_builds/python3/armeabi-v7a__ndk_target_30/python3/Lib/test/test_docxmlrpc.py'...
Compiling '/home/null/EncryptorApp/.buildozer/android/platform/build-arm64-v8a_armeabi-v7a/build/other_builds/python3/armeabi-v7a__ndk_target_30/python3/Lib/test/test_dtrace.py'...
Compiling '/home/null/EncryptorApp/.buildozer/android/platform/build-arm64-v8a_armeabi-v7a/build/other_builds/python3/armeabi-v7a__ndk_target_30/python3/Lib/test/test_dynamic.py'...
Compiling '/home/null/EncryptorApp/.buildozer/android/platform/build-arm64-v8a_armeabi-v7a/build/other_builds/python3/armeabi-v7a__ndk_target_30/python3/Lib/test/test_dynamicclassattribute.py'...
Compiling '/home/null/EncryptorApp/.buildozer/android/platform/build-arm64-v8a_armeabi-v7a/build/other_builds/python3/armeabi-v7a__ndk_target_30/python3/Lib/test/test_eintr.py'...
Listing '/home/null/EncryptorApp/.buildozer/android/platform/build-arm64-v8a_armeabi-v7a/build/other_builds/python3/armeabi-v7a__ndk_target_30/python3/Lib/test/test_email'...
Compiling '/home/null/EncryptorApp/.buildozer/android/platform/build-arm64-v8a_armeabi-v7a/build/other_builds/python3/armeabi-v7a__ndk_target_30/python3/Lib/test/test_email/__init__.py'...
Compiling '/home/null/EncryptorApp/.buildozer/android/platform/build-arm64-v8a_armeabi-v7a/build/other_builds/python3/armeabi-v7a__ndk_target_30/python3/Lib/test/test_email/__main__.py'...
Listing '/home/null/EncryptorApp/.buildozer/android/platform/build-arm64-v8a_armeabi-v7a/build/other_builds/python3/armeabi-v7a__ndk_target_30/python3/Lib/test/test_email/data'...
Compiling '/home/null/EncryptorApp/.buildozer/android/platform/build-arm64-v8a_armeabi-v7a/build/other_builds/python3/armeabi-v7a__ndk_target_30/python3/Lib/test/test_email/test__encoded_words.py'...
Compiling '/home/null/EncryptorApp/.buildozer/android/platform/build-arm64-v8a_armeabi-v7a/build/other_builds/python3/armeabi-v7a__ndk_target_30/python3/Lib/test/test_email/test__header_value_parser.py'...
Compiling '/home/null/EncryptorApp/.buildozer/android/platform/build-arm64-v8a_armeabi-v7a/build/other_builds/python3/armeabi-v7a__ndk_target_30/python3/Lib/test/test_email/test_asian_codecs.py'...
Compiling '/home/null/EncryptorApp/.buildozer/android/platform/build-arm64-v8a_armeabi-v7a/build/other_builds/python3/armeabi-v7a__ndk_target_30/python3/Lib/test/test_email/test_contentmanager.py'...
Compiling '/home/null/EncryptorApp/.buildozer/android/platform/build-arm64-v8a_armeabi-v7a/build/other_builds/python3/armeabi-v7a__ndk_target_30/python3/Lib/test/test_email/test_defect_handling.py'...
Compiling '/home/null/EncryptorApp/.buildozer/android/platform/build-arm64-v8a_armeabi-v7a/build/other_builds/python3/armeabi-v7a__ndk_target_30/python3/Lib/test/test_email/test_email.py'...
Compiling '/home/null/EncryptorApp/.buildozer/android/platform/build-arm64-v8a_armeabi-v7a/build/other_builds/python3/armeabi-v7a__ndk_target_30/python3/Lib/test/test_email/test_generator.py'...
Compiling '/home/null/EncryptorApp/.buildozer/android/platform/build-arm64-v8a_armeabi-v7a/build/other_builds/python3/armeabi-v7a__ndk_target_30/python3/Lib/test/test_email/test_headerregistry.py'...
Compiling '/home/null/EncryptorApp/.buildozer/android/platform/build-arm64-v8a_armeabi-v7a/build/other_builds/python3/armeabi-v7a__ndk_target_30/python3/Lib/test/test_email/test_inversion.py'...
Compiling '/home/null/EncryptorApp/.buildozer/android/platform/build-arm64-v8a_armeabi-v7a/build/other_builds/python3/armeabi-v7a__ndk_target_30/python3/Lib/test/test_email/test_message.py'...
Compiling '/home/null/EncryptorApp/.buildozer/android/platform/build-arm64-v8a_armeabi-v7a/build/other_builds/python3/armeabi-v7a__ndk_target_30/python3/Lib/test/test_email/test_parser.py'...
Compiling '/home/null/EncryptorApp/.buildozer/android/platform/build-arm64-v8a_armeabi-v7a/build/other_builds/python3/armeabi-v7a__ndk_target_30/python3/Lib/test/test_email/test_pickleable.py'...
Compiling '/home/null/EncryptorApp/.buildozer/android/platform/build-arm64-v8a_armeabi-v7a/build/other_builds/python3/armeabi-v7a__ndk_target_30/python3/Lib/test/test_email/test_policy.py'...
Compiling '/home/null/EncryptorApp/.buildozer/android/platform/build-arm64-v8a_armeabi-v7a/build/other_builds/python3/armeabi-v7a__ndk_target_30/python3/Lib/test/test_email/test_utils.py'...
Compiling '/home/null/EncryptorApp/.buildozer/android/platform/build-arm64-v8a_armeabi-v7a/build/other_builds/python3/armeabi-v7a__ndk_target_30/python3/Lib/test/test_email/torture_test.py'...
Compiling '/home/null/EncryptorApp/.buildozer/android/platform/build-arm64-v8a_armeabi-v7a/build/other_builds/python3/armeabi-v7a__ndk_target_30/python3/Lib/test/test_embed.py'...
Compiling '/home/null/EncryptorApp/.buildozer/android/platform/build-arm64-v8a_armeabi-v7a/build/other_builds/python3/armeabi-v7a__ndk_target_30/python3/Lib/test/test_ensurepip.py'...
Compiling '/home/null/EncryptorApp/.buildozer/android/platform/build-arm64-v8a_armeabi-v7a/build/other_builds/python3/armeabi-v7a__ndk_target_30/python3/Lib/test/test_enum.py'...
Compiling '/home/null/EncryptorApp/.buildozer/android/platform/build-arm64-v8a_armeabi-v7a/build/other_builds/python3/armeabi-v7a__ndk_target_30/python3/Lib/test/test_enumerate.py'...
Compiling '/home/null/EncryptorApp/.buildozer/android/platform/build-arm64-v8a_armeabi-v7a/build/other_builds/python3/armeabi-v7a__ndk_target_30/python3/Lib/test/test_eof.py'...
Compiling '/home/null/EncryptorApp/.buildozer/android/platform/build-arm64-v8a_armeabi-v7a/build/other_builds/python3/armeabi-v7a__ndk_target_30/python3/Lib/test/test_epoll.py'...
Compiling '/home/null/EncryptorApp/.buildozer/android/platform/build-arm64-v8a_armeabi-v7a/build/other_builds/python3/armeabi-v7a__ndk_target_30/python3/Lib/test/test_errno.py'...
Compiling '/home/null/EncryptorApp/.buildozer/android/platform/build-arm64-v8a_armeabi-v7a/build/other_builds/python3/armeabi-v7a__ndk_target_30/python3/Lib/test/test_except_star.py'...
Compiling '/home/null/EncryptorApp/.buildozer/android/platform/build-arm64-v8a_armeabi-v7a/build/other_builds/python3/armeabi-v7a__ndk_target_30/python3/Lib/test/test_exception_group.py'...
Compiling '/home/null/EncryptorApp/.buildozer/android/platform/build-arm64-v8a_armeabi-v7a/build/other_builds/python3/armeabi-v7a__ndk_target_30/python3/Lib/test/test_exception_hierarchy.py'...
Compiling '/home/null/EncryptorApp/.buildozer/android/platform/build-arm64-v8a_armeabi-v7a/build/other_builds/python3/armeabi-v7a__ndk_target_30/python3/Lib/test/test_exception_variations.py'...
Compiling '/home/null/EncryptorApp/.buildozer/android/platform/build-arm64-v8a_armeabi-v7a/build/other_builds/python3/armeabi-v7a__ndk_target_30/python3/Lib/test/test_exceptions.py'...
Compiling '/home/null/EncryptorApp/.buildozer/android/platform/build-arm64-v8a_armeabi-v7a/build/other_builds/python3/armeabi-v7a__ndk_target_30/python3/Lib/test/test_extcall.py'...
Compiling '/home/null/EncryptorApp/.buildozer/android/platform/build-arm64-v8a_armeabi-v7a/build/other_builds/python3/armeabi-v7a__ndk_target_30/python3/Lib/test/test_external_inspection.py'...
Compiling '/home/null/EncryptorApp/.buildozer/android/platform/build-arm64-v8a_armeabi-v7a/build/other_builds/python3/armeabi-v7a__ndk_target_30/python3/Lib/test/test_faulthandler.py'...
Compiling '/home/null/EncryptorApp/.buildozer/android/platform/build-arm64-v8a_armeabi-v7a/build/other_builds/python3/armeabi-v7a__ndk_target_30/python3/Lib/test/test_fcntl.py'...
Compiling '/home/null/EncryptorApp/.buildozer/android/platform/build-arm64-v8a_armeabi-v7a/build/other_builds/python3/armeabi-v7a__ndk_target_30/python3/Lib/test/test_file.py'...
Compiling '/home/null/EncryptorApp/.buildozer/android/platform/build-arm64-v8a_armeabi-v7a/build/other_builds/python3/armeabi-v7a__ndk_target_30/python3/Lib/test/test_file_eintr.py'...
Compiling '/home/null/EncryptorApp/.buildozer/android/platform/build-arm64-v8a_armeabi-v7a/build/other_builds/python3/armeabi-v7a__ndk_target_30/python3/Lib/test/test_filecmp.py'...
Compiling '/home/null/EncryptorApp/.buildozer/android/platform/build-arm64-v8a_armeabi-v7a/build/other_builds/python3/armeabi-v7a__ndk_target_30/python3/Lib/test/test_fileinput.py'...
Compiling '/home/null/EncryptorApp/.buildozer/android/platform/build-arm64-v8a_armeabi-v7a/build/other_builds/python3/armeabi-v7a__ndk_target_30/python3/Lib/test/test_fileio.py'...
Compiling '/home/null/EncryptorApp/.buildozer/android/platform/build-arm64-v8a_armeabi-v7a/build/other_builds/python3/armeabi-v7a__ndk_target_30/python3/Lib/test/test_fileutils.py'...
Compiling '/home/null/EncryptorApp/.buildozer/android/platform/build-arm64-v8a_armeabi-v7a/build/other_builds/python3/armeabi-v7a__ndk_target_30/python3/Lib/test/test_finalization.py'...
Compiling '/home/null/EncryptorApp/.buildozer/android/platform/build-arm64-v8a_armeabi-v7a/build/other_builds/python3/armeabi-v7a__ndk_target_30/python3/Lib/test/test_float.py'...
Compiling '/home/null/EncryptorApp/.buildozer/android/platform/build-arm64-v8a_armeabi-v7a/build/other_builds/python3/armeabi-v7a__ndk_target_30/python3/Lib/test/test_flufl.py'...
Compiling '/home/null/EncryptorApp/.buildozer/android/platform/build-arm64-v8a_armeabi-v7a/build/other_builds/python3/armeabi-v7a__ndk_target_30/python3/Lib/test/test_fnmatch.py'...
Compiling '/home/null/EncryptorApp/.buildozer/android/platform/build-arm64-v8a_armeabi-v7a/build/other_builds/python3/armeabi-v7a__ndk_target_30/python3/Lib/test/test_fork1.py'...
Compiling '/home/null/EncryptorApp/.buildozer/android/platform/build-arm64-v8a_armeabi-v7a/build/other_builds/python3/armeabi-v7a__ndk_target_30/python3/Lib/test/test_format.py'...
Compiling '/home/null/EncryptorApp/.buildozer/android/platform/build-arm64-v8a_armeabi-v7a/build/other_builds/python3/armeabi-v7a__ndk_target_30/python3/Lib/test/test_fractions.py'...
Compiling '/home/null/EncryptorApp/.buildozer/android/platform/build-arm64-v8a_armeabi-v7a/build/other_builds/python3/armeabi-v7a__ndk_target_30/python3/Lib/test/test_frame.py'...
Listing '/home/null/EncryptorApp/.buildozer/android/platform/build-arm64-v8a_armeabi-v7a/build/other_builds/python3/armeabi-v7a__ndk_target_30/python3/Lib/test/test_free_threading'...
Compiling '/home/null/EncryptorApp/.buildozer/android/platform/build-arm64-v8a_armeabi-v7a/build/other_builds/python3/armeabi-v7a__ndk_target_30/python3/Lib/test/test_free_threading/__init__.py'...
Compiling '/home/null/EncryptorApp/.buildozer/android/platform/build-arm64-v8a_armeabi-v7a/build/other_builds/python3/armeabi-v7a__ndk_target_30/python3/Lib/test/test_free_threading/test_bisect.py'...
Compiling '/home/null/EncryptorApp/.buildozer/android/platform/build-arm64-v8a_armeabi-v7a/build/other_builds/python3/armeabi-v7a__ndk_target_30/python3/Lib/test/test_free_threading/test_code.py'...
Compiling '/home/null/EncryptorApp/.buildozer/android/platform/build-arm64-v8a_armeabi-v7a/build/other_builds/python3/armeabi-v7a__ndk_target_30/python3/Lib/test/test_free_threading/test_dict.py'...
Compiling '/home/null/EncryptorApp/.buildozer/android/platform/build-arm64-v8a_armeabi-v7a/build/other_builds/python3/armeabi-v7a__ndk_target_30/python3/Lib/test/test_free_threading/test_enumerate.py'...
Compiling '/home/null/EncryptorApp/.buildozer/android/platform/build-arm64-v8a_armeabi-v7a/build/other_builds/python3/armeabi-v7a__ndk_target_30/python3/Lib/test/test_free_threading/test_func_annotations.py'...
Compiling '/home/null/EncryptorApp/.buildozer/android/platform/build-arm64-v8a_armeabi-v7a/build/other_builds/python3/armeabi-v7a__ndk_target_30/python3/Lib/test/test_free_threading/test_functools.py'...
Compiling '/home/null/EncryptorApp/.buildozer/android/platform/build-arm64-v8a_armeabi-v7a/build/other_builds/python3/armeabi-v7a__ndk_target_30/python3/Lib/test/test_free_threading/test_gc.py'...
Compiling '/home/null/EncryptorApp/.buildozer/android/platform/build-arm64-v8a_armeabi-v7a/build/other_builds/python3/armeabi-v7a__ndk_target_30/python3/Lib/test/test_free_threading/test_grp.py'...
Compiling '/home/null/EncryptorApp/.buildozer/android/platform/build-arm64-v8a_armeabi-v7a/build/other_builds/python3/armeabi-v7a__ndk_target_30/python3/Lib/test/test_free_threading/test_heapq.py'...
Compiling '/home/null/EncryptorApp/.buildozer/android/platform/build-arm64-v8a_armeabi-v7a/build/other_builds/python3/armeabi-v7a__ndk_target_30/python3/Lib/test/test_free_threading/test_iteration.py'...
Compiling '/home/null/EncryptorApp/.buildozer/android/platform/build-arm64-v8a_armeabi-v7a/build/other_builds/python3/armeabi-v7a__ndk_target_30/python3/Lib/test/test_free_threading/test_itertools_batched.py'...
Compiling '/home/null/EncryptorApp/.buildozer/android/platform/build-arm64-v8a_armeabi-v7a/build/other_builds/python3/armeabi-v7a__ndk_target_30/python3/Lib/test/test_free_threading/test_list.py'...
Compiling '/home/null/EncryptorApp/.buildozer/android/platform/build-arm64-v8a_armeabi-v7a/build/other_builds/python3/armeabi-v7a__ndk_target_30/python3/Lib/test/test_free_threading/test_methodcaller.py'...
Compiling '/home/null/EncryptorApp/.buildozer/android/platform/build-arm64-v8a_armeabi-v7a/build/other_builds/python3/armeabi-v7a__ndk_target_30/python3/Lib/test/test_free_threading/test_monitoring.py'...
Compiling '/home/null/EncryptorApp/.buildozer/android/platform/build-arm64-v8a_armeabi-v7a/build/other_builds/python3/armeabi-v7a__ndk_target_30/python3/Lib/test/test_free_threading/test_races.py'...
Compiling '/home/null/EncryptorApp/.buildozer/android/platform/build-arm64-v8a_armeabi-v7a/build/other_builds/python3/armeabi-v7a__ndk_target_30/python3/Lib/test/test_free_threading/test_reversed.py'...
Compiling '/home/null/EncryptorApp/.buildozer/android/platform/build-arm64-v8a_armeabi-v7a/build/other_builds/python3/armeabi-v7a__ndk_target_30/python3/Lib/test/test_free_threading/test_set.py'...
Compiling '/home/null/EncryptorApp/.buildozer/android/platform/build-arm64-v8a_armeabi-v7a/build/other_builds/python3/armeabi-v7a__ndk_target_30/python3/Lib/test/test_free_threading/test_slots.py'...
Compiling '/home/null/EncryptorApp/.buildozer/android/platform/build-arm64-v8a_armeabi-v7a/build/other_builds/python3/armeabi-v7a__ndk_target_30/python3/Lib/test/test_free_threading/test_str.py'...
Compiling '/home/null/EncryptorApp/.buildozer/android/platform/build-arm64-v8a_armeabi-v7a/build/other_builds/python3/armeabi-v7a__ndk_target_30/python3/Lib/test/test_free_threading/test_tokenize.py'...
Compiling '/home/null/EncryptorApp/.buildozer/android/platform/build-arm64-v8a_armeabi-v7a/build/other_builds/python3/armeabi-v7a__ndk_target_30/python3/Lib/test/test_free_threading/test_type.py'...
Compiling '/home/null/EncryptorApp/.buildozer/android/platform/build-arm64-v8a_armeabi-v7a/build/other_builds/python3/armeabi-v7a__ndk_target_30/python3/Lib/test/test_free_threading/test_zip.py'...
Compiling '/home/null/EncryptorApp/.buildozer/android/platform/build-arm64-v8a_armeabi-v7a/build/other_builds/python3/armeabi-v7a__ndk_target_30/python3/Lib/test/test_frozen.py'...
Compiling '/home/null/EncryptorApp/.buildozer/android/platform/build-arm64-v8a_armeabi-v7a/build/other_builds/python3/armeabi-v7a__ndk_target_30/python3/Lib/test/test_fstring.py'...
Compiling '/home/null/EncryptorApp/.buildozer/android/platform/build-arm64-v8a_armeabi-v7a/build/other_builds/python3/armeabi-v7a__ndk_target_30/python3/Lib/test/test_ftplib.py'...
Compiling '/home/null/EncryptorApp/.buildozer/android/platform/build-arm64-v8a_armeabi-v7a/build/other_builds/python3/armeabi-v7a__ndk_target_30/python3/Lib/test/test_funcattrs.py'...
Compiling '/home/null/EncryptorApp/.buildozer/android/platform/build-arm64-v8a_armeabi-v7a/build/other_builds/python3/armeabi-v7a__ndk_target_30/python3/Lib/test/test_functools.py'...
Listing '/home/null/EncryptorApp/.buildozer/android/platform/build-arm64-v8a_armeabi-v7a/build/other_builds/python3/armeabi-v7a__ndk_target_30/python3/Lib/test/test_future_stmt'...
Compiling '/home/null/EncryptorApp/.buildozer/android/platform/build-arm64-v8a_armeabi-v7a/build/other_builds/python3/armeabi-v7a__ndk_target_30/python3/Lib/test/test_future_stmt/__init__.py'...
Compiling '/home/null/EncryptorApp/.buildozer/android/platform/build-arm64-v8a_armeabi-v7a/build/other_builds/python3/armeabi-v7a__ndk_target_30/python3/Lib/test/test_future_stmt/badsyntax_future.py'...
***   File "/home/null/EncryptorApp/.buildozer/android/platform/build-arm64-v8a_armeabi-v7a/build/other_builds/python3/armeabi-v7a__ndk_target_30/python3/Lib/test/test_future_stmt/badsyntax_future.py", line 3
    from __future__ import print_function
    ^^^^^^^^^^^^^^^^^^^^^^^^^^^^^^^^^^^^^
SyntaxError: from __future__ imports must occur at the beginning of the file

Compiling '/home/null/EncryptorApp/.buildozer/android/platform/build-arm64-v8a_armeabi-v7a/build/other_builds/python3/armeabi-v7a__ndk_target_30/python3/Lib/test/test_future_stmt/import_nested_scope_twice.py'...
Compiling '/home/null/EncryptorApp/.buildozer/android/platform/build-arm64-v8a_armeabi-v7a/build/other_builds/python3/armeabi-v7a__ndk_target_30/python3/Lib/test/test_future_stmt/nested_scope.py'...
Compiling '/home/null/EncryptorApp/.buildozer/android/platform/build-arm64-v8a_armeabi-v7a/build/other_builds/python3/armeabi-v7a__ndk_target_30/python3/Lib/test/test_future_stmt/test_future.py'...
Compiling '/home/null/EncryptorApp/.buildozer/android/platform/build-arm64-v8a_armeabi-v7a/build/other_builds/python3/armeabi-v7a__ndk_target_30/python3/Lib/test/test_future_stmt/test_future_flags.py'...
Compiling '/home/null/EncryptorApp/.buildozer/android/platform/build-arm64-v8a_armeabi-v7a/build/other_builds/python3/armeabi-v7a__ndk_target_30/python3/Lib/test/test_future_stmt/test_future_multiple_features.py'...
Compiling '/home/null/EncryptorApp/.buildozer/android/platform/build-arm64-v8a_armeabi-v7a/build/other_builds/python3/armeabi-v7a__ndk_target_30/python3/Lib/test/test_future_stmt/test_future_multiple_imports.py'...
Compiling '/home/null/EncryptorApp/.buildozer/android/platform/build-arm64-v8a_armeabi-v7a/build/other_builds/python3/armeabi-v7a__ndk_target_30/python3/Lib/test/test_future_stmt/test_future_single_import.py'...
Compiling '/home/null/EncryptorApp/.buildozer/android/platform/build-arm64-v8a_armeabi-v7a/build/other_builds/python3/armeabi-v7a__ndk_target_30/python3/Lib/test/test_gc.py'...
Listing '/home/null/EncryptorApp/.buildozer/android/platform/build-arm64-v8a_armeabi-v7a/build/other_builds/python3/armeabi-v7a__ndk_target_30/python3/Lib/test/test_gdb'...
Compiling '/home/null/EncryptorApp/.buildozer/android/platform/build-arm64-v8a_armeabi-v7a/build/other_builds/python3/armeabi-v7a__ndk_target_30/python3/Lib/test/test_gdb/__init__.py'...
Compiling '/home/null/EncryptorApp/.buildozer/android/platform/build-arm64-v8a_armeabi-v7a/build/other_builds/python3/armeabi-v7a__ndk_target_30/python3/Lib/test/test_gdb/gdb_sample.py'...
Compiling '/home/null/EncryptorApp/.buildozer/android/platform/build-arm64-v8a_armeabi-v7a/build/other_builds/python3/armeabi-v7a__ndk_target_30/python3/Lib/test/test_gdb/test_backtrace.py'...
Compiling '/home/null/EncryptorApp/.buildozer/android/platform/build-arm64-v8a_armeabi-v7a/build/other_builds/python3/armeabi-v7a__ndk_target_30/python3/Lib/test/test_gdb/test_cfunction.py'...
Compiling '/home/null/EncryptorApp/.buildozer/android/platform/build-arm64-v8a_armeabi-v7a/build/other_builds/python3/armeabi-v7a__ndk_target_30/python3/Lib/test/test_gdb/test_cfunction_full.py'...
Compiling '/home/null/EncryptorApp/.buildozer/android/platform/build-arm64-v8a_armeabi-v7a/build/other_builds/python3/armeabi-v7a__ndk_target_30/python3/Lib/test/test_gdb/test_misc.py'...
Compiling '/home/null/EncryptorApp/.buildozer/android/platform/build-arm64-v8a_armeabi-v7a/build/other_builds/python3/armeabi-v7a__ndk_target_30/python3/Lib/test/test_gdb/test_pretty_print.py'...
Compiling '/home/null/EncryptorApp/.buildozer/android/platform/build-arm64-v8a_armeabi-v7a/build/other_builds/python3/armeabi-v7a__ndk_target_30/python3/Lib/test/test_gdb/util.py'...
Compiling '/home/null/EncryptorApp/.buildozer/android/platform/build-arm64-v8a_armeabi-v7a/build/other_builds/python3/armeabi-v7a__ndk_target_30/python3/Lib/test/test_generated_cases.py'...
Compiling '/home/null/EncryptorApp/.buildozer/android/platform/build-arm64-v8a_armeabi-v7a/build/other_builds/python3/armeabi-v7a__ndk_target_30/python3/Lib/test/test_generator_stop.py'...
Compiling '/home/null/EncryptorApp/.buildozer/android/platform/build-arm64-v8a_armeabi-v7a/build/other_builds/python3/armeabi-v7a__ndk_target_30/python3/Lib/test/test_generators.py'...
Compiling '/home/null/EncryptorApp/.buildozer/android/platform/build-arm64-v8a_armeabi-v7a/build/other_builds/python3/armeabi-v7a__ndk_target_30/python3/Lib/test/test_genericalias.py'...
Compiling '/home/null/EncryptorApp/.buildozer/android/platform/build-arm64-v8a_armeabi-v7a/build/other_builds/python3/armeabi-v7a__ndk_target_30/python3/Lib/test/test_genericclass.py'...
Compiling '/home/null/EncryptorApp/.buildozer/android/platform/build-arm64-v8a_armeabi-v7a/build/other_builds/python3/armeabi-v7a__ndk_target_30/python3/Lib/test/test_genericpath.py'...
Compiling '/home/null/EncryptorApp/.buildozer/android/platform/build-arm64-v8a_armeabi-v7a/build/other_builds/python3/armeabi-v7a__ndk_target_30/python3/Lib/test/test_genexps.py'...
Compiling '/home/null/EncryptorApp/.buildozer/android/platform/build-arm64-v8a_armeabi-v7a/build/other_builds/python3/armeabi-v7a__ndk_target_30/python3/Lib/test/test_getopt.py'...
Compiling '/home/null/EncryptorApp/.buildozer/android/platform/build-arm64-v8a_armeabi-v7a/build/other_builds/python3/armeabi-v7a__ndk_target_30/python3/Lib/test/test_getpass.py'...
Compiling '/home/null/EncryptorApp/.buildozer/android/platform/build-arm64-v8a_armeabi-v7a/build/other_builds/python3/armeabi-v7a__ndk_target_30/python3/Lib/test/test_getpath.py'...
Compiling '/home/null/EncryptorApp/.buildozer/android/platform/build-arm64-v8a_armeabi-v7a/build/other_builds/python3/armeabi-v7a__ndk_target_30/python3/Lib/test/test_gettext.py'...
Compiling '/home/null/EncryptorApp/.buildozer/android/platform/build-arm64-v8a_armeabi-v7a/build/other_builds/python3/armeabi-v7a__ndk_target_30/python3/Lib/test/test_glob.py'...
Compiling '/home/null/EncryptorApp/.buildozer/android/platform/build-arm64-v8a_armeabi-v7a/build/other_builds/python3/armeabi-v7a__ndk_target_30/python3/Lib/test/test_global.py'...
Compiling '/home/null/EncryptorApp/.buildozer/android/platform/build-arm64-v8a_armeabi-v7a/build/other_builds/python3/armeabi-v7a__ndk_target_30/python3/Lib/test/test_grammar.py'...
Compiling '/home/null/EncryptorApp/.buildozer/android/platform/build-arm64-v8a_armeabi-v7a/build/other_builds/python3/armeabi-v7a__ndk_target_30/python3/Lib/test/test_graphlib.py'...
Compiling '/home/null/EncryptorApp/.buildozer/android/platform/build-arm64-v8a_armeabi-v7a/build/other_builds/python3/armeabi-v7a__ndk_target_30/python3/Lib/test/test_grp.py'...
Compiling '/home/null/EncryptorApp/.buildozer/android/platform/build-arm64-v8a_armeabi-v7a/build/other_builds/python3/armeabi-v7a__ndk_target_30/python3/Lib/test/test_gzip.py'...
Compiling '/home/null/EncryptorApp/.buildozer/android/platform/build-arm64-v8a_armeabi-v7a/build/other_builds/python3/armeabi-v7a__ndk_target_30/python3/Lib/test/test_hash.py'...
Compiling '/home/null/EncryptorApp/.buildozer/android/platform/build-arm64-v8a_armeabi-v7a/build/other_builds/python3/armeabi-v7a__ndk_target_30/python3/Lib/test/test_hashlib.py'...
Compiling '/home/null/EncryptorApp/.buildozer/android/platform/build-arm64-v8a_armeabi-v7a/build/other_builds/python3/armeabi-v7a__ndk_target_30/python3/Lib/test/test_heapq.py'...
Compiling '/home/null/EncryptorApp/.buildozer/android/platform/build-arm64-v8a_armeabi-v7a/build/other_builds/python3/armeabi-v7a__ndk_target_30/python3/Lib/test/test_hmac.py'...
Compiling '/home/null/EncryptorApp/.buildozer/android/platform/build-arm64-v8a_armeabi-v7a/build/other_builds/python3/armeabi-v7a__ndk_target_30/python3/Lib/test/test_html.py'...
Compiling '/home/null/EncryptorApp/.buildozer/android/platform/build-arm64-v8a_armeabi-v7a/build/other_builds/python3/armeabi-v7a__ndk_target_30/python3/Lib/test/test_htmlparser.py'...
Compiling '/home/null/EncryptorApp/.buildozer/android/platform/build-arm64-v8a_armeabi-v7a/build/other_builds/python3/armeabi-v7a__ndk_target_30/python3/Lib/test/test_http_cookiejar.py'...
Compiling '/home/null/EncryptorApp/.buildozer/android/platform/build-arm64-v8a_armeabi-v7a/build/other_builds/python3/armeabi-v7a__ndk_target_30/python3/Lib/test/test_http_cookies.py'...
Compiling '/home/null/EncryptorApp/.buildozer/android/platform/build-arm64-v8a_armeabi-v7a/build/other_builds/python3/armeabi-v7a__ndk_target_30/python3/Lib/test/test_httplib.py'...
Compiling '/home/null/EncryptorApp/.buildozer/android/platform/build-arm64-v8a_armeabi-v7a/build/other_builds/python3/armeabi-v7a__ndk_target_30/python3/Lib/test/test_httpservers.py'...
Compiling '/home/null/EncryptorApp/.buildozer/android/platform/build-arm64-v8a_armeabi-v7a/build/other_builds/python3/armeabi-v7a__ndk_target_30/python3/Lib/test/test_idle.py'...
Compiling '/home/null/EncryptorApp/.buildozer/android/platform/build-arm64-v8a_armeabi-v7a/build/other_builds/python3/armeabi-v7a__ndk_target_30/python3/Lib/test/test_imaplib.py'...
Listing '/home/null/EncryptorApp/.buildozer/android/platform/build-arm64-v8a_armeabi-v7a/build/other_builds/python3/armeabi-v7a__ndk_target_30/python3/Lib/test/test_import'...
Compiling '/home/null/EncryptorApp/.buildozer/android/platform/build-arm64-v8a_armeabi-v7a/build/other_builds/python3/armeabi-v7a__ndk_target_30/python3/Lib/test/test_import/__init__.py'...
Compiling '/home/null/EncryptorApp/.buildozer/android/platform/build-arm64-v8a_armeabi-v7a/build/other_builds/python3/armeabi-v7a__ndk_target_30/python3/Lib/test/test_import/__main__.py'...
Listing '/home/null/EncryptorApp/.buildozer/android/platform/build-arm64-v8a_armeabi-v7a/build/other_builds/python3/armeabi-v7a__ndk_target_30/python3/Lib/test/test_import/data'...
Listing '/home/null/EncryptorApp/.buildozer/android/platform/build-arm64-v8a_armeabi-v7a/build/other_builds/python3/armeabi-v7a__ndk_target_30/python3/Lib/test/test_import/data/circular_imports'...
Compiling '/home/null/EncryptorApp/.buildozer/android/platform/build-arm64-v8a_armeabi-v7a/build/other_builds/python3/armeabi-v7a__ndk_target_30/python3/Lib/test/test_import/data/circular_imports/basic.py'...
Compiling '/home/null/EncryptorApp/.buildozer/android/platform/build-arm64-v8a_armeabi-v7a/build/other_builds/python3/armeabi-v7a__ndk_target_30/python3/Lib/test/test_import/data/circular_imports/basic2.py'...
Compiling '/home/null/EncryptorApp/.buildozer/android/platform/build-arm64-v8a_armeabi-v7a/build/other_builds/python3/armeabi-v7a__ndk_target_30/python3/Lib/test/test_import/data/circular_imports/binding.py'...
Compiling '/home/null/EncryptorApp/.buildozer/android/platform/build-arm64-v8a_armeabi-v7a/build/other_builds/python3/armeabi-v7a__ndk_target_30/python3/Lib/test/test_import/data/circular_imports/binding2.py'...
Compiling '/home/null/EncryptorApp/.buildozer/android/platform/build-arm64-v8a_armeabi-v7a/build/other_builds/python3/armeabi-v7a__ndk_target_30/python3/Lib/test/test_import/data/circular_imports/from_cycle1.py'...
Compiling '/home/null/EncryptorApp/.buildozer/android/platform/build-arm64-v8a_armeabi-v7a/build/other_builds/python3/armeabi-v7a__ndk_target_30/python3/Lib/test/test_import/data/circular_imports/from_cycle2.py'...
Compiling '/home/null/EncryptorApp/.buildozer/android/platform/build-arm64-v8a_armeabi-v7a/build/other_builds/python3/armeabi-v7a__ndk_target_30/python3/Lib/test/test_import/data/circular_imports/import_cycle.py'...
Compiling '/home/null/EncryptorApp/.buildozer/android/platform/build-arm64-v8a_armeabi-v7a/build/other_builds/python3/armeabi-v7a__ndk_target_30/python3/Lib/test/test_import/data/circular_imports/indirect.py'...
Compiling '/home/null/EncryptorApp/.buildozer/android/platform/build-arm64-v8a_armeabi-v7a/build/other_builds/python3/armeabi-v7a__ndk_target_30/python3/Lib/test/test_import/data/circular_imports/rebinding.py'...
Compiling '/home/null/EncryptorApp/.buildozer/android/platform/build-arm64-v8a_armeabi-v7a/build/other_builds/python3/armeabi-v7a__ndk_target_30/python3/Lib/test/test_import/data/circular_imports/rebinding2.py'...
Compiling '/home/null/EncryptorApp/.buildozer/android/platform/build-arm64-v8a_armeabi-v7a/build/other_builds/python3/armeabi-v7a__ndk_target_30/python3/Lib/test/test_import/data/circular_imports/singlephase.py'...
Compiling '/home/null/EncryptorApp/.buildozer/android/platform/build-arm64-v8a_armeabi-v7a/build/other_builds/python3/armeabi-v7a__ndk_target_30/python3/Lib/test/test_import/data/circular_imports/source.py'...
Compiling '/home/null/EncryptorApp/.buildozer/android/platform/build-arm64-v8a_armeabi-v7a/build/other_builds/python3/armeabi-v7a__ndk_target_30/python3/Lib/test/test_import/data/circular_imports/subpackage.py'...
Listing '/home/null/EncryptorApp/.buildozer/android/platform/build-arm64-v8a_armeabi-v7a/build/other_builds/python3/armeabi-v7a__ndk_target_30/python3/Lib/test/test_import/data/circular_imports/subpkg'...
Compiling '/home/null/EncryptorApp/.buildozer/android/platform/build-arm64-v8a_armeabi-v7a/build/other_builds/python3/armeabi-v7a__ndk_target_30/python3/Lib/test/test_import/data/circular_imports/subpkg/subpackage2.py'...
Compiling '/home/null/EncryptorApp/.buildozer/android/platform/build-arm64-v8a_armeabi-v7a/build/other_builds/python3/armeabi-v7a__ndk_target_30/python3/Lib/test/test_import/data/circular_imports/subpkg/util.py'...
Listing '/home/null/EncryptorApp/.buildozer/android/platform/build-arm64-v8a_armeabi-v7a/build/other_builds/python3/armeabi-v7a__ndk_target_30/python3/Lib/test/test_import/data/circular_imports/subpkg2'...
Compiling '/home/null/EncryptorApp/.buildozer/android/platform/build-arm64-v8a_armeabi-v7a/build/other_builds/python3/armeabi-v7a__ndk_target_30/python3/Lib/test/test_import/data/circular_imports/subpkg2/__init__.py'...
Listing '/home/null/EncryptorApp/.buildozer/android/platform/build-arm64-v8a_armeabi-v7a/build/other_builds/python3/armeabi-v7a__ndk_target_30/python3/Lib/test/test_import/data/circular_imports/subpkg2/parent'...
Compiling '/home/null/EncryptorApp/.buildozer/android/platform/build-arm64-v8a_armeabi-v7a/build/other_builds/python3/armeabi-v7a__ndk_target_30/python3/Lib/test/test_import/data/circular_imports/subpkg2/parent/__init__.py'...
Compiling '/home/null/EncryptorApp/.buildozer/android/platform/build-arm64-v8a_armeabi-v7a/build/other_builds/python3/armeabi-v7a__ndk_target_30/python3/Lib/test/test_import/data/circular_imports/subpkg2/parent/child.py'...
Compiling '/home/null/EncryptorApp/.buildozer/android/platform/build-arm64-v8a_armeabi-v7a/build/other_builds/python3/armeabi-v7a__ndk_target_30/python3/Lib/test/test_import/data/circular_imports/use.py'...
Compiling '/home/null/EncryptorApp/.buildozer/android/platform/build-arm64-v8a_armeabi-v7a/build/other_builds/python3/armeabi-v7a__ndk_target_30/python3/Lib/test/test_import/data/circular_imports/util.py'...
Compiling '/home/null/EncryptorApp/.buildozer/android/platform/build-arm64-v8a_armeabi-v7a/build/other_builds/python3/armeabi-v7a__ndk_target_30/python3/Lib/test/test_import/data/double_const.py'...
Listing '/home/null/EncryptorApp/.buildozer/android/platform/build-arm64-v8a_armeabi-v7a/build/other_builds/python3/armeabi-v7a__ndk_target_30/python3/Lib/test/test_import/data/package'...
Compiling '/home/null/EncryptorApp/.buildozer/android/platform/build-arm64-v8a_armeabi-v7a/build/other_builds/python3/armeabi-v7a__ndk_target_30/python3/Lib/test/test_import/data/package/__init__.py'...
Compiling '/home/null/EncryptorApp/.buildozer/android/platform/build-arm64-v8a_armeabi-v7a/build/other_builds/python3/armeabi-v7a__ndk_target_30/python3/Lib/test/test_import/data/package/submodule.py'...
Listing '/home/null/EncryptorApp/.buildozer/android/platform/build-arm64-v8a_armeabi-v7a/build/other_builds/python3/armeabi-v7a__ndk_target_30/python3/Lib/test/test_import/data/package2'...
Compiling '/home/null/EncryptorApp/.buildozer/android/platform/build-arm64-v8a_armeabi-v7a/build/other_builds/python3/armeabi-v7a__ndk_target_30/python3/Lib/test/test_import/data/package2/submodule1.py'...
Compiling '/home/null/EncryptorApp/.buildozer/android/platform/build-arm64-v8a_armeabi-v7a/build/other_builds/python3/armeabi-v7a__ndk_target_30/python3/Lib/test/test_import/data/package2/submodule2.py'...
Listing '/home/null/EncryptorApp/.buildozer/android/platform/build-arm64-v8a_armeabi-v7a/build/other_builds/python3/armeabi-v7a__ndk_target_30/python3/Lib/test/test_import/data/package3'...
Compiling '/home/null/EncryptorApp/.buildozer/android/platform/build-arm64-v8a_armeabi-v7a/build/other_builds/python3/armeabi-v7a__ndk_target_30/python3/Lib/test/test_import/data/package3/__init__.py'...
Compiling '/home/null/EncryptorApp/.buildozer/android/platform/build-arm64-v8a_armeabi-v7a/build/other_builds/python3/armeabi-v7a__ndk_target_30/python3/Lib/test/test_import/data/package3/submodule.py'...
Listing '/home/null/EncryptorApp/.buildozer/android/platform/build-arm64-v8a_armeabi-v7a/build/other_builds/python3/armeabi-v7a__ndk_target_30/python3/Lib/test/test_import/data/package4'...
Compiling '/home/null/EncryptorApp/.buildozer/android/platform/build-arm64-v8a_armeabi-v7a/build/other_builds/python3/armeabi-v7a__ndk_target_30/python3/Lib/test/test_import/data/package4/__init__.py'...
Compiling '/home/null/EncryptorApp/.buildozer/android/platform/build-arm64-v8a_armeabi-v7a/build/other_builds/python3/armeabi-v7a__ndk_target_30/python3/Lib/test/test_import/data/package4/submodule.py'...
Listing '/home/null/EncryptorApp/.buildozer/android/platform/build-arm64-v8a_armeabi-v7a/build/other_builds/python3/armeabi-v7a__ndk_target_30/python3/Lib/test/test_import/data/unwritable'...
Compiling '/home/null/EncryptorApp/.buildozer/android/platform/build-arm64-v8a_armeabi-v7a/build/other_builds/python3/armeabi-v7a__ndk_target_30/python3/Lib/test/test_import/data/unwritable/__init__.py'...
Compiling '/home/null/EncryptorApp/.buildozer/android/platform/build-arm64-v8a_armeabi-v7a/build/other_builds/python3/armeabi-v7a__ndk_target_30/python3/Lib/test/test_import/data/unwritable/x.py'...
Listing '/home/null/EncryptorApp/.buildozer/android/platform/build-arm64-v8a_armeabi-v7a/build/other_builds/python3/armeabi-v7a__ndk_target_30/python3/Lib/test/test_importlib'...
Compiling '/home/null/EncryptorApp/.buildozer/android/platform/build-arm64-v8a_armeabi-v7a/build/other_builds/python3/armeabi-v7a__ndk_target_30/python3/Lib/test/test_importlib/__init__.py'...
Compiling '/home/null/EncryptorApp/.buildozer/android/platform/build-arm64-v8a_armeabi-v7a/build/other_builds/python3/armeabi-v7a__ndk_target_30/python3/Lib/test/test_importlib/__main__.py'...
Compiling '/home/null/EncryptorApp/.buildozer/android/platform/build-arm64-v8a_armeabi-v7a/build/other_builds/python3/armeabi-v7a__ndk_target_30/python3/Lib/test/test_importlib/abc.py'...
Listing '/home/null/EncryptorApp/.buildozer/android/platform/build-arm64-v8a_armeabi-v7a/build/other_builds/python3/armeabi-v7a__ndk_target_30/python3/Lib/test/test_importlib/builtin'...
Compiling '/home/null/EncryptorApp/.buildozer/android/platform/build-arm64-v8a_armeabi-v7a/build/other_builds/python3/armeabi-v7a__ndk_target_30/python3/Lib/test/test_importlib/builtin/__init__.py'...
Compiling '/home/null/EncryptorApp/.buildozer/android/platform/build-arm64-v8a_armeabi-v7a/build/other_builds/python3/armeabi-v7a__ndk_target_30/python3/Lib/test/test_importlib/builtin/__main__.py'...
Compiling '/home/null/EncryptorApp/.buildozer/android/platform/build-arm64-v8a_armeabi-v7a/build/other_builds/python3/armeabi-v7a__ndk_target_30/python3/Lib/test/test_importlib/builtin/test_finder.py'...
Compiling '/home/null/EncryptorApp/.buildozer/android/platform/build-arm64-v8a_armeabi-v7a/build/other_builds/python3/armeabi-v7a__ndk_target_30/python3/Lib/test/test_importlib/builtin/test_loader.py'...
Listing '/home/null/EncryptorApp/.buildozer/android/platform/build-arm64-v8a_armeabi-v7a/build/other_builds/python3/armeabi-v7a__ndk_target_30/python3/Lib/test/test_importlib/extension'...
Compiling '/home/null/EncryptorApp/.buildozer/android/platform/build-arm64-v8a_armeabi-v7a/build/other_builds/python3/armeabi-v7a__ndk_target_30/python3/Lib/test/test_importlib/extension/__init__.py'...
Compiling '/home/null/EncryptorApp/.buildozer/android/platform/build-arm64-v8a_armeabi-v7a/build/other_builds/python3/armeabi-v7a__ndk_target_30/python3/Lib/test/test_importlib/extension/__main__.py'...
Compiling '/home/null/EncryptorApp/.buildozer/android/platform/build-arm64-v8a_armeabi-v7a/build/other_builds/python3/armeabi-v7a__ndk_target_30/python3/Lib/test/test_importlib/extension/_test_nonmodule_cases.py'...
Compiling '/home/null/EncryptorApp/.buildozer/android/platform/build-arm64-v8a_armeabi-v7a/build/other_builds/python3/armeabi-v7a__ndk_target_30/python3/Lib/test/test_importlib/extension/test_case_sensitivity.py'...
Compiling '/home/null/EncryptorApp/.buildozer/android/platform/build-arm64-v8a_armeabi-v7a/build/other_builds/python3/armeabi-v7a__ndk_target_30/python3/Lib/test/test_importlib/extension/test_finder.py'...
Compiling '/home/null/EncryptorApp/.buildozer/android/platform/build-arm64-v8a_armeabi-v7a/build/other_builds/python3/armeabi-v7a__ndk_target_30/python3/Lib/test/test_importlib/extension/test_loader.py'...
Compiling '/home/null/EncryptorApp/.buildozer/android/platform/build-arm64-v8a_armeabi-v7a/build/other_builds/python3/armeabi-v7a__ndk_target_30/python3/Lib/test/test_importlib/extension/test_path_hook.py'...
Listing '/home/null/EncryptorApp/.buildozer/android/platform/build-arm64-v8a_armeabi-v7a/build/other_builds/python3/armeabi-v7a__ndk_target_30/python3/Lib/test/test_importlib/frozen'...
Compiling '/home/null/EncryptorApp/.buildozer/android/platform/build-arm64-v8a_armeabi-v7a/build/other_builds/python3/armeabi-v7a__ndk_target_30/python3/Lib/test/test_importlib/frozen/__init__.py'...
Compiling '/home/null/EncryptorApp/.buildozer/android/platform/build-arm64-v8a_armeabi-v7a/build/other_builds/python3/armeabi-v7a__ndk_target_30/python3/Lib/test/test_importlib/frozen/__main__.py'...
Compiling '/home/null/EncryptorApp/.buildozer/android/platform/build-arm64-v8a_armeabi-v7a/build/other_builds/python3/armeabi-v7a__ndk_target_30/python3/Lib/test/test_importlib/frozen/test_finder.py'...
Compiling '/home/null/EncryptorApp/.buildozer/android/platform/build-arm64-v8a_armeabi-v7a/build/other_builds/python3/armeabi-v7a__ndk_target_30/python3/Lib/test/test_importlib/frozen/test_loader.py'...
Listing '/home/null/EncryptorApp/.buildozer/android/platform/build-arm64-v8a_armeabi-v7a/build/other_builds/python3/armeabi-v7a__ndk_target_30/python3/Lib/test/test_importlib/import_'...
Compiling '/home/null/EncryptorApp/.buildozer/android/platform/build-arm64-v8a_armeabi-v7a/build/other_builds/python3/armeabi-v7a__ndk_target_30/python3/Lib/test/test_importlib/import_/__init__.py'...
Compiling '/home/null/EncryptorApp/.buildozer/android/platform/build-arm64-v8a_armeabi-v7a/build/other_builds/python3/armeabi-v7a__ndk_target_30/python3/Lib/test/test_importlib/import_/__main__.py'...
Compiling '/home/null/EncryptorApp/.buildozer/android/platform/build-arm64-v8a_armeabi-v7a/build/other_builds/python3/armeabi-v7a__ndk_target_30/python3/Lib/test/test_importlib/import_/test___loader__.py'...
Compiling '/home/null/EncryptorApp/.buildozer/android/platform/build-arm64-v8a_armeabi-v7a/build/other_builds/python3/armeabi-v7a__ndk_target_30/python3/Lib/test/test_importlib/import_/test___package__.py'...
Compiling '/home/null/EncryptorApp/.buildozer/android/platform/build-arm64-v8a_armeabi-v7a/build/other_builds/python3/armeabi-v7a__ndk_target_30/python3/Lib/test/test_importlib/import_/test_api.py'...
Compiling '/home/null/EncryptorApp/.buildozer/android/platform/build-arm64-v8a_armeabi-v7a/build/other_builds/python3/armeabi-v7a__ndk_target_30/python3/Lib/test/test_importlib/import_/test_caching.py'...
Compiling '/home/null/EncryptorApp/.buildozer/android/platform/build-arm64-v8a_armeabi-v7a/build/other_builds/python3/armeabi-v7a__ndk_target_30/python3/Lib/test/test_importlib/import_/test_fromlist.py'...
Compiling '/home/null/EncryptorApp/.buildozer/android/platform/build-arm64-v8a_armeabi-v7a/build/other_builds/python3/armeabi-v7a__ndk_target_30/python3/Lib/test/test_importlib/import_/test_helpers.py'...
Compiling '/home/null/EncryptorApp/.buildozer/android/platform/build-arm64-v8a_armeabi-v7a/build/other_builds/python3/armeabi-v7a__ndk_target_30/python3/Lib/test/test_importlib/import_/test_meta_path.py'...
Compiling '/home/null/EncryptorApp/.buildozer/android/platform/build-arm64-v8a_armeabi-v7a/build/other_builds/python3/armeabi-v7a__ndk_target_30/python3/Lib/test/test_importlib/import_/test_packages.py'...
Compiling '/home/null/EncryptorApp/.buildozer/android/platform/build-arm64-v8a_armeabi-v7a/build/other_builds/python3/armeabi-v7a__ndk_target_30/python3/Lib/test/test_importlib/import_/test_path.py'...
Compiling '/home/null/EncryptorApp/.buildozer/android/platform/build-arm64-v8a_armeabi-v7a/build/other_builds/python3/armeabi-v7a__ndk_target_30/python3/Lib/test/test_importlib/import_/test_relative_imports.py'...
Listing '/home/null/EncryptorApp/.buildozer/android/platform/build-arm64-v8a_armeabi-v7a/build/other_builds/python3/armeabi-v7a__ndk_target_30/python3/Lib/test/test_importlib/metadata'...
Compiling '/home/null/EncryptorApp/.buildozer/android/platform/build-arm64-v8a_armeabi-v7a/build/other_builds/python3/armeabi-v7a__ndk_target_30/python3/Lib/test/test_importlib/metadata/__init__.py'...
Compiling '/home/null/EncryptorApp/.buildozer/android/platform/build-arm64-v8a_armeabi-v7a/build/other_builds/python3/armeabi-v7a__ndk_target_30/python3/Lib/test/test_importlib/metadata/_context.py'...
Compiling '/home/null/EncryptorApp/.buildozer/android/platform/build-arm64-v8a_armeabi-v7a/build/other_builds/python3/armeabi-v7a__ndk_target_30/python3/Lib/test/test_importlib/metadata/_path.py'...
Listing '/home/null/EncryptorApp/.buildozer/android/platform/build-arm64-v8a_armeabi-v7a/build/other_builds/python3/armeabi-v7a__ndk_target_30/python3/Lib/test/test_importlib/metadata/data'...
Compiling '/home/null/EncryptorApp/.buildozer/android/platform/build-arm64-v8a_armeabi-v7a/build/other_builds/python3/armeabi-v7a__ndk_target_30/python3/Lib/test/test_importlib/metadata/data/__init__.py'...
Listing '/home/null/EncryptorApp/.buildozer/android/platform/build-arm64-v8a_armeabi-v7a/build/other_builds/python3/armeabi-v7a__ndk_target_30/python3/Lib/test/test_importlib/metadata/data/sources'...
Listing '/home/null/EncryptorApp/.buildozer/android/platform/build-arm64-v8a_armeabi-v7a/build/other_builds/python3/armeabi-v7a__ndk_target_30/python3/Lib/test/test_importlib/metadata/data/sources/example'...
Listing '/home/null/EncryptorApp/.buildozer/android/platform/build-arm64-v8a_armeabi-v7a/build/other_builds/python3/armeabi-v7a__ndk_target_30/python3/Lib/test/test_importlib/metadata/data/sources/example/example'...
Compiling '/home/null/EncryptorApp/.buildozer/android/platform/build-arm64-v8a_armeabi-v7a/build/other_builds/python3/armeabi-v7a__ndk_target_30/python3/Lib/test/test_importlib/metadata/data/sources/example/example/__init__.py'...
Compiling '/home/null/EncryptorApp/.buildozer/android/platform/build-arm64-v8a_armeabi-v7a/build/other_builds/python3/armeabi-v7a__ndk_target_30/python3/Lib/test/test_importlib/metadata/data/sources/example/setup.py'...
Listing '/home/null/EncryptorApp/.buildozer/android/platform/build-arm64-v8a_armeabi-v7a/build/other_builds/python3/armeabi-v7a__ndk_target_30/python3/Lib/test/test_importlib/metadata/data/sources/example2'...
Listing '/home/null/EncryptorApp/.buildozer/android/platform/build-arm64-v8a_armeabi-v7a/build/other_builds/python3/armeabi-v7a__ndk_target_30/python3/Lib/test/test_importlib/metadata/data/sources/example2/example2'...
Compiling '/home/null/EncryptorApp/.buildozer/android/platform/build-arm64-v8a_armeabi-v7a/build/other_builds/python3/armeabi-v7a__ndk_target_30/python3/Lib/test/test_importlib/metadata/data/sources/example2/example2/__init__.py'...
Compiling '/home/null/EncryptorApp/.buildozer/android/platform/build-arm64-v8a_armeabi-v7a/build/other_builds/python3/armeabi-v7a__ndk_target_30/python3/Lib/test/test_importlib/metadata/fixtures.py'...
Compiling '/home/null/EncryptorApp/.buildozer/android/platform/build-arm64-v8a_armeabi-v7a/build/other_builds/python3/armeabi-v7a__ndk_target_30/python3/Lib/test/test_importlib/metadata/stubs.py'...
Compiling '/home/null/EncryptorApp/.buildozer/android/platform/build-arm64-v8a_armeabi-v7a/build/other_builds/python3/armeabi-v7a__ndk_target_30/python3/Lib/test/test_importlib/metadata/test_api.py'...
Compiling '/home/null/EncryptorApp/.buildozer/android/platform/build-arm64-v8a_armeabi-v7a/build/other_builds/python3/armeabi-v7a__ndk_target_30/python3/Lib/test/test_importlib/metadata/test_main.py'...
Compiling '/home/null/EncryptorApp/.buildozer/android/platform/build-arm64-v8a_armeabi-v7a/build/other_builds/python3/armeabi-v7a__ndk_target_30/python3/Lib/test/test_importlib/metadata/test_zip.py'...
Listing '/home/null/EncryptorApp/.buildozer/android/platform/build-arm64-v8a_armeabi-v7a/build/other_builds/python3/armeabi-v7a__ndk_target_30/python3/Lib/test/test_importlib/namespace_pkgs'...
Listing '/home/null/EncryptorApp/.buildozer/android/platform/build-arm64-v8a_armeabi-v7a/build/other_builds/python3/armeabi-v7a__ndk_target_30/python3/Lib/test/test_importlib/namespace_pkgs/both_portions'...
Listing '/home/null/EncryptorApp/.buildozer/android/platform/build-arm64-v8a_armeabi-v7a/build/other_builds/python3/armeabi-v7a__ndk_target_30/python3/Lib/test/test_importlib/namespace_pkgs/both_portions/foo'...
Compiling '/home/null/EncryptorApp/.buildozer/android/platform/build-arm64-v8a_armeabi-v7a/build/other_builds/python3/armeabi-v7a__ndk_target_30/python3/Lib/test/test_importlib/namespace_pkgs/both_portions/foo/one.py'...
Compiling '/home/null/EncryptorApp/.buildozer/android/platform/build-arm64-v8a_armeabi-v7a/build/other_builds/python3/armeabi-v7a__ndk_target_30/python3/Lib/test/test_importlib/namespace_pkgs/both_portions/foo/two.py'...
Listing '/home/null/EncryptorApp/.buildozer/android/platform/build-arm64-v8a_armeabi-v7a/build/other_builds/python3/armeabi-v7a__ndk_target_30/python3/Lib/test/test_importlib/namespace_pkgs/module_and_namespace_package'...
Listing '/home/null/EncryptorApp/.buildozer/android/platform/build-arm64-v8a_armeabi-v7a/build/other_builds/python3/armeabi-v7a__ndk_target_30/python3/Lib/test/test_importlib/namespace_pkgs/module_and_namespace_package/a_test'...
Compiling '/home/null/EncryptorApp/.buildozer/android/platform/build-arm64-v8a_armeabi-v7a/build/other_builds/python3/armeabi-v7a__ndk_target_30/python3/Lib/test/test_importlib/namespace_pkgs/module_and_namespace_package/a_test.py'...
Listing '/home/null/EncryptorApp/.buildozer/android/platform/build-arm64-v8a_armeabi-v7a/build/other_builds/python3/armeabi-v7a__ndk_target_30/python3/Lib/test/test_importlib/namespace_pkgs/not_a_namespace_pkg'...
Listing '/home/null/EncryptorApp/.buildozer/android/platform/build-arm64-v8a_armeabi-v7a/build/other_builds/python3/armeabi-v7a__ndk_target_30/python3/Lib/test/test_importlib/namespace_pkgs/not_a_namespace_pkg/foo'...
Compiling '/home/null/EncryptorApp/.buildozer/android/platform/build-arm64-v8a_armeabi-v7a/build/other_builds/python3/armeabi-v7a__ndk_target_30/python3/Lib/test/test_importlib/namespace_pkgs/not_a_namespace_pkg/foo/__init__.py'...
Compiling '/home/null/EncryptorApp/.buildozer/android/platform/build-arm64-v8a_armeabi-v7a/build/other_builds/python3/armeabi-v7a__ndk_target_30/python3/Lib/test/test_importlib/namespace_pkgs/not_a_namespace_pkg/foo/one.py'...
Listing '/home/null/EncryptorApp/.buildozer/android/platform/build-arm64-v8a_armeabi-v7a/build/other_builds/python3/armeabi-v7a__ndk_target_30/python3/Lib/test/test_importlib/namespace_pkgs/portion1'...
Listing '/home/null/EncryptorApp/.buildozer/android/platform/build-arm64-v8a_armeabi-v7a/build/other_builds/python3/armeabi-v7a__ndk_target_30/python3/Lib/test/test_importlib/namespace_pkgs/portion1/foo'...
Compiling '/home/null/EncryptorApp/.buildozer/android/platform/build-arm64-v8a_armeabi-v7a/build/other_builds/python3/armeabi-v7a__ndk_target_30/python3/Lib/test/test_importlib/namespace_pkgs/portion1/foo/one.py'...
Listing '/home/null/EncryptorApp/.buildozer/android/platform/build-arm64-v8a_armeabi-v7a/build/other_builds/python3/armeabi-v7a__ndk_target_30/python3/Lib/test/test_importlib/namespace_pkgs/portion2'...
Listing '/home/null/EncryptorApp/.buildozer/android/platform/build-arm64-v8a_armeabi-v7a/build/other_builds/python3/armeabi-v7a__ndk_target_30/python3/Lib/test/test_importlib/namespace_pkgs/portion2/foo'...
Compiling '/home/null/EncryptorApp/.buildozer/android/platform/build-arm64-v8a_armeabi-v7a/build/other_builds/python3/armeabi-v7a__ndk_target_30/python3/Lib/test/test_importlib/namespace_pkgs/portion2/foo/two.py'...
Listing '/home/null/EncryptorApp/.buildozer/android/platform/build-arm64-v8a_armeabi-v7a/build/other_builds/python3/armeabi-v7a__ndk_target_30/python3/Lib/test/test_importlib/namespace_pkgs/project1'...
Listing '/home/null/EncryptorApp/.buildozer/android/platform/build-arm64-v8a_armeabi-v7a/build/other_builds/python3/armeabi-v7a__ndk_target_30/python3/Lib/test/test_importlib/namespace_pkgs/project1/parent'...
Listing '/home/null/EncryptorApp/.buildozer/android/platform/build-arm64-v8a_armeabi-v7a/build/other_builds/python3/armeabi-v7a__ndk_target_30/python3/Lib/test/test_importlib/namespace_pkgs/project1/parent/child'...
Compiling '/home/null/EncryptorApp/.buildozer/android/platform/build-arm64-v8a_armeabi-v7a/build/other_builds/python3/armeabi-v7a__ndk_target_30/python3/Lib/test/test_importlib/namespace_pkgs/project1/parent/child/one.py'...
Listing '/home/null/EncryptorApp/.buildozer/android/platform/build-arm64-v8a_armeabi-v7a/build/other_builds/python3/armeabi-v7a__ndk_target_30/python3/Lib/test/test_importlib/namespace_pkgs/project2'...
Listing '/home/null/EncryptorApp/.buildozer/android/platform/build-arm64-v8a_armeabi-v7a/build/other_builds/python3/armeabi-v7a__ndk_target_30/python3/Lib/test/test_importlib/namespace_pkgs/project2/parent'...
Listing '/home/null/EncryptorApp/.buildozer/android/platform/build-arm64-v8a_armeabi-v7a/build/other_builds/python3/armeabi-v7a__ndk_target_30/python3/Lib/test/test_importlib/namespace_pkgs/project2/parent/child'...
Compiling '/home/null/EncryptorApp/.buildozer/android/platform/build-arm64-v8a_armeabi-v7a/build/other_builds/python3/armeabi-v7a__ndk_target_30/python3/Lib/test/test_importlib/namespace_pkgs/project2/parent/child/two.py'...
Listing '/home/null/EncryptorApp/.buildozer/android/platform/build-arm64-v8a_armeabi-v7a/build/other_builds/python3/armeabi-v7a__ndk_target_30/python3/Lib/test/test_importlib/namespace_pkgs/project3'...
Listing '/home/null/EncryptorApp/.buildozer/android/platform/build-arm64-v8a_armeabi-v7a/build/other_builds/python3/armeabi-v7a__ndk_target_30/python3/Lib/test/test_importlib/namespace_pkgs/project3/parent'...
Listing '/home/null/EncryptorApp/.buildozer/android/platform/build-arm64-v8a_armeabi-v7a/build/other_builds/python3/armeabi-v7a__ndk_target_30/python3/Lib/test/test_importlib/namespace_pkgs/project3/parent/child'...
Compiling '/home/null/EncryptorApp/.buildozer/android/platform/build-arm64-v8a_armeabi-v7a/build/other_builds/python3/armeabi-v7a__ndk_target_30/python3/Lib/test/test_importlib/namespace_pkgs/project3/parent/child/three.py'...
Listing '/home/null/EncryptorApp/.buildozer/android/platform/build-arm64-v8a_armeabi-v7a/build/other_builds/python3/armeabi-v7a__ndk_target_30/python3/Lib/test/test_importlib/partial'...
Compiling '/home/null/EncryptorApp/.buildozer/android/platform/build-arm64-v8a_armeabi-v7a/build/other_builds/python3/armeabi-v7a__ndk_target_30/python3/Lib/test/test_importlib/partial/cfimport.py'...
Compiling '/home/null/EncryptorApp/.buildozer/android/platform/build-arm64-v8a_armeabi-v7a/build/other_builds/python3/armeabi-v7a__ndk_target_30/python3/Lib/test/test_importlib/partial/pool_in_threads.py'...
Listing '/home/null/EncryptorApp/.buildozer/android/platform/build-arm64-v8a_armeabi-v7a/build/other_builds/python3/armeabi-v7a__ndk_target_30/python3/Lib/test/test_importlib/resources'...
Compiling '/home/null/EncryptorApp/.buildozer/android/platform/build-arm64-v8a_armeabi-v7a/build/other_builds/python3/armeabi-v7a__ndk_target_30/python3/Lib/test/test_importlib/resources/__init__.py'...
Compiling '/home/null/EncryptorApp/.buildozer/android/platform/build-arm64-v8a_armeabi-v7a/build/other_builds/python3/armeabi-v7a__ndk_target_30/python3/Lib/test/test_importlib/resources/_path.py'...
Compiling '/home/null/EncryptorApp/.buildozer/android/platform/build-arm64-v8a_armeabi-v7a/build/other_builds/python3/armeabi-v7a__ndk_target_30/python3/Lib/test/test_importlib/resources/test_compatibilty_files.py'...
Compiling '/home/null/EncryptorApp/.buildozer/android/platform/build-arm64-v8a_armeabi-v7a/build/other_builds/python3/armeabi-v7a__ndk_target_30/python3/Lib/test/test_importlib/resources/test_contents.py'...
Compiling '/home/null/EncryptorApp/.buildozer/android/platform/build-arm64-v8a_armeabi-v7a/build/other_builds/python3/armeabi-v7a__ndk_target_30/python3/Lib/test/test_importlib/resources/test_custom.py'...
Compiling '/home/null/EncryptorApp/.buildozer/android/platform/build-arm64-v8a_armeabi-v7a/build/other_builds/python3/armeabi-v7a__ndk_target_30/python3/Lib/test/test_importlib/resources/test_files.py'...
Compiling '/home/null/EncryptorApp/.buildozer/android/platform/build-arm64-v8a_armeabi-v7a/build/other_builds/python3/armeabi-v7a__ndk_target_30/python3/Lib/test/test_importlib/resources/test_functional.py'...
Compiling '/home/null/EncryptorApp/.buildozer/android/platform/build-arm64-v8a_armeabi-v7a/build/other_builds/python3/armeabi-v7a__ndk_target_30/python3/Lib/test/test_importlib/resources/test_open.py'...
Compiling '/home/null/EncryptorApp/.buildozer/android/platform/build-arm64-v8a_armeabi-v7a/build/other_builds/python3/armeabi-v7a__ndk_target_30/python3/Lib/test/test_importlib/resources/test_path.py'...
Compiling '/home/null/EncryptorApp/.buildozer/android/platform/build-arm64-v8a_armeabi-v7a/build/other_builds/python3/armeabi-v7a__ndk_target_30/python3/Lib/test/test_importlib/resources/test_read.py'...
Compiling '/home/null/EncryptorApp/.buildozer/android/platform/build-arm64-v8a_armeabi-v7a/build/other_builds/python3/armeabi-v7a__ndk_target_30/python3/Lib/test/test_importlib/resources/test_reader.py'...
Compiling '/home/null/EncryptorApp/.buildozer/android/platform/build-arm64-v8a_armeabi-v7a/build/other_builds/python3/armeabi-v7a__ndk_target_30/python3/Lib/test/test_importlib/resources/test_resource.py'...
Compiling '/home/null/EncryptorApp/.buildozer/android/platform/build-arm64-v8a_armeabi-v7a/build/other_builds/python3/armeabi-v7a__ndk_target_30/python3/Lib/test/test_importlib/resources/util.py'...
Compiling '/home/null/EncryptorApp/.buildozer/android/platform/build-arm64-v8a_armeabi-v7a/build/other_builds/python3/armeabi-v7a__ndk_target_30/python3/Lib/test/test_importlib/resources/zip.py'...
Listing '/home/null/EncryptorApp/.buildozer/android/platform/build-arm64-v8a_armeabi-v7a/build/other_builds/python3/armeabi-v7a__ndk_target_30/python3/Lib/test/test_importlib/source'...
Compiling '/home/null/EncryptorApp/.buildozer/android/platform/build-arm64-v8a_armeabi-v7a/build/other_builds/python3/armeabi-v7a__ndk_target_30/python3/Lib/test/test_importlib/source/__init__.py'...
Compiling '/home/null/EncryptorApp/.buildozer/android/platform/build-arm64-v8a_armeabi-v7a/build/other_builds/python3/armeabi-v7a__ndk_target_30/python3/Lib/test/test_importlib/source/__main__.py'...
Compiling '/home/null/EncryptorApp/.buildozer/android/platform/build-arm64-v8a_armeabi-v7a/build/other_builds/python3/armeabi-v7a__ndk_target_30/python3/Lib/test/test_importlib/source/test_case_sensitivity.py'...
Compiling '/home/null/EncryptorApp/.buildozer/android/platform/build-arm64-v8a_armeabi-v7a/build/other_builds/python3/armeabi-v7a__ndk_target_30/python3/Lib/test/test_importlib/source/test_file_loader.py'...
Compiling '/home/null/EncryptorApp/.buildozer/android/platform/build-arm64-v8a_armeabi-v7a/build/other_builds/python3/armeabi-v7a__ndk_target_30/python3/Lib/test/test_importlib/source/test_finder.py'...
Compiling '/home/null/EncryptorApp/.buildozer/android/platform/build-arm64-v8a_armeabi-v7a/build/other_builds/python3/armeabi-v7a__ndk_target_30/python3/Lib/test/test_importlib/source/test_path_hook.py'...
Compiling '/home/null/EncryptorApp/.buildozer/android/platform/build-arm64-v8a_armeabi-v7a/build/other_builds/python3/armeabi-v7a__ndk_target_30/python3/Lib/test/test_importlib/source/test_source_encoding.py'...
Compiling '/home/null/EncryptorApp/.buildozer/android/platform/build-arm64-v8a_armeabi-v7a/build/other_builds/python3/armeabi-v7a__ndk_target_30/python3/Lib/test/test_importlib/test_abc.py'...
Compiling '/home/null/EncryptorApp/.buildozer/android/platform/build-arm64-v8a_armeabi-v7a/build/other_builds/python3/armeabi-v7a__ndk_target_30/python3/Lib/test/test_importlib/test_api.py'...
Compiling '/home/null/EncryptorApp/.buildozer/android/platform/build-arm64-v8a_armeabi-v7a/build/other_builds/python3/armeabi-v7a__ndk_target_30/python3/Lib/test/test_importlib/test_lazy.py'...
Compiling '/home/null/EncryptorApp/.buildozer/android/platform/build-arm64-v8a_armeabi-v7a/build/other_builds/python3/armeabi-v7a__ndk_target_30/python3/Lib/test/test_importlib/test_locks.py'...
Compiling '/home/null/EncryptorApp/.buildozer/android/platform/build-arm64-v8a_armeabi-v7a/build/other_builds/python3/armeabi-v7a__ndk_target_30/python3/Lib/test/test_importlib/test_namespace_pkgs.py'...
Compiling '/home/null/EncryptorApp/.buildozer/android/platform/build-arm64-v8a_armeabi-v7a/build/other_builds/python3/armeabi-v7a__ndk_target_30/python3/Lib/test/test_importlib/test_pkg_import.py'...
Compiling '/home/null/EncryptorApp/.buildozer/android/platform/build-arm64-v8a_armeabi-v7a/build/other_builds/python3/armeabi-v7a__ndk_target_30/python3/Lib/test/test_importlib/test_spec.py'...
Compiling '/home/null/EncryptorApp/.buildozer/android/platform/build-arm64-v8a_armeabi-v7a/build/other_builds/python3/armeabi-v7a__ndk_target_30/python3/Lib/test/test_importlib/test_threaded_import.py'...
Compiling '/home/null/EncryptorApp/.buildozer/android/platform/build-arm64-v8a_armeabi-v7a/build/other_builds/python3/armeabi-v7a__ndk_target_30/python3/Lib/test/test_importlib/test_util.py'...
Compiling '/home/null/EncryptorApp/.buildozer/android/platform/build-arm64-v8a_armeabi-v7a/build/other_builds/python3/armeabi-v7a__ndk_target_30/python3/Lib/test/test_importlib/test_windows.py'...
Compiling '/home/null/EncryptorApp/.buildozer/android/platform/build-arm64-v8a_armeabi-v7a/build/other_builds/python3/armeabi-v7a__ndk_target_30/python3/Lib/test/test_importlib/threaded_import_hangers.py'...
Compiling '/home/null/EncryptorApp/.buildozer/android/platform/build-arm64-v8a_armeabi-v7a/build/other_builds/python3/armeabi-v7a__ndk_target_30/python3/Lib/test/test_importlib/util.py'...
Compiling '/home/null/EncryptorApp/.buildozer/android/platform/build-arm64-v8a_armeabi-v7a/build/other_builds/python3/armeabi-v7a__ndk_target_30/python3/Lib/test/test_index.py'...
Listing '/home/null/EncryptorApp/.buildozer/android/platform/build-arm64-v8a_armeabi-v7a/build/other_builds/python3/armeabi-v7a__ndk_target_30/python3/Lib/test/test_inspect'...
Compiling '/home/null/EncryptorApp/.buildozer/android/platform/build-arm64-v8a_armeabi-v7a/build/other_builds/python3/armeabi-v7a__ndk_target_30/python3/Lib/test/test_inspect/__init__.py'...
Compiling '/home/null/EncryptorApp/.buildozer/android/platform/build-arm64-v8a_armeabi-v7a/build/other_builds/python3/armeabi-v7a__ndk_target_30/python3/Lib/test/test_inspect/inspect_deferred_annotations.py'...
Compiling '/home/null/EncryptorApp/.buildozer/android/platform/build-arm64-v8a_armeabi-v7a/build/other_builds/python3/armeabi-v7a__ndk_target_30/python3/Lib/test/test_inspect/inspect_fodder.py'...
Compiling '/home/null/EncryptorApp/.buildozer/android/platform/build-arm64-v8a_armeabi-v7a/build/other_builds/python3/armeabi-v7a__ndk_target_30/python3/Lib/test/test_inspect/inspect_fodder2.py'...
Compiling '/home/null/EncryptorApp/.buildozer/android/platform/build-arm64-v8a_armeabi-v7a/build/other_builds/python3/armeabi-v7a__ndk_target_30/python3/Lib/test/test_inspect/inspect_stock_annotations.py'...
Compiling '/home/null/EncryptorApp/.buildozer/android/platform/build-arm64-v8a_armeabi-v7a/build/other_builds/python3/armeabi-v7a__ndk_target_30/python3/Lib/test/test_inspect/inspect_stringized_annotations.py'...
Compiling '/home/null/EncryptorApp/.buildozer/android/platform/build-arm64-v8a_armeabi-v7a/build/other_builds/python3/armeabi-v7a__ndk_target_30/python3/Lib/test/test_inspect/inspect_stringized_annotations_2.py'...
Compiling '/home/null/EncryptorApp/.buildozer/android/platform/build-arm64-v8a_armeabi-v7a/build/other_builds/python3/armeabi-v7a__ndk_target_30/python3/Lib/test/test_inspect/inspect_stringized_annotations_pep695.py'...
Compiling '/home/null/EncryptorApp/.buildozer/android/platform/build-arm64-v8a_armeabi-v7a/build/other_builds/python3/armeabi-v7a__ndk_target_30/python3/Lib/test/test_inspect/test_inspect.py'...
Compiling '/home/null/EncryptorApp/.buildozer/android/platform/build-arm64-v8a_armeabi-v7a/build/other_builds/python3/armeabi-v7a__ndk_target_30/python3/Lib/test/test_int.py'...
Compiling '/home/null/EncryptorApp/.buildozer/android/platform/build-arm64-v8a_armeabi-v7a/build/other_builds/python3/armeabi-v7a__ndk_target_30/python3/Lib/test/test_int_literal.py'...
Listing '/home/null/EncryptorApp/.buildozer/android/platform/build-arm64-v8a_armeabi-v7a/build/other_builds/python3/armeabi-v7a__ndk_target_30/python3/Lib/test/test_interpreters'...
Compiling '/home/null/EncryptorApp/.buildozer/android/platform/build-arm64-v8a_armeabi-v7a/build/other_builds/python3/armeabi-v7a__ndk_target_30/python3/Lib/test/test_interpreters/__init__.py'...
Compiling '/home/null/EncryptorApp/.buildozer/android/platform/build-arm64-v8a_armeabi-v7a/build/other_builds/python3/armeabi-v7a__ndk_target_30/python3/Lib/test/test_interpreters/__main__.py'...
Compiling '/home/null/EncryptorApp/.buildozer/android/platform/build-arm64-v8a_armeabi-v7a/build/other_builds/python3/armeabi-v7a__ndk_target_30/python3/Lib/test/test_interpreters/test_api.py'...
Compiling '/home/null/EncryptorApp/.buildozer/android/platform/build-arm64-v8a_armeabi-v7a/build/other_builds/python3/armeabi-v7a__ndk_target_30/python3/Lib/test/test_interpreters/test_channels.py'...
Compiling '/home/null/EncryptorApp/.buildozer/android/platform/build-arm64-v8a_armeabi-v7a/build/other_builds/python3/armeabi-v7a__ndk_target_30/python3/Lib/test/test_interpreters/test_lifecycle.py'...
Compiling '/home/null/EncryptorApp/.buildozer/android/platform/build-arm64-v8a_armeabi-v7a/build/other_builds/python3/armeabi-v7a__ndk_target_30/python3/Lib/test/test_interpreters/test_queues.py'...
Compiling '/home/null/EncryptorApp/.buildozer/android/platform/build-arm64-v8a_armeabi-v7a/build/other_builds/python3/armeabi-v7a__ndk_target_30/python3/Lib/test/test_interpreters/test_stress.py'...
Compiling '/home/null/EncryptorApp/.buildozer/android/platform/build-arm64-v8a_armeabi-v7a/build/other_builds/python3/armeabi-v7a__ndk_target_30/python3/Lib/test/test_interpreters/utils.py'...
Compiling '/home/null/EncryptorApp/.buildozer/android/platform/build-arm64-v8a_armeabi-v7a/build/other_builds/python3/armeabi-v7a__ndk_target_30/python3/Lib/test/test_io.py'...
Compiling '/home/null/EncryptorApp/.buildozer/android/platform/build-arm64-v8a_armeabi-v7a/build/other_builds/python3/armeabi-v7a__ndk_target_30/python3/Lib/test/test_ioctl.py'...
Compiling '/home/null/EncryptorApp/.buildozer/android/platform/build-arm64-v8a_armeabi-v7a/build/other_builds/python3/armeabi-v7a__ndk_target_30/python3/Lib/test/test_ipaddress.py'...
Compiling '/home/null/EncryptorApp/.buildozer/android/platform/build-arm64-v8a_armeabi-v7a/build/other_builds/python3/armeabi-v7a__ndk_target_30/python3/Lib/test/test_isinstance.py'...
Compiling '/home/null/EncryptorApp/.buildozer/android/platform/build-arm64-v8a_armeabi-v7a/build/other_builds/python3/armeabi-v7a__ndk_target_30/python3/Lib/test/test_iter.py'...
Compiling '/home/null/EncryptorApp/.buildozer/android/platform/build-arm64-v8a_armeabi-v7a/build/other_builds/python3/armeabi-v7a__ndk_target_30/python3/Lib/test/test_iterlen.py'...
Compiling '/home/null/EncryptorApp/.buildozer/android/platform/build-arm64-v8a_armeabi-v7a/build/other_builds/python3/armeabi-v7a__ndk_target_30/python3/Lib/test/test_itertools.py'...
Listing '/home/null/EncryptorApp/.buildozer/android/platform/build-arm64-v8a_armeabi-v7a/build/other_builds/python3/armeabi-v7a__ndk_target_30/python3/Lib/test/test_json'...
Compiling '/home/null/EncryptorApp/.buildozer/android/platform/build-arm64-v8a_armeabi-v7a/build/other_builds/python3/armeabi-v7a__ndk_target_30/python3/Lib/test/test_json/__init__.py'...
Compiling '/home/null/EncryptorApp/.buildozer/android/platform/build-arm64-v8a_armeabi-v7a/build/other_builds/python3/armeabi-v7a__ndk_target_30/python3/Lib/test/test_json/__main__.py'...
Compiling '/home/null/EncryptorApp/.buildozer/android/platform/build-arm64-v8a_armeabi-v7a/build/other_builds/python3/armeabi-v7a__ndk_target_30/python3/Lib/test/test_json/test_decode.py'...
Compiling '/home/null/EncryptorApp/.buildozer/android/platform/build-arm64-v8a_armeabi-v7a/build/other_builds/python3/armeabi-v7a__ndk_target_30/python3/Lib/test/test_json/test_default.py'...
Compiling '/home/null/EncryptorApp/.buildozer/android/platform/build-arm64-v8a_armeabi-v7a/build/other_builds/python3/armeabi-v7a__ndk_target_30/python3/Lib/test/test_json/test_dump.py'...
Compiling '/home/null/EncryptorApp/.buildozer/android/platform/build-arm64-v8a_armeabi-v7a/build/other_builds/python3/armeabi-v7a__ndk_target_30/python3/Lib/test/test_json/test_encode_basestring_ascii.py'...
Compiling '/home/null/EncryptorApp/.buildozer/android/platform/build-arm64-v8a_armeabi-v7a/build/other_builds/python3/armeabi-v7a__ndk_target_30/python3/Lib/test/test_json/test_enum.py'...
Compiling '/home/null/EncryptorApp/.buildozer/android/platform/build-arm64-v8a_armeabi-v7a/build/other_builds/python3/armeabi-v7a__ndk_target_30/python3/Lib/test/test_json/test_fail.py'...
Compiling '/home/null/EncryptorApp/.buildozer/android/platform/build-arm64-v8a_armeabi-v7a/build/other_builds/python3/armeabi-v7a__ndk_target_30/python3/Lib/test/test_json/test_float.py'...
Compiling '/home/null/EncryptorApp/.buildozer/android/platform/build-arm64-v8a_armeabi-v7a/build/other_builds/python3/armeabi-v7a__ndk_target_30/python3/Lib/test/test_json/test_indent.py'...
Compiling '/home/null/EncryptorApp/.buildozer/android/platform/build-arm64-v8a_armeabi-v7a/build/other_builds/python3/armeabi-v7a__ndk_target_30/python3/Lib/test/test_json/test_pass1.py'...
Compiling '/home/null/EncryptorApp/.buildozer/android/platform/build-arm64-v8a_armeabi-v7a/build/other_builds/python3/armeabi-v7a__ndk_target_30/python3/Lib/test/test_json/test_pass2.py'...
Compiling '/home/null/EncryptorApp/.buildozer/android/platform/build-arm64-v8a_armeabi-v7a/build/other_builds/python3/armeabi-v7a__ndk_target_30/python3/Lib/test/test_json/test_pass3.py'...
Compiling '/home/null/EncryptorApp/.buildozer/android/platform/build-arm64-v8a_armeabi-v7a/build/other_builds/python3/armeabi-v7a__ndk_target_30/python3/Lib/test/test_json/test_recursion.py'...
Compiling '/home/null/EncryptorApp/.buildozer/android/platform/build-arm64-v8a_armeabi-v7a/build/other_builds/python3/armeabi-v7a__ndk_target_30/python3/Lib/test/test_json/test_scanstring.py'...
Compiling '/home/null/EncryptorApp/.buildozer/android/platform/build-arm64-v8a_armeabi-v7a/build/other_builds/python3/armeabi-v7a__ndk_target_30/python3/Lib/test/test_json/test_separators.py'...
Compiling '/home/null/EncryptorApp/.buildozer/android/platform/build-arm64-v8a_armeabi-v7a/build/other_builds/python3/armeabi-v7a__ndk_target_30/python3/Lib/test/test_json/test_speedups.py'...
Compiling '/home/null/EncryptorApp/.buildozer/android/platform/build-arm64-v8a_armeabi-v7a/build/other_builds/python3/armeabi-v7a__ndk_target_30/python3/Lib/test/test_json/test_tool.py'...
Compiling '/home/null/EncryptorApp/.buildozer/android/platform/build-arm64-v8a_armeabi-v7a/build/other_builds/python3/armeabi-v7a__ndk_target_30/python3/Lib/test/test_json/test_unicode.py'...
Compiling '/home/null/EncryptorApp/.buildozer/android/platform/build-arm64-v8a_armeabi-v7a/build/other_builds/python3/armeabi-v7a__ndk_target_30/python3/Lib/test/test_keyword.py'...
Compiling '/home/null/EncryptorApp/.buildozer/android/platform/build-arm64-v8a_armeabi-v7a/build/other_builds/python3/armeabi-v7a__ndk_target_30/python3/Lib/test/test_keywordonlyarg.py'...
Compiling '/home/null/EncryptorApp/.buildozer/android/platform/build-arm64-v8a_armeabi-v7a/build/other_builds/python3/armeabi-v7a__ndk_target_30/python3/Lib/test/test_kqueue.py'...
Compiling '/home/null/EncryptorApp/.buildozer/android/platform/build-arm64-v8a_armeabi-v7a/build/other_builds/python3/armeabi-v7a__ndk_target_30/python3/Lib/test/test_largefile.py'...
Compiling '/home/null/EncryptorApp/.buildozer/android/platform/build-arm64-v8a_armeabi-v7a/build/other_builds/python3/armeabi-v7a__ndk_target_30/python3/Lib/test/test_launcher.py'...
Compiling '/home/null/EncryptorApp/.buildozer/android/platform/build-arm64-v8a_armeabi-v7a/build/other_builds/python3/armeabi-v7a__ndk_target_30/python3/Lib/test/test_linecache.py'...
Compiling '/home/null/EncryptorApp/.buildozer/android/platform/build-arm64-v8a_armeabi-v7a/build/other_builds/python3/armeabi-v7a__ndk_target_30/python3/Lib/test/test_list.py'...
Compiling '/home/null/EncryptorApp/.buildozer/android/platform/build-arm64-v8a_armeabi-v7a/build/other_builds/python3/armeabi-v7a__ndk_target_30/python3/Lib/test/test_listcomps.py'...
Compiling '/home/null/EncryptorApp/.buildozer/android/platform/build-arm64-v8a_armeabi-v7a/build/other_builds/python3/armeabi-v7a__ndk_target_30/python3/Lib/test/test_lltrace.py'...
Compiling '/home/null/EncryptorApp/.buildozer/android/platform/build-arm64-v8a_armeabi-v7a/build/other_builds/python3/armeabi-v7a__ndk_target_30/python3/Lib/test/test_locale.py'...
Compiling '/home/null/EncryptorApp/.buildozer/android/platform/build-arm64-v8a_armeabi-v7a/build/other_builds/python3/armeabi-v7a__ndk_target_30/python3/Lib/test/test_logging.py'...
Compiling '/home/null/EncryptorApp/.buildozer/android/platform/build-arm64-v8a_armeabi-v7a/build/other_builds/python3/armeabi-v7a__ndk_target_30/python3/Lib/test/test_long.py'...
Compiling '/home/null/EncryptorApp/.buildozer/android/platform/build-arm64-v8a_armeabi-v7a/build/other_builds/python3/armeabi-v7a__ndk_target_30/python3/Lib/test/test_longexp.py'...
Compiling '/home/null/EncryptorApp/.buildozer/android/platform/build-arm64-v8a_armeabi-v7a/build/other_builds/python3/armeabi-v7a__ndk_target_30/python3/Lib/test/test_lzma.py'...
Compiling '/home/null/EncryptorApp/.buildozer/android/platform/build-arm64-v8a_armeabi-v7a/build/other_builds/python3/armeabi-v7a__ndk_target_30/python3/Lib/test/test_mailbox.py'...
Compiling '/home/null/EncryptorApp/.buildozer/android/platform/build-arm64-v8a_armeabi-v7a/build/other_builds/python3/armeabi-v7a__ndk_target_30/python3/Lib/test/test_marshal.py'...
Compiling '/home/null/EncryptorApp/.buildozer/android/platform/build-arm64-v8a_armeabi-v7a/build/other_builds/python3/armeabi-v7a__ndk_target_30/python3/Lib/test/test_math.py'...
Compiling '/home/null/EncryptorApp/.buildozer/android/platform/build-arm64-v8a_armeabi-v7a/build/other_builds/python3/armeabi-v7a__ndk_target_30/python3/Lib/test/test_math_property.py'...
Compiling '/home/null/EncryptorApp/.buildozer/android/platform/build-arm64-v8a_armeabi-v7a/build/other_builds/python3/armeabi-v7a__ndk_target_30/python3/Lib/test/test_memoryio.py'...
Compiling '/home/null/EncryptorApp/.buildozer/android/platform/build-arm64-v8a_armeabi-v7a/build/other_builds/python3/armeabi-v7a__ndk_target_30/python3/Lib/test/test_memoryview.py'...
Compiling '/home/null/EncryptorApp/.buildozer/android/platform/build-arm64-v8a_armeabi-v7a/build/other_builds/python3/armeabi-v7a__ndk_target_30/python3/Lib/test/test_metaclass.py'...
Compiling '/home/null/EncryptorApp/.buildozer/android/platform/build-arm64-v8a_armeabi-v7a/build/other_builds/python3/armeabi-v7a__ndk_target_30/python3/Lib/test/test_mimetypes.py'...
Compiling '/home/null/EncryptorApp/.buildozer/android/platform/build-arm64-v8a_armeabi-v7a/build/other_builds/python3/armeabi-v7a__ndk_target_30/python3/Lib/test/test_minidom.py'...
Compiling '/home/null/EncryptorApp/.buildozer/android/platform/build-arm64-v8a_armeabi-v7a/build/other_builds/python3/armeabi-v7a__ndk_target_30/python3/Lib/test/test_mmap.py'...
Listing '/home/null/EncryptorApp/.buildozer/android/platform/build-arm64-v8a_armeabi-v7a/build/other_builds/python3/armeabi-v7a__ndk_target_30/python3/Lib/test/test_module'...
Compiling '/home/null/EncryptorApp/.buildozer/android/platform/build-arm64-v8a_armeabi-v7a/build/other_builds/python3/armeabi-v7a__ndk_target_30/python3/Lib/test/test_module/__init__.py'...
Compiling '/home/null/EncryptorApp/.buildozer/android/platform/build-arm64-v8a_armeabi-v7a/build/other_builds/python3/armeabi-v7a__ndk_target_30/python3/Lib/test/test_module/bad_getattr.py'...
Compiling '/home/null/EncryptorApp/.buildozer/android/platform/build-arm64-v8a_armeabi-v7a/build/other_builds/python3/armeabi-v7a__ndk_target_30/python3/Lib/test/test_module/bad_getattr2.py'...
Compiling '/home/null/EncryptorApp/.buildozer/android/platform/build-arm64-v8a_armeabi-v7a/build/other_builds/python3/armeabi-v7a__ndk_target_30/python3/Lib/test/test_module/bad_getattr3.py'...
Compiling '/home/null/EncryptorApp/.buildozer/android/platform/build-arm64-v8a_armeabi-v7a/build/other_builds/python3/armeabi-v7a__ndk_target_30/python3/Lib/test/test_module/final_a.py'...
Compiling '/home/null/EncryptorApp/.buildozer/android/platform/build-arm64-v8a_armeabi-v7a/build/other_builds/python3/armeabi-v7a__ndk_target_30/python3/Lib/test/test_module/final_b.py'...
Compiling '/home/null/EncryptorApp/.buildozer/android/platform/build-arm64-v8a_armeabi-v7a/build/other_builds/python3/armeabi-v7a__ndk_target_30/python3/Lib/test/test_module/good_getattr.py'...
Compiling '/home/null/EncryptorApp/.buildozer/android/platform/build-arm64-v8a_armeabi-v7a/build/other_builds/python3/armeabi-v7a__ndk_target_30/python3/Lib/test/test_modulefinder.py'...
Compiling '/home/null/EncryptorApp/.buildozer/android/platform/build-arm64-v8a_armeabi-v7a/build/other_builds/python3/armeabi-v7a__ndk_target_30/python3/Lib/test/test_monitoring.py'...
Compiling '/home/null/EncryptorApp/.buildozer/android/platform/build-arm64-v8a_armeabi-v7a/build/other_builds/python3/armeabi-v7a__ndk_target_30/python3/Lib/test/test_msvcrt.py'...
Compiling '/home/null/EncryptorApp/.buildozer/android/platform/build-arm64-v8a_armeabi-v7a/build/other_builds/python3/armeabi-v7a__ndk_target_30/python3/Lib/test/test_multibytecodec.py'...
Listing '/home/null/EncryptorApp/.buildozer/android/platform/build-arm64-v8a_armeabi-v7a/build/other_builds/python3/armeabi-v7a__ndk_target_30/python3/Lib/test/test_multiprocessing_fork'...
Compiling '/home/null/EncryptorApp/.buildozer/android/platform/build-arm64-v8a_armeabi-v7a/build/other_builds/python3/armeabi-v7a__ndk_target_30/python3/Lib/test/test_multiprocessing_fork/__init__.py'...
Compiling '/home/null/EncryptorApp/.buildozer/android/platform/build-arm64-v8a_armeabi-v7a/build/other_builds/python3/armeabi-v7a__ndk_target_30/python3/Lib/test/test_multiprocessing_fork/test_manager.py'...
Compiling '/home/null/EncryptorApp/.buildozer/android/platform/build-arm64-v8a_armeabi-v7a/build/other_builds/python3/armeabi-v7a__ndk_target_30/python3/Lib/test/test_multiprocessing_fork/test_misc.py'...
Compiling '/home/null/EncryptorApp/.buildozer/android/platform/build-arm64-v8a_armeabi-v7a/build/other_builds/python3/armeabi-v7a__ndk_target_30/python3/Lib/test/test_multiprocessing_fork/test_processes.py'...
Compiling '/home/null/EncryptorApp/.buildozer/android/platform/build-arm64-v8a_armeabi-v7a/build/other_builds/python3/armeabi-v7a__ndk_target_30/python3/Lib/test/test_multiprocessing_fork/test_threads.py'...
Listing '/home/null/EncryptorApp/.buildozer/android/platform/build-arm64-v8a_armeabi-v7a/build/other_builds/python3/armeabi-v7a__ndk_target_30/python3/Lib/test/test_multiprocessing_forkserver'...
Compiling '/home/null/EncryptorApp/.buildozer/android/platform/build-arm64-v8a_armeabi-v7a/build/other_builds/python3/armeabi-v7a__ndk_target_30/python3/Lib/test/test_multiprocessing_forkserver/__init__.py'...
Compiling '/home/null/EncryptorApp/.buildozer/android/platform/build-arm64-v8a_armeabi-v7a/build/other_builds/python3/armeabi-v7a__ndk_target_30/python3/Lib/test/test_multiprocessing_forkserver/test_manager.py'...
Compiling '/home/null/EncryptorApp/.buildozer/android/platform/build-arm64-v8a_armeabi-v7a/build/other_builds/python3/armeabi-v7a__ndk_target_30/python3/Lib/test/test_multiprocessing_forkserver/test_misc.py'...
Compiling '/home/null/EncryptorApp/.buildozer/android/platform/build-arm64-v8a_armeabi-v7a/build/other_builds/python3/armeabi-v7a__ndk_target_30/python3/Lib/test/test_multiprocessing_forkserver/test_processes.py'...
Compiling '/home/null/EncryptorApp/.buildozer/android/platform/build-arm64-v8a_armeabi-v7a/build/other_builds/python3/armeabi-v7a__ndk_target_30/python3/Lib/test/test_multiprocessing_forkserver/test_threads.py'...
Compiling '/home/null/EncryptorApp/.buildozer/android/platform/build-arm64-v8a_armeabi-v7a/build/other_builds/python3/armeabi-v7a__ndk_target_30/python3/Lib/test/test_multiprocessing_main_handling.py'...
Listing '/home/null/EncryptorApp/.buildozer/android/platform/build-arm64-v8a_armeabi-v7a/build/other_builds/python3/armeabi-v7a__ndk_target_30/python3/Lib/test/test_multiprocessing_spawn'...
Compiling '/home/null/EncryptorApp/.buildozer/android/platform/build-arm64-v8a_armeabi-v7a/build/other_builds/python3/armeabi-v7a__ndk_target_30/python3/Lib/test/test_multiprocessing_spawn/__init__.py'...
Compiling '/home/null/EncryptorApp/.buildozer/android/platform/build-arm64-v8a_armeabi-v7a/build/other_builds/python3/armeabi-v7a__ndk_target_30/python3/Lib/test/test_multiprocessing_spawn/test_manager.py'...
Compiling '/home/null/EncryptorApp/.buildozer/android/platform/build-arm64-v8a_armeabi-v7a/build/other_builds/python3/armeabi-v7a__ndk_target_30/python3/Lib/test/test_multiprocessing_spawn/test_misc.py'...
Compiling '/home/null/EncryptorApp/.buildozer/android/platform/build-arm64-v8a_armeabi-v7a/build/other_builds/python3/armeabi-v7a__ndk_target_30/python3/Lib/test/test_multiprocessing_spawn/test_processes.py'...
Compiling '/home/null/EncryptorApp/.buildozer/android/platform/build-arm64-v8a_armeabi-v7a/build/other_builds/python3/armeabi-v7a__ndk_target_30/python3/Lib/test/test_multiprocessing_spawn/test_threads.py'...
Compiling '/home/null/EncryptorApp/.buildozer/android/platform/build-arm64-v8a_armeabi-v7a/build/other_builds/python3/armeabi-v7a__ndk_target_30/python3/Lib/test/test_named_expressions.py'...
Compiling '/home/null/EncryptorApp/.buildozer/android/platform/build-arm64-v8a_armeabi-v7a/build/other_builds/python3/armeabi-v7a__ndk_target_30/python3/Lib/test/test_netrc.py'...
Compiling '/home/null/EncryptorApp/.buildozer/android/platform/build-arm64-v8a_armeabi-v7a/build/other_builds/python3/armeabi-v7a__ndk_target_30/python3/Lib/test/test_ntpath.py'...
Compiling '/home/null/EncryptorApp/.buildozer/android/platform/build-arm64-v8a_armeabi-v7a/build/other_builds/python3/armeabi-v7a__ndk_target_30/python3/Lib/test/test_nturl2path.py'...
Compiling '/home/null/EncryptorApp/.buildozer/android/platform/build-arm64-v8a_armeabi-v7a/build/other_builds/python3/armeabi-v7a__ndk_target_30/python3/Lib/test/test_numeric_tower.py'...
Compiling '/home/null/EncryptorApp/.buildozer/android/platform/build-arm64-v8a_armeabi-v7a/build/other_builds/python3/armeabi-v7a__ndk_target_30/python3/Lib/test/test_opcache.py'...
Compiling '/home/null/EncryptorApp/.buildozer/android/platform/build-arm64-v8a_armeabi-v7a/build/other_builds/python3/armeabi-v7a__ndk_target_30/python3/Lib/test/test_opcodes.py'...
Compiling '/home/null/EncryptorApp/.buildozer/android/platform/build-arm64-v8a_armeabi-v7a/build/other_builds/python3/armeabi-v7a__ndk_target_30/python3/Lib/test/test_openpty.py'...
Compiling '/home/null/EncryptorApp/.buildozer/android/platform/build-arm64-v8a_armeabi-v7a/build/other_builds/python3/armeabi-v7a__ndk_target_30/python3/Lib/test/test_operator.py'...
Compiling '/home/null/EncryptorApp/.buildozer/android/platform/build-arm64-v8a_armeabi-v7a/build/other_builds/python3/armeabi-v7a__ndk_target_30/python3/Lib/test/test_optimizer.py'...
Compiling '/home/null/EncryptorApp/.buildozer/android/platform/build-arm64-v8a_armeabi-v7a/build/other_builds/python3/armeabi-v7a__ndk_target_30/python3/Lib/test/test_optparse.py'...
Compiling '/home/null/EncryptorApp/.buildozer/android/platform/build-arm64-v8a_armeabi-v7a/build/other_builds/python3/armeabi-v7a__ndk_target_30/python3/Lib/test/test_ordered_dict.py'...
Compiling '/home/null/EncryptorApp/.buildozer/android/platform/build-arm64-v8a_armeabi-v7a/build/other_builds/python3/armeabi-v7a__ndk_target_30/python3/Lib/test/test_os.py'...
Compiling '/home/null/EncryptorApp/.buildozer/android/platform/build-arm64-v8a_armeabi-v7a/build/other_builds/python3/armeabi-v7a__ndk_target_30/python3/Lib/test/test_osx_env.py'...
Listing '/home/null/EncryptorApp/.buildozer/android/platform/build-arm64-v8a_armeabi-v7a/build/other_builds/python3/armeabi-v7a__ndk_target_30/python3/Lib/test/test_pathlib'...
Compiling '/home/null/EncryptorApp/.buildozer/android/platform/build-arm64-v8a_armeabi-v7a/build/other_builds/python3/armeabi-v7a__ndk_target_30/python3/Lib/test/test_pathlib/__init__.py'...
Listing '/home/null/EncryptorApp/.buildozer/android/platform/build-arm64-v8a_armeabi-v7a/build/other_builds/python3/armeabi-v7a__ndk_target_30/python3/Lib/test/test_pathlib/support'...
Compiling '/home/null/EncryptorApp/.buildozer/android/platform/build-arm64-v8a_armeabi-v7a/build/other_builds/python3/armeabi-v7a__ndk_target_30/python3/Lib/test/test_pathlib/support/__init__.py'...
Compiling '/home/null/EncryptorApp/.buildozer/android/platform/build-arm64-v8a_armeabi-v7a/build/other_builds/python3/armeabi-v7a__ndk_target_30/python3/Lib/test/test_pathlib/support/lexical_path.py'...
Compiling '/home/null/EncryptorApp/.buildozer/android/platform/build-arm64-v8a_armeabi-v7a/build/other_builds/python3/armeabi-v7a__ndk_target_30/python3/Lib/test/test_pathlib/support/local_path.py'...
Compiling '/home/null/EncryptorApp/.buildozer/android/platform/build-arm64-v8a_armeabi-v7a/build/other_builds/python3/armeabi-v7a__ndk_target_30/python3/Lib/test/test_pathlib/support/zip_path.py'...
Compiling '/home/null/EncryptorApp/.buildozer/android/platform/build-arm64-v8a_armeabi-v7a/build/other_builds/python3/armeabi-v7a__ndk_target_30/python3/Lib/test/test_pathlib/test_copy.py'...
Compiling '/home/null/EncryptorApp/.buildozer/android/platform/build-arm64-v8a_armeabi-v7a/build/other_builds/python3/armeabi-v7a__ndk_target_30/python3/Lib/test/test_pathlib/test_join.py'...
Compiling '/home/null/EncryptorApp/.buildozer/android/platform/build-arm64-v8a_armeabi-v7a/build/other_builds/python3/armeabi-v7a__ndk_target_30/python3/Lib/test/test_pathlib/test_join_posix.py'...
Compiling '/home/null/EncryptorApp/.buildozer/android/platform/build-arm64-v8a_armeabi-v7a/build/other_builds/python3/armeabi-v7a__ndk_target_30/python3/Lib/test/test_pathlib/test_join_windows.py'...
Compiling '/home/null/EncryptorApp/.buildozer/android/platform/build-arm64-v8a_armeabi-v7a/build/other_builds/python3/armeabi-v7a__ndk_target_30/python3/Lib/test/test_pathlib/test_pathlib.py'...
Compiling '/home/null/EncryptorApp/.buildozer/android/platform/build-arm64-v8a_armeabi-v7a/build/other_builds/python3/armeabi-v7a__ndk_target_30/python3/Lib/test/test_pathlib/test_read.py'...
Compiling '/home/null/EncryptorApp/.buildozer/android/platform/build-arm64-v8a_armeabi-v7a/build/other_builds/python3/armeabi-v7a__ndk_target_30/python3/Lib/test/test_pathlib/test_write.py'...
Compiling '/home/null/EncryptorApp/.buildozer/android/platform/build-arm64-v8a_armeabi-v7a/build/other_builds/python3/armeabi-v7a__ndk_target_30/python3/Lib/test/test_patma.py'...
Compiling '/home/null/EncryptorApp/.buildozer/android/platform/build-arm64-v8a_armeabi-v7a/build/other_builds/python3/armeabi-v7a__ndk_target_30/python3/Lib/test/test_pdb.py'...
Compiling '/home/null/EncryptorApp/.buildozer/android/platform/build-arm64-v8a_armeabi-v7a/build/other_builds/python3/armeabi-v7a__ndk_target_30/python3/Lib/test/test_peepholer.py'...
Listing '/home/null/EncryptorApp/.buildozer/android/platform/build-arm64-v8a_armeabi-v7a/build/other_builds/python3/armeabi-v7a__ndk_target_30/python3/Lib/test/test_peg_generator'...
Compiling '/home/null/EncryptorApp/.buildozer/android/platform/build-arm64-v8a_armeabi-v7a/build/other_builds/python3/armeabi-v7a__ndk_target_30/python3/Lib/test/test_peg_generator/__init__.py'...
Compiling '/home/null/EncryptorApp/.buildozer/android/platform/build-arm64-v8a_armeabi-v7a/build/other_builds/python3/armeabi-v7a__ndk_target_30/python3/Lib/test/test_peg_generator/__main__.py'...
Compiling '/home/null/EncryptorApp/.buildozer/android/platform/build-arm64-v8a_armeabi-v7a/build/other_builds/python3/armeabi-v7a__ndk_target_30/python3/Lib/test/test_peg_generator/test_c_parser.py'...
Compiling '/home/null/EncryptorApp/.buildozer/android/platform/build-arm64-v8a_armeabi-v7a/build/other_builds/python3/armeabi-v7a__ndk_target_30/python3/Lib/test/test_peg_generator/test_first_sets.py'...
Compiling '/home/null/EncryptorApp/.buildozer/android/platform/build-arm64-v8a_armeabi-v7a/build/other_builds/python3/armeabi-v7a__ndk_target_30/python3/Lib/test/test_peg_generator/test_grammar_validator.py'...
Compiling '/home/null/EncryptorApp/.buildozer/android/platform/build-arm64-v8a_armeabi-v7a/build/other_builds/python3/armeabi-v7a__ndk_target_30/python3/Lib/test/test_peg_generator/test_pegen.py'...
Compiling '/home/null/EncryptorApp/.buildozer/android/platform/build-arm64-v8a_armeabi-v7a/build/other_builds/python3/armeabi-v7a__ndk_target_30/python3/Lib/test/test_pep646_syntax.py'...
Compiling '/home/null/EncryptorApp/.buildozer/android/platform/build-arm64-v8a_armeabi-v7a/build/other_builds/python3/armeabi-v7a__ndk_target_30/python3/Lib/test/test_perf_profiler.py'...
Compiling '/home/null/EncryptorApp/.buildozer/android/platform/build-arm64-v8a_armeabi-v7a/build/other_builds/python3/armeabi-v7a__ndk_target_30/python3/Lib/test/test_perfmaps.py'...
Compiling '/home/null/EncryptorApp/.buildozer/android/platform/build-arm64-v8a_armeabi-v7a/build/other_builds/python3/armeabi-v7a__ndk_target_30/python3/Lib/test/test_pickle.py'...
Compiling '/home/null/EncryptorApp/.buildozer/android/platform/build-arm64-v8a_armeabi-v7a/build/other_builds/python3/armeabi-v7a__ndk_target_30/python3/Lib/test/test_picklebuffer.py'...
Compiling '/home/null/EncryptorApp/.buildozer/android/platform/build-arm64-v8a_armeabi-v7a/build/other_builds/python3/armeabi-v7a__ndk_target_30/python3/Lib/test/test_pickletools.py'...
Compiling '/home/null/EncryptorApp/.buildozer/android/platform/build-arm64-v8a_armeabi-v7a/build/other_builds/python3/armeabi-v7a__ndk_target_30/python3/Lib/test/test_pkg.py'...
Compiling '/home/null/EncryptorApp/.buildozer/android/platform/build-arm64-v8a_armeabi-v7a/build/other_builds/python3/armeabi-v7a__ndk_target_30/python3/Lib/test/test_pkgutil.py'...
Compiling '/home/null/EncryptorApp/.buildozer/android/platform/build-arm64-v8a_armeabi-v7a/build/other_builds/python3/armeabi-v7a__ndk_target_30/python3/Lib/test/test_platform.py'...
Compiling '/home/null/EncryptorApp/.buildozer/android/platform/build-arm64-v8a_armeabi-v7a/build/other_builds/python3/armeabi-v7a__ndk_target_30/python3/Lib/test/test_plistlib.py'...
Compiling '/home/null/EncryptorApp/.buildozer/android/platform/build-arm64-v8a_armeabi-v7a/build/other_builds/python3/armeabi-v7a__ndk_target_30/python3/Lib/test/test_poll.py'...
Compiling '/home/null/EncryptorApp/.buildozer/android/platform/build-arm64-v8a_armeabi-v7a/build/other_builds/python3/armeabi-v7a__ndk_target_30/python3/Lib/test/test_popen.py'...
Compiling '/home/null/EncryptorApp/.buildozer/android/platform/build-arm64-v8a_armeabi-v7a/build/other_builds/python3/armeabi-v7a__ndk_target_30/python3/Lib/test/test_poplib.py'...
Compiling '/home/null/EncryptorApp/.buildozer/android/platform/build-arm64-v8a_armeabi-v7a/build/other_builds/python3/armeabi-v7a__ndk_target_30/python3/Lib/test/test_positional_only_arg.py'...
Compiling '/home/null/EncryptorApp/.buildozer/android/platform/build-arm64-v8a_armeabi-v7a/build/other_builds/python3/armeabi-v7a__ndk_target_30/python3/Lib/test/test_posix.py'...
Compiling '/home/null/EncryptorApp/.buildozer/android/platform/build-arm64-v8a_armeabi-v7a/build/other_builds/python3/armeabi-v7a__ndk_target_30/python3/Lib/test/test_posixpath.py'...
Compiling '/home/null/EncryptorApp/.buildozer/android/platform/build-arm64-v8a_armeabi-v7a/build/other_builds/python3/armeabi-v7a__ndk_target_30/python3/Lib/test/test_pow.py'...
Compiling '/home/null/EncryptorApp/.buildozer/android/platform/build-arm64-v8a_armeabi-v7a/build/other_builds/python3/armeabi-v7a__ndk_target_30/python3/Lib/test/test_pprint.py'...
Compiling '/home/null/EncryptorApp/.buildozer/android/platform/build-arm64-v8a_armeabi-v7a/build/other_builds/python3/armeabi-v7a__ndk_target_30/python3/Lib/test/test_print.py'...
Compiling '/home/null/EncryptorApp/.buildozer/android/platform/build-arm64-v8a_armeabi-v7a/build/other_builds/python3/armeabi-v7a__ndk_target_30/python3/Lib/test/test_profile.py'...
Compiling '/home/null/EncryptorApp/.buildozer/android/platform/build-arm64-v8a_armeabi-v7a/build/other_builds/python3/armeabi-v7a__ndk_target_30/python3/Lib/test/test_property.py'...
Compiling '/home/null/EncryptorApp/.buildozer/android/platform/build-arm64-v8a_armeabi-v7a/build/other_builds/python3/armeabi-v7a__ndk_target_30/python3/Lib/test/test_pstats.py'...
Compiling '/home/null/EncryptorApp/.buildozer/android/platform/build-arm64-v8a_armeabi-v7a/build/other_builds/python3/armeabi-v7a__ndk_target_30/python3/Lib/test/test_pty.py'...
Compiling '/home/null/EncryptorApp/.buildozer/android/platform/build-arm64-v8a_armeabi-v7a/build/other_builds/python3/armeabi-v7a__ndk_target_30/python3/Lib/test/test_pulldom.py'...
Compiling '/home/null/EncryptorApp/.buildozer/android/platform/build-arm64-v8a_armeabi-v7a/build/other_builds/python3/armeabi-v7a__ndk_target_30/python3/Lib/test/test_pwd.py'...
Compiling '/home/null/EncryptorApp/.buildozer/android/platform/build-arm64-v8a_armeabi-v7a/build/other_builds/python3/armeabi-v7a__ndk_target_30/python3/Lib/test/test_py_compile.py'...
Compiling '/home/null/EncryptorApp/.buildozer/android/platform/build-arm64-v8a_armeabi-v7a/build/other_builds/python3/armeabi-v7a__ndk_target_30/python3/Lib/test/test_pyclbr.py'...
Listing '/home/null/EncryptorApp/.buildozer/android/platform/build-arm64-v8a_armeabi-v7a/build/other_builds/python3/armeabi-v7a__ndk_target_30/python3/Lib/test/test_pydoc'...
Compiling '/home/null/EncryptorApp/.buildozer/android/platform/build-arm64-v8a_armeabi-v7a/build/other_builds/python3/armeabi-v7a__ndk_target_30/python3/Lib/test/test_pydoc/__init__.py'...
Compiling '/home/null/EncryptorApp/.buildozer/android/platform/build-arm64-v8a_armeabi-v7a/build/other_builds/python3/armeabi-v7a__ndk_target_30/python3/Lib/test/test_pydoc/module_none.py'...
Compiling '/home/null/EncryptorApp/.buildozer/android/platform/build-arm64-v8a_armeabi-v7a/build/other_builds/python3/armeabi-v7a__ndk_target_30/python3/Lib/test/test_pydoc/pydoc_mod.py'...
Compiling '/home/null/EncryptorApp/.buildozer/android/platform/build-arm64-v8a_armeabi-v7a/build/other_builds/python3/armeabi-v7a__ndk_target_30/python3/Lib/test/test_pydoc/pydocfodder.py'...
Compiling '/home/null/EncryptorApp/.buildozer/android/platform/build-arm64-v8a_armeabi-v7a/build/other_builds/python3/armeabi-v7a__ndk_target_30/python3/Lib/test/test_pydoc/test_pydoc.py'...
Compiling '/home/null/EncryptorApp/.buildozer/android/platform/build-arm64-v8a_armeabi-v7a/build/other_builds/python3/armeabi-v7a__ndk_target_30/python3/Lib/test/test_pyexpat.py'...
Listing '/home/null/EncryptorApp/.buildozer/android/platform/build-arm64-v8a_armeabi-v7a/build/other_builds/python3/armeabi-v7a__ndk_target_30/python3/Lib/test/test_pyrepl'...
Compiling '/home/null/EncryptorApp/.buildozer/android/platform/build-arm64-v8a_armeabi-v7a/build/other_builds/python3/armeabi-v7a__ndk_target_30/python3/Lib/test/test_pyrepl/__init__.py'...
Compiling '/home/null/EncryptorApp/.buildozer/android/platform/build-arm64-v8a_armeabi-v7a/build/other_builds/python3/armeabi-v7a__ndk_target_30/python3/Lib/test/test_pyrepl/__main__.py'...
Compiling '/home/null/EncryptorApp/.buildozer/android/platform/build-arm64-v8a_armeabi-v7a/build/other_builds/python3/armeabi-v7a__ndk_target_30/python3/Lib/test/test_pyrepl/eio_test_script.py'...
Compiling '/home/null/EncryptorApp/.buildozer/android/platform/build-arm64-v8a_armeabi-v7a/build/other_builds/python3/armeabi-v7a__ndk_target_30/python3/Lib/test/test_pyrepl/support.py'...
Compiling '/home/null/EncryptorApp/.buildozer/android/platform/build-arm64-v8a_armeabi-v7a/build/other_builds/python3/armeabi-v7a__ndk_target_30/python3/Lib/test/test_pyrepl/test_eventqueue.py'...
Compiling '/home/null/EncryptorApp/.buildozer/android/platform/build-arm64-v8a_armeabi-v7a/build/other_builds/python3/armeabi-v7a__ndk_target_30/python3/Lib/test/test_pyrepl/test_input.py'...
Compiling '/home/null/EncryptorApp/.buildozer/android/platform/build-arm64-v8a_armeabi-v7a/build/other_builds/python3/armeabi-v7a__ndk_target_30/python3/Lib/test/test_pyrepl/test_interact.py'...
Compiling '/home/null/EncryptorApp/.buildozer/android/platform/build-arm64-v8a_armeabi-v7a/build/other_builds/python3/armeabi-v7a__ndk_target_30/python3/Lib/test/test_pyrepl/test_keymap.py'...
Compiling '/home/null/EncryptorApp/.buildozer/android/platform/build-arm64-v8a_armeabi-v7a/build/other_builds/python3/armeabi-v7a__ndk_target_30/python3/Lib/test/test_pyrepl/test_pyrepl.py'...
Compiling '/home/null/EncryptorApp/.buildozer/android/platform/build-arm64-v8a_armeabi-v7a/build/other_builds/python3/armeabi-v7a__ndk_target_30/python3/Lib/test/test_pyrepl/test_reader.py'...
Compiling '/home/null/EncryptorApp/.buildozer/android/platform/build-arm64-v8a_armeabi-v7a/build/other_builds/python3/armeabi-v7a__ndk_target_30/python3/Lib/test/test_pyrepl/test_terminfo.py'...
Compiling '/home/null/EncryptorApp/.buildozer/android/platform/build-arm64-v8a_armeabi-v7a/build/other_builds/python3/armeabi-v7a__ndk_target_30/python3/Lib/test/test_pyrepl/test_unix_console.py'...
Compiling '/home/null/EncryptorApp/.buildozer/android/platform/build-arm64-v8a_armeabi-v7a/build/other_builds/python3/armeabi-v7a__ndk_target_30/python3/Lib/test/test_pyrepl/test_utils.py'...
Compiling '/home/null/EncryptorApp/.buildozer/android/platform/build-arm64-v8a_armeabi-v7a/build/other_builds/python3/armeabi-v7a__ndk_target_30/python3/Lib/test/test_pyrepl/test_windows_console.py'...
Compiling '/home/null/EncryptorApp/.buildozer/android/platform/build-arm64-v8a_armeabi-v7a/build/other_builds/python3/armeabi-v7a__ndk_target_30/python3/Lib/test/test_queue.py'...
Compiling '/home/null/EncryptorApp/.buildozer/android/platform/build-arm64-v8a_armeabi-v7a/build/other_builds/python3/armeabi-v7a__ndk_target_30/python3/Lib/test/test_quopri.py'...
Compiling '/home/null/EncryptorApp/.buildozer/android/platform/build-arm64-v8a_armeabi-v7a/build/other_builds/python3/armeabi-v7a__ndk_target_30/python3/Lib/test/test_raise.py'...
Compiling '/home/null/EncryptorApp/.buildozer/android/platform/build-arm64-v8a_armeabi-v7a/build/other_builds/python3/armeabi-v7a__ndk_target_30/python3/Lib/test/test_random.py'...
Compiling '/home/null/EncryptorApp/.buildozer/android/platform/build-arm64-v8a_armeabi-v7a/build/other_builds/python3/armeabi-v7a__ndk_target_30/python3/Lib/test/test_range.py'...
Compiling '/home/null/EncryptorApp/.buildozer/android/platform/build-arm64-v8a_armeabi-v7a/build/other_builds/python3/armeabi-v7a__ndk_target_30/python3/Lib/test/test_re.py'...
Compiling '/home/null/EncryptorApp/.buildozer/android/platform/build-arm64-v8a_armeabi-v7a/build/other_builds/python3/armeabi-v7a__ndk_target_30/python3/Lib/test/test_readline.py'...
Compiling '/home/null/EncryptorApp/.buildozer/android/platform/build-arm64-v8a_armeabi-v7a/build/other_builds/python3/armeabi-v7a__ndk_target_30/python3/Lib/test/test_regrtest.py'...
Compiling '/home/null/EncryptorApp/.buildozer/android/platform/build-arm64-v8a_armeabi-v7a/build/other_builds/python3/armeabi-v7a__ndk_target_30/python3/Lib/test/test_remote_pdb.py'...
Compiling '/home/null/EncryptorApp/.buildozer/android/platform/build-arm64-v8a_armeabi-v7a/build/other_builds/python3/armeabi-v7a__ndk_target_30/python3/Lib/test/test_repl.py'...
Compiling '/home/null/EncryptorApp/.buildozer/android/platform/build-arm64-v8a_armeabi-v7a/build/other_builds/python3/armeabi-v7a__ndk_target_30/python3/Lib/test/test_reprlib.py'...
Compiling '/home/null/EncryptorApp/.buildozer/android/platform/build-arm64-v8a_armeabi-v7a/build/other_builds/python3/armeabi-v7a__ndk_target_30/python3/Lib/test/test_resource.py'...
Compiling '/home/null/EncryptorApp/.buildozer/android/platform/build-arm64-v8a_armeabi-v7a/build/other_builds/python3/armeabi-v7a__ndk_target_30/python3/Lib/test/test_richcmp.py'...
Compiling '/home/null/EncryptorApp/.buildozer/android/platform/build-arm64-v8a_armeabi-v7a/build/other_builds/python3/armeabi-v7a__ndk_target_30/python3/Lib/test/test_rlcompleter.py'...
Compiling '/home/null/EncryptorApp/.buildozer/android/platform/build-arm64-v8a_armeabi-v7a/build/other_builds/python3/armeabi-v7a__ndk_target_30/python3/Lib/test/test_robotparser.py'...
Compiling '/home/null/EncryptorApp/.buildozer/android/platform/build-arm64-v8a_armeabi-v7a/build/other_builds/python3/armeabi-v7a__ndk_target_30/python3/Lib/test/test_runpy.py'...
Compiling '/home/null/EncryptorApp/.buildozer/android/platform/build-arm64-v8a_armeabi-v7a/build/other_builds/python3/armeabi-v7a__ndk_target_30/python3/Lib/test/test_sax.py'...
Compiling '/home/null/EncryptorApp/.buildozer/android/platform/build-arm64-v8a_armeabi-v7a/build/other_builds/python3/armeabi-v7a__ndk_target_30/python3/Lib/test/test_sched.py'...
Compiling '/home/null/EncryptorApp/.buildozer/android/platform/build-arm64-v8a_armeabi-v7a/build/other_builds/python3/armeabi-v7a__ndk_target_30/python3/Lib/test/test_scope.py'...
Compiling '/home/null/EncryptorApp/.buildozer/android/platform/build-arm64-v8a_armeabi-v7a/build/other_builds/python3/armeabi-v7a__ndk_target_30/python3/Lib/test/test_script_helper.py'...
Compiling '/home/null/EncryptorApp/.buildozer/android/platform/build-arm64-v8a_armeabi-v7a/build/other_builds/python3/armeabi-v7a__ndk_target_30/python3/Lib/test/test_secrets.py'...
Compiling '/home/null/EncryptorApp/.buildozer/android/platform/build-arm64-v8a_armeabi-v7a/build/other_builds/python3/armeabi-v7a__ndk_target_30/python3/Lib/test/test_select.py'...
Compiling '/home/null/EncryptorApp/.buildozer/android/platform/build-arm64-v8a_armeabi-v7a/build/other_builds/python3/armeabi-v7a__ndk_target_30/python3/Lib/test/test_selectors.py'...
Compiling '/home/null/EncryptorApp/.buildozer/android/platform/build-arm64-v8a_armeabi-v7a/build/other_builds/python3/armeabi-v7a__ndk_target_30/python3/Lib/test/test_set.py'...
Compiling '/home/null/EncryptorApp/.buildozer/android/platform/build-arm64-v8a_armeabi-v7a/build/other_builds/python3/armeabi-v7a__ndk_target_30/python3/Lib/test/test_setcomps.py'...
Compiling '/home/null/EncryptorApp/.buildozer/android/platform/build-arm64-v8a_armeabi-v7a/build/other_builds/python3/armeabi-v7a__ndk_target_30/python3/Lib/test/test_shelve.py'...
Compiling '/home/null/EncryptorApp/.buildozer/android/platform/build-arm64-v8a_armeabi-v7a/build/other_builds/python3/armeabi-v7a__ndk_target_30/python3/Lib/test/test_shlex.py'...
Compiling '/home/null/EncryptorApp/.buildozer/android/platform/build-arm64-v8a_armeabi-v7a/build/other_builds/python3/armeabi-v7a__ndk_target_30/python3/Lib/test/test_shutil.py'...
Compiling '/home/null/EncryptorApp/.buildozer/android/platform/build-arm64-v8a_armeabi-v7a/build/other_builds/python3/armeabi-v7a__ndk_target_30/python3/Lib/test/test_signal.py'...
Compiling '/home/null/EncryptorApp/.buildozer/android/platform/build-arm64-v8a_armeabi-v7a/build/other_builds/python3/armeabi-v7a__ndk_target_30/python3/Lib/test/test_site.py'...
Compiling '/home/null/EncryptorApp/.buildozer/android/platform/build-arm64-v8a_armeabi-v7a/build/other_builds/python3/armeabi-v7a__ndk_target_30/python3/Lib/test/test_slice.py'...
Compiling '/home/null/EncryptorApp/.buildozer/android/platform/build-arm64-v8a_armeabi-v7a/build/other_builds/python3/armeabi-v7a__ndk_target_30/python3/Lib/test/test_smtplib.py'...
Compiling '/home/null/EncryptorApp/.buildozer/android/platform/build-arm64-v8a_armeabi-v7a/build/other_builds/python3/armeabi-v7a__ndk_target_30/python3/Lib/test/test_smtpnet.py'...
Compiling '/home/null/EncryptorApp/.buildozer/android/platform/build-arm64-v8a_armeabi-v7a/build/other_builds/python3/armeabi-v7a__ndk_target_30/python3/Lib/test/test_socket.py'...
Compiling '/home/null/EncryptorApp/.buildozer/android/platform/build-arm64-v8a_armeabi-v7a/build/other_builds/python3/armeabi-v7a__ndk_target_30/python3/Lib/test/test_socketserver.py'...
Compiling '/home/null/EncryptorApp/.buildozer/android/platform/build-arm64-v8a_armeabi-v7a/build/other_builds/python3/armeabi-v7a__ndk_target_30/python3/Lib/test/test_sort.py'...
Compiling '/home/null/EncryptorApp/.buildozer/android/platform/build-arm64-v8a_armeabi-v7a/build/other_builds/python3/armeabi-v7a__ndk_target_30/python3/Lib/test/test_source_encoding.py'...
Listing '/home/null/EncryptorApp/.buildozer/android/platform/build-arm64-v8a_armeabi-v7a/build/other_builds/python3/armeabi-v7a__ndk_target_30/python3/Lib/test/test_sqlite3'...
Compiling '/home/null/EncryptorApp/.buildozer/android/platform/build-arm64-v8a_armeabi-v7a/build/other_builds/python3/armeabi-v7a__ndk_target_30/python3/Lib/test/test_sqlite3/__init__.py'...
Compiling '/home/null/EncryptorApp/.buildozer/android/platform/build-arm64-v8a_armeabi-v7a/build/other_builds/python3/armeabi-v7a__ndk_target_30/python3/Lib/test/test_sqlite3/__main__.py'...
Compiling '/home/null/EncryptorApp/.buildozer/android/platform/build-arm64-v8a_armeabi-v7a/build/other_builds/python3/armeabi-v7a__ndk_target_30/python3/Lib/test/test_sqlite3/test_backup.py'...
Compiling '/home/null/EncryptorApp/.buildozer/android/platform/build-arm64-v8a_armeabi-v7a/build/other_builds/python3/armeabi-v7a__ndk_target_30/python3/Lib/test/test_sqlite3/test_cli.py'...
Compiling '/home/null/EncryptorApp/.buildozer/android/platform/build-arm64-v8a_armeabi-v7a/build/other_builds/python3/armeabi-v7a__ndk_target_30/python3/Lib/test/test_sqlite3/test_dbapi.py'...
Compiling '/home/null/EncryptorApp/.buildozer/android/platform/build-arm64-v8a_armeabi-v7a/build/other_builds/python3/armeabi-v7a__ndk_target_30/python3/Lib/test/test_sqlite3/test_dump.py'...
Compiling '/home/null/EncryptorApp/.buildozer/android/platform/build-arm64-v8a_armeabi-v7a/build/other_builds/python3/armeabi-v7a__ndk_target_30/python3/Lib/test/test_sqlite3/test_factory.py'...
Compiling '/home/null/EncryptorApp/.buildozer/android/platform/build-arm64-v8a_armeabi-v7a/build/other_builds/python3/armeabi-v7a__ndk_target_30/python3/Lib/test/test_sqlite3/test_hooks.py'...
Compiling '/home/null/EncryptorApp/.buildozer/android/platform/build-arm64-v8a_armeabi-v7a/build/other_builds/python3/armeabi-v7a__ndk_target_30/python3/Lib/test/test_sqlite3/test_regression.py'...
Compiling '/home/null/EncryptorApp/.buildozer/android/platform/build-arm64-v8a_armeabi-v7a/build/other_builds/python3/armeabi-v7a__ndk_target_30/python3/Lib/test/test_sqlite3/test_transactions.py'...
Compiling '/home/null/EncryptorApp/.buildozer/android/platform/build-arm64-v8a_armeabi-v7a/build/other_builds/python3/armeabi-v7a__ndk_target_30/python3/Lib/test/test_sqlite3/test_types.py'...
Compiling '/home/null/EncryptorApp/.buildozer/android/platform/build-arm64-v8a_armeabi-v7a/build/other_builds/python3/armeabi-v7a__ndk_target_30/python3/Lib/test/test_sqlite3/test_userfunctions.py'...
Compiling '/home/null/EncryptorApp/.buildozer/android/platform/build-arm64-v8a_armeabi-v7a/build/other_builds/python3/armeabi-v7a__ndk_target_30/python3/Lib/test/test_sqlite3/util.py'...
Compiling '/home/null/EncryptorApp/.buildozer/android/platform/build-arm64-v8a_armeabi-v7a/build/other_builds/python3/armeabi-v7a__ndk_target_30/python3/Lib/test/test_ssl.py'...
Compiling '/home/null/EncryptorApp/.buildozer/android/platform/build-arm64-v8a_armeabi-v7a/build/other_builds/python3/armeabi-v7a__ndk_target_30/python3/Lib/test/test_stable_abi_ctypes.py'...
Compiling '/home/null/EncryptorApp/.buildozer/android/platform/build-arm64-v8a_armeabi-v7a/build/other_builds/python3/armeabi-v7a__ndk_target_30/python3/Lib/test/test_startfile.py'...
Compiling '/home/null/EncryptorApp/.buildozer/android/platform/build-arm64-v8a_armeabi-v7a/build/other_builds/python3/armeabi-v7a__ndk_target_30/python3/Lib/test/test_stat.py'...
Compiling '/home/null/EncryptorApp/.buildozer/android/platform/build-arm64-v8a_armeabi-v7a/build/other_builds/python3/armeabi-v7a__ndk_target_30/python3/Lib/test/test_statistics.py'...
Compiling '/home/null/EncryptorApp/.buildozer/android/platform/build-arm64-v8a_armeabi-v7a/build/other_builds/python3/armeabi-v7a__ndk_target_30/python3/Lib/test/test_str.py'...
Compiling '/home/null/EncryptorApp/.buildozer/android/platform/build-arm64-v8a_armeabi-v7a/build/other_builds/python3/armeabi-v7a__ndk_target_30/python3/Lib/test/test_strftime.py'...
Listing '/home/null/EncryptorApp/.buildozer/android/platform/build-arm64-v8a_armeabi-v7a/build/other_builds/python3/armeabi-v7a__ndk_target_30/python3/Lib/test/test_string'...
Compiling '/home/null/EncryptorApp/.buildozer/android/platform/build-arm64-v8a_armeabi-v7a/build/other_builds/python3/armeabi-v7a__ndk_target_30/python3/Lib/test/test_string/__init__.py'...
Compiling '/home/null/EncryptorApp/.buildozer/android/platform/build-arm64-v8a_armeabi-v7a/build/other_builds/python3/armeabi-v7a__ndk_target_30/python3/Lib/test/test_string/_support.py'...
Compiling '/home/null/EncryptorApp/.buildozer/android/platform/build-arm64-v8a_armeabi-v7a/build/other_builds/python3/armeabi-v7a__ndk_target_30/python3/Lib/test/test_string/test_string.py'...
Compiling '/home/null/EncryptorApp/.buildozer/android/platform/build-arm64-v8a_armeabi-v7a/build/other_builds/python3/armeabi-v7a__ndk_target_30/python3/Lib/test/test_string/test_templatelib.py'...
Compiling '/home/null/EncryptorApp/.buildozer/android/platform/build-arm64-v8a_armeabi-v7a/build/other_builds/python3/armeabi-v7a__ndk_target_30/python3/Lib/test/test_string_literals.py'...
Compiling '/home/null/EncryptorApp/.buildozer/android/platform/build-arm64-v8a_armeabi-v7a/build/other_builds/python3/armeabi-v7a__ndk_target_30/python3/Lib/test/test_stringprep.py'...
Compiling '/home/null/EncryptorApp/.buildozer/android/platform/build-arm64-v8a_armeabi-v7a/build/other_builds/python3/armeabi-v7a__ndk_target_30/python3/Lib/test/test_strptime.py'...
Compiling '/home/null/EncryptorApp/.buildozer/android/platform/build-arm64-v8a_armeabi-v7a/build/other_builds/python3/armeabi-v7a__ndk_target_30/python3/Lib/test/test_strtod.py'...
Compiling '/home/null/EncryptorApp/.buildozer/android/platform/build-arm64-v8a_armeabi-v7a/build/other_builds/python3/armeabi-v7a__ndk_target_30/python3/Lib/test/test_struct.py'...
Compiling '/home/null/EncryptorApp/.buildozer/android/platform/build-arm64-v8a_armeabi-v7a/build/other_builds/python3/armeabi-v7a__ndk_target_30/python3/Lib/test/test_structseq.py'...
Compiling '/home/null/EncryptorApp/.buildozer/android/platform/build-arm64-v8a_armeabi-v7a/build/other_builds/python3/armeabi-v7a__ndk_target_30/python3/Lib/test/test_subclassinit.py'...
Compiling '/home/null/EncryptorApp/.buildozer/android/platform/build-arm64-v8a_armeabi-v7a/build/other_builds/python3/armeabi-v7a__ndk_target_30/python3/Lib/test/test_subprocess.py'...
Compiling '/home/null/EncryptorApp/.buildozer/android/platform/build-arm64-v8a_armeabi-v7a/build/other_builds/python3/armeabi-v7a__ndk_target_30/python3/Lib/test/test_sundry.py'...
Compiling '/home/null/EncryptorApp/.buildozer/android/platform/build-arm64-v8a_armeabi-v7a/build/other_builds/python3/armeabi-v7a__ndk_target_30/python3/Lib/test/test_super.py'...
Compiling '/home/null/EncryptorApp/.buildozer/android/platform/build-arm64-v8a_armeabi-v7a/build/other_builds/python3/armeabi-v7a__ndk_target_30/python3/Lib/test/test_support.py'...
Compiling '/home/null/EncryptorApp/.buildozer/android/platform/build-arm64-v8a_armeabi-v7a/build/other_builds/python3/armeabi-v7a__ndk_target_30/python3/Lib/test/test_symtable.py'...
Compiling '/home/null/EncryptorApp/.buildozer/android/platform/build-arm64-v8a_armeabi-v7a/build/other_builds/python3/armeabi-v7a__ndk_target_30/python3/Lib/test/test_syntax.py'...
Compiling '/home/null/EncryptorApp/.buildozer/android/platform/build-arm64-v8a_armeabi-v7a/build/other_builds/python3/armeabi-v7a__ndk_target_30/python3/Lib/test/test_sys.py'...
Compiling '/home/null/EncryptorApp/.buildozer/android/platform/build-arm64-v8a_armeabi-v7a/build/other_builds/python3/armeabi-v7a__ndk_target_30/python3/Lib/test/test_sys_setprofile.py'...
Compiling '/home/null/EncryptorApp/.buildozer/android/platform/build-arm64-v8a_armeabi-v7a/build/other_builds/python3/armeabi-v7a__ndk_target_30/python3/Lib/test/test_sys_settrace.py'...
Compiling '/home/null/EncryptorApp/.buildozer/android/platform/build-arm64-v8a_armeabi-v7a/build/other_builds/python3/armeabi-v7a__ndk_target_30/python3/Lib/test/test_sysconfig.py'...
Compiling '/home/null/EncryptorApp/.buildozer/android/platform/build-arm64-v8a_armeabi-v7a/build/other_builds/python3/armeabi-v7a__ndk_target_30/python3/Lib/test/test_syslog.py'...
Compiling '/home/null/EncryptorApp/.buildozer/android/platform/build-arm64-v8a_armeabi-v7a/build/other_builds/python3/armeabi-v7a__ndk_target_30/python3/Lib/test/test_tabnanny.py'...
Compiling '/home/null/EncryptorApp/.buildozer/android/platform/build-arm64-v8a_armeabi-v7a/build/other_builds/python3/armeabi-v7a__ndk_target_30/python3/Lib/test/test_tarfile.py'...
Compiling '/home/null/EncryptorApp/.buildozer/android/platform/build-arm64-v8a_armeabi-v7a/build/other_builds/python3/armeabi-v7a__ndk_target_30/python3/Lib/test/test_tcl.py'...
Compiling '/home/null/EncryptorApp/.buildozer/android/platform/build-arm64-v8a_armeabi-v7a/build/other_builds/python3/armeabi-v7a__ndk_target_30/python3/Lib/test/test_tempfile.py'...
Compiling '/home/null/EncryptorApp/.buildozer/android/platform/build-arm64-v8a_armeabi-v7a/build/other_builds/python3/armeabi-v7a__ndk_target_30/python3/Lib/test/test_termios.py'...
Compiling '/home/null/EncryptorApp/.buildozer/android/platform/build-arm64-v8a_armeabi-v7a/build/other_builds/python3/armeabi-v7a__ndk_target_30/python3/Lib/test/test_textwrap.py'...
Compiling '/home/null/EncryptorApp/.buildozer/android/platform/build-arm64-v8a_armeabi-v7a/build/other_builds/python3/armeabi-v7a__ndk_target_30/python3/Lib/test/test_thread.py'...
Compiling '/home/null/EncryptorApp/.buildozer/android/platform/build-arm64-v8a_armeabi-v7a/build/other_builds/python3/armeabi-v7a__ndk_target_30/python3/Lib/test/test_thread_local_bytecode.py'...
Compiling '/home/null/EncryptorApp/.buildozer/android/platform/build-arm64-v8a_armeabi-v7a/build/other_builds/python3/armeabi-v7a__ndk_target_30/python3/Lib/test/test_threadedtempfile.py'...
Compiling '/home/null/EncryptorApp/.buildozer/android/platform/build-arm64-v8a_armeabi-v7a/build/other_builds/python3/armeabi-v7a__ndk_target_30/python3/Lib/test/test_threading.py'...
Compiling '/home/null/EncryptorApp/.buildozer/android/platform/build-arm64-v8a_armeabi-v7a/build/other_builds/python3/armeabi-v7a__ndk_target_30/python3/Lib/test/test_threading_local.py'...
Compiling '/home/null/EncryptorApp/.buildozer/android/platform/build-arm64-v8a_armeabi-v7a/build/other_builds/python3/armeabi-v7a__ndk_target_30/python3/Lib/test/test_threadsignals.py'...
Compiling '/home/null/EncryptorApp/.buildozer/android/platform/build-arm64-v8a_armeabi-v7a/build/other_builds/python3/armeabi-v7a__ndk_target_30/python3/Lib/test/test_time.py'...
Compiling '/home/null/EncryptorApp/.buildozer/android/platform/build-arm64-v8a_armeabi-v7a/build/other_builds/python3/armeabi-v7a__ndk_target_30/python3/Lib/test/test_timeit.py'...
Compiling '/home/null/EncryptorApp/.buildozer/android/platform/build-arm64-v8a_armeabi-v7a/build/other_builds/python3/armeabi-v7a__ndk_target_30/python3/Lib/test/test_timeout.py'...
Listing '/home/null/EncryptorApp/.buildozer/android/platform/build-arm64-v8a_armeabi-v7a/build/other_builds/python3/armeabi-v7a__ndk_target_30/python3/Lib/test/test_tkinter'...
Compiling '/home/null/EncryptorApp/.buildozer/android/platform/build-arm64-v8a_armeabi-v7a/build/other_builds/python3/armeabi-v7a__ndk_target_30/python3/Lib/test/test_tkinter/__init__.py'...
Compiling '/home/null/EncryptorApp/.buildozer/android/platform/build-arm64-v8a_armeabi-v7a/build/other_builds/python3/armeabi-v7a__ndk_target_30/python3/Lib/test/test_tkinter/__main__.py'...
Compiling '/home/null/EncryptorApp/.buildozer/android/platform/build-arm64-v8a_armeabi-v7a/build/other_builds/python3/armeabi-v7a__ndk_target_30/python3/Lib/test/test_tkinter/support.py'...
Compiling '/home/null/EncryptorApp/.buildozer/android/platform/build-arm64-v8a_armeabi-v7a/build/other_builds/python3/armeabi-v7a__ndk_target_30/python3/Lib/test/test_tkinter/test_colorchooser.py'...
Compiling '/home/null/EncryptorApp/.buildozer/android/platform/build-arm64-v8a_armeabi-v7a/build/other_builds/python3/armeabi-v7a__ndk_target_30/python3/Lib/test/test_tkinter/test_font.py'...
Compiling '/home/null/EncryptorApp/.buildozer/android/platform/build-arm64-v8a_armeabi-v7a/build/other_builds/python3/armeabi-v7a__ndk_target_30/python3/Lib/test/test_tkinter/test_geometry_managers.py'...
Compiling '/home/null/EncryptorApp/.buildozer/android/platform/build-arm64-v8a_armeabi-v7a/build/other_builds/python3/armeabi-v7a__ndk_target_30/python3/Lib/test/test_tkinter/test_images.py'...
Compiling '/home/null/EncryptorApp/.buildozer/android/platform/build-arm64-v8a_armeabi-v7a/build/other_builds/python3/armeabi-v7a__ndk_target_30/python3/Lib/test/test_tkinter/test_loadtk.py'...
Compiling '/home/null/EncryptorApp/.buildozer/android/platform/build-arm64-v8a_armeabi-v7a/build/other_builds/python3/armeabi-v7a__ndk_target_30/python3/Lib/test/test_tkinter/test_messagebox.py'...
Compiling '/home/null/EncryptorApp/.buildozer/android/platform/build-arm64-v8a_armeabi-v7a/build/other_builds/python3/armeabi-v7a__ndk_target_30/python3/Lib/test/test_tkinter/test_misc.py'...
Compiling '/home/null/EncryptorApp/.buildozer/android/platform/build-arm64-v8a_armeabi-v7a/build/other_builds/python3/armeabi-v7a__ndk_target_30/python3/Lib/test/test_tkinter/test_simpledialog.py'...
Compiling '/home/null/EncryptorApp/.buildozer/android/platform/build-arm64-v8a_armeabi-v7a/build/other_builds/python3/armeabi-v7a__ndk_target_30/python3/Lib/test/test_tkinter/test_text.py'...
Compiling '/home/null/EncryptorApp/.buildozer/android/platform/build-arm64-v8a_armeabi-v7a/build/other_builds/python3/armeabi-v7a__ndk_target_30/python3/Lib/test/test_tkinter/test_variables.py'...
Compiling '/home/null/EncryptorApp/.buildozer/android/platform/build-arm64-v8a_armeabi-v7a/build/other_builds/python3/armeabi-v7a__ndk_target_30/python3/Lib/test/test_tkinter/test_widgets.py'...
Compiling '/home/null/EncryptorApp/.buildozer/android/platform/build-arm64-v8a_armeabi-v7a/build/other_builds/python3/armeabi-v7a__ndk_target_30/python3/Lib/test/test_tkinter/widget_tests.py'...
Compiling '/home/null/EncryptorApp/.buildozer/android/platform/build-arm64-v8a_armeabi-v7a/build/other_builds/python3/armeabi-v7a__ndk_target_30/python3/Lib/test/test_tokenize.py'...
Listing '/home/null/EncryptorApp/.buildozer/android/platform/build-arm64-v8a_armeabi-v7a/build/other_builds/python3/armeabi-v7a__ndk_target_30/python3/Lib/test/test_tomllib'...
Compiling '/home/null/EncryptorApp/.buildozer/android/platform/build-arm64-v8a_armeabi-v7a/build/other_builds/python3/armeabi-v7a__ndk_target_30/python3/Lib/test/test_tomllib/__init__.py'...
Compiling '/home/null/EncryptorApp/.buildozer/android/platform/build-arm64-v8a_armeabi-v7a/build/other_builds/python3/armeabi-v7a__ndk_target_30/python3/Lib/test/test_tomllib/__main__.py'...
Compiling '/home/null/EncryptorApp/.buildozer/android/platform/build-arm64-v8a_armeabi-v7a/build/other_builds/python3/armeabi-v7a__ndk_target_30/python3/Lib/test/test_tomllib/burntsushi.py'...
Listing '/home/null/EncryptorApp/.buildozer/android/platform/build-arm64-v8a_armeabi-v7a/build/other_builds/python3/armeabi-v7a__ndk_target_30/python3/Lib/test/test_tomllib/data'...
Listing '/home/null/EncryptorApp/.buildozer/android/platform/build-arm64-v8a_armeabi-v7a/build/other_builds/python3/armeabi-v7a__ndk_target_30/python3/Lib/test/test_tomllib/data/invalid'...
Listing '/home/null/EncryptorApp/.buildozer/android/platform/build-arm64-v8a_armeabi-v7a/build/other_builds/python3/armeabi-v7a__ndk_target_30/python3/Lib/test/test_tomllib/data/invalid/array'...
Listing '/home/null/EncryptorApp/.buildozer/android/platform/build-arm64-v8a_armeabi-v7a/build/other_builds/python3/armeabi-v7a__ndk_target_30/python3/Lib/test/test_tomllib/data/invalid/array-of-tables'...
Listing '/home/null/EncryptorApp/.buildozer/android/platform/build-arm64-v8a_armeabi-v7a/build/other_builds/python3/armeabi-v7a__ndk_target_30/python3/Lib/test/test_tomllib/data/invalid/boolean'...
Listing '/home/null/EncryptorApp/.buildozer/android/platform/build-arm64-v8a_armeabi-v7a/build/other_builds/python3/armeabi-v7a__ndk_target_30/python3/Lib/test/test_tomllib/data/invalid/dates-and-times'...
Listing '/home/null/EncryptorApp/.buildozer/android/platform/build-arm64-v8a_armeabi-v7a/build/other_builds/python3/armeabi-v7a__ndk_target_30/python3/Lib/test/test_tomllib/data/invalid/dotted-keys'...
Listing '/home/null/EncryptorApp/.buildozer/android/platform/build-arm64-v8a_armeabi-v7a/build/other_builds/python3/armeabi-v7a__ndk_target_30/python3/Lib/test/test_tomllib/data/invalid/inline-table'...
Listing '/home/null/EncryptorApp/.buildozer/android/platform/build-arm64-v8a_armeabi-v7a/build/other_builds/python3/armeabi-v7a__ndk_target_30/python3/Lib/test/test_tomllib/data/invalid/keys-and-vals'...
Listing '/home/null/EncryptorApp/.buildozer/android/platform/build-arm64-v8a_armeabi-v7a/build/other_builds/python3/armeabi-v7a__ndk_target_30/python3/Lib/test/test_tomllib/data/invalid/literal-str'...
Listing '/home/null/EncryptorApp/.buildozer/android/platform/build-arm64-v8a_armeabi-v7a/build/other_builds/python3/armeabi-v7a__ndk_target_30/python3/Lib/test/test_tomllib/data/invalid/multiline-basic-str'...
Listing '/home/null/EncryptorApp/.buildozer/android/platform/build-arm64-v8a_armeabi-v7a/build/other_builds/python3/armeabi-v7a__ndk_target_30/python3/Lib/test/test_tomllib/data/invalid/multiline-literal-str'...
Listing '/home/null/EncryptorApp/.buildozer/android/platform/build-arm64-v8a_armeabi-v7a/build/other_builds/python3/armeabi-v7a__ndk_target_30/python3/Lib/test/test_tomllib/data/invalid/table'...
Listing '/home/null/EncryptorApp/.buildozer/android/platform/build-arm64-v8a_armeabi-v7a/build/other_builds/python3/armeabi-v7a__ndk_target_30/python3/Lib/test/test_tomllib/data/valid'...
Listing '/home/null/EncryptorApp/.buildozer/android/platform/build-arm64-v8a_armeabi-v7a/build/other_builds/python3/armeabi-v7a__ndk_target_30/python3/Lib/test/test_tomllib/data/valid/array'...
Listing '/home/null/EncryptorApp/.buildozer/android/platform/build-arm64-v8a_armeabi-v7a/build/other_builds/python3/armeabi-v7a__ndk_target_30/python3/Lib/test/test_tomllib/data/valid/dates-and-times'...
Listing '/home/null/EncryptorApp/.buildozer/android/platform/build-arm64-v8a_armeabi-v7a/build/other_builds/python3/armeabi-v7a__ndk_target_30/python3/Lib/test/test_tomllib/data/valid/multiline-basic-str'...
Compiling '/home/null/EncryptorApp/.buildozer/android/platform/build-arm64-v8a_armeabi-v7a/build/other_builds/python3/armeabi-v7a__ndk_target_30/python3/Lib/test/test_tomllib/test_data.py'...
Compiling '/home/null/EncryptorApp/.buildozer/android/platform/build-arm64-v8a_armeabi-v7a/build/other_builds/python3/armeabi-v7a__ndk_target_30/python3/Lib/test/test_tomllib/test_error.py'...
Compiling '/home/null/EncryptorApp/.buildozer/android/platform/build-arm64-v8a_armeabi-v7a/build/other_builds/python3/armeabi-v7a__ndk_target_30/python3/Lib/test/test_tomllib/test_misc.py'...
Listing '/home/null/EncryptorApp/.buildozer/android/platform/build-arm64-v8a_armeabi-v7a/build/other_builds/python3/armeabi-v7a__ndk_target_30/python3/Lib/test/test_tools'...
Compiling '/home/null/EncryptorApp/.buildozer/android/platform/build-arm64-v8a_armeabi-v7a/build/other_builds/python3/armeabi-v7a__ndk_target_30/python3/Lib/test/test_tools/__init__.py'...
Compiling '/home/null/EncryptorApp/.buildozer/android/platform/build-arm64-v8a_armeabi-v7a/build/other_builds/python3/armeabi-v7a__ndk_target_30/python3/Lib/test/test_tools/__main__.py'...
Listing '/home/null/EncryptorApp/.buildozer/android/platform/build-arm64-v8a_armeabi-v7a/build/other_builds/python3/armeabi-v7a__ndk_target_30/python3/Lib/test/test_tools/i18n_data'...
Compiling '/home/null/EncryptorApp/.buildozer/android/platform/build-arm64-v8a_armeabi-v7a/build/other_builds/python3/armeabi-v7a__ndk_target_30/python3/Lib/test/test_tools/i18n_data/comments.py'...
Compiling '/home/null/EncryptorApp/.buildozer/android/platform/build-arm64-v8a_armeabi-v7a/build/other_builds/python3/armeabi-v7a__ndk_target_30/python3/Lib/test/test_tools/i18n_data/custom_keywords.py'...
Compiling '/home/null/EncryptorApp/.buildozer/android/platform/build-arm64-v8a_armeabi-v7a/build/other_builds/python3/armeabi-v7a__ndk_target_30/python3/Lib/test/test_tools/i18n_data/docstrings.py'...
Compiling '/home/null/EncryptorApp/.buildozer/android/platform/build-arm64-v8a_armeabi-v7a/build/other_builds/python3/armeabi-v7a__ndk_target_30/python3/Lib/test/test_tools/i18n_data/escapes.py'...
Compiling '/home/null/EncryptorApp/.buildozer/android/platform/build-arm64-v8a_armeabi-v7a/build/other_builds/python3/armeabi-v7a__ndk_target_30/python3/Lib/test/test_tools/i18n_data/fileloc.py'...
Compiling '/home/null/EncryptorApp/.buildozer/android/platform/build-arm64-v8a_armeabi-v7a/build/other_builds/python3/armeabi-v7a__ndk_target_30/python3/Lib/test/test_tools/i18n_data/messages.py'...
Compiling '/home/null/EncryptorApp/.buildozer/android/platform/build-arm64-v8a_armeabi-v7a/build/other_builds/python3/armeabi-v7a__ndk_target_30/python3/Lib/test/test_tools/i18n_data/multiple_keywords.py'...
Listing '/home/null/EncryptorApp/.buildozer/android/platform/build-arm64-v8a_armeabi-v7a/build/other_builds/python3/armeabi-v7a__ndk_target_30/python3/Lib/test/test_tools/msgfmt_data'...
Compiling '/home/null/EncryptorApp/.buildozer/android/platform/build-arm64-v8a_armeabi-v7a/build/other_builds/python3/armeabi-v7a__ndk_target_30/python3/Lib/test/test_tools/test_freeze.py'...
Compiling '/home/null/EncryptorApp/.buildozer/android/platform/build-arm64-v8a_armeabi-v7a/build/other_builds/python3/armeabi-v7a__ndk_target_30/python3/Lib/test/test_tools/test_i18n.py'...
Compiling '/home/null/EncryptorApp/.buildozer/android/platform/build-arm64-v8a_armeabi-v7a/build/other_builds/python3/armeabi-v7a__ndk_target_30/python3/Lib/test/test_tools/test_makefile.py'...
Compiling '/home/null/EncryptorApp/.buildozer/android/platform/build-arm64-v8a_armeabi-v7a/build/other_builds/python3/armeabi-v7a__ndk_target_30/python3/Lib/test/test_tools/test_makeunicodedata.py'...
Compiling '/home/null/EncryptorApp/.buildozer/android/platform/build-arm64-v8a_armeabi-v7a/build/other_builds/python3/armeabi-v7a__ndk_target_30/python3/Lib/test/test_tools/test_msgfmt.py'...
Compiling '/home/null/EncryptorApp/.buildozer/android/platform/build-arm64-v8a_armeabi-v7a/build/other_builds/python3/armeabi-v7a__ndk_target_30/python3/Lib/test/test_tools/test_reindent.py'...
Compiling '/home/null/EncryptorApp/.buildozer/android/platform/build-arm64-v8a_armeabi-v7a/build/other_builds/python3/armeabi-v7a__ndk_target_30/python3/Lib/test/test_tools/test_sundry.py'...
Compiling '/home/null/EncryptorApp/.buildozer/android/platform/build-arm64-v8a_armeabi-v7a/build/other_builds/python3/armeabi-v7a__ndk_target_30/python3/Lib/test/test_trace.py'...
Compiling '/home/null/EncryptorApp/.buildozer/android/platform/build-arm64-v8a_armeabi-v7a/build/other_builds/python3/armeabi-v7a__ndk_target_30/python3/Lib/test/test_traceback.py'...
Compiling '/home/null/EncryptorApp/.buildozer/android/platform/build-arm64-v8a_armeabi-v7a/build/other_builds/python3/armeabi-v7a__ndk_target_30/python3/Lib/test/test_tracemalloc.py'...
Compiling '/home/null/EncryptorApp/.buildozer/android/platform/build-arm64-v8a_armeabi-v7a/build/other_builds/python3/armeabi-v7a__ndk_target_30/python3/Lib/test/test_tstring.py'...
Listing '/home/null/EncryptorApp/.buildozer/android/platform/build-arm64-v8a_armeabi-v7a/build/other_builds/python3/armeabi-v7a__ndk_target_30/python3/Lib/test/test_ttk'...
Compiling '/home/null/EncryptorApp/.buildozer/android/platform/build-arm64-v8a_armeabi-v7a/build/other_builds/python3/armeabi-v7a__ndk_target_30/python3/Lib/test/test_ttk/__init__.py'...
Compiling '/home/null/EncryptorApp/.buildozer/android/platform/build-arm64-v8a_armeabi-v7a/build/other_builds/python3/armeabi-v7a__ndk_target_30/python3/Lib/test/test_ttk/__main__.py'...
Compiling '/home/null/EncryptorApp/.buildozer/android/platform/build-arm64-v8a_armeabi-v7a/build/other_builds/python3/armeabi-v7a__ndk_target_30/python3/Lib/test/test_ttk/test_extensions.py'...
Compiling '/home/null/EncryptorApp/.buildozer/android/platform/build-arm64-v8a_armeabi-v7a/build/other_builds/python3/armeabi-v7a__ndk_target_30/python3/Lib/test/test_ttk/test_style.py'...
Compiling '/home/null/EncryptorApp/.buildozer/android/platform/build-arm64-v8a_armeabi-v7a/build/other_builds/python3/armeabi-v7a__ndk_target_30/python3/Lib/test/test_ttk/test_widgets.py'...
Compiling '/home/null/EncryptorApp/.buildozer/android/platform/build-arm64-v8a_armeabi-v7a/build/other_builds/python3/armeabi-v7a__ndk_target_30/python3/Lib/test/test_ttk_textonly.py'...
Compiling '/home/null/EncryptorApp/.buildozer/android/platform/build-arm64-v8a_armeabi-v7a/build/other_builds/python3/armeabi-v7a__ndk_target_30/python3/Lib/test/test_tty.py'...
Compiling '/home/null/EncryptorApp/.buildozer/android/platform/build-arm64-v8a_armeabi-v7a/build/other_builds/python3/armeabi-v7a__ndk_target_30/python3/Lib/test/test_tuple.py'...
Compiling '/home/null/EncryptorApp/.buildozer/android/platform/build-arm64-v8a_armeabi-v7a/build/other_builds/python3/armeabi-v7a__ndk_target_30/python3/Lib/test/test_turtle.py'...
Compiling '/home/null/EncryptorApp/.buildozer/android/platform/build-arm64-v8a_armeabi-v7a/build/other_builds/python3/armeabi-v7a__ndk_target_30/python3/Lib/test/test_type_aliases.py'...
Compiling '/home/null/EncryptorApp/.buildozer/android/platform/build-arm64-v8a_armeabi-v7a/build/other_builds/python3/armeabi-v7a__ndk_target_30/python3/Lib/test/test_type_annotations.py'...
Compiling '/home/null/EncryptorApp/.buildozer/android/platform/build-arm64-v8a_armeabi-v7a/build/other_builds/python3/armeabi-v7a__ndk_target_30/python3/Lib/test/test_type_cache.py'...
Compiling '/home/null/EncryptorApp/.buildozer/android/platform/build-arm64-v8a_armeabi-v7a/build/other_builds/python3/armeabi-v7a__ndk_target_30/python3/Lib/test/test_type_comments.py'...
Compiling '/home/null/EncryptorApp/.buildozer/android/platform/build-arm64-v8a_armeabi-v7a/build/other_builds/python3/armeabi-v7a__ndk_target_30/python3/Lib/test/test_type_params.py'...
Compiling '/home/null/EncryptorApp/.buildozer/android/platform/build-arm64-v8a_armeabi-v7a/build/other_builds/python3/armeabi-v7a__ndk_target_30/python3/Lib/test/test_typechecks.py'...
Compiling '/home/null/EncryptorApp/.buildozer/android/platform/build-arm64-v8a_armeabi-v7a/build/other_builds/python3/armeabi-v7a__ndk_target_30/python3/Lib/test/test_types.py'...
Compiling '/home/null/EncryptorApp/.buildozer/android/platform/build-arm64-v8a_armeabi-v7a/build/other_builds/python3/armeabi-v7a__ndk_target_30/python3/Lib/test/test_typing.py'...
Compiling '/home/null/EncryptorApp/.buildozer/android/platform/build-arm64-v8a_armeabi-v7a/build/other_builds/python3/armeabi-v7a__ndk_target_30/python3/Lib/test/test_ucn.py'...
Compiling '/home/null/EncryptorApp/.buildozer/android/platform/build-arm64-v8a_armeabi-v7a/build/other_builds/python3/armeabi-v7a__ndk_target_30/python3/Lib/test/test_unary.py'...
Compiling '/home/null/EncryptorApp/.buildozer/android/platform/build-arm64-v8a_armeabi-v7a/build/other_builds/python3/armeabi-v7a__ndk_target_30/python3/Lib/test/test_unicode_file.py'...
Compiling '/home/null/EncryptorApp/.buildozer/android/platform/build-arm64-v8a_armeabi-v7a/build/other_builds/python3/armeabi-v7a__ndk_target_30/python3/Lib/test/test_unicode_file_functions.py'...
Compiling '/home/null/EncryptorApp/.buildozer/android/platform/build-arm64-v8a_armeabi-v7a/build/other_builds/python3/armeabi-v7a__ndk_target_30/python3/Lib/test/test_unicode_identifiers.py'...
Compiling '/home/null/EncryptorApp/.buildozer/android/platform/build-arm64-v8a_armeabi-v7a/build/other_builds/python3/armeabi-v7a__ndk_target_30/python3/Lib/test/test_unicodedata.py'...
Listing '/home/null/EncryptorApp/.buildozer/android/platform/build-arm64-v8a_armeabi-v7a/build/other_builds/python3/armeabi-v7a__ndk_target_30/python3/Lib/test/test_unittest'...
Compiling '/home/null/EncryptorApp/.buildozer/android/platform/build-arm64-v8a_armeabi-v7a/build/other_builds/python3/armeabi-v7a__ndk_target_30/python3/Lib/test/test_unittest/__init__.py'...
Compiling '/home/null/EncryptorApp/.buildozer/android/platform/build-arm64-v8a_armeabi-v7a/build/other_builds/python3/armeabi-v7a__ndk_target_30/python3/Lib/test/test_unittest/__main__.py'...
Compiling '/home/null/EncryptorApp/.buildozer/android/platform/build-arm64-v8a_armeabi-v7a/build/other_builds/python3/armeabi-v7a__ndk_target_30/python3/Lib/test/test_unittest/_test_warnings.py'...
Compiling '/home/null/EncryptorApp/.buildozer/android/platform/build-arm64-v8a_armeabi-v7a/build/other_builds/python3/armeabi-v7a__ndk_target_30/python3/Lib/test/test_unittest/dummy.py'...
Listing '/home/null/EncryptorApp/.buildozer/android/platform/build-arm64-v8a_armeabi-v7a/build/other_builds/python3/armeabi-v7a__ndk_target_30/python3/Lib/test/test_unittest/namespace_test_pkg'...
Listing '/home/null/EncryptorApp/.buildozer/android/platform/build-arm64-v8a_armeabi-v7a/build/other_builds/python3/armeabi-v7a__ndk_target_30/python3/Lib/test/test_unittest/namespace_test_pkg/bar'...
Compiling '/home/null/EncryptorApp/.buildozer/android/platform/build-arm64-v8a_armeabi-v7a/build/other_builds/python3/armeabi-v7a__ndk_target_30/python3/Lib/test/test_unittest/namespace_test_pkg/bar/__init__.py'...
Compiling '/home/null/EncryptorApp/.buildozer/android/platform/build-arm64-v8a_armeabi-v7a/build/other_builds/python3/armeabi-v7a__ndk_target_30/python3/Lib/test/test_unittest/namespace_test_pkg/bar/test_bar.py'...
Listing '/home/null/EncryptorApp/.buildozer/android/platform/build-arm64-v8a_armeabi-v7a/build/other_builds/python3/armeabi-v7a__ndk_target_30/python3/Lib/test/test_unittest/namespace_test_pkg/noop'...
Listing '/home/null/EncryptorApp/.buildozer/android/platform/build-arm64-v8a_armeabi-v7a/build/other_builds/python3/armeabi-v7a__ndk_target_30/python3/Lib/test/test_unittest/namespace_test_pkg/noop/no2'...
Compiling '/home/null/EncryptorApp/.buildozer/android/platform/build-arm64-v8a_armeabi-v7a/build/other_builds/python3/armeabi-v7a__ndk_target_30/python3/Lib/test/test_unittest/namespace_test_pkg/noop/no2/__init__.py'...
Compiling '/home/null/EncryptorApp/.buildozer/android/platform/build-arm64-v8a_armeabi-v7a/build/other_builds/python3/armeabi-v7a__ndk_target_30/python3/Lib/test/test_unittest/namespace_test_pkg/noop/no2/test_no2.py'...
Compiling '/home/null/EncryptorApp/.buildozer/android/platform/build-arm64-v8a_armeabi-v7a/build/other_builds/python3/armeabi-v7a__ndk_target_30/python3/Lib/test/test_unittest/namespace_test_pkg/noop/test_noop.py'...
Compiling '/home/null/EncryptorApp/.buildozer/android/platform/build-arm64-v8a_armeabi-v7a/build/other_builds/python3/armeabi-v7a__ndk_target_30/python3/Lib/test/test_unittest/namespace_test_pkg/test_foo.py'...
Compiling '/home/null/EncryptorApp/.buildozer/android/platform/build-arm64-v8a_armeabi-v7a/build/other_builds/python3/armeabi-v7a__ndk_target_30/python3/Lib/test/test_unittest/support.py'...
Compiling '/home/null/EncryptorApp/.buildozer/android/platform/build-arm64-v8a_armeabi-v7a/build/other_builds/python3/armeabi-v7a__ndk_target_30/python3/Lib/test/test_unittest/test_assertions.py'...
Compiling '/home/null/EncryptorApp/.buildozer/android/platform/build-arm64-v8a_armeabi-v7a/build/other_builds/python3/armeabi-v7a__ndk_target_30/python3/Lib/test/test_unittest/test_async_case.py'...
Compiling '/home/null/EncryptorApp/.buildozer/android/platform/build-arm64-v8a_armeabi-v7a/build/other_builds/python3/armeabi-v7a__ndk_target_30/python3/Lib/test/test_unittest/test_break.py'...
Compiling '/home/null/EncryptorApp/.buildozer/android/platform/build-arm64-v8a_armeabi-v7a/build/other_builds/python3/armeabi-v7a__ndk_target_30/python3/Lib/test/test_unittest/test_case.py'...
Compiling '/home/null/EncryptorApp/.buildozer/android/platform/build-arm64-v8a_armeabi-v7a/build/other_builds/python3/armeabi-v7a__ndk_target_30/python3/Lib/test/test_unittest/test_discovery.py'...
Compiling '/home/null/EncryptorApp/.buildozer/android/platform/build-arm64-v8a_armeabi-v7a/build/other_builds/python3/armeabi-v7a__ndk_target_30/python3/Lib/test/test_unittest/test_functiontestcase.py'...
Compiling '/home/null/EncryptorApp/.buildozer/android/platform/build-arm64-v8a_armeabi-v7a/build/other_builds/python3/armeabi-v7a__ndk_target_30/python3/Lib/test/test_unittest/test_loader.py'...
Compiling '/home/null/EncryptorApp/.buildozer/android/platform/build-arm64-v8a_armeabi-v7a/build/other_builds/python3/armeabi-v7a__ndk_target_30/python3/Lib/test/test_unittest/test_program.py'...
Compiling '/home/null/EncryptorApp/.buildozer/android/platform/build-arm64-v8a_armeabi-v7a/build/other_builds/python3/armeabi-v7a__ndk_target_30/python3/Lib/test/test_unittest/test_result.py'...
Compiling '/home/null/EncryptorApp/.buildozer/android/platform/build-arm64-v8a_armeabi-v7a/build/other_builds/python3/armeabi-v7a__ndk_target_30/python3/Lib/test/test_unittest/test_runner.py'...
Compiling '/home/null/EncryptorApp/.buildozer/android/platform/build-arm64-v8a_armeabi-v7a/build/other_builds/python3/armeabi-v7a__ndk_target_30/python3/Lib/test/test_unittest/test_setups.py'...
Compiling '/home/null/EncryptorApp/.buildozer/android/platform/build-arm64-v8a_armeabi-v7a/build/other_builds/python3/armeabi-v7a__ndk_target_30/python3/Lib/test/test_unittest/test_skipping.py'...
Compiling '/home/null/EncryptorApp/.buildozer/android/platform/build-arm64-v8a_armeabi-v7a/build/other_builds/python3/armeabi-v7a__ndk_target_30/python3/Lib/test/test_unittest/test_suite.py'...
Compiling '/home/null/EncryptorApp/.buildozer/android/platform/build-arm64-v8a_armeabi-v7a/build/other_builds/python3/armeabi-v7a__ndk_target_30/python3/Lib/test/test_unittest/test_util.py'...
Listing '/home/null/EncryptorApp/.buildozer/android/platform/build-arm64-v8a_armeabi-v7a/build/other_builds/python3/armeabi-v7a__ndk_target_30/python3/Lib/test/test_unittest/testmock'...
Compiling '/home/null/EncryptorApp/.buildozer/android/platform/build-arm64-v8a_armeabi-v7a/build/other_builds/python3/armeabi-v7a__ndk_target_30/python3/Lib/test/test_unittest/testmock/__init__.py'...
Compiling '/home/null/EncryptorApp/.buildozer/android/platform/build-arm64-v8a_armeabi-v7a/build/other_builds/python3/armeabi-v7a__ndk_target_30/python3/Lib/test/test_unittest/testmock/__main__.py'...
Compiling '/home/null/EncryptorApp/.buildozer/android/platform/build-arm64-v8a_armeabi-v7a/build/other_builds/python3/armeabi-v7a__ndk_target_30/python3/Lib/test/test_unittest/testmock/support.py'...
Compiling '/home/null/EncryptorApp/.buildozer/android/platform/build-arm64-v8a_armeabi-v7a/build/other_builds/python3/armeabi-v7a__ndk_target_30/python3/Lib/test/test_unittest/testmock/testasync.py'...
Compiling '/home/null/EncryptorApp/.buildozer/android/platform/build-arm64-v8a_armeabi-v7a/build/other_builds/python3/armeabi-v7a__ndk_target_30/python3/Lib/test/test_unittest/testmock/testcallable.py'...
Compiling '/home/null/EncryptorApp/.buildozer/android/platform/build-arm64-v8a_armeabi-v7a/build/other_builds/python3/armeabi-v7a__ndk_target_30/python3/Lib/test/test_unittest/testmock/testhelpers.py'...
Compiling '/home/null/EncryptorApp/.buildozer/android/platform/build-arm64-v8a_armeabi-v7a/build/other_builds/python3/armeabi-v7a__ndk_target_30/python3/Lib/test/test_unittest/testmock/testmagicmethods.py'...
Compiling '/home/null/EncryptorApp/.buildozer/android/platform/build-arm64-v8a_armeabi-v7a/build/other_builds/python3/armeabi-v7a__ndk_target_30/python3/Lib/test/test_unittest/testmock/testmock.py'...
Compiling '/home/null/EncryptorApp/.buildozer/android/platform/build-arm64-v8a_armeabi-v7a/build/other_builds/python3/armeabi-v7a__ndk_target_30/python3/Lib/test/test_unittest/testmock/testpatch.py'...
Compiling '/home/null/EncryptorApp/.buildozer/android/platform/build-arm64-v8a_armeabi-v7a/build/other_builds/python3/armeabi-v7a__ndk_target_30/python3/Lib/test/test_unittest/testmock/testsealable.py'...
Compiling '/home/null/EncryptorApp/.buildozer/android/platform/build-arm64-v8a_armeabi-v7a/build/other_builds/python3/armeabi-v7a__ndk_target_30/python3/Lib/test/test_unittest/testmock/testsentinel.py'...
Compiling '/home/null/EncryptorApp/.buildozer/android/platform/build-arm64-v8a_armeabi-v7a/build/other_builds/python3/armeabi-v7a__ndk_target_30/python3/Lib/test/test_unittest/testmock/testthreadingmock.py'...
Compiling '/home/null/EncryptorApp/.buildozer/android/platform/build-arm64-v8a_armeabi-v7a/build/other_builds/python3/armeabi-v7a__ndk_target_30/python3/Lib/test/test_unittest/testmock/testwith.py'...
Compiling '/home/null/EncryptorApp/.buildozer/android/platform/build-arm64-v8a_armeabi-v7a/build/other_builds/python3/armeabi-v7a__ndk_target_30/python3/Lib/test/test_univnewlines.py'...
Compiling '/home/null/EncryptorApp/.buildozer/android/platform/build-arm64-v8a_armeabi-v7a/build/other_builds/python3/armeabi-v7a__ndk_target_30/python3/Lib/test/test_unpack.py'...
Compiling '/home/null/EncryptorApp/.buildozer/android/platform/build-arm64-v8a_armeabi-v7a/build/other_builds/python3/armeabi-v7a__ndk_target_30/python3/Lib/test/test_unpack_ex.py'...
Compiling '/home/null/EncryptorApp/.buildozer/android/platform/build-arm64-v8a_armeabi-v7a/build/other_builds/python3/armeabi-v7a__ndk_target_30/python3/Lib/test/test_unparse.py'...
Compiling '/home/null/EncryptorApp/.buildozer/android/platform/build-arm64-v8a_armeabi-v7a/build/other_builds/python3/armeabi-v7a__ndk_target_30/python3/Lib/test/test_urllib.py'...
Compiling '/home/null/EncryptorApp/.buildozer/android/platform/build-arm64-v8a_armeabi-v7a/build/other_builds/python3/armeabi-v7a__ndk_target_30/python3/Lib/test/test_urllib2.py'...
Compiling '/home/null/EncryptorApp/.buildozer/android/platform/build-arm64-v8a_armeabi-v7a/build/other_builds/python3/armeabi-v7a__ndk_target_30/python3/Lib/test/test_urllib2_localnet.py'...
Compiling '/home/null/EncryptorApp/.buildozer/android/platform/build-arm64-v8a_armeabi-v7a/build/other_builds/python3/armeabi-v7a__ndk_target_30/python3/Lib/test/test_urllib2net.py'...
Compiling '/home/null/EncryptorApp/.buildozer/android/platform/build-arm64-v8a_armeabi-v7a/build/other_builds/python3/armeabi-v7a__ndk_target_30/python3/Lib/test/test_urllib_response.py'...
Compiling '/home/null/EncryptorApp/.buildozer/android/platform/build-arm64-v8a_armeabi-v7a/build/other_builds/python3/armeabi-v7a__ndk_target_30/python3/Lib/test/test_urllibnet.py'...
Compiling '/home/null/EncryptorApp/.buildozer/android/platform/build-arm64-v8a_armeabi-v7a/build/other_builds/python3/armeabi-v7a__ndk_target_30/python3/Lib/test/test_urlparse.py'...
Compiling '/home/null/EncryptorApp/.buildozer/android/platform/build-arm64-v8a_armeabi-v7a/build/other_builds/python3/armeabi-v7a__ndk_target_30/python3/Lib/test/test_userdict.py'...
Compiling '/home/null/EncryptorApp/.buildozer/android/platform/build-arm64-v8a_armeabi-v7a/build/other_builds/python3/armeabi-v7a__ndk_target_30/python3/Lib/test/test_userlist.py'...
Compiling '/home/null/EncryptorApp/.buildozer/android/platform/build-arm64-v8a_armeabi-v7a/build/other_builds/python3/armeabi-v7a__ndk_target_30/python3/Lib/test/test_userstring.py'...
Compiling '/home/null/EncryptorApp/.buildozer/android/platform/build-arm64-v8a_armeabi-v7a/build/other_builds/python3/armeabi-v7a__ndk_target_30/python3/Lib/test/test_utf8_mode.py'...
Compiling '/home/null/EncryptorApp/.buildozer/android/platform/build-arm64-v8a_armeabi-v7a/build/other_builds/python3/armeabi-v7a__ndk_target_30/python3/Lib/test/test_utf8source.py'...
Compiling '/home/null/EncryptorApp/.buildozer/android/platform/build-arm64-v8a_armeabi-v7a/build/other_builds/python3/armeabi-v7a__ndk_target_30/python3/Lib/test/test_uuid.py'...
Compiling '/home/null/EncryptorApp/.buildozer/android/platform/build-arm64-v8a_armeabi-v7a/build/other_builds/python3/armeabi-v7a__ndk_target_30/python3/Lib/test/test_venv.py'...
Compiling '/home/null/EncryptorApp/.buildozer/android/platform/build-arm64-v8a_armeabi-v7a/build/other_builds/python3/armeabi-v7a__ndk_target_30/python3/Lib/test/test_wait3.py'...
Compiling '/home/null/EncryptorApp/.buildozer/android/platform/build-arm64-v8a_armeabi-v7a/build/other_builds/python3/armeabi-v7a__ndk_target_30/python3/Lib/test/test_wait4.py'...
Listing '/home/null/EncryptorApp/.buildozer/android/platform/build-arm64-v8a_armeabi-v7a/build/other_builds/python3/armeabi-v7a__ndk_target_30/python3/Lib/test/test_warnings'...
Compiling '/home/null/EncryptorApp/.buildozer/android/platform/build-arm64-v8a_armeabi-v7a/build/other_builds/python3/armeabi-v7a__ndk_target_30/python3/Lib/test/test_warnings/__init__.py'...
Compiling '/home/null/EncryptorApp/.buildozer/android/platform/build-arm64-v8a_armeabi-v7a/build/other_builds/python3/armeabi-v7a__ndk_target_30/python3/Lib/test/test_warnings/__main__.py'...
Listing '/home/null/EncryptorApp/.buildozer/android/platform/build-arm64-v8a_armeabi-v7a/build/other_builds/python3/armeabi-v7a__ndk_target_30/python3/Lib/test/test_warnings/data'...
Compiling '/home/null/EncryptorApp/.buildozer/android/platform/build-arm64-v8a_armeabi-v7a/build/other_builds/python3/armeabi-v7a__ndk_target_30/python3/Lib/test/test_warnings/data/import_warning.py'...
Compiling '/home/null/EncryptorApp/.buildozer/android/platform/build-arm64-v8a_armeabi-v7a/build/other_builds/python3/armeabi-v7a__ndk_target_30/python3/Lib/test/test_warnings/data/package_helper.py'...
Compiling '/home/null/EncryptorApp/.buildozer/android/platform/build-arm64-v8a_armeabi-v7a/build/other_builds/python3/armeabi-v7a__ndk_target_30/python3/Lib/test/test_warnings/data/stacklevel.py'...
Compiling '/home/null/EncryptorApp/.buildozer/android/platform/build-arm64-v8a_armeabi-v7a/build/other_builds/python3/armeabi-v7a__ndk_target_30/python3/Lib/test/test_wave.py'...
Compiling '/home/null/EncryptorApp/.buildozer/android/platform/build-arm64-v8a_armeabi-v7a/build/other_builds/python3/armeabi-v7a__ndk_target_30/python3/Lib/test/test_weakref.py'...
Compiling '/home/null/EncryptorApp/.buildozer/android/platform/build-arm64-v8a_armeabi-v7a/build/other_builds/python3/armeabi-v7a__ndk_target_30/python3/Lib/test/test_weakset.py'...
Compiling '/home/null/EncryptorApp/.buildozer/android/platform/build-arm64-v8a_armeabi-v7a/build/other_builds/python3/armeabi-v7a__ndk_target_30/python3/Lib/test/test_webbrowser.py'...
Compiling '/home/null/EncryptorApp/.buildozer/android/platform/build-arm64-v8a_armeabi-v7a/build/other_builds/python3/armeabi-v7a__ndk_target_30/python3/Lib/test/test_winapi.py'...
Compiling '/home/null/EncryptorApp/.buildozer/android/platform/build-arm64-v8a_armeabi-v7a/build/other_builds/python3/armeabi-v7a__ndk_target_30/python3/Lib/test/test_winconsoleio.py'...
Compiling '/home/null/EncryptorApp/.buildozer/android/platform/build-arm64-v8a_armeabi-v7a/build/other_builds/python3/armeabi-v7a__ndk_target_30/python3/Lib/test/test_winreg.py'...
Compiling '/home/null/EncryptorApp/.buildozer/android/platform/build-arm64-v8a_armeabi-v7a/build/other_builds/python3/armeabi-v7a__ndk_target_30/python3/Lib/test/test_winsound.py'...
Compiling '/home/null/EncryptorApp/.buildozer/android/platform/build-arm64-v8a_armeabi-v7a/build/other_builds/python3/armeabi-v7a__ndk_target_30/python3/Lib/test/test_with.py'...
Compiling '/home/null/EncryptorApp/.buildozer/android/platform/build-arm64-v8a_armeabi-v7a/build/other_builds/python3/armeabi-v7a__ndk_target_30/python3/Lib/test/test_wmi.py'...
Compiling '/home/null/EncryptorApp/.buildozer/android/platform/build-arm64-v8a_armeabi-v7a/build/other_builds/python3/armeabi-v7a__ndk_target_30/python3/Lib/test/test_wsgiref.py'...
Compiling '/home/null/EncryptorApp/.buildozer/android/platform/build-arm64-v8a_armeabi-v7a/build/other_builds/python3/armeabi-v7a__ndk_target_30/python3/Lib/test/test_xml_dom_minicompat.py'...
Compiling '/home/null/EncryptorApp/.buildozer/android/platform/build-arm64-v8a_armeabi-v7a/build/other_builds/python3/armeabi-v7a__ndk_target_30/python3/Lib/test/test_xml_dom_xmlbuilder.py'...
Compiling '/home/null/EncryptorApp/.buildozer/android/platform/build-arm64-v8a_armeabi-v7a/build/other_builds/python3/armeabi-v7a__ndk_target_30/python3/Lib/test/test_xml_etree.py'...
Compiling '/home/null/EncryptorApp/.buildozer/android/platform/build-arm64-v8a_armeabi-v7a/build/other_builds/python3/armeabi-v7a__ndk_target_30/python3/Lib/test/test_xml_etree_c.py'...
Compiling '/home/null/EncryptorApp/.buildozer/android/platform/build-arm64-v8a_armeabi-v7a/build/other_builds/python3/armeabi-v7a__ndk_target_30/python3/Lib/test/test_xmlrpc.py'...
Compiling '/home/null/EncryptorApp/.buildozer/android/platform/build-arm64-v8a_armeabi-v7a/build/other_builds/python3/armeabi-v7a__ndk_target_30/python3/Lib/test/test_xxlimited.py'...
Compiling '/home/null/EncryptorApp/.buildozer/android/platform/build-arm64-v8a_armeabi-v7a/build/other_builds/python3/armeabi-v7a__ndk_target_30/python3/Lib/test/test_xxtestfuzz.py'...
Compiling '/home/null/EncryptorApp/.buildozer/android/platform/build-arm64-v8a_armeabi-v7a/build/other_builds/python3/armeabi-v7a__ndk_target_30/python3/Lib/test/test_yield_from.py'...
Compiling '/home/null/EncryptorApp/.buildozer/android/platform/build-arm64-v8a_armeabi-v7a/build/other_builds/python3/armeabi-v7a__ndk_target_30/python3/Lib/test/test_zipapp.py'...
Listing '/home/null/EncryptorApp/.buildozer/android/platform/build-arm64-v8a_armeabi-v7a/build/other_builds/python3/armeabi-v7a__ndk_target_30/python3/Lib/test/test_zipfile'...
Compiling '/home/null/EncryptorApp/.buildozer/android/platform/build-arm64-v8a_armeabi-v7a/build/other_builds/python3/armeabi-v7a__ndk_target_30/python3/Lib/test/test_zipfile/__init__.py'...
Compiling '/home/null/EncryptorApp/.buildozer/android/platform/build-arm64-v8a_armeabi-v7a/build/other_builds/python3/armeabi-v7a__ndk_target_30/python3/Lib/test/test_zipfile/__main__.py'...
Listing '/home/null/EncryptorApp/.buildozer/android/platform/build-arm64-v8a_armeabi-v7a/build/other_builds/python3/armeabi-v7a__ndk_target_30/python3/Lib/test/test_zipfile/_path'...
Compiling '/home/null/EncryptorApp/.buildozer/android/platform/build-arm64-v8a_armeabi-v7a/build/other_builds/python3/armeabi-v7a__ndk_target_30/python3/Lib/test/test_zipfile/_path/__init__.py'...
Compiling '/home/null/EncryptorApp/.buildozer/android/platform/build-arm64-v8a_armeabi-v7a/build/other_builds/python3/armeabi-v7a__ndk_target_30/python3/Lib/test/test_zipfile/_path/_functools.py'...
Compiling '/home/null/EncryptorApp/.buildozer/android/platform/build-arm64-v8a_armeabi-v7a/build/other_builds/python3/armeabi-v7a__ndk_target_30/python3/Lib/test/test_zipfile/_path/_itertools.py'...
Compiling '/home/null/EncryptorApp/.buildozer/android/platform/build-arm64-v8a_armeabi-v7a/build/other_builds/python3/armeabi-v7a__ndk_target_30/python3/Lib/test/test_zipfile/_path/_support.py'...
Compiling '/home/null/EncryptorApp/.buildozer/android/platform/build-arm64-v8a_armeabi-v7a/build/other_builds/python3/armeabi-v7a__ndk_target_30/python3/Lib/test/test_zipfile/_path/_test_params.py'...
Compiling '/home/null/EncryptorApp/.buildozer/android/platform/build-arm64-v8a_armeabi-v7a/build/other_builds/python3/armeabi-v7a__ndk_target_30/python3/Lib/test/test_zipfile/_path/test_complexity.py'...
Compiling '/home/null/EncryptorApp/.buildozer/android/platform/build-arm64-v8a_armeabi-v7a/build/other_builds/python3/armeabi-v7a__ndk_target_30/python3/Lib/test/test_zipfile/_path/test_path.py'...
Compiling '/home/null/EncryptorApp/.buildozer/android/platform/build-arm64-v8a_armeabi-v7a/build/other_builds/python3/armeabi-v7a__ndk_target_30/python3/Lib/test/test_zipfile/_path/write-alpharep.py'...
Compiling '/home/null/EncryptorApp/.buildozer/android/platform/build-arm64-v8a_armeabi-v7a/build/other_builds/python3/armeabi-v7a__ndk_target_30/python3/Lib/test/test_zipfile/test_core.py'...
Compiling '/home/null/EncryptorApp/.buildozer/android/platform/build-arm64-v8a_armeabi-v7a/build/other_builds/python3/armeabi-v7a__ndk_target_30/python3/Lib/test/test_zipfile64.py'...
Compiling '/home/null/EncryptorApp/.buildozer/android/platform/build-arm64-v8a_armeabi-v7a/build/other_builds/python3/armeabi-v7a__ndk_target_30/python3/Lib/test/test_zipimport.py'...
Compiling '/home/null/EncryptorApp/.buildozer/android/platform/build-arm64-v8a_armeabi-v7a/build/other_builds/python3/armeabi-v7a__ndk_target_30/python3/Lib/test/test_zipimport_support.py'...
Compiling '/home/null/EncryptorApp/.buildozer/android/platform/build-arm64-v8a_armeabi-v7a/build/other_builds/python3/armeabi-v7a__ndk_target_30/python3/Lib/test/test_zlib.py'...
Listing '/home/null/EncryptorApp/.buildozer/android/platform/build-arm64-v8a_armeabi-v7a/build/other_builds/python3/armeabi-v7a__ndk_target_30/python3/Lib/test/test_zoneinfo'...
Compiling '/home/null/EncryptorApp/.buildozer/android/platform/build-arm64-v8a_armeabi-v7a/build/other_builds/python3/armeabi-v7a__ndk_target_30/python3/Lib/test/test_zoneinfo/__init__.py'...
Compiling '/home/null/EncryptorApp/.buildozer/android/platform/build-arm64-v8a_armeabi-v7a/build/other_builds/python3/armeabi-v7a__ndk_target_30/python3/Lib/test/test_zoneinfo/__main__.py'...
Compiling '/home/null/EncryptorApp/.buildozer/android/platform/build-arm64-v8a_armeabi-v7a/build/other_builds/python3/armeabi-v7a__ndk_target_30/python3/Lib/test/test_zoneinfo/_support.py'...
Listing '/home/null/EncryptorApp/.buildozer/android/platform/build-arm64-v8a_armeabi-v7a/build/other_builds/python3/armeabi-v7a__ndk_target_30/python3/Lib/test/test_zoneinfo/data'...
Compiling '/home/null/EncryptorApp/.buildozer/android/platform/build-arm64-v8a_armeabi-v7a/build/other_builds/python3/armeabi-v7a__ndk_target_30/python3/Lib/test/test_zoneinfo/data/update_test_data.py'...
Compiling '/home/null/EncryptorApp/.buildozer/android/platform/build-arm64-v8a_armeabi-v7a/build/other_builds/python3/armeabi-v7a__ndk_target_30/python3/Lib/test/test_zoneinfo/test_zoneinfo.py'...
Compiling '/home/null/EncryptorApp/.buildozer/android/platform/build-arm64-v8a_armeabi-v7a/build/other_builds/python3/armeabi-v7a__ndk_target_30/python3/Lib/test/test_zoneinfo/test_zoneinfo_property.py'...
Compiling '/home/null/EncryptorApp/.buildozer/android/platform/build-arm64-v8a_armeabi-v7a/build/other_builds/python3/armeabi-v7a__ndk_target_30/python3/Lib/test/test_zstd.py'...
Compiling '/home/null/EncryptorApp/.buildozer/android/platform/build-arm64-v8a_armeabi-v7a/build/other_builds/python3/armeabi-v7a__ndk_target_30/python3/Lib/test/testcodec.py'...
Compiling '/home/null/EncryptorApp/.buildozer/android/platform/build-arm64-v8a_armeabi-v7a/build/other_builds/python3/armeabi-v7a__ndk_target_30/python3/Lib/test/tf_inherit_check.py'...
Listing '/home/null/EncryptorApp/.buildozer/android/platform/build-arm64-v8a_armeabi-v7a/build/other_builds/python3/armeabi-v7a__ndk_target_30/python3/Lib/test/tkinterdata'...
Listing '/home/null/EncryptorApp/.buildozer/android/platform/build-arm64-v8a_armeabi-v7a/build/other_builds/python3/armeabi-v7a__ndk_target_30/python3/Lib/test/tokenizedata'...
Compiling '/home/null/EncryptorApp/.buildozer/android/platform/build-arm64-v8a_armeabi-v7a/build/other_builds/python3/armeabi-v7a__ndk_target_30/python3/Lib/test/tokenizedata/__init__.py'...
Compiling '/home/null/EncryptorApp/.buildozer/android/platform/build-arm64-v8a_armeabi-v7a/build/other_builds/python3/armeabi-v7a__ndk_target_30/python3/Lib/test/tokenizedata/bad_coding.py'...
***   File "/home/null/EncryptorApp/.buildozer/android/platform/build-arm64-v8a_armeabi-v7a/build/other_builds/python3/armeabi-v7a__ndk_target_30/python3/Lib/test/tokenizedata/bad_coding.py", line 0
SyntaxError: unknown encoding: uft-8

Compiling '/home/null/EncryptorApp/.buildozer/android/platform/build-arm64-v8a_armeabi-v7a/build/other_builds/python3/armeabi-v7a__ndk_target_30/python3/Lib/test/tokenizedata/bad_coding2.py'...
***   File "/home/null/EncryptorApp/.buildozer/android/platform/build-arm64-v8a_armeabi-v7a/build/other_builds/python3/armeabi-v7a__ndk_target_30/python3/Lib/test/tokenizedata/bad_coding2.py", line 0
SyntaxError: encoding problem: utf8 with BOM

Compiling '/home/null/EncryptorApp/.buildozer/android/platform/build-arm64-v8a_armeabi-v7a/build/other_builds/python3/armeabi-v7a__ndk_target_30/python3/Lib/test/tokenizedata/badsyntax_3131.py'...
***   File "/home/null/EncryptorApp/.buildozer/android/platform/build-arm64-v8a_armeabi-v7a/build/other_builds/python3/armeabi-v7a__ndk_target_30/python3/Lib/test/tokenizedata/badsyntax_3131.py", line 2
    € = 2
    ^
SyntaxError: invalid character '€' (U+20AC)

Compiling '/home/null/EncryptorApp/.buildozer/android/platform/build-arm64-v8a_armeabi-v7a/build/other_builds/python3/armeabi-v7a__ndk_target_30/python3/Lib/test/tokenizedata/badsyntax_pep3120.py'...
***   File "/home/null/EncryptorApp/.buildozer/android/platform/build-arm64-v8a_armeabi-v7a/build/other_builds/python3/armeabi-v7a__ndk_target_30/python3/Lib/test/tokenizedata/badsyntax_pep3120.py", line 1
    print("b�se")
          ^^^^
SyntaxError: (unicode error) 'utf-8' codec can't decode byte 0xf6 in position 1: invalid start byte

Compiling '/home/null/EncryptorApp/.buildozer/android/platform/build-arm64-v8a_armeabi-v7a/build/other_builds/python3/armeabi-v7a__ndk_target_30/python3/Lib/test/tokenizedata/coding20731.py'...
Listing '/home/null/EncryptorApp/.buildozer/android/platform/build-arm64-v8a_armeabi-v7a/build/other_builds/python3/armeabi-v7a__ndk_target_30/python3/Lib/test/tracedmodules'...
Compiling '/home/null/EncryptorApp/.buildozer/android/platform/build-arm64-v8a_armeabi-v7a/build/other_builds/python3/armeabi-v7a__ndk_target_30/python3/Lib/test/tracedmodules/__init__.py'...
Compiling '/home/null/EncryptorApp/.buildozer/android/platform/build-arm64-v8a_armeabi-v7a/build/other_builds/python3/armeabi-v7a__ndk_target_30/python3/Lib/test/tracedmodules/testmod.py'...
Listing '/home/null/EncryptorApp/.buildozer/android/platform/build-arm64-v8a_armeabi-v7a/build/other_builds/python3/armeabi-v7a__ndk_target_30/python3/Lib/test/translationdata'...
Listing '/home/null/EncryptorApp/.buildozer/android/platform/build-arm64-v8a_armeabi-v7a/build/other_builds/python3/armeabi-v7a__ndk_target_30/python3/Lib/test/translationdata/argparse'...
Listing '/home/null/EncryptorApp/.buildozer/android/platform/build-arm64-v8a_armeabi-v7a/build/other_builds/python3/armeabi-v7a__ndk_target_30/python3/Lib/test/translationdata/getopt'...
Listing '/home/null/EncryptorApp/.buildozer/android/platform/build-arm64-v8a_armeabi-v7a/build/other_builds/python3/armeabi-v7a__ndk_target_30/python3/Lib/test/translationdata/optparse'...
Listing '/home/null/EncryptorApp/.buildozer/android/platform/build-arm64-v8a_armeabi-v7a/build/other_builds/python3/armeabi-v7a__ndk_target_30/python3/Lib/test/typinganndata'...
Compiling '/home/null/EncryptorApp/.buildozer/android/platform/build-arm64-v8a_armeabi-v7a/build/other_builds/python3/armeabi-v7a__ndk_target_30/python3/Lib/test/typinganndata/__init__.py'...
Compiling '/home/null/EncryptorApp/.buildozer/android/platform/build-arm64-v8a_armeabi-v7a/build/other_builds/python3/armeabi-v7a__ndk_target_30/python3/Lib/test/typinganndata/_typed_dict_helper.py'...
Compiling '/home/null/EncryptorApp/.buildozer/android/platform/build-arm64-v8a_armeabi-v7a/build/other_builds/python3/armeabi-v7a__ndk_target_30/python3/Lib/test/typinganndata/ann_module.py'...
Compiling '/home/null/EncryptorApp/.buildozer/android/platform/build-arm64-v8a_armeabi-v7a/build/other_builds/python3/armeabi-v7a__ndk_target_30/python3/Lib/test/typinganndata/ann_module2.py'...
Compiling '/home/null/EncryptorApp/.buildozer/android/platform/build-arm64-v8a_armeabi-v7a/build/other_builds/python3/armeabi-v7a__ndk_target_30/python3/Lib/test/typinganndata/ann_module3.py'...
Compiling '/home/null/EncryptorApp/.buildozer/android/platform/build-arm64-v8a_armeabi-v7a/build/other_builds/python3/armeabi-v7a__ndk_target_30/python3/Lib/test/typinganndata/ann_module4.py'...
Compiling '/home/null/EncryptorApp/.buildozer/android/platform/build-arm64-v8a_armeabi-v7a/build/other_builds/python3/armeabi-v7a__ndk_target_30/python3/Lib/test/typinganndata/ann_module5.py'...
Compiling '/home/null/EncryptorApp/.buildozer/android/platform/build-arm64-v8a_armeabi-v7a/build/other_builds/python3/armeabi-v7a__ndk_target_30/python3/Lib/test/typinganndata/ann_module6.py'...
Compiling '/home/null/EncryptorApp/.buildozer/android/platform/build-arm64-v8a_armeabi-v7a/build/other_builds/python3/armeabi-v7a__ndk_target_30/python3/Lib/test/typinganndata/ann_module695.py'...
Compiling '/home/null/EncryptorApp/.buildozer/android/platform/build-arm64-v8a_armeabi-v7a/build/other_builds/python3/armeabi-v7a__ndk_target_30/python3/Lib/test/typinganndata/ann_module7.py'...
Compiling '/home/null/EncryptorApp/.buildozer/android/platform/build-arm64-v8a_armeabi-v7a/build/other_builds/python3/armeabi-v7a__ndk_target_30/python3/Lib/test/typinganndata/ann_module8.py'...
Compiling '/home/null/EncryptorApp/.buildozer/android/platform/build-arm64-v8a_armeabi-v7a/build/other_builds/python3/armeabi-v7a__ndk_target_30/python3/Lib/test/typinganndata/ann_module9.py'...
Compiling '/home/null/EncryptorApp/.buildozer/android/platform/build-arm64-v8a_armeabi-v7a/build/other_builds/python3/armeabi-v7a__ndk_target_30/python3/Lib/test/typinganndata/fwdref_module.py'...
Compiling '/home/null/EncryptorApp/.buildozer/android/platform/build-arm64-v8a_armeabi-v7a/build/other_builds/python3/armeabi-v7a__ndk_target_30/python3/Lib/test/typinganndata/mod_generics_cache.py'...
Listing '/home/null/EncryptorApp/.buildozer/android/platform/build-arm64-v8a_armeabi-v7a/build/other_builds/python3/armeabi-v7a__ndk_target_30/python3/Lib/test/typinganndata/partialexecution'...
Compiling '/home/null/EncryptorApp/.buildozer/android/platform/build-arm64-v8a_armeabi-v7a/build/other_builds/python3/armeabi-v7a__ndk_target_30/python3/Lib/test/typinganndata/partialexecution/__init__.py'...
Compiling '/home/null/EncryptorApp/.buildozer/android/platform/build-arm64-v8a_armeabi-v7a/build/other_builds/python3/armeabi-v7a__ndk_target_30/python3/Lib/test/typinganndata/partialexecution/a.py'...
Compiling '/home/null/EncryptorApp/.buildozer/android/platform/build-arm64-v8a_armeabi-v7a/build/other_builds/python3/armeabi-v7a__ndk_target_30/python3/Lib/test/typinganndata/partialexecution/b.py'...
Listing '/home/null/EncryptorApp/.buildozer/android/platform/build-arm64-v8a_armeabi-v7a/build/other_builds/python3/armeabi-v7a__ndk_target_30/python3/Lib/test/wheeldata'...
Compiling '/home/null/EncryptorApp/.buildozer/android/platform/build-arm64-v8a_armeabi-v7a/build/other_builds/python3/armeabi-v7a__ndk_target_30/python3/Lib/test/win_console_handler.py'...
Listing '/home/null/EncryptorApp/.buildozer/android/platform/build-arm64-v8a_armeabi-v7a/build/other_builds/python3/armeabi-v7a__ndk_target_30/python3/Lib/test/xmltestdata'...
Listing '/home/null/EncryptorApp/.buildozer/android/platform/build-arm64-v8a_armeabi-v7a/build/other_builds/python3/armeabi-v7a__ndk_target_30/python3/Lib/test/xmltestdata/c14n-20'...
Compiling '/home/null/EncryptorApp/.buildozer/android/platform/build-arm64-v8a_armeabi-v7a/build/other_builds/python3/armeabi-v7a__ndk_target_30/python3/Lib/test/xmltests.py'...
Listing '/home/null/EncryptorApp/.buildozer/android/platform/build-arm64-v8a_armeabi-v7a/build/other_builds/python3/armeabi-v7a__ndk_target_30/python3/Lib/test/zipimport_data'...
Compiling '/home/null/EncryptorApp/.buildozer/android/platform/build-arm64-v8a_armeabi-v7a/build/other_builds/python3/armeabi-v7a__ndk_target_30/python3/Lib/textwrap.py'...
Compiling '/home/null/EncryptorApp/.buildozer/android/platform/build-arm64-v8a_armeabi-v7a/build/other_builds/python3/armeabi-v7a__ndk_target_30/python3/Lib/this.py'...
Compiling '/home/null/EncryptorApp/.buildozer/android/platform/build-arm64-v8a_armeabi-v7a/build/other_builds/python3/armeabi-v7a__ndk_target_30/python3/Lib/threading.py'...
Compiling '/home/null/EncryptorApp/.buildozer/android/platform/build-arm64-v8a_armeabi-v7a/build/other_builds/python3/armeabi-v7a__ndk_target_30/python3/Lib/timeit.py'...
Listing '/home/null/EncryptorApp/.buildozer/android/platform/build-arm64-v8a_armeabi-v7a/build/other_builds/python3/armeabi-v7a__ndk_target_30/python3/Lib/tkinter'...
Compiling '/home/null/EncryptorApp/.buildozer/android/platform/build-arm64-v8a_armeabi-v7a/build/other_builds/python3/armeabi-v7a__ndk_target_30/python3/Lib/tkinter/__init__.py'...
Compiling '/home/null/EncryptorApp/.buildozer/android/platform/build-arm64-v8a_armeabi-v7a/build/other_builds/python3/armeabi-v7a__ndk_target_30/python3/Lib/tkinter/__main__.py'...
Compiling '/home/null/EncryptorApp/.buildozer/android/platform/build-arm64-v8a_armeabi-v7a/build/other_builds/python3/armeabi-v7a__ndk_target_30/python3/Lib/tkinter/colorchooser.py'...
Compiling '/home/null/EncryptorApp/.buildozer/android/platform/build-arm64-v8a_armeabi-v7a/build/other_builds/python3/armeabi-v7a__ndk_target_30/python3/Lib/tkinter/commondialog.py'...
Compiling '/home/null/EncryptorApp/.buildozer/android/platform/build-arm64-v8a_armeabi-v7a/build/other_builds/python3/armeabi-v7a__ndk_target_30/python3/Lib/tkinter/constants.py'...
Compiling '/home/null/EncryptorApp/.buildozer/android/platform/build-arm64-v8a_armeabi-v7a/build/other_builds/python3/armeabi-v7a__ndk_target_30/python3/Lib/tkinter/dialog.py'...
Compiling '/home/null/EncryptorApp/.buildozer/android/platform/build-arm64-v8a_armeabi-v7a/build/other_builds/python3/armeabi-v7a__ndk_target_30/python3/Lib/tkinter/dnd.py'...
Compiling '/home/null/EncryptorApp/.buildozer/android/platform/build-arm64-v8a_armeabi-v7a/build/other_builds/python3/armeabi-v7a__ndk_target_30/python3/Lib/tkinter/filedialog.py'...
Compiling '/home/null/EncryptorApp/.buildozer/android/platform/build-arm64-v8a_armeabi-v7a/build/other_builds/python3/armeabi-v7a__ndk_target_30/python3/Lib/tkinter/font.py'...
Compiling '/home/null/EncryptorApp/.buildozer/android/platform/build-arm64-v8a_armeabi-v7a/build/other_builds/python3/armeabi-v7a__ndk_target_30/python3/Lib/tkinter/messagebox.py'...
Compiling '/home/null/EncryptorApp/.buildozer/android/platform/build-arm64-v8a_armeabi-v7a/build/other_builds/python3/armeabi-v7a__ndk_target_30/python3/Lib/tkinter/scrolledtext.py'...
Compiling '/home/null/EncryptorApp/.buildozer/android/platform/build-arm64-v8a_armeabi-v7a/build/other_builds/python3/armeabi-v7a__ndk_target_30/python3/Lib/tkinter/simpledialog.py'...
Compiling '/home/null/EncryptorApp/.buildozer/android/platform/build-arm64-v8a_armeabi-v7a/build/other_builds/python3/armeabi-v7a__ndk_target_30/python3/Lib/tkinter/ttk.py'...
Compiling '/home/null/EncryptorApp/.buildozer/android/platform/build-arm64-v8a_armeabi-v7a/build/other_builds/python3/armeabi-v7a__ndk_target_30/python3/Lib/token.py'...
Compiling '/home/null/EncryptorApp/.buildozer/android/platform/build-arm64-v8a_armeabi-v7a/build/other_builds/python3/armeabi-v7a__ndk_target_30/python3/Lib/tokenize.py'...
Listing '/home/null/EncryptorApp/.buildozer/android/platform/build-arm64-v8a_armeabi-v7a/build/other_builds/python3/armeabi-v7a__ndk_target_30/python3/Lib/tomllib'...
Compiling '/home/null/EncryptorApp/.buildozer/android/platform/build-arm64-v8a_armeabi-v7a/build/other_builds/python3/armeabi-v7a__ndk_target_30/python3/Lib/tomllib/__init__.py'...
Compiling '/home/null/EncryptorApp/.buildozer/android/platform/build-arm64-v8a_armeabi-v7a/build/other_builds/python3/armeabi-v7a__ndk_target_30/python3/Lib/tomllib/_parser.py'...
Compiling '/home/null/EncryptorApp/.buildozer/android/platform/build-arm64-v8a_armeabi-v7a/build/other_builds/python3/armeabi-v7a__ndk_target_30/python3/Lib/tomllib/_re.py'...
Compiling '/home/null/EncryptorApp/.buildozer/android/platform/build-arm64-v8a_armeabi-v7a/build/other_builds/python3/armeabi-v7a__ndk_target_30/python3/Lib/tomllib/_types.py'...
Compiling '/home/null/EncryptorApp/.buildozer/android/platform/build-arm64-v8a_armeabi-v7a/build/other_builds/python3/armeabi-v7a__ndk_target_30/python3/Lib/trace.py'...
Compiling '/home/null/EncryptorApp/.buildozer/android/platform/build-arm64-v8a_armeabi-v7a/build/other_builds/python3/armeabi-v7a__ndk_target_30/python3/Lib/traceback.py'...
Compiling '/home/null/EncryptorApp/.buildozer/android/platform/build-arm64-v8a_armeabi-v7a/build/other_builds/python3/armeabi-v7a__ndk_target_30/python3/Lib/tracemalloc.py'...
Compiling '/home/null/EncryptorApp/.buildozer/android/platform/build-arm64-v8a_armeabi-v7a/build/other_builds/python3/armeabi-v7a__ndk_target_30/python3/Lib/tty.py'...
Compiling '/home/null/EncryptorApp/.buildozer/android/platform/build-arm64-v8a_armeabi-v7a/build/other_builds/python3/armeabi-v7a__ndk_target_30/python3/Lib/turtle.py'...
Listing '/home/null/EncryptorApp/.buildozer/android/platform/build-arm64-v8a_armeabi-v7a/build/other_builds/python3/armeabi-v7a__ndk_target_30/python3/Lib/turtledemo'...
Compiling '/home/null/EncryptorApp/.buildozer/android/platform/build-arm64-v8a_armeabi-v7a/build/other_builds/python3/armeabi-v7a__ndk_target_30/python3/Lib/turtledemo/__init__.py'...
Compiling '/home/null/EncryptorApp/.buildozer/android/platform/build-arm64-v8a_armeabi-v7a/build/other_builds/python3/armeabi-v7a__ndk_target_30/python3/Lib/turtledemo/__main__.py'...
Compiling '/home/null/EncryptorApp/.buildozer/android/platform/build-arm64-v8a_armeabi-v7a/build/other_builds/python3/armeabi-v7a__ndk_target_30/python3/Lib/turtledemo/bytedesign.py'...
Compiling '/home/null/EncryptorApp/.buildozer/android/platform/build-arm64-v8a_armeabi-v7a/build/other_builds/python3/armeabi-v7a__ndk_target_30/python3/Lib/turtledemo/chaos.py'...
Compiling '/home/null/EncryptorApp/.buildozer/android/platform/build-arm64-v8a_armeabi-v7a/build/other_builds/python3/armeabi-v7a__ndk_target_30/python3/Lib/turtledemo/clock.py'...
Compiling '/home/null/EncryptorApp/.buildozer/android/platform/build-arm64-v8a_armeabi-v7a/build/other_builds/python3/armeabi-v7a__ndk_target_30/python3/Lib/turtledemo/colormixer.py'...
Compiling '/home/null/EncryptorApp/.buildozer/android/platform/build-arm64-v8a_armeabi-v7a/build/other_builds/python3/armeabi-v7a__ndk_target_30/python3/Lib/turtledemo/forest.py'...
Compiling '/home/null/EncryptorApp/.buildozer/android/platform/build-arm64-v8a_armeabi-v7a/build/other_builds/python3/armeabi-v7a__ndk_target_30/python3/Lib/turtledemo/fractalcurves.py'...
Compiling '/home/null/EncryptorApp/.buildozer/android/platform/build-arm64-v8a_armeabi-v7a/build/other_builds/python3/armeabi-v7a__ndk_target_30/python3/Lib/turtledemo/lindenmayer.py'...
Compiling '/home/null/EncryptorApp/.buildozer/android/platform/build-arm64-v8a_armeabi-v7a/build/other_builds/python3/armeabi-v7a__ndk_target_30/python3/Lib/turtledemo/minimal_hanoi.py'...
Compiling '/home/null/EncryptorApp/.buildozer/android/platform/build-arm64-v8a_armeabi-v7a/build/other_builds/python3/armeabi-v7a__ndk_target_30/python3/Lib/turtledemo/nim.py'...
Compiling '/home/null/EncryptorApp/.buildozer/android/platform/build-arm64-v8a_armeabi-v7a/build/other_builds/python3/armeabi-v7a__ndk_target_30/python3/Lib/turtledemo/paint.py'...
Compiling '/home/null/EncryptorApp/.buildozer/android/platform/build-arm64-v8a_armeabi-v7a/build/other_builds/python3/armeabi-v7a__ndk_target_30/python3/Lib/turtledemo/peace.py'...
Compiling '/home/null/EncryptorApp/.buildozer/android/platform/build-arm64-v8a_armeabi-v7a/build/other_builds/python3/armeabi-v7a__ndk_target_30/python3/Lib/turtledemo/penrose.py'...
Compiling '/home/null/EncryptorApp/.buildozer/android/platform/build-arm64-v8a_armeabi-v7a/build/other_builds/python3/armeabi-v7a__ndk_target_30/python3/Lib/turtledemo/planet_and_moon.py'...
Compiling '/home/null/EncryptorApp/.buildozer/android/platform/build-arm64-v8a_armeabi-v7a/build/other_builds/python3/armeabi-v7a__ndk_target_30/python3/Lib/turtledemo/rosette.py'...
Compiling '/home/null/EncryptorApp/.buildozer/android/platform/build-arm64-v8a_armeabi-v7a/build/other_builds/python3/armeabi-v7a__ndk_target_30/python3/Lib/turtledemo/round_dance.py'...
Compiling '/home/null/EncryptorApp/.buildozer/android/platform/build-arm64-v8a_armeabi-v7a/build/other_builds/python3/armeabi-v7a__ndk_target_30/python3/Lib/turtledemo/sorting_animate.py'...
Compiling '/home/null/EncryptorApp/.buildozer/android/platform/build-arm64-v8a_armeabi-v7a/build/other_builds/python3/armeabi-v7a__ndk_target_30/python3/Lib/turtledemo/tree.py'...
Compiling '/home/null/EncryptorApp/.buildozer/android/platform/build-arm64-v8a_armeabi-v7a/build/other_builds/python3/armeabi-v7a__ndk_target_30/python3/Lib/turtledemo/two_canvases.py'...
Compiling '/home/null/EncryptorApp/.buildozer/android/platform/build-arm64-v8a_armeabi-v7a/build/other_builds/python3/armeabi-v7a__ndk_target_30/python3/Lib/turtledemo/yinyang.py'...
Compiling '/home/null/EncryptorApp/.buildozer/android/platform/build-arm64-v8a_armeabi-v7a/build/other_builds/python3/armeabi-v7a__ndk_target_30/python3/Lib/types.py'...
Compiling '/home/null/EncryptorApp/.buildozer/android/platform/build-arm64-v8a_armeabi-v7a/build/other_builds/python3/armeabi-v7a__ndk_target_30/python3/Lib/typing.py'...
Listing '/home/null/EncryptorApp/.buildozer/android/platform/build-arm64-v8a_armeabi-v7a/build/other_builds/python3/armeabi-v7a__ndk_target_30/python3/Lib/unittest'...
Compiling '/home/null/EncryptorApp/.buildozer/android/platform/build-arm64-v8a_armeabi-v7a/build/other_builds/python3/armeabi-v7a__ndk_target_30/python3/Lib/unittest/__init__.py'...
Compiling '/home/null/EncryptorApp/.buildozer/android/platform/build-arm64-v8a_armeabi-v7a/build/other_builds/python3/armeabi-v7a__ndk_target_30/python3/Lib/unittest/__main__.py'...
Compiling '/home/null/EncryptorApp/.buildozer/android/platform/build-arm64-v8a_armeabi-v7a/build/other_builds/python3/armeabi-v7a__ndk_target_30/python3/Lib/unittest/_log.py'...
Compiling '/home/null/EncryptorApp/.buildozer/android/platform/build-arm64-v8a_armeabi-v7a/build/other_builds/python3/armeabi-v7a__ndk_target_30/python3/Lib/unittest/async_case.py'...
Compiling '/home/null/EncryptorApp/.buildozer/android/platform/build-arm64-v8a_armeabi-v7a/build/other_builds/python3/armeabi-v7a__ndk_target_30/python3/Lib/unittest/case.py'...
Compiling '/home/null/EncryptorApp/.buildozer/android/platform/build-arm64-v8a_armeabi-v7a/build/other_builds/python3/armeabi-v7a__ndk_target_30/python3/Lib/unittest/loader.py'...
Compiling '/home/null/EncryptorApp/.buildozer/android/platform/build-arm64-v8a_armeabi-v7a/build/other_builds/python3/armeabi-v7a__ndk_target_30/python3/Lib/unittest/main.py'...
Compiling '/home/null/EncryptorApp/.buildozer/android/platform/build-arm64-v8a_armeabi-v7a/build/other_builds/python3/armeabi-v7a__ndk_target_30/python3/Lib/unittest/mock.py'...
Compiling '/home/null/EncryptorApp/.buildozer/android/platform/build-arm64-v8a_armeabi-v7a/build/other_builds/python3/armeabi-v7a__ndk_target_30/python3/Lib/unittest/result.py'...
Compiling '/home/null/EncryptorApp/.buildozer/android/platform/build-arm64-v8a_armeabi-v7a/build/other_builds/python3/armeabi-v7a__ndk_target_30/python3/Lib/unittest/runner.py'...
Compiling '/home/null/EncryptorApp/.buildozer/android/platform/build-arm64-v8a_armeabi-v7a/build/other_builds/python3/armeabi-v7a__ndk_target_30/python3/Lib/unittest/signals.py'...
Compiling '/home/null/EncryptorApp/.buildozer/android/platform/build-arm64-v8a_armeabi-v7a/build/other_builds/python3/armeabi-v7a__ndk_target_30/python3/Lib/unittest/suite.py'...
Compiling '/home/null/EncryptorApp/.buildozer/android/platform/build-arm64-v8a_armeabi-v7a/build/other_builds/python3/armeabi-v7a__ndk_target_30/python3/Lib/unittest/util.py'...
Listing '/home/null/EncryptorApp/.buildozer/android/platform/build-arm64-v8a_armeabi-v7a/build/other_builds/python3/armeabi-v7a__ndk_target_30/python3/Lib/urllib'...
Compiling '/home/null/EncryptorApp/.buildozer/android/platform/build-arm64-v8a_armeabi-v7a/build/other_builds/python3/armeabi-v7a__ndk_target_30/python3/Lib/urllib/__init__.py'...
Compiling '/home/null/EncryptorApp/.buildozer/android/platform/build-arm64-v8a_armeabi-v7a/build/other_builds/python3/armeabi-v7a__ndk_target_30/python3/Lib/urllib/error.py'...
Compiling '/home/null/EncryptorApp/.buildozer/android/platform/build-arm64-v8a_armeabi-v7a/build/other_builds/python3/armeabi-v7a__ndk_target_30/python3/Lib/urllib/parse.py'...
Compiling '/home/null/EncryptorApp/.buildozer/android/platform/build-arm64-v8a_armeabi-v7a/build/other_builds/python3/armeabi-v7a__ndk_target_30/python3/Lib/urllib/request.py'...
Compiling '/home/null/EncryptorApp/.buildozer/android/platform/build-arm64-v8a_armeabi-v7a/build/other_builds/python3/armeabi-v7a__ndk_target_30/python3/Lib/urllib/response.py'...
Compiling '/home/null/EncryptorApp/.buildozer/android/platform/build-arm64-v8a_armeabi-v7a/build/other_builds/python3/armeabi-v7a__ndk_target_30/python3/Lib/urllib/robotparser.py'...
Compiling '/home/null/EncryptorApp/.buildozer/android/platform/build-arm64-v8a_armeabi-v7a/build/other_builds/python3/armeabi-v7a__ndk_target_30/python3/Lib/uuid.py'...
Listing '/home/null/EncryptorApp/.buildozer/android/platform/build-arm64-v8a_armeabi-v7a/build/other_builds/python3/armeabi-v7a__ndk_target_30/python3/Lib/venv'...
Compiling '/home/null/EncryptorApp/.buildozer/android/platform/build-arm64-v8a_armeabi-v7a/build/other_builds/python3/armeabi-v7a__ndk_target_30/python3/Lib/venv/__init__.py'...
Compiling '/home/null/EncryptorApp/.buildozer/android/platform/build-arm64-v8a_armeabi-v7a/build/other_builds/python3/armeabi-v7a__ndk_target_30/python3/Lib/venv/__main__.py'...
Listing '/home/null/EncryptorApp/.buildozer/android/platform/build-arm64-v8a_armeabi-v7a/build/other_builds/python3/armeabi-v7a__ndk_target_30/python3/Lib/venv/scripts'...
Listing '/home/null/EncryptorApp/.buildozer/android/platform/build-arm64-v8a_armeabi-v7a/build/other_builds/python3/armeabi-v7a__ndk_target_30/python3/Lib/venv/scripts/common'...
Listing '/home/null/EncryptorApp/.buildozer/android/platform/build-arm64-v8a_armeabi-v7a/build/other_builds/python3/armeabi-v7a__ndk_target_30/python3/Lib/venv/scripts/nt'...
Listing '/home/null/EncryptorApp/.buildozer/android/platform/build-arm64-v8a_armeabi-v7a/build/other_builds/python3/armeabi-v7a__ndk_target_30/python3/Lib/venv/scripts/posix'...
Compiling '/home/null/EncryptorApp/.buildozer/android/platform/build-arm64-v8a_armeabi-v7a/build/other_builds/python3/armeabi-v7a__ndk_target_30/python3/Lib/warnings.py'...
Compiling '/home/null/EncryptorApp/.buildozer/android/platform/build-arm64-v8a_armeabi-v7a/build/other_builds/python3/armeabi-v7a__ndk_target_30/python3/Lib/wave.py'...
Compiling '/home/null/EncryptorApp/.buildozer/android/platform/build-arm64-v8a_armeabi-v7a/build/other_builds/python3/armeabi-v7a__ndk_target_30/python3/Lib/weakref.py'...
Compiling '/home/null/EncryptorApp/.buildozer/android/platform/build-arm64-v8a_armeabi-v7a/build/other_builds/python3/armeabi-v7a__ndk_target_30/python3/Lib/webbrowser.py'...
Listing '/home/null/EncryptorApp/.buildozer/android/platform/build-arm64-v8a_armeabi-v7a/build/other_builds/python3/armeabi-v7a__ndk_target_30/python3/Lib/wsgiref'...
Compiling '/home/null/EncryptorApp/.buildozer/android/platform/build-arm64-v8a_armeabi-v7a/build/other_builds/python3/armeabi-v7a__ndk_target_30/python3/Lib/wsgiref/__init__.py'...
Compiling '/home/null/EncryptorApp/.buildozer/android/platform/build-arm64-v8a_armeabi-v7a/build/other_builds/python3/armeabi-v7a__ndk_target_30/python3/Lib/wsgiref/handlers.py'...
Compiling '/home/null/EncryptorApp/.buildozer/android/platform/build-arm64-v8a_armeabi-v7a/build/other_builds/python3/armeabi-v7a__ndk_target_30/python3/Lib/wsgiref/headers.py'...
Compiling '/home/null/EncryptorApp/.buildozer/android/platform/build-arm64-v8a_armeabi-v7a/build/other_builds/python3/armeabi-v7a__ndk_target_30/python3/Lib/wsgiref/simple_server.py'...
Compiling '/home/null/EncryptorApp/.buildozer/android/platform/build-arm64-v8a_armeabi-v7a/build/other_builds/python3/armeabi-v7a__ndk_target_30/python3/Lib/wsgiref/types.py'...
Compiling '/home/null/EncryptorApp/.buildozer/android/platform/build-arm64-v8a_armeabi-v7a/build/other_builds/python3/armeabi-v7a__ndk_target_30/python3/Lib/wsgiref/util.py'...
Compiling '/home/null/EncryptorApp/.buildozer/android/platform/build-arm64-v8a_armeabi-v7a/build/other_builds/python3/armeabi-v7a__ndk_target_30/python3/Lib/wsgiref/validate.py'...
Listing '/home/null/EncryptorApp/.buildozer/android/platform/build-arm64-v8a_armeabi-v7a/build/other_builds/python3/armeabi-v7a__ndk_target_30/python3/Lib/xml'...
Compiling '/home/null/EncryptorApp/.buildozer/android/platform/build-arm64-v8a_armeabi-v7a/build/other_builds/python3/armeabi-v7a__ndk_target_30/python3/Lib/xml/__init__.py'...
Listing '/home/null/EncryptorApp/.buildozer/android/platform/build-arm64-v8a_armeabi-v7a/build/other_builds/python3/armeabi-v7a__ndk_target_30/python3/Lib/xml/dom'...
Compiling '/home/null/EncryptorApp/.buildozer/android/platform/build-arm64-v8a_armeabi-v7a/build/other_builds/python3/armeabi-v7a__ndk_target_30/python3/Lib/xml/dom/NodeFilter.py'...
Compiling '/home/null/EncryptorApp/.buildozer/android/platform/build-arm64-v8a_armeabi-v7a/build/other_builds/python3/armeabi-v7a__ndk_target_30/python3/Lib/xml/dom/__init__.py'...
Compiling '/home/null/EncryptorApp/.buildozer/android/platform/build-arm64-v8a_armeabi-v7a/build/other_builds/python3/armeabi-v7a__ndk_target_30/python3/Lib/xml/dom/domreg.py'...
Compiling '/home/null/EncryptorApp/.buildozer/android/platform/build-arm64-v8a_armeabi-v7a/build/other_builds/python3/armeabi-v7a__ndk_target_30/python3/Lib/xml/dom/expatbuilder.py'...
Compiling '/home/null/EncryptorApp/.buildozer/android/platform/build-arm64-v8a_armeabi-v7a/build/other_builds/python3/armeabi-v7a__ndk_target_30/python3/Lib/xml/dom/minicompat.py'...
Compiling '/home/null/EncryptorApp/.buildozer/android/platform/build-arm64-v8a_armeabi-v7a/build/other_builds/python3/armeabi-v7a__ndk_target_30/python3/Lib/xml/dom/minidom.py'...
Compiling '/home/null/EncryptorApp/.buildozer/android/platform/build-arm64-v8a_armeabi-v7a/build/other_builds/python3/armeabi-v7a__ndk_target_30/python3/Lib/xml/dom/pulldom.py'...
Compiling '/home/null/EncryptorApp/.buildozer/android/platform/build-arm64-v8a_armeabi-v7a/build/other_builds/python3/armeabi-v7a__ndk_target_30/python3/Lib/xml/dom/xmlbuilder.py'...
Listing '/home/null/EncryptorApp/.buildozer/android/platform/build-arm64-v8a_armeabi-v7a/build/other_builds/python3/armeabi-v7a__ndk_target_30/python3/Lib/xml/etree'...
Compiling '/home/null/EncryptorApp/.buildozer/android/platform/build-arm64-v8a_armeabi-v7a/build/other_builds/python3/armeabi-v7a__ndk_target_30/python3/Lib/xml/etree/ElementInclude.py'...
Compiling '/home/null/EncryptorApp/.buildozer/android/platform/build-arm64-v8a_armeabi-v7a/build/other_builds/python3/armeabi-v7a__ndk_target_30/python3/Lib/xml/etree/ElementPath.py'...
Compiling '/home/null/EncryptorApp/.buildozer/android/platform/build-arm64-v8a_armeabi-v7a/build/other_builds/python3/armeabi-v7a__ndk_target_30/python3/Lib/xml/etree/ElementTree.py'...
Compiling '/home/null/EncryptorApp/.buildozer/android/platform/build-arm64-v8a_armeabi-v7a/build/other_builds/python3/armeabi-v7a__ndk_target_30/python3/Lib/xml/etree/__init__.py'...
Compiling '/home/null/EncryptorApp/.buildozer/android/platform/build-arm64-v8a_armeabi-v7a/build/other_builds/python3/armeabi-v7a__ndk_target_30/python3/Lib/xml/etree/cElementTree.py'...
Listing '/home/null/EncryptorApp/.buildozer/android/platform/build-arm64-v8a_armeabi-v7a/build/other_builds/python3/armeabi-v7a__ndk_target_30/python3/Lib/xml/parsers'...
Compiling '/home/null/EncryptorApp/.buildozer/android/platform/build-arm64-v8a_armeabi-v7a/build/other_builds/python3/armeabi-v7a__ndk_target_30/python3/Lib/xml/parsers/__init__.py'...
Compiling '/home/null/EncryptorApp/.buildozer/android/platform/build-arm64-v8a_armeabi-v7a/build/other_builds/python3/armeabi-v7a__ndk_target_30/python3/Lib/xml/parsers/expat.py'...
Listing '/home/null/EncryptorApp/.buildozer/android/platform/build-arm64-v8a_armeabi-v7a/build/other_builds/python3/armeabi-v7a__ndk_target_30/python3/Lib/xml/sax'...
Compiling '/home/null/EncryptorApp/.buildozer/android/platform/build-arm64-v8a_armeabi-v7a/build/other_builds/python3/armeabi-v7a__ndk_target_30/python3/Lib/xml/sax/__init__.py'...
Compiling '/home/null/EncryptorApp/.buildozer/android/platform/build-arm64-v8a_armeabi-v7a/build/other_builds/python3/armeabi-v7a__ndk_target_30/python3/Lib/xml/sax/_exceptions.py'...
Compiling '/home/null/EncryptorApp/.buildozer/android/platform/build-arm64-v8a_armeabi-v7a/build/other_builds/python3/armeabi-v7a__ndk_target_30/python3/Lib/xml/sax/expatreader.py'...
Compiling '/home/null/EncryptorApp/.buildozer/android/platform/build-arm64-v8a_armeabi-v7a/build/other_builds/python3/armeabi-v7a__ndk_target_30/python3/Lib/xml/sax/handler.py'...
Compiling '/home/null/EncryptorApp/.buildozer/android/platform/build-arm64-v8a_armeabi-v7a/build/other_builds/python3/armeabi-v7a__ndk_target_30/python3/Lib/xml/sax/saxutils.py'...
Compiling '/home/null/EncryptorApp/.buildozer/android/platform/build-arm64-v8a_armeabi-v7a/build/other_builds/python3/armeabi-v7a__ndk_target_30/python3/Lib/xml/sax/xmlreader.py'...
Listing '/home/null/EncryptorApp/.buildozer/android/platform/build-arm64-v8a_armeabi-v7a/build/other_builds/python3/armeabi-v7a__ndk_target_30/python3/Lib/xmlrpc'...
Compiling '/home/null/EncryptorApp/.buildozer/android/platform/build-arm64-v8a_armeabi-v7a/build/other_builds/python3/armeabi-v7a__ndk_target_30/python3/Lib/xmlrpc/__init__.py'...
Compiling '/home/null/EncryptorApp/.buildozer/android/platform/build-arm64-v8a_armeabi-v7a/build/other_builds/python3/armeabi-v7a__ndk_target_30/python3/Lib/xmlrpc/client.py'...
Compiling '/home/null/EncryptorApp/.buildozer/android/platform/build-arm64-v8a_armeabi-v7a/build/other_builds/python3/armeabi-v7a__ndk_target_30/python3/Lib/xmlrpc/server.py'...
Compiling '/home/null/EncryptorApp/.buildozer/android/platform/build-arm64-v8a_armeabi-v7a/build/other_builds/python3/armeabi-v7a__ndk_target_30/python3/Lib/zipapp.py'...
Listing '/home/null/EncryptorApp/.buildozer/android/platform/build-arm64-v8a_armeabi-v7a/build/other_builds/python3/armeabi-v7a__ndk_target_30/python3/Lib/zipfile'...
Compiling '/home/null/EncryptorApp/.buildozer/android/platform/build-arm64-v8a_armeabi-v7a/build/other_builds/python3/armeabi-v7a__ndk_target_30/python3/Lib/zipfile/__init__.py'...
Compiling '/home/null/EncryptorApp/.buildozer/android/platform/build-arm64-v8a_armeabi-v7a/build/other_builds/python3/armeabi-v7a__ndk_target_30/python3/Lib/zipfile/__main__.py'...
Listing '/home/null/EncryptorApp/.buildozer/android/platform/build-arm64-v8a_armeabi-v7a/build/other_builds/python3/armeabi-v7a__ndk_target_30/python3/Lib/zipfile/_path'...
Compiling '/home/null/EncryptorApp/.buildozer/android/platform/build-arm64-v8a_armeabi-v7a/build/other_builds/python3/armeabi-v7a__ndk_target_30/python3/Lib/zipfile/_path/__init__.py'...
Compiling '/home/null/EncryptorApp/.buildozer/android/platform/build-arm64-v8a_armeabi-v7a/build/other_builds/python3/armeabi-v7a__ndk_target_30/python3/Lib/zipfile/_path/glob.py'...
Compiling '/home/null/EncryptorApp/.buildozer/android/platform/build-arm64-v8a_armeabi-v7a/build/other_builds/python3/armeabi-v7a__ndk_target_30/python3/Lib/zipimport.py'...
Listing '/home/null/EncryptorApp/.buildozer/android/platform/build-arm64-v8a_armeabi-v7a/build/other_builds/python3/armeabi-v7a__ndk_target_30/python3/Lib/zoneinfo'...
Compiling '/home/null/EncryptorApp/.buildozer/android/platform/build-arm64-v8a_armeabi-v7a/build/other_builds/python3/armeabi-v7a__ndk_target_30/python3/Lib/zoneinfo/__init__.py'...
Compiling '/home/null/EncryptorApp/.buildozer/android/platform/build-arm64-v8a_armeabi-v7a/build/other_builds/python3/armeabi-v7a__ndk_target_30/python3/Lib/zoneinfo/_common.py'...
Compiling '/home/null/EncryptorApp/.buildozer/android/platform/build-arm64-v8a_armeabi-v7a/build/other_builds/python3/armeabi-v7a__ndk_target_30/python3/Lib/zoneinfo/_tzpath.py'...
Compiling '/home/null/EncryptorApp/.buildozer/android/platform/build-arm64-v8a_armeabi-v7a/build/other_builds/python3/armeabi-v7a__ndk_target_30/python3/Lib/zoneinfo/_zoneinfo.py'...
/home/null/EncryptorApp/.buildozer/android/platform/build-arm64-v8a_armeabi-v7a/build/python-installs/encryptorx/armeabi-v7a/kivy/uix/codeinput.py:204: SyntaxWarning: 'return' in a 'finally' block
  return offset
Listing '/home/null/EncryptorApp/.buildozer/android/platform/build-arm64-v8a_armeabi-v7a/build/python-installs/encryptorx/armeabi-v7a'...
Listing '/home/null/EncryptorApp/.buildozer/android/platform/build-arm64-v8a_armeabi-v7a/build/python-installs/encryptorx/armeabi-v7a/android'...
Compiling '/home/null/EncryptorApp/.buildozer/android/platform/build-arm64-v8a_armeabi-v7a/build/python-installs/encryptorx/armeabi-v7a/android/__init__.py'...
Compiling '/home/null/EncryptorApp/.buildozer/android/platform/build-arm64-v8a_armeabi-v7a/build/python-installs/encryptorx/armeabi-v7a/android/_ctypes_library_finder.py'...
Compiling '/home/null/EncryptorApp/.buildozer/android/platform/build-arm64-v8a_armeabi-v7a/build/python-installs/encryptorx/armeabi-v7a/android/activity.py'...
Compiling '/home/null/EncryptorApp/.buildozer/android/platform/build-arm64-v8a_armeabi-v7a/build/python-installs/encryptorx/armeabi-v7a/android/billing.py'...
Compiling '/home/null/EncryptorApp/.buildozer/android/platform/build-arm64-v8a_armeabi-v7a/build/python-installs/encryptorx/armeabi-v7a/android/broadcast.py'...
Compiling '/home/null/EncryptorApp/.buildozer/android/platform/build-arm64-v8a_armeabi-v7a/build/python-installs/encryptorx/armeabi-v7a/android/config.py'...
Compiling '/home/null/EncryptorApp/.buildozer/android/platform/build-arm64-v8a_armeabi-v7a/build/python-installs/encryptorx/armeabi-v7a/android/display_cutout.py'...
Compiling '/home/null/EncryptorApp/.buildozer/android/platform/build-arm64-v8a_armeabi-v7a/build/python-installs/encryptorx/armeabi-v7a/android/loadingscreen.py'...
Compiling '/home/null/EncryptorApp/.buildozer/android/platform/build-arm64-v8a_armeabi-v7a/build/python-installs/encryptorx/armeabi-v7a/android/mixer.py'...
Compiling '/home/null/EncryptorApp/.buildozer/android/platform/build-arm64-v8a_armeabi-v7a/build/python-installs/encryptorx/armeabi-v7a/android/permissions.py'...
Compiling '/home/null/EncryptorApp/.buildozer/android/platform/build-arm64-v8a_armeabi-v7a/build/python-installs/encryptorx/armeabi-v7a/android/runnable.py'...
Compiling '/home/null/EncryptorApp/.buildozer/android/platform/build-arm64-v8a_armeabi-v7a/build/python-installs/encryptorx/armeabi-v7a/android/storage.py'...
Compiling '/home/null/EncryptorApp/.buildozer/android/platform/build-arm64-v8a_armeabi-v7a/build/python-installs/encryptorx/armeabi-v7a/android/touch.py'...
Listing '/home/null/EncryptorApp/.buildozer/android/platform/build-arm64-v8a_armeabi-v7a/build/python-installs/encryptorx/armeabi-v7a/android-1.0.dist-info'...
Listing '/home/null/EncryptorApp/.buildozer/android/platform/build-arm64-v8a_armeabi-v7a/build/python-installs/encryptorx/armeabi-v7a/bin'...
Listing '/home/null/EncryptorApp/.buildozer/android/platform/build-arm64-v8a_armeabi-v7a/build/python-installs/encryptorx/armeabi-v7a/certifi'...
Compiling '/home/null/EncryptorApp/.buildozer/android/platform/build-arm64-v8a_armeabi-v7a/build/python-installs/encryptorx/armeabi-v7a/certifi/__init__.py'...
Compiling '/home/null/EncryptorApp/.buildozer/android/platform/build-arm64-v8a_armeabi-v7a/build/python-installs/encryptorx/armeabi-v7a/certifi/__main__.py'...
Compiling '/home/null/EncryptorApp/.buildozer/android/platform/build-arm64-v8a_armeabi-v7a/build/python-installs/encryptorx/armeabi-v7a/certifi/core.py'...
Listing '/home/null/EncryptorApp/.buildozer/android/platform/build-arm64-v8a_armeabi-v7a/build/python-installs/encryptorx/armeabi-v7a/certifi-2025.11.12.dist-info'...
Listing '/home/null/EncryptorApp/.buildozer/android/platform/build-arm64-v8a_armeabi-v7a/build/python-installs/encryptorx/armeabi-v7a/certifi-2025.11.12.dist-info/licenses'...
Listing '/home/null/EncryptorApp/.buildozer/android/platform/build-arm64-v8a_armeabi-v7a/build/python-installs/encryptorx/armeabi-v7a/chardet'...
Compiling '/home/null/EncryptorApp/.buildozer/android/platform/build-arm64-v8a_armeabi-v7a/build/python-installs/encryptorx/armeabi-v7a/chardet/__init__.py'...
Compiling '/home/null/EncryptorApp/.buildozer/android/platform/build-arm64-v8a_armeabi-v7a/build/python-installs/encryptorx/armeabi-v7a/chardet/__main__.py'...
Compiling '/home/null/EncryptorApp/.buildozer/android/platform/build-arm64-v8a_armeabi-v7a/build/python-installs/encryptorx/armeabi-v7a/chardet/big5freq.py'...
Compiling '/home/null/EncryptorApp/.buildozer/android/platform/build-arm64-v8a_armeabi-v7a/build/python-installs/encryptorx/armeabi-v7a/chardet/big5prober.py'...
Compiling '/home/null/EncryptorApp/.buildozer/android/platform/build-arm64-v8a_armeabi-v7a/build/python-installs/encryptorx/armeabi-v7a/chardet/chardistribution.py'...
Compiling '/home/null/EncryptorApp/.buildozer/android/platform/build-arm64-v8a_armeabi-v7a/build/python-installs/encryptorx/armeabi-v7a/chardet/charsetgroupprober.py'...
Compiling '/home/null/EncryptorApp/.buildozer/android/platform/build-arm64-v8a_armeabi-v7a/build/python-installs/encryptorx/armeabi-v7a/chardet/charsetprober.py'...
Listing '/home/null/EncryptorApp/.buildozer/android/platform/build-arm64-v8a_armeabi-v7a/build/python-installs/encryptorx/armeabi-v7a/chardet/cli'...
Compiling '/home/null/EncryptorApp/.buildozer/android/platform/build-arm64-v8a_armeabi-v7a/build/python-installs/encryptorx/armeabi-v7a/chardet/cli/__init__.py'...
Compiling '/home/null/EncryptorApp/.buildozer/android/platform/build-arm64-v8a_armeabi-v7a/build/python-installs/encryptorx/armeabi-v7a/chardet/cli/chardetect.py'...
Compiling '/home/null/EncryptorApp/.buildozer/android/platform/build-arm64-v8a_armeabi-v7a/build/python-installs/encryptorx/armeabi-v7a/chardet/codingstatemachine.py'...
Compiling '/home/null/EncryptorApp/.buildozer/android/platform/build-arm64-v8a_armeabi-v7a/build/python-installs/encryptorx/armeabi-v7a/chardet/codingstatemachinedict.py'...
Compiling '/home/null/EncryptorApp/.buildozer/android/platform/build-arm64-v8a_armeabi-v7a/build/python-installs/encryptorx/armeabi-v7a/chardet/cp949prober.py'...
Compiling '/home/null/EncryptorApp/.buildozer/android/platform/build-arm64-v8a_armeabi-v7a/build/python-installs/encryptorx/armeabi-v7a/chardet/enums.py'...
Compiling '/home/null/EncryptorApp/.buildozer/android/platform/build-arm64-v8a_armeabi-v7a/build/python-installs/encryptorx/armeabi-v7a/chardet/escprober.py'...
Compiling '/home/null/EncryptorApp/.buildozer/android/platform/build-arm64-v8a_armeabi-v7a/build/python-installs/encryptorx/armeabi-v7a/chardet/escsm.py'...
Compiling '/home/null/EncryptorApp/.buildozer/android/platform/build-arm64-v8a_armeabi-v7a/build/python-installs/encryptorx/armeabi-v7a/chardet/eucjpprober.py'...
Compiling '/home/null/EncryptorApp/.buildozer/android/platform/build-arm64-v8a_armeabi-v7a/build/python-installs/encryptorx/armeabi-v7a/chardet/euckrfreq.py'...
Compiling '/home/null/EncryptorApp/.buildozer/android/platform/build-arm64-v8a_armeabi-v7a/build/python-installs/encryptorx/armeabi-v7a/chardet/euckrprober.py'...
Compiling '/home/null/EncryptorApp/.buildozer/android/platform/build-arm64-v8a_armeabi-v7a/build/python-installs/encryptorx/armeabi-v7a/chardet/euctwfreq.py'...
Compiling '/home/null/EncryptorApp/.buildozer/android/platform/build-arm64-v8a_armeabi-v7a/build/python-installs/encryptorx/armeabi-v7a/chardet/euctwprober.py'...
Compiling '/home/null/EncryptorApp/.buildozer/android/platform/build-arm64-v8a_armeabi-v7a/build/python-installs/encryptorx/armeabi-v7a/chardet/gb2312freq.py'...
Compiling '/home/null/EncryptorApp/.buildozer/android/platform/build-arm64-v8a_armeabi-v7a/build/python-installs/encryptorx/armeabi-v7a/chardet/gb2312prober.py'...
Compiling '/home/null/EncryptorApp/.buildozer/android/platform/build-arm64-v8a_armeabi-v7a/build/python-installs/encryptorx/armeabi-v7a/chardet/hebrewprober.py'...
Compiling '/home/null/EncryptorApp/.buildozer/android/platform/build-arm64-v8a_armeabi-v7a/build/python-installs/encryptorx/armeabi-v7a/chardet/jisfreq.py'...
Compiling '/home/null/EncryptorApp/.buildozer/android/platform/build-arm64-v8a_armeabi-v7a/build/python-installs/encryptorx/armeabi-v7a/chardet/johabfreq.py'...
Compiling '/home/null/EncryptorApp/.buildozer/android/platform/build-arm64-v8a_armeabi-v7a/build/python-installs/encryptorx/armeabi-v7a/chardet/johabprober.py'...
Compiling '/home/null/EncryptorApp/.buildozer/android/platform/build-arm64-v8a_armeabi-v7a/build/python-installs/encryptorx/armeabi-v7a/chardet/jpcntx.py'...
Compiling '/home/null/EncryptorApp/.buildozer/android/platform/build-arm64-v8a_armeabi-v7a/build/python-installs/encryptorx/armeabi-v7a/chardet/langbulgarianmodel.py'...
Compiling '/home/null/EncryptorApp/.buildozer/android/platform/build-arm64-v8a_armeabi-v7a/build/python-installs/encryptorx/armeabi-v7a/chardet/langgreekmodel.py'...
Compiling '/home/null/EncryptorApp/.buildozer/android/platform/build-arm64-v8a_armeabi-v7a/build/python-installs/encryptorx/armeabi-v7a/chardet/langhebrewmodel.py'...
Compiling '/home/null/EncryptorApp/.buildozer/android/platform/build-arm64-v8a_armeabi-v7a/build/python-installs/encryptorx/armeabi-v7a/chardet/langhungarianmodel.py'...
Compiling '/home/null/EncryptorApp/.buildozer/android/platform/build-arm64-v8a_armeabi-v7a/build/python-installs/encryptorx/armeabi-v7a/chardet/langrussianmodel.py'...
Compiling '/home/null/EncryptorApp/.buildozer/android/platform/build-arm64-v8a_armeabi-v7a/build/python-installs/encryptorx/armeabi-v7a/chardet/langthaimodel.py'...
Compiling '/home/null/EncryptorApp/.buildozer/android/platform/build-arm64-v8a_armeabi-v7a/build/python-installs/encryptorx/armeabi-v7a/chardet/langturkishmodel.py'...
Compiling '/home/null/EncryptorApp/.buildozer/android/platform/build-arm64-v8a_armeabi-v7a/build/python-installs/encryptorx/armeabi-v7a/chardet/latin1prober.py'...
Compiling '/home/null/EncryptorApp/.buildozer/android/platform/build-arm64-v8a_armeabi-v7a/build/python-installs/encryptorx/armeabi-v7a/chardet/macromanprober.py'...
Compiling '/home/null/EncryptorApp/.buildozer/android/platform/build-arm64-v8a_armeabi-v7a/build/python-installs/encryptorx/armeabi-v7a/chardet/mbcharsetprober.py'...
Compiling '/home/null/EncryptorApp/.buildozer/android/platform/build-arm64-v8a_armeabi-v7a/build/python-installs/encryptorx/armeabi-v7a/chardet/mbcsgroupprober.py'...
Compiling '/home/null/EncryptorApp/.buildozer/android/platform/build-arm64-v8a_armeabi-v7a/build/python-installs/encryptorx/armeabi-v7a/chardet/mbcssm.py'...
Listing '/home/null/EncryptorApp/.buildozer/android/platform/build-arm64-v8a_armeabi-v7a/build/python-installs/encryptorx/armeabi-v7a/chardet/metadata'...
Compiling '/home/null/EncryptorApp/.buildozer/android/platform/build-arm64-v8a_armeabi-v7a/build/python-installs/encryptorx/armeabi-v7a/chardet/metadata/__init__.py'...
Compiling '/home/null/EncryptorApp/.buildozer/android/platform/build-arm64-v8a_armeabi-v7a/build/python-installs/encryptorx/armeabi-v7a/chardet/metadata/languages.py'...
Compiling '/home/null/EncryptorApp/.buildozer/android/platform/build-arm64-v8a_armeabi-v7a/build/python-installs/encryptorx/armeabi-v7a/chardet/resultdict.py'...
Compiling '/home/null/EncryptorApp/.buildozer/android/platform/build-arm64-v8a_armeabi-v7a/build/python-installs/encryptorx/armeabi-v7a/chardet/sbcharsetprober.py'...
Compiling '/home/null/EncryptorApp/.buildozer/android/platform/build-arm64-v8a_armeabi-v7a/build/python-installs/encryptorx/armeabi-v7a/chardet/sbcsgroupprober.py'...
Compiling '/home/null/EncryptorApp/.buildozer/android/platform/build-arm64-v8a_armeabi-v7a/build/python-installs/encryptorx/armeabi-v7a/chardet/sjisprober.py'...
Compiling '/home/null/EncryptorApp/.buildozer/android/platform/build-arm64-v8a_armeabi-v7a/build/python-installs/encryptorx/armeabi-v7a/chardet/universaldetector.py'...
Compiling '/home/null/EncryptorApp/.buildozer/android/platform/build-arm64-v8a_armeabi-v7a/build/python-installs/encryptorx/armeabi-v7a/chardet/utf1632prober.py'...
Compiling '/home/null/EncryptorApp/.buildozer/android/platform/build-arm64-v8a_armeabi-v7a/build/python-installs/encryptorx/armeabi-v7a/chardet/utf8prober.py'...
Compiling '/home/null/EncryptorApp/.buildozer/android/platform/build-arm64-v8a_armeabi-v7a/build/python-installs/encryptorx/armeabi-v7a/chardet/version.py'...
Listing '/home/null/EncryptorApp/.buildozer/android/platform/build-arm64-v8a_armeabi-v7a/build/python-installs/encryptorx/armeabi-v7a/chardet-5.2.0.dist-info'...
Listing '/home/null/EncryptorApp/.buildozer/android/platform/build-arm64-v8a_armeabi-v7a/build/python-installs/encryptorx/armeabi-v7a/filetype'...
Compiling '/home/null/EncryptorApp/.buildozer/android/platform/build-arm64-v8a_armeabi-v7a/build/python-installs/encryptorx/armeabi-v7a/filetype/__init__.py'...
Compiling '/home/null/EncryptorApp/.buildozer/android/platform/build-arm64-v8a_armeabi-v7a/build/python-installs/encryptorx/armeabi-v7a/filetype/__main__.py'...
Compiling '/home/null/EncryptorApp/.buildozer/android/platform/build-arm64-v8a_armeabi-v7a/build/python-installs/encryptorx/armeabi-v7a/filetype/filetype.py'...
Compiling '/home/null/EncryptorApp/.buildozer/android/platform/build-arm64-v8a_armeabi-v7a/build/python-installs/encryptorx/armeabi-v7a/filetype/helpers.py'...
Compiling '/home/null/EncryptorApp/.buildozer/android/platform/build-arm64-v8a_armeabi-v7a/build/python-installs/encryptorx/armeabi-v7a/filetype/match.py'...
Listing '/home/null/EncryptorApp/.buildozer/android/platform/build-arm64-v8a_armeabi-v7a/build/python-installs/encryptorx/armeabi-v7a/filetype/types'...
Compiling '/home/null/EncryptorApp/.buildozer/android/platform/build-arm64-v8a_armeabi-v7a/build/python-installs/encryptorx/armeabi-v7a/filetype/types/__init__.py'...
Compiling '/home/null/EncryptorApp/.buildozer/android/platform/build-arm64-v8a_armeabi-v7a/build/python-installs/encryptorx/armeabi-v7a/filetype/types/application.py'...
Compiling '/home/null/EncryptorApp/.buildozer/android/platform/build-arm64-v8a_armeabi-v7a/build/python-installs/encryptorx/armeabi-v7a/filetype/types/archive.py'...
Compiling '/home/null/EncryptorApp/.buildozer/android/platform/build-arm64-v8a_armeabi-v7a/build/python-installs/encryptorx/armeabi-v7a/filetype/types/audio.py'...
Compiling '/home/null/EncryptorApp/.buildozer/android/platform/build-arm64-v8a_armeabi-v7a/build/python-installs/encryptorx/armeabi-v7a/filetype/types/base.py'...
Compiling '/home/null/EncryptorApp/.buildozer/android/platform/build-arm64-v8a_armeabi-v7a/build/python-installs/encryptorx/armeabi-v7a/filetype/types/document.py'...
Compiling '/home/null/EncryptorApp/.buildozer/android/platform/build-arm64-v8a_armeabi-v7a/build/python-installs/encryptorx/armeabi-v7a/filetype/types/font.py'...
Compiling '/home/null/EncryptorApp/.buildozer/android/platform/build-arm64-v8a_armeabi-v7a/build/python-installs/encryptorx/armeabi-v7a/filetype/types/image.py'...
Compiling '/home/null/EncryptorApp/.buildozer/android/platform/build-arm64-v8a_armeabi-v7a/build/python-installs/encryptorx/armeabi-v7a/filetype/types/isobmff.py'...
Compiling '/home/null/EncryptorApp/.buildozer/android/platform/build-arm64-v8a_armeabi-v7a/build/python-installs/encryptorx/armeabi-v7a/filetype/types/video.py'...
Compiling '/home/null/EncryptorApp/.buildozer/android/platform/build-arm64-v8a_armeabi-v7a/build/python-installs/encryptorx/armeabi-v7a/filetype/utils.py'...
Listing '/home/null/EncryptorApp/.buildozer/android/platform/build-arm64-v8a_armeabi-v7a/build/python-installs/encryptorx/armeabi-v7a/filetype-1.2.0.dist-info'...
Listing '/home/null/EncryptorApp/.buildozer/android/platform/build-arm64-v8a_armeabi-v7a/build/python-installs/encryptorx/armeabi-v7a/idna'...
Compiling '/home/null/EncryptorApp/.buildozer/android/platform/build-arm64-v8a_armeabi-v7a/build/python-installs/encryptorx/armeabi-v7a/idna/__init__.py'...
Compiling '/home/null/EncryptorApp/.buildozer/android/platform/build-arm64-v8a_armeabi-v7a/build/python-installs/encryptorx/armeabi-v7a/idna/codec.py'...
Compiling '/home/null/EncryptorApp/.buildozer/android/platform/build-arm64-v8a_armeabi-v7a/build/python-installs/encryptorx/armeabi-v7a/idna/compat.py'...
Compiling '/home/null/EncryptorApp/.buildozer/android/platform/build-arm64-v8a_armeabi-v7a/build/python-installs/encryptorx/armeabi-v7a/idna/core.py'...
Compiling '/home/null/EncryptorApp/.buildozer/android/platform/build-arm64-v8a_armeabi-v7a/build/python-installs/encryptorx/armeabi-v7a/idna/idnadata.py'...
Compiling '/home/null/EncryptorApp/.buildozer/android/platform/build-arm64-v8a_armeabi-v7a/build/python-installs/encryptorx/armeabi-v7a/idna/intranges.py'...
Compiling '/home/null/EncryptorApp/.buildozer/android/platform/build-arm64-v8a_armeabi-v7a/build/python-installs/encryptorx/armeabi-v7a/idna/package_data.py'...
Compiling '/home/null/EncryptorApp/.buildozer/android/platform/build-arm64-v8a_armeabi-v7a/build/python-installs/encryptorx/armeabi-v7a/idna/uts46data.py'...
Listing '/home/null/EncryptorApp/.buildozer/android/platform/build-arm64-v8a_armeabi-v7a/build/python-installs/encryptorx/armeabi-v7a/idna-3.11.dist-info'...
Listing '/home/null/EncryptorApp/.buildozer/android/platform/build-arm64-v8a_armeabi-v7a/build/python-installs/encryptorx/armeabi-v7a/idna-3.11.dist-info/licenses'...
Listing '/home/null/EncryptorApp/.buildozer/android/platform/build-arm64-v8a_armeabi-v7a/build/python-installs/encryptorx/armeabi-v7a/jnius'...
Compiling '/home/null/EncryptorApp/.buildozer/android/platform/build-arm64-v8a_armeabi-v7a/build/python-installs/encryptorx/armeabi-v7a/jnius/__init__.py'...
Compiling '/home/null/EncryptorApp/.buildozer/android/platform/build-arm64-v8a_armeabi-v7a/build/python-installs/encryptorx/armeabi-v7a/jnius/env.py'...
Compiling '/home/null/EncryptorApp/.buildozer/android/platform/build-arm64-v8a_armeabi-v7a/build/python-installs/encryptorx/armeabi-v7a/jnius/reflect.py'...
Compiling '/home/null/EncryptorApp/.buildozer/android/platform/build-arm64-v8a_armeabi-v7a/build/python-installs/encryptorx/armeabi-v7a/jnius/signatures.py'...
Listing '/home/null/EncryptorApp/.buildozer/android/platform/build-arm64-v8a_armeabi-v7a/build/python-installs/encryptorx/armeabi-v7a/jnius/src'...
Listing '/home/null/EncryptorApp/.buildozer/android/platform/build-arm64-v8a_armeabi-v7a/build/python-installs/encryptorx/armeabi-v7a/jnius/src/org'...
Listing '/home/null/EncryptorApp/.buildozer/android/platform/build-arm64-v8a_armeabi-v7a/build/python-installs/encryptorx/armeabi-v7a/jnius/src/org/jnius'...
Compiling '/home/null/EncryptorApp/.buildozer/android/platform/build-arm64-v8a_armeabi-v7a/build/python-installs/encryptorx/armeabi-v7a/jnius_config.py'...
Listing '/home/null/EncryptorApp/.buildozer/android/platform/build-arm64-v8a_armeabi-v7a/build/python-installs/encryptorx/armeabi-v7a/kivy'...
Compiling '/home/null/EncryptorApp/.buildozer/android/platform/build-arm64-v8a_armeabi-v7a/build/python-installs/encryptorx/armeabi-v7a/kivy/__init__.py'...
Compiling '/home/null/EncryptorApp/.buildozer/android/platform/build-arm64-v8a_armeabi-v7a/build/python-installs/encryptorx/armeabi-v7a/kivy/_version.py'...
Compiling '/home/null/EncryptorApp/.buildozer/android/platform/build-arm64-v8a_armeabi-v7a/build/python-installs/encryptorx/armeabi-v7a/kivy/animation.py'...
Compiling '/home/null/EncryptorApp/.buildozer/android/platform/build-arm64-v8a_armeabi-v7a/build/python-installs/encryptorx/armeabi-v7a/kivy/app.py'...
Compiling '/home/null/EncryptorApp/.buildozer/android/platform/build-arm64-v8a_armeabi-v7a/build/python-installs/encryptorx/armeabi-v7a/kivy/atlas.py'...
Compiling '/home/null/EncryptorApp/.buildozer/android/platform/build-arm64-v8a_armeabi-v7a/build/python-installs/encryptorx/armeabi-v7a/kivy/base.py'...
Compiling '/home/null/EncryptorApp/.buildozer/android/platform/build-arm64-v8a_armeabi-v7a/build/python-installs/encryptorx/armeabi-v7a/kivy/cache.py'...
Compiling '/home/null/EncryptorApp/.buildozer/android/platform/build-arm64-v8a_armeabi-v7a/build/python-installs/encryptorx/armeabi-v7a/kivy/clock.py'...
Compiling '/home/null/EncryptorApp/.buildozer/android/platform/build-arm64-v8a_armeabi-v7a/build/python-installs/encryptorx/armeabi-v7a/kivy/compat.py'...
Compiling '/home/null/EncryptorApp/.buildozer/android/platform/build-arm64-v8a_armeabi-v7a/build/python-installs/encryptorx/armeabi-v7a/kivy/config.py'...
Compiling '/home/null/EncryptorApp/.buildozer/android/platform/build-arm64-v8a_armeabi-v7a/build/python-installs/encryptorx/armeabi-v7a/kivy/context.py'...
Listing '/home/null/EncryptorApp/.buildozer/android/platform/build-arm64-v8a_armeabi-v7a/build/python-installs/encryptorx/armeabi-v7a/kivy/core'...
Compiling '/home/null/EncryptorApp/.buildozer/android/platform/build-arm64-v8a_armeabi-v7a/build/python-installs/encryptorx/armeabi-v7a/kivy/core/__init__.py'...
Listing '/home/null/EncryptorApp/.buildozer/android/platform/build-arm64-v8a_armeabi-v7a/build/python-installs/encryptorx/armeabi-v7a/kivy/core/audio'...
Compiling '/home/null/EncryptorApp/.buildozer/android/platform/build-arm64-v8a_armeabi-v7a/build/python-installs/encryptorx/armeabi-v7a/kivy/core/audio/__init__.py'...
Compiling '/home/null/EncryptorApp/.buildozer/android/platform/build-arm64-v8a_armeabi-v7a/build/python-installs/encryptorx/armeabi-v7a/kivy/core/audio/audio_android.py'...
Compiling '/home/null/EncryptorApp/.buildozer/android/platform/build-arm64-v8a_armeabi-v7a/build/python-installs/encryptorx/armeabi-v7a/kivy/core/audio/audio_avplayer.py'...
Compiling '/home/null/EncryptorApp/.buildozer/android/platform/build-arm64-v8a_armeabi-v7a/build/python-installs/encryptorx/armeabi-v7a/kivy/core/audio/audio_ffpyplayer.py'...
Compiling '/home/null/EncryptorApp/.buildozer/android/platform/build-arm64-v8a_armeabi-v7a/build/python-installs/encryptorx/armeabi-v7a/kivy/core/audio/audio_gstplayer.py'...
Compiling '/home/null/EncryptorApp/.buildozer/android/platform/build-arm64-v8a_armeabi-v7a/build/python-installs/encryptorx/armeabi-v7a/kivy/core/audio/audio_pygame.py'...
Listing '/home/null/EncryptorApp/.buildozer/android/platform/build-arm64-v8a_armeabi-v7a/build/python-installs/encryptorx/armeabi-v7a/kivy/core/camera'...
Compiling '/home/null/EncryptorApp/.buildozer/android/platform/build-arm64-v8a_armeabi-v7a/build/python-installs/encryptorx/armeabi-v7a/kivy/core/camera/__init__.py'...
Compiling '/home/null/EncryptorApp/.buildozer/android/platform/build-arm64-v8a_armeabi-v7a/build/python-installs/encryptorx/armeabi-v7a/kivy/core/camera/camera_android.py'...
Compiling '/home/null/EncryptorApp/.buildozer/android/platform/build-arm64-v8a_armeabi-v7a/build/python-installs/encryptorx/armeabi-v7a/kivy/core/camera/camera_gi.py'...
Compiling '/home/null/EncryptorApp/.buildozer/android/platform/build-arm64-v8a_armeabi-v7a/build/python-installs/encryptorx/armeabi-v7a/kivy/core/camera/camera_opencv.py'...
Compiling '/home/null/EncryptorApp/.buildozer/android/platform/build-arm64-v8a_armeabi-v7a/build/python-installs/encryptorx/armeabi-v7a/kivy/core/camera/camera_picamera.py'...
Listing '/home/null/EncryptorApp/.buildozer/android/platform/build-arm64-v8a_armeabi-v7a/build/python-installs/encryptorx/armeabi-v7a/kivy/core/clipboard'...
Compiling '/home/null/EncryptorApp/.buildozer/android/platform/build-arm64-v8a_armeabi-v7a/build/python-installs/encryptorx/armeabi-v7a/kivy/core/clipboard/__init__.py'...
Compiling '/home/null/EncryptorApp/.buildozer/android/platform/build-arm64-v8a_armeabi-v7a/build/python-installs/encryptorx/armeabi-v7a/kivy/core/clipboard/_clipboard_ext.py'...
Compiling '/home/null/EncryptorApp/.buildozer/android/platform/build-arm64-v8a_armeabi-v7a/build/python-installs/encryptorx/armeabi-v7a/kivy/core/clipboard/clipboard_android.py'...
Compiling '/home/null/EncryptorApp/.buildozer/android/platform/build-arm64-v8a_armeabi-v7a/build/python-installs/encryptorx/armeabi-v7a/kivy/core/clipboard/clipboard_dbusklipper.py'...
Compiling '/home/null/EncryptorApp/.buildozer/android/platform/build-arm64-v8a_armeabi-v7a/build/python-installs/encryptorx/armeabi-v7a/kivy/core/clipboard/clipboard_dummy.py'...
Compiling '/home/null/EncryptorApp/.buildozer/android/platform/build-arm64-v8a_armeabi-v7a/build/python-installs/encryptorx/armeabi-v7a/kivy/core/clipboard/clipboard_gtk3.py'...
Compiling '/home/null/EncryptorApp/.buildozer/android/platform/build-arm64-v8a_armeabi-v7a/build/python-installs/encryptorx/armeabi-v7a/kivy/core/clipboard/clipboard_nspaste.py'...
Compiling '/home/null/EncryptorApp/.buildozer/android/platform/build-arm64-v8a_armeabi-v7a/build/python-installs/encryptorx/armeabi-v7a/kivy/core/clipboard/clipboard_pygame.py'...
Compiling '/home/null/EncryptorApp/.buildozer/android/platform/build-arm64-v8a_armeabi-v7a/build/python-installs/encryptorx/armeabi-v7a/kivy/core/clipboard/clipboard_sdl2.py'...
Compiling '/home/null/EncryptorApp/.buildozer/android/platform/build-arm64-v8a_armeabi-v7a/build/python-installs/encryptorx/armeabi-v7a/kivy/core/clipboard/clipboard_winctypes.py'...
Compiling '/home/null/EncryptorApp/.buildozer/android/platform/build-arm64-v8a_armeabi-v7a/build/python-installs/encryptorx/armeabi-v7a/kivy/core/clipboard/clipboard_xclip.py'...
Compiling '/home/null/EncryptorApp/.buildozer/android/platform/build-arm64-v8a_armeabi-v7a/build/python-installs/encryptorx/armeabi-v7a/kivy/core/clipboard/clipboard_xsel.py'...
Listing '/home/null/EncryptorApp/.buildozer/android/platform/build-arm64-v8a_armeabi-v7a/build/python-installs/encryptorx/armeabi-v7a/kivy/core/gl'...
Compiling '/home/null/EncryptorApp/.buildozer/android/platform/build-arm64-v8a_armeabi-v7a/build/python-installs/encryptorx/armeabi-v7a/kivy/core/gl/__init__.py'...
Listing '/home/null/EncryptorApp/.buildozer/android/platform/build-arm64-v8a_armeabi-v7a/build/python-installs/encryptorx/armeabi-v7a/kivy/core/image'...
Compiling '/home/null/EncryptorApp/.buildozer/android/platform/build-arm64-v8a_armeabi-v7a/build/python-installs/encryptorx/armeabi-v7a/kivy/core/image/__init__.py'...
Compiling '/home/null/EncryptorApp/.buildozer/android/platform/build-arm64-v8a_armeabi-v7a/build/python-installs/encryptorx/armeabi-v7a/kivy/core/image/img_dds.py'...
Compiling '/home/null/EncryptorApp/.buildozer/android/platform/build-arm64-v8a_armeabi-v7a/build/python-installs/encryptorx/armeabi-v7a/kivy/core/image/img_ffpyplayer.py'...
Compiling '/home/null/EncryptorApp/.buildozer/android/platform/build-arm64-v8a_armeabi-v7a/build/python-installs/encryptorx/armeabi-v7a/kivy/core/image/img_pil.py'...
Compiling '/home/null/EncryptorApp/.buildozer/android/platform/build-arm64-v8a_armeabi-v7a/build/python-installs/encryptorx/armeabi-v7a/kivy/core/image/img_pygame.py'...
Compiling '/home/null/EncryptorApp/.buildozer/android/platform/build-arm64-v8a_armeabi-v7a/build/python-installs/encryptorx/armeabi-v7a/kivy/core/image/img_sdl2.py'...
Compiling '/home/null/EncryptorApp/.buildozer/android/platform/build-arm64-v8a_armeabi-v7a/build/python-installs/encryptorx/armeabi-v7a/kivy/core/image/img_tex.py'...
Listing '/home/null/EncryptorApp/.buildozer/android/platform/build-arm64-v8a_armeabi-v7a/build/python-installs/encryptorx/armeabi-v7a/kivy/core/spelling'...
Compiling '/home/null/EncryptorApp/.buildozer/android/platform/build-arm64-v8a_armeabi-v7a/build/python-installs/encryptorx/armeabi-v7a/kivy/core/spelling/__init__.py'...
Compiling '/home/null/EncryptorApp/.buildozer/android/platform/build-arm64-v8a_armeabi-v7a/build/python-installs/encryptorx/armeabi-v7a/kivy/core/spelling/spelling_enchant.py'...
Compiling '/home/null/EncryptorApp/.buildozer/android/platform/build-arm64-v8a_armeabi-v7a/build/python-installs/encryptorx/armeabi-v7a/kivy/core/spelling/spelling_osxappkit.py'...
Listing '/home/null/EncryptorApp/.buildozer/android/platform/build-arm64-v8a_armeabi-v7a/build/python-installs/encryptorx/armeabi-v7a/kivy/core/text'...
Compiling '/home/null/EncryptorApp/.buildozer/android/platform/build-arm64-v8a_armeabi-v7a/build/python-installs/encryptorx/armeabi-v7a/kivy/core/text/__init__.py'...
Compiling '/home/null/EncryptorApp/.buildozer/android/platform/build-arm64-v8a_armeabi-v7a/build/python-installs/encryptorx/armeabi-v7a/kivy/core/text/markup.py'...
Compiling '/home/null/EncryptorApp/.buildozer/android/platform/build-arm64-v8a_armeabi-v7a/build/python-installs/encryptorx/armeabi-v7a/kivy/core/text/text_pango.py'...
Compiling '/home/null/EncryptorApp/.buildozer/android/platform/build-arm64-v8a_armeabi-v7a/build/python-installs/encryptorx/armeabi-v7a/kivy/core/text/text_pil.py'...
Compiling '/home/null/EncryptorApp/.buildozer/android/platform/build-arm64-v8a_armeabi-v7a/build/python-installs/encryptorx/armeabi-v7a/kivy/core/text/text_pygame.py'...
Compiling '/home/null/EncryptorApp/.buildozer/android/platform/build-arm64-v8a_armeabi-v7a/build/python-installs/encryptorx/armeabi-v7a/kivy/core/text/text_sdl2.py'...
Listing '/home/null/EncryptorApp/.buildozer/android/platform/build-arm64-v8a_armeabi-v7a/build/python-installs/encryptorx/armeabi-v7a/kivy/core/video'...
Compiling '/home/null/EncryptorApp/.buildozer/android/platform/build-arm64-v8a_armeabi-v7a/build/python-installs/encryptorx/armeabi-v7a/kivy/core/video/__init__.py'...
Compiling '/home/null/EncryptorApp/.buildozer/android/platform/build-arm64-v8a_armeabi-v7a/build/python-installs/encryptorx/armeabi-v7a/kivy/core/video/video_ffmpeg.py'...
Compiling '/home/null/EncryptorApp/.buildozer/android/platform/build-arm64-v8a_armeabi-v7a/build/python-installs/encryptorx/armeabi-v7a/kivy/core/video/video_ffpyplayer.py'...
Compiling '/home/null/EncryptorApp/.buildozer/android/platform/build-arm64-v8a_armeabi-v7a/build/python-installs/encryptorx/armeabi-v7a/kivy/core/video/video_gstplayer.py'...
Compiling '/home/null/EncryptorApp/.buildozer/android/platform/build-arm64-v8a_armeabi-v7a/build/python-installs/encryptorx/armeabi-v7a/kivy/core/video/video_null.py'...
Listing '/home/null/EncryptorApp/.buildozer/android/platform/build-arm64-v8a_armeabi-v7a/build/python-installs/encryptorx/armeabi-v7a/kivy/core/window'...
Compiling '/home/null/EncryptorApp/.buildozer/android/platform/build-arm64-v8a_armeabi-v7a/build/python-installs/encryptorx/armeabi-v7a/kivy/core/window/__init__.py'...
Compiling '/home/null/EncryptorApp/.buildozer/android/platform/build-arm64-v8a_armeabi-v7a/build/python-installs/encryptorx/armeabi-v7a/kivy/core/window/window_egl_rpi.py'...
Compiling '/home/null/EncryptorApp/.buildozer/android/platform/build-arm64-v8a_armeabi-v7a/build/python-installs/encryptorx/armeabi-v7a/kivy/core/window/window_pygame.py'...
Compiling '/home/null/EncryptorApp/.buildozer/android/platform/build-arm64-v8a_armeabi-v7a/build/python-installs/encryptorx/armeabi-v7a/kivy/core/window/window_sdl2.py'...
Listing '/home/null/EncryptorApp/.buildozer/android/platform/build-arm64-v8a_armeabi-v7a/build/python-installs/encryptorx/armeabi-v7a/kivy/data'...
Listing '/home/null/EncryptorApp/.buildozer/android/platform/build-arm64-v8a_armeabi-v7a/build/python-installs/encryptorx/armeabi-v7a/kivy/data/fonts'...
Listing '/home/null/EncryptorApp/.buildozer/android/platform/build-arm64-v8a_armeabi-v7a/build/python-installs/encryptorx/armeabi-v7a/kivy/data/glsl'...
Listing '/home/null/EncryptorApp/.buildozer/android/platform/build-arm64-v8a_armeabi-v7a/build/python-installs/encryptorx/armeabi-v7a/kivy/data/images'...
Listing '/home/null/EncryptorApp/.buildozer/android/platform/build-arm64-v8a_armeabi-v7a/build/python-installs/encryptorx/armeabi-v7a/kivy/data/keyboards'...
Listing '/home/null/EncryptorApp/.buildozer/android/platform/build-arm64-v8a_armeabi-v7a/build/python-installs/encryptorx/armeabi-v7a/kivy/data/logo'...
Listing '/home/null/EncryptorApp/.buildozer/android/platform/build-arm64-v8a_armeabi-v7a/build/python-installs/encryptorx/armeabi-v7a/kivy/deps'...
Compiling '/home/null/EncryptorApp/.buildozer/android/platform/build-arm64-v8a_armeabi-v7a/build/python-installs/encryptorx/armeabi-v7a/kivy/deps/__init__.py'...
Listing '/home/null/EncryptorApp/.buildozer/android/platform/build-arm64-v8a_armeabi-v7a/build/python-installs/encryptorx/armeabi-v7a/kivy/effects'...
Compiling '/home/null/EncryptorApp/.buildozer/android/platform/build-arm64-v8a_armeabi-v7a/build/python-installs/encryptorx/armeabi-v7a/kivy/effects/__init__.py'...
Compiling '/home/null/EncryptorApp/.buildozer/android/platform/build-arm64-v8a_armeabi-v7a/build/python-installs/encryptorx/armeabi-v7a/kivy/effects/dampedscroll.py'...
Compiling '/home/null/EncryptorApp/.buildozer/android/platform/build-arm64-v8a_armeabi-v7a/build/python-installs/encryptorx/armeabi-v7a/kivy/effects/kinetic.py'...
Compiling '/home/null/EncryptorApp/.buildozer/android/platform/build-arm64-v8a_armeabi-v7a/build/python-installs/encryptorx/armeabi-v7a/kivy/effects/opacityscroll.py'...
Compiling '/home/null/EncryptorApp/.buildozer/android/platform/build-arm64-v8a_armeabi-v7a/build/python-installs/encryptorx/armeabi-v7a/kivy/effects/scroll.py'...
Compiling '/home/null/EncryptorApp/.buildozer/android/platform/build-arm64-v8a_armeabi-v7a/build/python-installs/encryptorx/armeabi-v7a/kivy/event.py'...
Listing '/home/null/EncryptorApp/.buildozer/android/platform/build-arm64-v8a_armeabi-v7a/build/python-installs/encryptorx/armeabi-v7a/kivy/eventmanager'...
Compiling '/home/null/EncryptorApp/.buildozer/android/platform/build-arm64-v8a_armeabi-v7a/build/python-installs/encryptorx/armeabi-v7a/kivy/eventmanager/__init__.py'...
Listing '/home/null/EncryptorApp/.buildozer/android/platform/build-arm64-v8a_armeabi-v7a/build/python-installs/encryptorx/armeabi-v7a/kivy/extras'...
Compiling '/home/null/EncryptorApp/.buildozer/android/platform/build-arm64-v8a_armeabi-v7a/build/python-installs/encryptorx/armeabi-v7a/kivy/extras/__init__.py'...
Compiling '/home/null/EncryptorApp/.buildozer/android/platform/build-arm64-v8a_armeabi-v7a/build/python-installs/encryptorx/armeabi-v7a/kivy/extras/highlight.py'...
Compiling '/home/null/EncryptorApp/.buildozer/android/platform/build-arm64-v8a_armeabi-v7a/build/python-installs/encryptorx/armeabi-v7a/kivy/factory.py'...
Compiling '/home/null/EncryptorApp/.buildozer/android/platform/build-arm64-v8a_armeabi-v7a/build/python-installs/encryptorx/armeabi-v7a/kivy/factory_registers.py'...
Listing '/home/null/EncryptorApp/.buildozer/android/platform/build-arm64-v8a_armeabi-v7a/build/python-installs/encryptorx/armeabi-v7a/kivy/garden'...
Compiling '/home/null/EncryptorApp/.buildozer/android/platform/build-arm64-v8a_armeabi-v7a/build/python-installs/encryptorx/armeabi-v7a/kivy/garden/__init__.py'...
Compiling '/home/null/EncryptorApp/.buildozer/android/platform/build-arm64-v8a_armeabi-v7a/build/python-installs/encryptorx/armeabi-v7a/kivy/geometry.py'...
Compiling '/home/null/EncryptorApp/.buildozer/android/platform/build-arm64-v8a_armeabi-v7a/build/python-installs/encryptorx/armeabi-v7a/kivy/gesture.py'...
Listing '/home/null/EncryptorApp/.buildozer/android/platform/build-arm64-v8a_armeabi-v7a/build/python-installs/encryptorx/armeabi-v7a/kivy/graphics'...
Compiling '/home/null/EncryptorApp/.buildozer/android/platform/build-arm64-v8a_armeabi-v7a/build/python-installs/encryptorx/armeabi-v7a/kivy/graphics/__init__.py'...
Listing '/home/null/EncryptorApp/.buildozer/android/platform/build-arm64-v8a_armeabi-v7a/build/python-installs/encryptorx/armeabi-v7a/kivy/graphics/cgl_backend'...
Compiling '/home/null/EncryptorApp/.buildozer/android/platform/build-arm64-v8a_armeabi-v7a/build/python-installs/encryptorx/armeabi-v7a/kivy/graphics/cgl_backend/__init__.py'...
Listing '/home/null/EncryptorApp/.buildozer/android/platform/build-arm64-v8a_armeabi-v7a/build/python-installs/encryptorx/armeabi-v7a/kivy/include'...
Listing '/home/null/EncryptorApp/.buildozer/android/platform/build-arm64-v8a_armeabi-v7a/build/python-installs/encryptorx/armeabi-v7a/kivy/input'...
Compiling '/home/null/EncryptorApp/.buildozer/android/platform/build-arm64-v8a_armeabi-v7a/build/python-installs/encryptorx/armeabi-v7a/kivy/input/__init__.py'...
Compiling '/home/null/EncryptorApp/.buildozer/android/platform/build-arm64-v8a_armeabi-v7a/build/python-installs/encryptorx/armeabi-v7a/kivy/input/factory.py'...
Compiling '/home/null/EncryptorApp/.buildozer/android/platform/build-arm64-v8a_armeabi-v7a/build/python-installs/encryptorx/armeabi-v7a/kivy/input/motionevent.py'...
Listing '/home/null/EncryptorApp/.buildozer/android/platform/build-arm64-v8a_armeabi-v7a/build/python-installs/encryptorx/armeabi-v7a/kivy/input/postproc'...
Compiling '/home/null/EncryptorApp/.buildozer/android/platform/build-arm64-v8a_armeabi-v7a/build/python-installs/encryptorx/armeabi-v7a/kivy/input/postproc/__init__.py'...
Compiling '/home/null/EncryptorApp/.buildozer/android/platform/build-arm64-v8a_armeabi-v7a/build/python-installs/encryptorx/armeabi-v7a/kivy/input/postproc/calibration.py'...
Compiling '/home/null/EncryptorApp/.buildozer/android/platform/build-arm64-v8a_armeabi-v7a/build/python-installs/encryptorx/armeabi-v7a/kivy/input/postproc/dejitter.py'...
Compiling '/home/null/EncryptorApp/.buildozer/android/platform/build-arm64-v8a_armeabi-v7a/build/python-installs/encryptorx/armeabi-v7a/kivy/input/postproc/doubletap.py'...
Compiling '/home/null/EncryptorApp/.buildozer/android/platform/build-arm64-v8a_armeabi-v7a/build/python-installs/encryptorx/armeabi-v7a/kivy/input/postproc/ignorelist.py'...
Compiling '/home/null/EncryptorApp/.buildozer/android/platform/build-arm64-v8a_armeabi-v7a/build/python-installs/encryptorx/armeabi-v7a/kivy/input/postproc/retaintouch.py'...
Compiling '/home/null/EncryptorApp/.buildozer/android/platform/build-arm64-v8a_armeabi-v7a/build/python-installs/encryptorx/armeabi-v7a/kivy/input/postproc/tripletap.py'...
Compiling '/home/null/EncryptorApp/.buildozer/android/platform/build-arm64-v8a_armeabi-v7a/build/python-installs/encryptorx/armeabi-v7a/kivy/input/provider.py'...
Listing '/home/null/EncryptorApp/.buildozer/android/platform/build-arm64-v8a_armeabi-v7a/build/python-installs/encryptorx/armeabi-v7a/kivy/input/providers'...
Compiling '/home/null/EncryptorApp/.buildozer/android/platform/build-arm64-v8a_armeabi-v7a/build/python-installs/encryptorx/armeabi-v7a/kivy/input/providers/__init__.py'...
Compiling '/home/null/EncryptorApp/.buildozer/android/platform/build-arm64-v8a_armeabi-v7a/build/python-installs/encryptorx/armeabi-v7a/kivy/input/providers/androidjoystick.py'...
Compiling '/home/null/EncryptorApp/.buildozer/android/platform/build-arm64-v8a_armeabi-v7a/build/python-installs/encryptorx/armeabi-v7a/kivy/input/providers/hidinput.py'...
Compiling '/home/null/EncryptorApp/.buildozer/android/platform/build-arm64-v8a_armeabi-v7a/build/python-installs/encryptorx/armeabi-v7a/kivy/input/providers/leapfinger.py'...
Compiling '/home/null/EncryptorApp/.buildozer/android/platform/build-arm64-v8a_armeabi-v7a/build/python-installs/encryptorx/armeabi-v7a/kivy/input/providers/linuxwacom.py'...
Compiling '/home/null/EncryptorApp/.buildozer/android/platform/build-arm64-v8a_armeabi-v7a/build/python-installs/encryptorx/armeabi-v7a/kivy/input/providers/mactouch.py'...
Compiling '/home/null/EncryptorApp/.buildozer/android/platform/build-arm64-v8a_armeabi-v7a/build/python-installs/encryptorx/armeabi-v7a/kivy/input/providers/mouse.py'...
Compiling '/home/null/EncryptorApp/.buildozer/android/platform/build-arm64-v8a_armeabi-v7a/build/python-installs/encryptorx/armeabi-v7a/kivy/input/providers/mtdev.py'...
Compiling '/home/null/EncryptorApp/.buildozer/android/platform/build-arm64-v8a_armeabi-v7a/build/python-installs/encryptorx/armeabi-v7a/kivy/input/providers/probesysfs.py'...
Compiling '/home/null/EncryptorApp/.buildozer/android/platform/build-arm64-v8a_armeabi-v7a/build/python-installs/encryptorx/armeabi-v7a/kivy/input/providers/tuio.py'...
Compiling '/home/null/EncryptorApp/.buildozer/android/platform/build-arm64-v8a_armeabi-v7a/build/python-installs/encryptorx/armeabi-v7a/kivy/input/providers/wm_common.py'...
Compiling '/home/null/EncryptorApp/.buildozer/android/platform/build-arm64-v8a_armeabi-v7a/build/python-installs/encryptorx/armeabi-v7a/kivy/input/providers/wm_pen.py'...
Compiling '/home/null/EncryptorApp/.buildozer/android/platform/build-arm64-v8a_armeabi-v7a/build/python-installs/encryptorx/armeabi-v7a/kivy/input/providers/wm_touch.py'...
Compiling '/home/null/EncryptorApp/.buildozer/android/platform/build-arm64-v8a_armeabi-v7a/build/python-installs/encryptorx/armeabi-v7a/kivy/input/recorder.py'...
Compiling '/home/null/EncryptorApp/.buildozer/android/platform/build-arm64-v8a_armeabi-v7a/build/python-installs/encryptorx/armeabi-v7a/kivy/input/shape.py'...
Compiling '/home/null/EncryptorApp/.buildozer/android/platform/build-arm64-v8a_armeabi-v7a/build/python-installs/encryptorx/armeabi-v7a/kivy/interactive.py'...
Listing '/home/null/EncryptorApp/.buildozer/android/platform/build-arm64-v8a_armeabi-v7a/build/python-installs/encryptorx/armeabi-v7a/kivy/lang'...
Compiling '/home/null/EncryptorApp/.buildozer/android/platform/build-arm64-v8a_armeabi-v7a/build/python-installs/encryptorx/armeabi-v7a/kivy/lang/__init__.py'...
Compiling '/home/null/EncryptorApp/.buildozer/android/platform/build-arm64-v8a_armeabi-v7a/build/python-installs/encryptorx/armeabi-v7a/kivy/lang/builder.py'...
Compiling '/home/null/EncryptorApp/.buildozer/android/platform/build-arm64-v8a_armeabi-v7a/build/python-installs/encryptorx/armeabi-v7a/kivy/lang/parser.py'...
Listing '/home/null/EncryptorApp/.buildozer/android/platform/build-arm64-v8a_armeabi-v7a/build/python-installs/encryptorx/armeabi-v7a/kivy/lib'...
Compiling '/home/null/EncryptorApp/.buildozer/android/platform/build-arm64-v8a_armeabi-v7a/build/python-installs/encryptorx/armeabi-v7a/kivy/lib/__init__.py'...
Compiling '/home/null/EncryptorApp/.buildozer/android/platform/build-arm64-v8a_armeabi-v7a/build/python-installs/encryptorx/armeabi-v7a/kivy/lib/ddsfile.py'...
Listing '/home/null/EncryptorApp/.buildozer/android/platform/build-arm64-v8a_armeabi-v7a/build/python-installs/encryptorx/armeabi-v7a/kivy/lib/gstplayer'...
Compiling '/home/null/EncryptorApp/.buildozer/android/platform/build-arm64-v8a_armeabi-v7a/build/python-installs/encryptorx/armeabi-v7a/kivy/lib/gstplayer/__init__.py'...
Compiling '/home/null/EncryptorApp/.buildozer/android/platform/build-arm64-v8a_armeabi-v7a/build/python-installs/encryptorx/armeabi-v7a/kivy/lib/mtdev.py'...
Listing '/home/null/EncryptorApp/.buildozer/android/platform/build-arm64-v8a_armeabi-v7a/build/python-installs/encryptorx/armeabi-v7a/kivy/lib/pango'...
Listing '/home/null/EncryptorApp/.buildozer/android/platform/build-arm64-v8a_armeabi-v7a/build/python-installs/encryptorx/armeabi-v7a/kivy/lib/vidcore_lite'...
Compiling '/home/null/EncryptorApp/.buildozer/android/platform/build-arm64-v8a_armeabi-v7a/build/python-installs/encryptorx/armeabi-v7a/kivy/lib/vidcore_lite/__init__.py'...
Compiling '/home/null/EncryptorApp/.buildozer/android/platform/build-arm64-v8a_armeabi-v7a/build/python-installs/encryptorx/armeabi-v7a/kivy/loader.py'...
Compiling '/home/null/EncryptorApp/.buildozer/android/platform/build-arm64-v8a_armeabi-v7a/build/python-installs/encryptorx/armeabi-v7a/kivy/logger.py'...
Compiling '/home/null/EncryptorApp/.buildozer/android/platform/build-arm64-v8a_armeabi-v7a/build/python-installs/encryptorx/armeabi-v7a/kivy/metrics.py'...
Listing '/home/null/EncryptorApp/.buildozer/android/platform/build-arm64-v8a_armeabi-v7a/build/python-installs/encryptorx/armeabi-v7a/kivy/modules'...
Compiling '/home/null/EncryptorApp/.buildozer/android/platform/build-arm64-v8a_armeabi-v7a/build/python-installs/encryptorx/armeabi-v7a/kivy/modules/__init__.py'...
Compiling '/home/null/EncryptorApp/.buildozer/android/platform/build-arm64-v8a_armeabi-v7a/build/python-installs/encryptorx/armeabi-v7a/kivy/modules/_webdebugger.py'...
Compiling '/home/null/EncryptorApp/.buildozer/android/platform/build-arm64-v8a_armeabi-v7a/build/python-installs/encryptorx/armeabi-v7a/kivy/modules/console.py'...
Compiling '/home/null/EncryptorApp/.buildozer/android/platform/build-arm64-v8a_armeabi-v7a/build/python-installs/encryptorx/armeabi-v7a/kivy/modules/cursor.py'...
Compiling '/home/null/EncryptorApp/.buildozer/android/platform/build-arm64-v8a_armeabi-v7a/build/python-installs/encryptorx/armeabi-v7a/kivy/modules/inspector.py'...
Compiling '/home/null/EncryptorApp/.buildozer/android/platform/build-arm64-v8a_armeabi-v7a/build/python-installs/encryptorx/armeabi-v7a/kivy/modules/joycursor.py'...
Compiling '/home/null/EncryptorApp/.buildozer/android/platform/build-arm64-v8a_armeabi-v7a/build/python-installs/encryptorx/armeabi-v7a/kivy/modules/keybinding.py'...
Compiling '/home/null/EncryptorApp/.buildozer/android/platform/build-arm64-v8a_armeabi-v7a/build/python-installs/encryptorx/armeabi-v7a/kivy/modules/monitor.py'...
Compiling '/home/null/EncryptorApp/.buildozer/android/platform/build-arm64-v8a_armeabi-v7a/build/python-installs/encryptorx/armeabi-v7a/kivy/modules/recorder.py'...
Compiling '/home/null/EncryptorApp/.buildozer/android/platform/build-arm64-v8a_armeabi-v7a/build/python-installs/encryptorx/armeabi-v7a/kivy/modules/screen.py'...
Compiling '/home/null/EncryptorApp/.buildozer/android/platform/build-arm64-v8a_armeabi-v7a/build/python-installs/encryptorx/armeabi-v7a/kivy/modules/showborder.py'...
Compiling '/home/null/EncryptorApp/.buildozer/android/platform/build-arm64-v8a_armeabi-v7a/build/python-installs/encryptorx/armeabi-v7a/kivy/modules/touchring.py'...
Compiling '/home/null/EncryptorApp/.buildozer/android/platform/build-arm64-v8a_armeabi-v7a/build/python-installs/encryptorx/armeabi-v7a/kivy/modules/webdebugger.py'...
Compiling '/home/null/EncryptorApp/.buildozer/android/platform/build-arm64-v8a_armeabi-v7a/build/python-installs/encryptorx/armeabi-v7a/kivy/multistroke.py'...
Listing '/home/null/EncryptorApp/.buildozer/android/platform/build-arm64-v8a_armeabi-v7a/build/python-installs/encryptorx/armeabi-v7a/kivy/network'...
Compiling '/home/null/EncryptorApp/.buildozer/android/platform/build-arm64-v8a_armeabi-v7a/build/python-installs/encryptorx/armeabi-v7a/kivy/network/__init__.py'...
Compiling '/home/null/EncryptorApp/.buildozer/android/platform/build-arm64-v8a_armeabi-v7a/build/python-installs/encryptorx/armeabi-v7a/kivy/network/urlrequest.py'...
Compiling '/home/null/EncryptorApp/.buildozer/android/platform/build-arm64-v8a_armeabi-v7a/build/python-installs/encryptorx/armeabi-v7a/kivy/parser.py'...
Compiling '/home/null/EncryptorApp/.buildozer/android/platform/build-arm64-v8a_armeabi-v7a/build/python-installs/encryptorx/armeabi-v7a/kivy/resources.py'...
Compiling '/home/null/EncryptorApp/.buildozer/android/platform/build-arm64-v8a_armeabi-v7a/build/python-installs/encryptorx/armeabi-v7a/kivy/setupconfig.py'...
Listing '/home/null/EncryptorApp/.buildozer/android/platform/build-arm64-v8a_armeabi-v7a/build/python-installs/encryptorx/armeabi-v7a/kivy/storage'...
Compiling '/home/null/EncryptorApp/.buildozer/android/platform/build-arm64-v8a_armeabi-v7a/build/python-installs/encryptorx/armeabi-v7a/kivy/storage/__init__.py'...
Compiling '/home/null/EncryptorApp/.buildozer/android/platform/build-arm64-v8a_armeabi-v7a/build/python-installs/encryptorx/armeabi-v7a/kivy/storage/dictstore.py'...
Compiling '/home/null/EncryptorApp/.buildozer/android/platform/build-arm64-v8a_armeabi-v7a/build/python-installs/encryptorx/armeabi-v7a/kivy/storage/jsonstore.py'...
Compiling '/home/null/EncryptorApp/.buildozer/android/platform/build-arm64-v8a_armeabi-v7a/build/python-installs/encryptorx/armeabi-v7a/kivy/storage/redisstore.py'...
Compiling '/home/null/EncryptorApp/.buildozer/android/platform/build-arm64-v8a_armeabi-v7a/build/python-installs/encryptorx/armeabi-v7a/kivy/support.py'...
Listing '/home/null/EncryptorApp/.buildozer/android/platform/build-arm64-v8a_armeabi-v7a/build/python-installs/encryptorx/armeabi-v7a/kivy/tests'...
Compiling '/home/null/EncryptorApp/.buildozer/android/platform/build-arm64-v8a_armeabi-v7a/build/python-installs/encryptorx/armeabi-v7a/kivy/tests/__init__.py'...
Compiling '/home/null/EncryptorApp/.buildozer/android/platform/build-arm64-v8a_armeabi-v7a/build/python-installs/encryptorx/armeabi-v7a/kivy/tests/async_common.py'...
Compiling '/home/null/EncryptorApp/.buildozer/android/platform/build-arm64-v8a_armeabi-v7a/build/python-installs/encryptorx/armeabi-v7a/kivy/tests/common.py'...
Compiling '/home/null/EncryptorApp/.buildozer/android/platform/build-arm64-v8a_armeabi-v7a/build/python-installs/encryptorx/armeabi-v7a/kivy/tests/conftest.py'...
Listing '/home/null/EncryptorApp/.buildozer/android/platform/build-arm64-v8a_armeabi-v7a/build/python-installs/encryptorx/armeabi-v7a/kivy/tests/data'...
Compiling '/home/null/EncryptorApp/.buildozer/android/platform/build-arm64-v8a_armeabi-v7a/build/python-installs/encryptorx/armeabi-v7a/kivy/tests/fixtures.py'...
Compiling '/home/null/EncryptorApp/.buildozer/android/platform/build-arm64-v8a_armeabi-v7a/build/python-installs/encryptorx/armeabi-v7a/kivy/tests/perf_test_textinput.py'...
Listing '/home/null/EncryptorApp/.buildozer/android/platform/build-arm64-v8a_armeabi-v7a/build/python-installs/encryptorx/armeabi-v7a/kivy/tests/pyinstaller'...
Listing '/home/null/EncryptorApp/.buildozer/android/platform/build-arm64-v8a_armeabi-v7a/build/python-installs/encryptorx/armeabi-v7a/kivy/tests/pyinstaller/simple_widget'...
Compiling '/home/null/EncryptorApp/.buildozer/android/platform/build-arm64-v8a_armeabi-v7a/build/python-installs/encryptorx/armeabi-v7a/kivy/tests/pyinstaller/simple_widget/main.py'...
Listing '/home/null/EncryptorApp/.buildozer/android/platform/build-arm64-v8a_armeabi-v7a/build/python-installs/encryptorx/armeabi-v7a/kivy/tests/pyinstaller/simple_widget/project'...
Compiling '/home/null/EncryptorApp/.buildozer/android/platform/build-arm64-v8a_armeabi-v7a/build/python-installs/encryptorx/armeabi-v7a/kivy/tests/pyinstaller/simple_widget/project/__init__.py'...
Compiling '/home/null/EncryptorApp/.buildozer/android/platform/build-arm64-v8a_armeabi-v7a/build/python-installs/encryptorx/armeabi-v7a/kivy/tests/pyinstaller/simple_widget/project/widget.py'...
Compiling '/home/null/EncryptorApp/.buildozer/android/platform/build-arm64-v8a_armeabi-v7a/build/python-installs/encryptorx/armeabi-v7a/kivy/tests/pyinstaller/test_pyinstaller.py'...
Listing '/home/null/EncryptorApp/.buildozer/android/platform/build-arm64-v8a_armeabi-v7a/build/python-installs/encryptorx/armeabi-v7a/kivy/tests/pyinstaller/video_widget'...
Compiling '/home/null/EncryptorApp/.buildozer/android/platform/build-arm64-v8a_armeabi-v7a/build/python-installs/encryptorx/armeabi-v7a/kivy/tests/pyinstaller/video_widget/main.py'...
Listing '/home/null/EncryptorApp/.buildozer/android/platform/build-arm64-v8a_armeabi-v7a/build/python-installs/encryptorx/armeabi-v7a/kivy/tests/pyinstaller/video_widget/project'...
Compiling '/home/null/EncryptorApp/.buildozer/android/platform/build-arm64-v8a_armeabi-v7a/build/python-installs/encryptorx/armeabi-v7a/kivy/tests/pyinstaller/video_widget/project/__init__.py'...
Compiling '/home/null/EncryptorApp/.buildozer/android/platform/build-arm64-v8a_armeabi-v7a/build/python-installs/encryptorx/armeabi-v7a/kivy/tests/test_animations.py'...
Compiling '/home/null/EncryptorApp/.buildozer/android/platform/build-arm64-v8a_armeabi-v7a/build/python-installs/encryptorx/armeabi-v7a/kivy/tests/test_app.py'...
Compiling '/home/null/EncryptorApp/.buildozer/android/platform/build-arm64-v8a_armeabi-v7a/build/python-installs/encryptorx/armeabi-v7a/kivy/tests/test_audio.py'...
Compiling '/home/null/EncryptorApp/.buildozer/android/platform/build-arm64-v8a_armeabi-v7a/build/python-installs/encryptorx/armeabi-v7a/kivy/tests/test_benchmark.py'...
Compiling '/home/null/EncryptorApp/.buildozer/android/platform/build-arm64-v8a_armeabi-v7a/build/python-installs/encryptorx/armeabi-v7a/kivy/tests/test_clipboard.py'...
Compiling '/home/null/EncryptorApp/.buildozer/android/platform/build-arm64-v8a_armeabi-v7a/build/python-installs/encryptorx/armeabi-v7a/kivy/tests/test_clock.py'...
Compiling '/home/null/EncryptorApp/.buildozer/android/platform/build-arm64-v8a_armeabi-v7a/build/python-installs/encryptorx/armeabi-v7a/kivy/tests/test_compat.py'...
Compiling '/home/null/EncryptorApp/.buildozer/android/platform/build-arm64-v8a_armeabi-v7a/build/python-installs/encryptorx/armeabi-v7a/kivy/tests/test_config.py'...
Compiling '/home/null/EncryptorApp/.buildozer/android/platform/build-arm64-v8a_armeabi-v7a/build/python-installs/encryptorx/armeabi-v7a/kivy/tests/test_coverage.py'...
Compiling '/home/null/EncryptorApp/.buildozer/android/platform/build-arm64-v8a_armeabi-v7a/build/python-installs/encryptorx/armeabi-v7a/kivy/tests/test_doc_gallery.py'...
Compiling '/home/null/EncryptorApp/.buildozer/android/platform/build-arm64-v8a_armeabi-v7a/build/python-installs/encryptorx/armeabi-v7a/kivy/tests/test_environ_cli.py'...
Compiling '/home/null/EncryptorApp/.buildozer/android/platform/build-arm64-v8a_armeabi-v7a/build/python-installs/encryptorx/armeabi-v7a/kivy/tests/test_fbo_py2py3.py'...
Compiling '/home/null/EncryptorApp/.buildozer/android/platform/build-arm64-v8a_armeabi-v7a/build/python-installs/encryptorx/armeabi-v7a/kivy/tests/test_filechooser.py'...
Compiling '/home/null/EncryptorApp/.buildozer/android/platform/build-arm64-v8a_armeabi-v7a/build/python-installs/encryptorx/armeabi-v7a/kivy/tests/test_filechooser_unicode.py'...
Compiling '/home/null/EncryptorApp/.buildozer/android/platform/build-arm64-v8a_armeabi-v7a/build/python-installs/encryptorx/armeabi-v7a/kivy/tests/test_fonts.py'...
Compiling '/home/null/EncryptorApp/.buildozer/android/platform/build-arm64-v8a_armeabi-v7a/build/python-installs/encryptorx/armeabi-v7a/kivy/tests/test_garden.py'...
Compiling '/home/null/EncryptorApp/.buildozer/android/platform/build-arm64-v8a_armeabi-v7a/build/python-installs/encryptorx/armeabi-v7a/kivy/tests/test_graphics.py'...
Compiling '/home/null/EncryptorApp/.buildozer/android/platform/build-arm64-v8a_armeabi-v7a/build/python-installs/encryptorx/armeabi-v7a/kivy/tests/test_graphics_svg.py'...
Compiling '/home/null/EncryptorApp/.buildozer/android/platform/build-arm64-v8a_armeabi-v7a/build/python-installs/encryptorx/armeabi-v7a/kivy/tests/test_image.py'...
Compiling '/home/null/EncryptorApp/.buildozer/android/platform/build-arm64-v8a_armeabi-v7a/build/python-installs/encryptorx/armeabi-v7a/kivy/tests/test_imageloader.py'...
Compiling '/home/null/EncryptorApp/.buildozer/android/platform/build-arm64-v8a_armeabi-v7a/build/python-installs/encryptorx/armeabi-v7a/kivy/tests/test_invalid_lang.py'...
Listing '/home/null/EncryptorApp/.buildozer/android/platform/build-arm64-v8a_armeabi-v7a/build/python-installs/encryptorx/armeabi-v7a/kivy/tests/test_issues'...
Compiling '/home/null/EncryptorApp/.buildozer/android/platform/build-arm64-v8a_armeabi-v7a/build/python-installs/encryptorx/armeabi-v7a/kivy/tests/test_issues/test_6315.py'...
Compiling '/home/null/EncryptorApp/.buildozer/android/platform/build-arm64-v8a_armeabi-v7a/build/python-installs/encryptorx/armeabi-v7a/kivy/tests/test_issues/test_issue_1084.py'...
Compiling '/home/null/EncryptorApp/.buildozer/android/platform/build-arm64-v8a_armeabi-v7a/build/python-installs/encryptorx/armeabi-v7a/kivy/tests/test_issues/test_issue_1091.py'...
Compiling '/home/null/EncryptorApp/.buildozer/android/platform/build-arm64-v8a_armeabi-v7a/build/python-installs/encryptorx/armeabi-v7a/kivy/tests/test_issues/test_issue_599.py'...
Compiling '/home/null/EncryptorApp/.buildozer/android/platform/build-arm64-v8a_armeabi-v7a/build/python-installs/encryptorx/armeabi-v7a/kivy/tests/test_issues/test_issue_609.py'...
Compiling '/home/null/EncryptorApp/.buildozer/android/platform/build-arm64-v8a_armeabi-v7a/build/python-installs/encryptorx/armeabi-v7a/kivy/tests/test_issues/test_issue_6909.py'...
Compiling '/home/null/EncryptorApp/.buildozer/android/platform/build-arm64-v8a_armeabi-v7a/build/python-installs/encryptorx/armeabi-v7a/kivy/tests/test_issues/test_issue_883.py'...
Compiling '/home/null/EncryptorApp/.buildozer/android/platform/build-arm64-v8a_armeabi-v7a/build/python-installs/encryptorx/armeabi-v7a/kivy/tests/test_kivy_init.py'...
Compiling '/home/null/EncryptorApp/.buildozer/android/platform/build-arm64-v8a_armeabi-v7a/build/python-installs/encryptorx/armeabi-v7a/kivy/tests/test_knspace.py'...
Compiling '/home/null/EncryptorApp/.buildozer/android/platform/build-arm64-v8a_armeabi-v7a/build/python-installs/encryptorx/armeabi-v7a/kivy/tests/test_lang.py'...
Compiling '/home/null/EncryptorApp/.buildozer/android/platform/build-arm64-v8a_armeabi-v7a/build/python-installs/encryptorx/armeabi-v7a/kivy/tests/test_lang_complex.py'...
Compiling '/home/null/EncryptorApp/.buildozer/android/platform/build-arm64-v8a_armeabi-v7a/build/python-installs/encryptorx/armeabi-v7a/kivy/tests/test_lang_pre_process_and_post_process.py'...
Compiling '/home/null/EncryptorApp/.buildozer/android/platform/build-arm64-v8a_armeabi-v7a/build/python-installs/encryptorx/armeabi-v7a/kivy/tests/test_logger.py'...
Compiling '/home/null/EncryptorApp/.buildozer/android/platform/build-arm64-v8a_armeabi-v7a/build/python-installs/encryptorx/armeabi-v7a/kivy/tests/test_metrics.py'...
Compiling '/home/null/EncryptorApp/.buildozer/android/platform/build-arm64-v8a_armeabi-v7a/build/python-installs/encryptorx/armeabi-v7a/kivy/tests/test_module_inspector.py'...
Compiling '/home/null/EncryptorApp/.buildozer/android/platform/build-arm64-v8a_armeabi-v7a/build/python-installs/encryptorx/armeabi-v7a/kivy/tests/test_motion_event.py'...
Compiling '/home/null/EncryptorApp/.buildozer/android/platform/build-arm64-v8a_armeabi-v7a/build/python-installs/encryptorx/armeabi-v7a/kivy/tests/test_mouse_hover_event.py'...
Compiling '/home/null/EncryptorApp/.buildozer/android/platform/build-arm64-v8a_armeabi-v7a/build/python-installs/encryptorx/armeabi-v7a/kivy/tests/test_mouse_multitouchsim.py'...
Compiling '/home/null/EncryptorApp/.buildozer/android/platform/build-arm64-v8a_armeabi-v7a/build/python-installs/encryptorx/armeabi-v7a/kivy/tests/test_multistroke.py'...
Compiling '/home/null/EncryptorApp/.buildozer/android/platform/build-arm64-v8a_armeabi-v7a/build/python-installs/encryptorx/armeabi-v7a/kivy/tests/test_properties.py'...
Compiling '/home/null/EncryptorApp/.buildozer/android/platform/build-arm64-v8a_armeabi-v7a/build/python-installs/encryptorx/armeabi-v7a/kivy/tests/test_resources.py'...
Compiling '/home/null/EncryptorApp/.buildozer/android/platform/build-arm64-v8a_armeabi-v7a/build/python-installs/encryptorx/armeabi-v7a/kivy/tests/test_rst_replace.py'...
Compiling '/home/null/EncryptorApp/.buildozer/android/platform/build-arm64-v8a_armeabi-v7a/build/python-installs/encryptorx/armeabi-v7a/kivy/tests/test_screen.py'...
Compiling '/home/null/EncryptorApp/.buildozer/android/platform/build-arm64-v8a_armeabi-v7a/build/python-installs/encryptorx/armeabi-v7a/kivy/tests/test_storage.py'...
Compiling '/home/null/EncryptorApp/.buildozer/android/platform/build-arm64-v8a_armeabi-v7a/build/python-installs/encryptorx/armeabi-v7a/kivy/tests/test_uix_actionbar.py'...
Compiling '/home/null/EncryptorApp/.buildozer/android/platform/build-arm64-v8a_armeabi-v7a/build/python-installs/encryptorx/armeabi-v7a/kivy/tests/test_uix_anchorlayout.py'...
Compiling '/home/null/EncryptorApp/.buildozer/android/platform/build-arm64-v8a_armeabi-v7a/build/python-installs/encryptorx/armeabi-v7a/kivy/tests/test_uix_asyncimage.py'...
Compiling '/home/null/EncryptorApp/.buildozer/android/platform/build-arm64-v8a_armeabi-v7a/build/python-installs/encryptorx/armeabi-v7a/kivy/tests/test_uix_boxlayout.py'...
Compiling '/home/null/EncryptorApp/.buildozer/android/platform/build-arm64-v8a_armeabi-v7a/build/python-installs/encryptorx/armeabi-v7a/kivy/tests/test_uix_bubble.py'...
Compiling '/home/null/EncryptorApp/.buildozer/android/platform/build-arm64-v8a_armeabi-v7a/build/python-installs/encryptorx/armeabi-v7a/kivy/tests/test_uix_carousel.py'...
Compiling '/home/null/EncryptorApp/.buildozer/android/platform/build-arm64-v8a_armeabi-v7a/build/python-installs/encryptorx/armeabi-v7a/kivy/tests/test_uix_colorpicker.py'...
Compiling '/home/null/EncryptorApp/.buildozer/android/platform/build-arm64-v8a_armeabi-v7a/build/python-installs/encryptorx/armeabi-v7a/kivy/tests/test_uix_dropdown.py'...
Compiling '/home/null/EncryptorApp/.buildozer/android/platform/build-arm64-v8a_armeabi-v7a/build/python-installs/encryptorx/armeabi-v7a/kivy/tests/test_uix_gridlayout.py'...
Compiling '/home/null/EncryptorApp/.buildozer/android/platform/build-arm64-v8a_armeabi-v7a/build/python-installs/encryptorx/armeabi-v7a/kivy/tests/test_uix_layout.py'...
Compiling '/home/null/EncryptorApp/.buildozer/android/platform/build-arm64-v8a_armeabi-v7a/build/python-installs/encryptorx/armeabi-v7a/kivy/tests/test_uix_modal.py'...
Compiling '/home/null/EncryptorApp/.buildozer/android/platform/build-arm64-v8a_armeabi-v7a/build/python-installs/encryptorx/armeabi-v7a/kivy/tests/test_uix_recyclegridlayout.py'...
Compiling '/home/null/EncryptorApp/.buildozer/android/platform/build-arm64-v8a_armeabi-v7a/build/python-installs/encryptorx/armeabi-v7a/kivy/tests/test_uix_relativelayout.py'...
Compiling '/home/null/EncryptorApp/.buildozer/android/platform/build-arm64-v8a_armeabi-v7a/build/python-installs/encryptorx/armeabi-v7a/kivy/tests/test_uix_scrollview.py'...
Compiling '/home/null/EncryptorApp/.buildozer/android/platform/build-arm64-v8a_armeabi-v7a/build/python-installs/encryptorx/armeabi-v7a/kivy/tests/test_uix_settings.py'...
Compiling '/home/null/EncryptorApp/.buildozer/android/platform/build-arm64-v8a_armeabi-v7a/build/python-installs/encryptorx/armeabi-v7a/kivy/tests/test_uix_slider.py'...
Compiling '/home/null/EncryptorApp/.buildozer/android/platform/build-arm64-v8a_armeabi-v7a/build/python-installs/encryptorx/armeabi-v7a/kivy/tests/test_uix_stacklayout.py'...
Compiling '/home/null/EncryptorApp/.buildozer/android/platform/build-arm64-v8a_armeabi-v7a/build/python-installs/encryptorx/armeabi-v7a/kivy/tests/test_uix_textinput.py'...
Compiling '/home/null/EncryptorApp/.buildozer/android/platform/build-arm64-v8a_armeabi-v7a/build/python-installs/encryptorx/armeabi-v7a/kivy/tests/test_uix_translate_coordinates.py'...
Compiling '/home/null/EncryptorApp/.buildozer/android/platform/build-arm64-v8a_armeabi-v7a/build/python-installs/encryptorx/armeabi-v7a/kivy/tests/test_uix_videoplayer.py'...
Compiling '/home/null/EncryptorApp/.buildozer/android/platform/build-arm64-v8a_armeabi-v7a/build/python-installs/encryptorx/armeabi-v7a/kivy/tests/test_uix_widget.py'...
Listing '/home/null/EncryptorApp/.buildozer/android/platform/build-arm64-v8a_armeabi-v7a/build/python-installs/encryptorx/armeabi-v7a/kivy/tests/test_urlrequest'...
Compiling '/home/null/EncryptorApp/.buildozer/android/platform/build-arm64-v8a_armeabi-v7a/build/python-installs/encryptorx/armeabi-v7a/kivy/tests/test_urlrequest/test_urlrequest_requests.py'...
Compiling '/home/null/EncryptorApp/.buildozer/android/platform/build-arm64-v8a_armeabi-v7a/build/python-installs/encryptorx/armeabi-v7a/kivy/tests/test_urlrequest/test_urlrequest_urllib.py'...
Compiling '/home/null/EncryptorApp/.buildozer/android/platform/build-arm64-v8a_armeabi-v7a/build/python-installs/encryptorx/armeabi-v7a/kivy/tests/test_utils.py'...
Compiling '/home/null/EncryptorApp/.buildozer/android/platform/build-arm64-v8a_armeabi-v7a/build/python-installs/encryptorx/armeabi-v7a/kivy/tests/test_vector.py'...
Compiling '/home/null/EncryptorApp/.buildozer/android/platform/build-arm64-v8a_armeabi-v7a/build/python-installs/encryptorx/armeabi-v7a/kivy/tests/test_video.py'...
Compiling '/home/null/EncryptorApp/.buildozer/android/platform/build-arm64-v8a_armeabi-v7a/build/python-installs/encryptorx/armeabi-v7a/kivy/tests/test_weakmethod.py'...
Compiling '/home/null/EncryptorApp/.buildozer/android/platform/build-arm64-v8a_armeabi-v7a/build/python-installs/encryptorx/armeabi-v7a/kivy/tests/test_widget.py'...
Compiling '/home/null/EncryptorApp/.buildozer/android/platform/build-arm64-v8a_armeabi-v7a/build/python-installs/encryptorx/armeabi-v7a/kivy/tests/test_widget_walk.py'...
Compiling '/home/null/EncryptorApp/.buildozer/android/platform/build-arm64-v8a_armeabi-v7a/build/python-installs/encryptorx/armeabi-v7a/kivy/tests/test_window_base.py'...
Compiling '/home/null/EncryptorApp/.buildozer/android/platform/build-arm64-v8a_armeabi-v7a/build/python-installs/encryptorx/armeabi-v7a/kivy/tests/test_window_info.py'...
Compiling '/home/null/EncryptorApp/.buildozer/android/platform/build-arm64-v8a_armeabi-v7a/build/python-installs/encryptorx/armeabi-v7a/kivy/tests/visual_test_label.py'...
Listing '/home/null/EncryptorApp/.buildozer/android/platform/build-arm64-v8a_armeabi-v7a/build/python-installs/encryptorx/armeabi-v7a/kivy/tools'...
Compiling '/home/null/EncryptorApp/.buildozer/android/platform/build-arm64-v8a_armeabi-v7a/build/python-installs/encryptorx/armeabi-v7a/kivy/tools/__init__.py'...
Compiling '/home/null/EncryptorApp/.buildozer/android/platform/build-arm64-v8a_armeabi-v7a/build/python-installs/encryptorx/armeabi-v7a/kivy/tools/benchmark.py'...
Compiling '/home/null/EncryptorApp/.buildozer/android/platform/build-arm64-v8a_armeabi-v7a/build/python-installs/encryptorx/armeabi-v7a/kivy/tools/changelog_parser.py'...
Compiling '/home/null/EncryptorApp/.buildozer/android/platform/build-arm64-v8a_armeabi-v7a/build/python-installs/encryptorx/armeabi-v7a/kivy/tools/coverage.py'...
Compiling '/home/null/EncryptorApp/.buildozer/android/platform/build-arm64-v8a_armeabi-v7a/build/python-installs/encryptorx/armeabi-v7a/kivy/tools/gallery.py'...
Compiling '/home/null/EncryptorApp/.buildozer/android/platform/build-arm64-v8a_armeabi-v7a/build/python-installs/encryptorx/armeabi-v7a/kivy/tools/generate-icons.py'...
Listing '/home/null/EncryptorApp/.buildozer/android/platform/build-arm64-v8a_armeabi-v7a/build/python-installs/encryptorx/armeabi-v7a/kivy/tools/gles_compat'...
Compiling '/home/null/EncryptorApp/.buildozer/android/platform/build-arm64-v8a_armeabi-v7a/build/python-installs/encryptorx/armeabi-v7a/kivy/tools/gles_compat/subset_gles.py'...
Listing '/home/null/EncryptorApp/.buildozer/android/platform/build-arm64-v8a_armeabi-v7a/build/python-installs/encryptorx/armeabi-v7a/kivy/tools/highlight'...
Compiling '/home/null/EncryptorApp/.buildozer/android/platform/build-arm64-v8a_armeabi-v7a/build/python-installs/encryptorx/armeabi-v7a/kivy/tools/highlight/__init__.py'...
Listing '/home/null/EncryptorApp/.buildozer/android/platform/build-arm64-v8a_armeabi-v7a/build/python-installs/encryptorx/armeabi-v7a/kivy/tools/image-testsuite'...
Compiling '/home/null/EncryptorApp/.buildozer/android/platform/build-arm64-v8a_armeabi-v7a/build/python-installs/encryptorx/armeabi-v7a/kivy/tools/image-testsuite/gimp28-testsuite.py'...
Compiling '/home/null/EncryptorApp/.buildozer/android/platform/build-arm64-v8a_armeabi-v7a/build/python-installs/encryptorx/armeabi-v7a/kivy/tools/kviewer.py'...
Listing '/home/null/EncryptorApp/.buildozer/android/platform/build-arm64-v8a_armeabi-v7a/build/python-installs/encryptorx/armeabi-v7a/kivy/tools/packaging'...
Compiling '/home/null/EncryptorApp/.buildozer/android/platform/build-arm64-v8a_armeabi-v7a/build/python-installs/encryptorx/armeabi-v7a/kivy/tools/packaging/__init__.py'...
Compiling '/home/null/EncryptorApp/.buildozer/android/platform/build-arm64-v8a_armeabi-v7a/build/python-installs/encryptorx/armeabi-v7a/kivy/tools/packaging/cython_cfg.py'...
Compiling '/home/null/EncryptorApp/.buildozer/android/platform/build-arm64-v8a_armeabi-v7a/build/python-installs/encryptorx/armeabi-v7a/kivy/tools/packaging/factory.py'...
Listing '/home/null/EncryptorApp/.buildozer/android/platform/build-arm64-v8a_armeabi-v7a/build/python-installs/encryptorx/armeabi-v7a/kivy/tools/packaging/pyinstaller_hooks'...
Compiling '/home/null/EncryptorApp/.buildozer/android/platform/build-arm64-v8a_armeabi-v7a/build/python-installs/encryptorx/armeabi-v7a/kivy/tools/packaging/pyinstaller_hooks/__init__.py'...
Compiling '/home/null/EncryptorApp/.buildozer/android/platform/build-arm64-v8a_armeabi-v7a/build/python-installs/encryptorx/armeabi-v7a/kivy/tools/packaging/pyinstaller_hooks/__main__.py'...
Compiling '/home/null/EncryptorApp/.buildozer/android/platform/build-arm64-v8a_armeabi-v7a/build/python-installs/encryptorx/armeabi-v7a/kivy/tools/packaging/pyinstaller_hooks/hook-kivy.py'...
Compiling '/home/null/EncryptorApp/.buildozer/android/platform/build-arm64-v8a_armeabi-v7a/build/python-installs/encryptorx/armeabi-v7a/kivy/tools/packaging/pyinstaller_hooks/pyi_rth_kivy.py'...
Listing '/home/null/EncryptorApp/.buildozer/android/platform/build-arm64-v8a_armeabi-v7a/build/python-installs/encryptorx/armeabi-v7a/kivy/tools/pep8checker'...
Compiling '/home/null/EncryptorApp/.buildozer/android/platform/build-arm64-v8a_armeabi-v7a/build/python-installs/encryptorx/armeabi-v7a/kivy/tools/pep8checker/pep8.py'...
Compiling '/home/null/EncryptorApp/.buildozer/android/platform/build-arm64-v8a_armeabi-v7a/build/python-installs/encryptorx/armeabi-v7a/kivy/tools/pep8checker/pep8kivy.py'...
Listing '/home/null/EncryptorApp/.buildozer/android/platform/build-arm64-v8a_armeabi-v7a/build/python-installs/encryptorx/armeabi-v7a/kivy/tools/precommit_hooks'...
Compiling '/home/null/EncryptorApp/.buildozer/android/platform/build-arm64-v8a_armeabi-v7a/build/python-installs/encryptorx/armeabi-v7a/kivy/tools/report.py'...
Compiling '/home/null/EncryptorApp/.buildozer/android/platform/build-arm64-v8a_armeabi-v7a/build/python-installs/encryptorx/armeabi-v7a/kivy/tools/stub-gl-debug.py'...
Compiling '/home/null/EncryptorApp/.buildozer/android/platform/build-arm64-v8a_armeabi-v7a/build/python-installs/encryptorx/armeabi-v7a/kivy/tools/texturecompress.py'...
Listing '/home/null/EncryptorApp/.buildozer/android/platform/build-arm64-v8a_armeabi-v7a/build/python-installs/encryptorx/armeabi-v7a/kivy/tools/theming'...
Listing '/home/null/EncryptorApp/.buildozer/android/platform/build-arm64-v8a_armeabi-v7a/build/python-installs/encryptorx/armeabi-v7a/kivy/tools/theming/defaulttheme'...
Listing '/home/null/EncryptorApp/.buildozer/android/platform/build-arm64-v8a_armeabi-v7a/build/python-installs/encryptorx/armeabi-v7a/kivy/uix'...
Compiling '/home/null/EncryptorApp/.buildozer/android/platform/build-arm64-v8a_armeabi-v7a/build/python-installs/encryptorx/armeabi-v7a/kivy/uix/__init__.py'...
Compiling '/home/null/EncryptorApp/.buildozer/android/platform/build-arm64-v8a_armeabi-v7a/build/python-installs/encryptorx/armeabi-v7a/kivy/uix/accordion.py'...
Compiling '/home/null/EncryptorApp/.buildozer/android/platform/build-arm64-v8a_armeabi-v7a/build/python-installs/encryptorx/armeabi-v7a/kivy/uix/actionbar.py'...
Compiling '/home/null/EncryptorApp/.buildozer/android/platform/build-arm64-v8a_armeabi-v7a/build/python-installs/encryptorx/armeabi-v7a/kivy/uix/anchorlayout.py'...
Listing '/home/null/EncryptorApp/.buildozer/android/platform/build-arm64-v8a_armeabi-v7a/build/python-installs/encryptorx/armeabi-v7a/kivy/uix/behaviors'...
Compiling '/home/null/EncryptorApp/.buildozer/android/platform/build-arm64-v8a_armeabi-v7a/build/python-installs/encryptorx/armeabi-v7a/kivy/uix/behaviors/__init__.py'...
Compiling '/home/null/EncryptorApp/.buildozer/android/platform/build-arm64-v8a_armeabi-v7a/build/python-installs/encryptorx/armeabi-v7a/kivy/uix/behaviors/button.py'...
Compiling '/home/null/EncryptorApp/.buildozer/android/platform/build-arm64-v8a_armeabi-v7a/build/python-installs/encryptorx/armeabi-v7a/kivy/uix/behaviors/codenavigation.py'...
Compiling '/home/null/EncryptorApp/.buildozer/android/platform/build-arm64-v8a_armeabi-v7a/build/python-installs/encryptorx/armeabi-v7a/kivy/uix/behaviors/compoundselection.py'...
Compiling '/home/null/EncryptorApp/.buildozer/android/platform/build-arm64-v8a_armeabi-v7a/build/python-installs/encryptorx/armeabi-v7a/kivy/uix/behaviors/cover.py'...
Compiling '/home/null/EncryptorApp/.buildozer/android/platform/build-arm64-v8a_armeabi-v7a/build/python-installs/encryptorx/armeabi-v7a/kivy/uix/behaviors/drag.py'...
Compiling '/home/null/EncryptorApp/.buildozer/android/platform/build-arm64-v8a_armeabi-v7a/build/python-installs/encryptorx/armeabi-v7a/kivy/uix/behaviors/emacs.py'...
Compiling '/home/null/EncryptorApp/.buildozer/android/platform/build-arm64-v8a_armeabi-v7a/build/python-installs/encryptorx/armeabi-v7a/kivy/uix/behaviors/focus.py'...
Compiling '/home/null/EncryptorApp/.buildozer/android/platform/build-arm64-v8a_armeabi-v7a/build/python-installs/encryptorx/armeabi-v7a/kivy/uix/behaviors/knspace.py'...
Compiling '/home/null/EncryptorApp/.buildozer/android/platform/build-arm64-v8a_armeabi-v7a/build/python-installs/encryptorx/armeabi-v7a/kivy/uix/behaviors/togglebutton.py'...
Compiling '/home/null/EncryptorApp/.buildozer/android/platform/build-arm64-v8a_armeabi-v7a/build/python-installs/encryptorx/armeabi-v7a/kivy/uix/behaviors/touchripple.py'...
Compiling '/home/null/EncryptorApp/.buildozer/android/platform/build-arm64-v8a_armeabi-v7a/build/python-installs/encryptorx/armeabi-v7a/kivy/uix/boxlayout.py'...
Compiling '/home/null/EncryptorApp/.buildozer/android/platform/build-arm64-v8a_armeabi-v7a/build/python-installs/encryptorx/armeabi-v7a/kivy/uix/bubble.py'...
Compiling '/home/null/EncryptorApp/.buildozer/android/platform/build-arm64-v8a_armeabi-v7a/build/python-installs/encryptorx/armeabi-v7a/kivy/uix/button.py'...
Compiling '/home/null/EncryptorApp/.buildozer/android/platform/build-arm64-v8a_armeabi-v7a/build/python-installs/encryptorx/armeabi-v7a/kivy/uix/camera.py'...
Compiling '/home/null/EncryptorApp/.buildozer/android/platform/build-arm64-v8a_armeabi-v7a/build/python-installs/encryptorx/armeabi-v7a/kivy/uix/carousel.py'...
Compiling '/home/null/EncryptorApp/.buildozer/android/platform/build-arm64-v8a_armeabi-v7a/build/python-installs/encryptorx/armeabi-v7a/kivy/uix/checkbox.py'...
Compiling '/home/null/EncryptorApp/.buildozer/android/platform/build-arm64-v8a_armeabi-v7a/build/python-installs/encryptorx/armeabi-v7a/kivy/uix/codeinput.py'...
Compiling '/home/null/EncryptorApp/.buildozer/android/platform/build-arm64-v8a_armeabi-v7a/build/python-installs/encryptorx/armeabi-v7a/kivy/uix/colorpicker.py'...
Compiling '/home/null/EncryptorApp/.buildozer/android/platform/build-arm64-v8a_armeabi-v7a/build/python-installs/encryptorx/armeabi-v7a/kivy/uix/dropdown.py'...
Compiling '/home/null/EncryptorApp/.buildozer/android/platform/build-arm64-v8a_armeabi-v7a/build/python-installs/encryptorx/armeabi-v7a/kivy/uix/effectwidget.py'...
Compiling '/home/null/EncryptorApp/.buildozer/android/platform/build-arm64-v8a_armeabi-v7a/build/python-installs/encryptorx/armeabi-v7a/kivy/uix/filechooser.py'...
Compiling '/home/null/EncryptorApp/.buildozer/android/platform/build-arm64-v8a_armeabi-v7a/build/python-installs/encryptorx/armeabi-v7a/kivy/uix/floatlayout.py'...
Compiling '/home/null/EncryptorApp/.buildozer/android/platform/build-arm64-v8a_armeabi-v7a/build/python-installs/encryptorx/armeabi-v7a/kivy/uix/gesturesurface.py'...
Compiling '/home/null/EncryptorApp/.buildozer/android/platform/build-arm64-v8a_armeabi-v7a/build/python-installs/encryptorx/armeabi-v7a/kivy/uix/gridlayout.py'...
Compiling '/home/null/EncryptorApp/.buildozer/android/platform/build-arm64-v8a_armeabi-v7a/build/python-installs/encryptorx/armeabi-v7a/kivy/uix/image.py'...
Compiling '/home/null/EncryptorApp/.buildozer/android/platform/build-arm64-v8a_armeabi-v7a/build/python-installs/encryptorx/armeabi-v7a/kivy/uix/label.py'...
Compiling '/home/null/EncryptorApp/.buildozer/android/platform/build-arm64-v8a_armeabi-v7a/build/python-installs/encryptorx/armeabi-v7a/kivy/uix/layout.py'...
Compiling '/home/null/EncryptorApp/.buildozer/android/platform/build-arm64-v8a_armeabi-v7a/build/python-installs/encryptorx/armeabi-v7a/kivy/uix/modalview.py'...
Compiling '/home/null/EncryptorApp/.buildozer/android/platform/build-arm64-v8a_armeabi-v7a/build/python-installs/encryptorx/armeabi-v7a/kivy/uix/pagelayout.py'...
Compiling '/home/null/EncryptorApp/.buildozer/android/platform/build-arm64-v8a_armeabi-v7a/build/python-installs/encryptorx/armeabi-v7a/kivy/uix/popup.py'...
Compiling '/home/null/EncryptorApp/.buildozer/android/platform/build-arm64-v8a_armeabi-v7a/build/python-installs/encryptorx/armeabi-v7a/kivy/uix/progressbar.py'...
Compiling '/home/null/EncryptorApp/.buildozer/android/platform/build-arm64-v8a_armeabi-v7a/build/python-installs/encryptorx/armeabi-v7a/kivy/uix/recycleboxlayout.py'...
Compiling '/home/null/EncryptorApp/.buildozer/android/platform/build-arm64-v8a_armeabi-v7a/build/python-installs/encryptorx/armeabi-v7a/kivy/uix/recyclegridlayout.py'...
Compiling '/home/null/EncryptorApp/.buildozer/android/platform/build-arm64-v8a_armeabi-v7a/build/python-installs/encryptorx/armeabi-v7a/kivy/uix/recyclelayout.py'...
Listing '/home/null/EncryptorApp/.buildozer/android/platform/build-arm64-v8a_armeabi-v7a/build/python-installs/encryptorx/armeabi-v7a/kivy/uix/recycleview'...
Compiling '/home/null/EncryptorApp/.buildozer/android/platform/build-arm64-v8a_armeabi-v7a/build/python-installs/encryptorx/armeabi-v7a/kivy/uix/recycleview/__init__.py'...
Compiling '/home/null/EncryptorApp/.buildozer/android/platform/build-arm64-v8a_armeabi-v7a/build/python-installs/encryptorx/armeabi-v7a/kivy/uix/recycleview/datamodel.py'...
Compiling '/home/null/EncryptorApp/.buildozer/android/platform/build-arm64-v8a_armeabi-v7a/build/python-installs/encryptorx/armeabi-v7a/kivy/uix/recycleview/layout.py'...
Compiling '/home/null/EncryptorApp/.buildozer/android/platform/build-arm64-v8a_armeabi-v7a/build/python-installs/encryptorx/armeabi-v7a/kivy/uix/recycleview/views.py'...
Compiling '/home/null/EncryptorApp/.buildozer/android/platform/build-arm64-v8a_armeabi-v7a/build/python-installs/encryptorx/armeabi-v7a/kivy/uix/relativelayout.py'...
Compiling '/home/null/EncryptorApp/.buildozer/android/platform/build-arm64-v8a_armeabi-v7a/build/python-installs/encryptorx/armeabi-v7a/kivy/uix/rst.py'...
Compiling '/home/null/EncryptorApp/.buildozer/android/platform/build-arm64-v8a_armeabi-v7a/build/python-installs/encryptorx/armeabi-v7a/kivy/uix/sandbox.py'...
Compiling '/home/null/EncryptorApp/.buildozer/android/platform/build-arm64-v8a_armeabi-v7a/build/python-installs/encryptorx/armeabi-v7a/kivy/uix/scatter.py'...
Compiling '/home/null/EncryptorApp/.buildozer/android/platform/build-arm64-v8a_armeabi-v7a/build/python-installs/encryptorx/armeabi-v7a/kivy/uix/scatterlayout.py'...
Compiling '/home/null/EncryptorApp/.buildozer/android/platform/build-arm64-v8a_armeabi-v7a/build/python-installs/encryptorx/armeabi-v7a/kivy/uix/screenmanager.py'...
Compiling '/home/null/EncryptorApp/.buildozer/android/platform/build-arm64-v8a_armeabi-v7a/build/python-installs/encryptorx/armeabi-v7a/kivy/uix/scrollview.py'...
Compiling '/home/null/EncryptorApp/.buildozer/android/platform/build-arm64-v8a_armeabi-v7a/build/python-installs/encryptorx/armeabi-v7a/kivy/uix/settings.py'...
Compiling '/home/null/EncryptorApp/.buildozer/android/platform/build-arm64-v8a_armeabi-v7a/build/python-installs/encryptorx/armeabi-v7a/kivy/uix/slider.py'...
Compiling '/home/null/EncryptorApp/.buildozer/android/platform/build-arm64-v8a_armeabi-v7a/build/python-installs/encryptorx/armeabi-v7a/kivy/uix/spinner.py'...
Compiling '/home/null/EncryptorApp/.buildozer/android/platform/build-arm64-v8a_armeabi-v7a/build/python-installs/encryptorx/armeabi-v7a/kivy/uix/splitter.py'...
Compiling '/home/null/EncryptorApp/.buildozer/android/platform/build-arm64-v8a_armeabi-v7a/build/python-installs/encryptorx/armeabi-v7a/kivy/uix/stacklayout.py'...
Compiling '/home/null/EncryptorApp/.buildozer/android/platform/build-arm64-v8a_armeabi-v7a/build/python-installs/encryptorx/armeabi-v7a/kivy/uix/stencilview.py'...
Compiling '/home/null/EncryptorApp/.buildozer/android/platform/build-arm64-v8a_armeabi-v7a/build/python-installs/encryptorx/armeabi-v7a/kivy/uix/switch.py'...
Compiling '/home/null/EncryptorApp/.buildozer/android/platform/build-arm64-v8a_armeabi-v7a/build/python-installs/encryptorx/armeabi-v7a/kivy/uix/tabbedpanel.py'...
Compiling '/home/null/EncryptorApp/.buildozer/android/platform/build-arm64-v8a_armeabi-v7a/build/python-installs/encryptorx/armeabi-v7a/kivy/uix/textinput.py'...
Compiling '/home/null/EncryptorApp/.buildozer/android/platform/build-arm64-v8a_armeabi-v7a/build/python-installs/encryptorx/armeabi-v7a/kivy/uix/togglebutton.py'...
Compiling '/home/null/EncryptorApp/.buildozer/android/platform/build-arm64-v8a_armeabi-v7a/build/python-installs/encryptorx/armeabi-v7a/kivy/uix/treeview.py'...
Compiling '/home/null/EncryptorApp/.buildozer/android/platform/build-arm64-v8a_armeabi-v7a/build/python-installs/encryptorx/armeabi-v7a/kivy/uix/video.py'...
Compiling '/home/null/EncryptorApp/.buildozer/android/platform/build-arm64-v8a_armeabi-v7a/build/python-installs/encryptorx/armeabi-v7a/kivy/uix/videoplayer.py'...
Compiling '/home/null/EncryptorApp/.buildozer/android/platform/build-arm64-v8a_armeabi-v7a/build/python-installs/encryptorx/armeabi-v7a/kivy/uix/vkeyboard.py'...
Compiling '/home/null/EncryptorApp/.buildozer/android/platform/build-arm64-v8a_armeabi-v7a/build/python-installs/encryptorx/armeabi-v7a/kivy/uix/widget.py'...
Compiling '/home/null/EncryptorApp/.buildozer/android/platform/build-arm64-v8a_armeabi-v7a/build/python-installs/encryptorx/armeabi-v7a/kivy/utils.py'...
Compiling '/home/null/EncryptorApp/.buildozer/android/platform/build-arm64-v8a_armeabi-v7a/build/python-installs/encryptorx/armeabi-v7a/kivy/vector.py'...
Compiling '/home/null/EncryptorApp/.buildozer/android/platform/build-arm64-v8a_armeabi-v7a/build/python-installs/encryptorx/armeabi-v7a/kivy/weakmethod.py'...
Listing '/home/null/EncryptorApp/.buildozer/android/platform/build-arm64-v8a_armeabi-v7a/build/python-installs/encryptorx/armeabi-v7a/kivy-2.3.1.dist-info'...
Listing '/home/null/EncryptorApp/.buildozer/android/platform/build-arm64-v8a_armeabi-v7a/build/python-installs/encryptorx/armeabi-v7a/kivy-2.3.1.dist-info/licenses'...
Listing '/home/null/EncryptorApp/.buildozer/android/platform/build-arm64-v8a_armeabi-v7a/build/python-installs/encryptorx/armeabi-v7a/plyer'...
Compiling '/home/null/EncryptorApp/.buildozer/android/platform/build-arm64-v8a_armeabi-v7a/build/python-installs/encryptorx/armeabi-v7a/plyer/__init__.py'...
Listing '/home/null/EncryptorApp/.buildozer/android/platform/build-arm64-v8a_armeabi-v7a/build/python-installs/encryptorx/armeabi-v7a/plyer/facades'...
Compiling '/home/null/EncryptorApp/.buildozer/android/platform/build-arm64-v8a_armeabi-v7a/build/python-installs/encryptorx/armeabi-v7a/plyer/facades/__init__.py'...
Compiling '/home/null/EncryptorApp/.buildozer/android/platform/build-arm64-v8a_armeabi-v7a/build/python-installs/encryptorx/armeabi-v7a/plyer/facades/accelerometer.py'...
Compiling '/home/null/EncryptorApp/.buildozer/android/platform/build-arm64-v8a_armeabi-v7a/build/python-installs/encryptorx/armeabi-v7a/plyer/facades/audio.py'...
Compiling '/home/null/EncryptorApp/.buildozer/android/platform/build-arm64-v8a_armeabi-v7a/build/python-installs/encryptorx/armeabi-v7a/plyer/facades/barometer.py'...
Compiling '/home/null/EncryptorApp/.buildozer/android/platform/build-arm64-v8a_armeabi-v7a/build/python-installs/encryptorx/armeabi-v7a/plyer/facades/battery.py'...
Compiling '/home/null/EncryptorApp/.buildozer/android/platform/build-arm64-v8a_armeabi-v7a/build/python-installs/encryptorx/armeabi-v7a/plyer/facades/bluetooth.py'...
Compiling '/home/null/EncryptorApp/.buildozer/android/platform/build-arm64-v8a_armeabi-v7a/build/python-installs/encryptorx/armeabi-v7a/plyer/facades/brightness.py'...
Compiling '/home/null/EncryptorApp/.buildozer/android/platform/build-arm64-v8a_armeabi-v7a/build/python-installs/encryptorx/armeabi-v7a/plyer/facades/call.py'...
Compiling '/home/null/EncryptorApp/.buildozer/android/platform/build-arm64-v8a_armeabi-v7a/build/python-installs/encryptorx/armeabi-v7a/plyer/facades/camera.py'...
Compiling '/home/null/EncryptorApp/.buildozer/android/platform/build-arm64-v8a_armeabi-v7a/build/python-installs/encryptorx/armeabi-v7a/plyer/facades/compass.py'...
Compiling '/home/null/EncryptorApp/.buildozer/android/platform/build-arm64-v8a_armeabi-v7a/build/python-installs/encryptorx/armeabi-v7a/plyer/facades/cpu.py'...
Compiling '/home/null/EncryptorApp/.buildozer/android/platform/build-arm64-v8a_armeabi-v7a/build/python-installs/encryptorx/armeabi-v7a/plyer/facades/devicename.py'...
Compiling '/home/null/EncryptorApp/.buildozer/android/platform/build-arm64-v8a_armeabi-v7a/build/python-installs/encryptorx/armeabi-v7a/plyer/facades/email.py'...
Compiling '/home/null/EncryptorApp/.buildozer/android/platform/build-arm64-v8a_armeabi-v7a/build/python-installs/encryptorx/armeabi-v7a/plyer/facades/filechooser.py'...
Compiling '/home/null/EncryptorApp/.buildozer/android/platform/build-arm64-v8a_armeabi-v7a/build/python-installs/encryptorx/armeabi-v7a/plyer/facades/flash.py'...
Compiling '/home/null/EncryptorApp/.buildozer/android/platform/build-arm64-v8a_armeabi-v7a/build/python-installs/encryptorx/armeabi-v7a/plyer/facades/gps.py'...
Compiling '/home/null/EncryptorApp/.buildozer/android/platform/build-arm64-v8a_armeabi-v7a/build/python-installs/encryptorx/armeabi-v7a/plyer/facades/gravity.py'...
Compiling '/home/null/EncryptorApp/.buildozer/android/platform/build-arm64-v8a_armeabi-v7a/build/python-installs/encryptorx/armeabi-v7a/plyer/facades/gyroscope.py'...
Compiling '/home/null/EncryptorApp/.buildozer/android/platform/build-arm64-v8a_armeabi-v7a/build/python-installs/encryptorx/armeabi-v7a/plyer/facades/humidity.py'...
Compiling '/home/null/EncryptorApp/.buildozer/android/platform/build-arm64-v8a_armeabi-v7a/build/python-installs/encryptorx/armeabi-v7a/plyer/facades/irblaster.py'...
Compiling '/home/null/EncryptorApp/.buildozer/android/platform/build-arm64-v8a_armeabi-v7a/build/python-installs/encryptorx/armeabi-v7a/plyer/facades/keystore.py'...
Compiling '/home/null/EncryptorApp/.buildozer/android/platform/build-arm64-v8a_armeabi-v7a/build/python-installs/encryptorx/armeabi-v7a/plyer/facades/light.py'...
Compiling '/home/null/EncryptorApp/.buildozer/android/platform/build-arm64-v8a_armeabi-v7a/build/python-installs/encryptorx/armeabi-v7a/plyer/facades/notification.py'...
Compiling '/home/null/EncryptorApp/.buildozer/android/platform/build-arm64-v8a_armeabi-v7a/build/python-installs/encryptorx/armeabi-v7a/plyer/facades/orientation.py'...
Compiling '/home/null/EncryptorApp/.buildozer/android/platform/build-arm64-v8a_armeabi-v7a/build/python-installs/encryptorx/armeabi-v7a/plyer/facades/processors.py'...
Compiling '/home/null/EncryptorApp/.buildozer/android/platform/build-arm64-v8a_armeabi-v7a/build/python-installs/encryptorx/armeabi-v7a/plyer/facades/proximity.py'...
Compiling '/home/null/EncryptorApp/.buildozer/android/platform/build-arm64-v8a_armeabi-v7a/build/python-installs/encryptorx/armeabi-v7a/plyer/facades/screenshot.py'...
Compiling '/home/null/EncryptorApp/.buildozer/android/platform/build-arm64-v8a_armeabi-v7a/build/python-installs/encryptorx/armeabi-v7a/plyer/facades/sms.py'...
Compiling '/home/null/EncryptorApp/.buildozer/android/platform/build-arm64-v8a_armeabi-v7a/build/python-installs/encryptorx/armeabi-v7a/plyer/facades/spatialorientation.py'...
Compiling '/home/null/EncryptorApp/.buildozer/android/platform/build-arm64-v8a_armeabi-v7a/build/python-installs/encryptorx/armeabi-v7a/plyer/facades/storagepath.py'...
Compiling '/home/null/EncryptorApp/.buildozer/android/platform/build-arm64-v8a_armeabi-v7a/build/python-installs/encryptorx/armeabi-v7a/plyer/facades/stt.py'...
Compiling '/home/null/EncryptorApp/.buildozer/android/platform/build-arm64-v8a_armeabi-v7a/build/python-installs/encryptorx/armeabi-v7a/plyer/facades/temperature.py'...
Compiling '/home/null/EncryptorApp/.buildozer/android/platform/build-arm64-v8a_armeabi-v7a/build/python-installs/encryptorx/armeabi-v7a/plyer/facades/tts.py'...
Compiling '/home/null/EncryptorApp/.buildozer/android/platform/build-arm64-v8a_armeabi-v7a/build/python-installs/encryptorx/armeabi-v7a/plyer/facades/uniqueid.py'...
Compiling '/home/null/EncryptorApp/.buildozer/android/platform/build-arm64-v8a_armeabi-v7a/build/python-installs/encryptorx/armeabi-v7a/plyer/facades/vibrator.py'...
Compiling '/home/null/EncryptorApp/.buildozer/android/platform/build-arm64-v8a_armeabi-v7a/build/python-installs/encryptorx/armeabi-v7a/plyer/facades/wifi.py'...
Listing '/home/null/EncryptorApp/.buildozer/android/platform/build-arm64-v8a_armeabi-v7a/build/python-installs/encryptorx/armeabi-v7a/plyer/platforms'...
Compiling '/home/null/EncryptorApp/.buildozer/android/platform/build-arm64-v8a_armeabi-v7a/build/python-installs/encryptorx/armeabi-v7a/plyer/platforms/__init__.py'...
Listing '/home/null/EncryptorApp/.buildozer/android/platform/build-arm64-v8a_armeabi-v7a/build/python-installs/encryptorx/armeabi-v7a/plyer/platforms/android'...
Compiling '/home/null/EncryptorApp/.buildozer/android/platform/build-arm64-v8a_armeabi-v7a/build/python-installs/encryptorx/armeabi-v7a/plyer/platforms/android/__init__.py'...
Compiling '/home/null/EncryptorApp/.buildozer/android/platform/build-arm64-v8a_armeabi-v7a/build/python-installs/encryptorx/armeabi-v7a/plyer/platforms/android/accelerometer.py'...
Compiling '/home/null/EncryptorApp/.buildozer/android/platform/build-arm64-v8a_armeabi-v7a/build/python-installs/encryptorx/armeabi-v7a/plyer/platforms/android/audio.py'...
Compiling '/home/null/EncryptorApp/.buildozer/android/platform/build-arm64-v8a_armeabi-v7a/build/python-installs/encryptorx/armeabi-v7a/plyer/platforms/android/barometer.py'...
Compiling '/home/null/EncryptorApp/.buildozer/android/platform/build-arm64-v8a_armeabi-v7a/build/python-installs/encryptorx/armeabi-v7a/plyer/platforms/android/battery.py'...
Compiling '/home/null/EncryptorApp/.buildozer/android/platform/build-arm64-v8a_armeabi-v7a/build/python-installs/encryptorx/armeabi-v7a/plyer/platforms/android/bluetooth.py'...
Compiling '/home/null/EncryptorApp/.buildozer/android/platform/build-arm64-v8a_armeabi-v7a/build/python-installs/encryptorx/armeabi-v7a/plyer/platforms/android/brightness.py'...
Compiling '/home/null/EncryptorApp/.buildozer/android/platform/build-arm64-v8a_armeabi-v7a/build/python-installs/encryptorx/armeabi-v7a/plyer/platforms/android/call.py'...
Compiling '/home/null/EncryptorApp/.buildozer/android/platform/build-arm64-v8a_armeabi-v7a/build/python-installs/encryptorx/armeabi-v7a/plyer/platforms/android/camera.py'...
Compiling '/home/null/EncryptorApp/.buildozer/android/platform/build-arm64-v8a_armeabi-v7a/build/python-installs/encryptorx/armeabi-v7a/plyer/platforms/android/compass.py'...
Compiling '/home/null/EncryptorApp/.buildozer/android/platform/build-arm64-v8a_armeabi-v7a/build/python-installs/encryptorx/armeabi-v7a/plyer/platforms/android/devicename.py'...
Compiling '/home/null/EncryptorApp/.buildozer/android/platform/build-arm64-v8a_armeabi-v7a/build/python-installs/encryptorx/armeabi-v7a/plyer/platforms/android/email.py'...
Compiling '/home/null/EncryptorApp/.buildozer/android/platform/build-arm64-v8a_armeabi-v7a/build/python-installs/encryptorx/armeabi-v7a/plyer/platforms/android/filechooser.py'...
Compiling '/home/null/EncryptorApp/.buildozer/android/platform/build-arm64-v8a_armeabi-v7a/build/python-installs/encryptorx/armeabi-v7a/plyer/platforms/android/flash.py'...
Compiling '/home/null/EncryptorApp/.buildozer/android/platform/build-arm64-v8a_armeabi-v7a/build/python-installs/encryptorx/armeabi-v7a/plyer/platforms/android/gps.py'...
Compiling '/home/null/EncryptorApp/.buildozer/android/platform/build-arm64-v8a_armeabi-v7a/build/python-installs/encryptorx/armeabi-v7a/plyer/platforms/android/gravity.py'...
Compiling '/home/null/EncryptorApp/.buildozer/android/platform/build-arm64-v8a_armeabi-v7a/build/python-installs/encryptorx/armeabi-v7a/plyer/platforms/android/gyroscope.py'...
Compiling '/home/null/EncryptorApp/.buildozer/android/platform/build-arm64-v8a_armeabi-v7a/build/python-installs/encryptorx/armeabi-v7a/plyer/platforms/android/humidity.py'...
Compiling '/home/null/EncryptorApp/.buildozer/android/platform/build-arm64-v8a_armeabi-v7a/build/python-installs/encryptorx/armeabi-v7a/plyer/platforms/android/irblaster.py'...
Compiling '/home/null/EncryptorApp/.buildozer/android/platform/build-arm64-v8a_armeabi-v7a/build/python-installs/encryptorx/armeabi-v7a/plyer/platforms/android/keystore.py'...
Compiling '/home/null/EncryptorApp/.buildozer/android/platform/build-arm64-v8a_armeabi-v7a/build/python-installs/encryptorx/armeabi-v7a/plyer/platforms/android/light.py'...
Compiling '/home/null/EncryptorApp/.buildozer/android/platform/build-arm64-v8a_armeabi-v7a/build/python-installs/encryptorx/armeabi-v7a/plyer/platforms/android/notification.py'...
Compiling '/home/null/EncryptorApp/.buildozer/android/platform/build-arm64-v8a_armeabi-v7a/build/python-installs/encryptorx/armeabi-v7a/plyer/platforms/android/orientation.py'...
Compiling '/home/null/EncryptorApp/.buildozer/android/platform/build-arm64-v8a_armeabi-v7a/build/python-installs/encryptorx/armeabi-v7a/plyer/platforms/android/proximity.py'...
Compiling '/home/null/EncryptorApp/.buildozer/android/platform/build-arm64-v8a_armeabi-v7a/build/python-installs/encryptorx/armeabi-v7a/plyer/platforms/android/sms.py'...
Compiling '/home/null/EncryptorApp/.buildozer/android/platform/build-arm64-v8a_armeabi-v7a/build/python-installs/encryptorx/armeabi-v7a/plyer/platforms/android/spatialorientation.py'...
Compiling '/home/null/EncryptorApp/.buildozer/android/platform/build-arm64-v8a_armeabi-v7a/build/python-installs/encryptorx/armeabi-v7a/plyer/platforms/android/storagepath.py'...
Compiling '/home/null/EncryptorApp/.buildozer/android/platform/build-arm64-v8a_armeabi-v7a/build/python-installs/encryptorx/armeabi-v7a/plyer/platforms/android/stt.py'...
Compiling '/home/null/EncryptorApp/.buildozer/android/platform/build-arm64-v8a_armeabi-v7a/build/python-installs/encryptorx/armeabi-v7a/plyer/platforms/android/temperature.py'...
Compiling '/home/null/EncryptorApp/.buildozer/android/platform/build-arm64-v8a_armeabi-v7a/build/python-installs/encryptorx/armeabi-v7a/plyer/platforms/android/tts.py'...
Compiling '/home/null/EncryptorApp/.buildozer/android/platform/build-arm64-v8a_armeabi-v7a/build/python-installs/encryptorx/armeabi-v7a/plyer/platforms/android/uniqueid.py'...
Compiling '/home/null/EncryptorApp/.buildozer/android/platform/build-arm64-v8a_armeabi-v7a/build/python-installs/encryptorx/armeabi-v7a/plyer/platforms/android/vibrator.py'...
Listing '/home/null/EncryptorApp/.buildozer/android/platform/build-arm64-v8a_armeabi-v7a/build/python-installs/encryptorx/armeabi-v7a/plyer/platforms/ios'...
Compiling '/home/null/EncryptorApp/.buildozer/android/platform/build-arm64-v8a_armeabi-v7a/build/python-installs/encryptorx/armeabi-v7a/plyer/platforms/ios/__init__.py'...
Compiling '/home/null/EncryptorApp/.buildozer/android/platform/build-arm64-v8a_armeabi-v7a/build/python-installs/encryptorx/armeabi-v7a/plyer/platforms/ios/accelerometer.py'...
Compiling '/home/null/EncryptorApp/.buildozer/android/platform/build-arm64-v8a_armeabi-v7a/build/python-installs/encryptorx/armeabi-v7a/plyer/platforms/ios/barometer.py'...
Compiling '/home/null/EncryptorApp/.buildozer/android/platform/build-arm64-v8a_armeabi-v7a/build/python-installs/encryptorx/armeabi-v7a/plyer/platforms/ios/battery.py'...
Compiling '/home/null/EncryptorApp/.buildozer/android/platform/build-arm64-v8a_armeabi-v7a/build/python-installs/encryptorx/armeabi-v7a/plyer/platforms/ios/brightness.py'...
Compiling '/home/null/EncryptorApp/.buildozer/android/platform/build-arm64-v8a_armeabi-v7a/build/python-installs/encryptorx/armeabi-v7a/plyer/platforms/ios/call.py'...
Compiling '/home/null/EncryptorApp/.buildozer/android/platform/build-arm64-v8a_armeabi-v7a/build/python-installs/encryptorx/armeabi-v7a/plyer/platforms/ios/camera.py'...
Compiling '/home/null/EncryptorApp/.buildozer/android/platform/build-arm64-v8a_armeabi-v7a/build/python-installs/encryptorx/armeabi-v7a/plyer/platforms/ios/compass.py'...
Compiling '/home/null/EncryptorApp/.buildozer/android/platform/build-arm64-v8a_armeabi-v7a/build/python-installs/encryptorx/armeabi-v7a/plyer/platforms/ios/email.py'...
Compiling '/home/null/EncryptorApp/.buildozer/android/platform/build-arm64-v8a_armeabi-v7a/build/python-installs/encryptorx/armeabi-v7a/plyer/platforms/ios/filechooser.py'...
Compiling '/home/null/EncryptorApp/.buildozer/android/platform/build-arm64-v8a_armeabi-v7a/build/python-installs/encryptorx/armeabi-v7a/plyer/platforms/ios/flash.py'...
Compiling '/home/null/EncryptorApp/.buildozer/android/platform/build-arm64-v8a_armeabi-v7a/build/python-installs/encryptorx/armeabi-v7a/plyer/platforms/ios/gps.py'...
Compiling '/home/null/EncryptorApp/.buildozer/android/platform/build-arm64-v8a_armeabi-v7a/build/python-installs/encryptorx/armeabi-v7a/plyer/platforms/ios/gravity.py'...
Compiling '/home/null/EncryptorApp/.buildozer/android/platform/build-arm64-v8a_armeabi-v7a/build/python-installs/encryptorx/armeabi-v7a/plyer/platforms/ios/gyroscope.py'...
Compiling '/home/null/EncryptorApp/.buildozer/android/platform/build-arm64-v8a_armeabi-v7a/build/python-installs/encryptorx/armeabi-v7a/plyer/platforms/ios/keystore.py'...
Compiling '/home/null/EncryptorApp/.buildozer/android/platform/build-arm64-v8a_armeabi-v7a/build/python-installs/encryptorx/armeabi-v7a/plyer/platforms/ios/sms.py'...
Compiling '/home/null/EncryptorApp/.buildozer/android/platform/build-arm64-v8a_armeabi-v7a/build/python-installs/encryptorx/armeabi-v7a/plyer/platforms/ios/spatialorientation.py'...
Compiling '/home/null/EncryptorApp/.buildozer/android/platform/build-arm64-v8a_armeabi-v7a/build/python-installs/encryptorx/armeabi-v7a/plyer/platforms/ios/storagepath.py'...
Compiling '/home/null/EncryptorApp/.buildozer/android/platform/build-arm64-v8a_armeabi-v7a/build/python-installs/encryptorx/armeabi-v7a/plyer/platforms/ios/tts.py'...
Compiling '/home/null/EncryptorApp/.buildozer/android/platform/build-arm64-v8a_armeabi-v7a/build/python-installs/encryptorx/armeabi-v7a/plyer/platforms/ios/uniqueid.py'...
Compiling '/home/null/EncryptorApp/.buildozer/android/platform/build-arm64-v8a_armeabi-v7a/build/python-installs/encryptorx/armeabi-v7a/plyer/platforms/ios/vibrator.py'...
Listing '/home/null/EncryptorApp/.buildozer/android/platform/build-arm64-v8a_armeabi-v7a/build/python-installs/encryptorx/armeabi-v7a/plyer/platforms/linux'...
Compiling '/home/null/EncryptorApp/.buildozer/android/platform/build-arm64-v8a_armeabi-v7a/build/python-installs/encryptorx/armeabi-v7a/plyer/platforms/linux/__init__.py'...
Compiling '/home/null/EncryptorApp/.buildozer/android/platform/build-arm64-v8a_armeabi-v7a/build/python-installs/encryptorx/armeabi-v7a/plyer/platforms/linux/accelerometer.py'...
Compiling '/home/null/EncryptorApp/.buildozer/android/platform/build-arm64-v8a_armeabi-v7a/build/python-installs/encryptorx/armeabi-v7a/plyer/platforms/linux/battery.py'...
Compiling '/home/null/EncryptorApp/.buildozer/android/platform/build-arm64-v8a_armeabi-v7a/build/python-installs/encryptorx/armeabi-v7a/plyer/platforms/linux/brightness.py'...
Compiling '/home/null/EncryptorApp/.buildozer/android/platform/build-arm64-v8a_armeabi-v7a/build/python-installs/encryptorx/armeabi-v7a/plyer/platforms/linux/cpu.py'...
Compiling '/home/null/EncryptorApp/.buildozer/android/platform/build-arm64-v8a_armeabi-v7a/build/python-installs/encryptorx/armeabi-v7a/plyer/platforms/linux/devicename.py'...
Compiling '/home/null/EncryptorApp/.buildozer/android/platform/build-arm64-v8a_armeabi-v7a/build/python-installs/encryptorx/armeabi-v7a/plyer/platforms/linux/email.py'...
Compiling '/home/null/EncryptorApp/.buildozer/android/platform/build-arm64-v8a_armeabi-v7a/build/python-installs/encryptorx/armeabi-v7a/plyer/platforms/linux/filechooser.py'...
Compiling '/home/null/EncryptorApp/.buildozer/android/platform/build-arm64-v8a_armeabi-v7a/build/python-installs/encryptorx/armeabi-v7a/plyer/platforms/linux/keystore.py'...
Compiling '/home/null/EncryptorApp/.buildozer/android/platform/build-arm64-v8a_armeabi-v7a/build/python-installs/encryptorx/armeabi-v7a/plyer/platforms/linux/notification.py'...
Compiling '/home/null/EncryptorApp/.buildozer/android/platform/build-arm64-v8a_armeabi-v7a/build/python-installs/encryptorx/armeabi-v7a/plyer/platforms/linux/orientation.py'...
Compiling '/home/null/EncryptorApp/.buildozer/android/platform/build-arm64-v8a_armeabi-v7a/build/python-installs/encryptorx/armeabi-v7a/plyer/platforms/linux/processors.py'...
Compiling '/home/null/EncryptorApp/.buildozer/android/platform/build-arm64-v8a_armeabi-v7a/build/python-installs/encryptorx/armeabi-v7a/plyer/platforms/linux/screenshot.py'...
Compiling '/home/null/EncryptorApp/.buildozer/android/platform/build-arm64-v8a_armeabi-v7a/build/python-installs/encryptorx/armeabi-v7a/plyer/platforms/linux/storagepath.py'...
Compiling '/home/null/EncryptorApp/.buildozer/android/platform/build-arm64-v8a_armeabi-v7a/build/python-installs/encryptorx/armeabi-v7a/plyer/platforms/linux/tts.py'...
Compiling '/home/null/EncryptorApp/.buildozer/android/platform/build-arm64-v8a_armeabi-v7a/build/python-installs/encryptorx/armeabi-v7a/plyer/platforms/linux/uniqueid.py'...
Compiling '/home/null/EncryptorApp/.buildozer/android/platform/build-arm64-v8a_armeabi-v7a/build/python-installs/encryptorx/armeabi-v7a/plyer/platforms/linux/wifi.py'...
Listing '/home/null/EncryptorApp/.buildozer/android/platform/build-arm64-v8a_armeabi-v7a/build/python-installs/encryptorx/armeabi-v7a/plyer/platforms/macosx'...
Compiling '/home/null/EncryptorApp/.buildozer/android/platform/build-arm64-v8a_armeabi-v7a/build/python-installs/encryptorx/armeabi-v7a/plyer/platforms/macosx/__init__.py'...
Compiling '/home/null/EncryptorApp/.buildozer/android/platform/build-arm64-v8a_armeabi-v7a/build/python-installs/encryptorx/armeabi-v7a/plyer/platforms/macosx/accelerometer.py'...
Compiling '/home/null/EncryptorApp/.buildozer/android/platform/build-arm64-v8a_armeabi-v7a/build/python-installs/encryptorx/armeabi-v7a/plyer/platforms/macosx/audio.py'...
Compiling '/home/null/EncryptorApp/.buildozer/android/platform/build-arm64-v8a_armeabi-v7a/build/python-installs/encryptorx/armeabi-v7a/plyer/platforms/macosx/battery.py'...
Compiling '/home/null/EncryptorApp/.buildozer/android/platform/build-arm64-v8a_armeabi-v7a/build/python-installs/encryptorx/armeabi-v7a/plyer/platforms/macosx/bluetooth.py'...
Compiling '/home/null/EncryptorApp/.buildozer/android/platform/build-arm64-v8a_armeabi-v7a/build/python-installs/encryptorx/armeabi-v7a/plyer/platforms/macosx/cpu.py'...
Compiling '/home/null/EncryptorApp/.buildozer/android/platform/build-arm64-v8a_armeabi-v7a/build/python-installs/encryptorx/armeabi-v7a/plyer/platforms/macosx/devicename.py'...
Compiling '/home/null/EncryptorApp/.buildozer/android/platform/build-arm64-v8a_armeabi-v7a/build/python-installs/encryptorx/armeabi-v7a/plyer/platforms/macosx/email.py'...
Compiling '/home/null/EncryptorApp/.buildozer/android/platform/build-arm64-v8a_armeabi-v7a/build/python-installs/encryptorx/armeabi-v7a/plyer/platforms/macosx/filechooser.py'...
Compiling '/home/null/EncryptorApp/.buildozer/android/platform/build-arm64-v8a_armeabi-v7a/build/python-installs/encryptorx/armeabi-v7a/plyer/platforms/macosx/keystore.py'...
Listing '/home/null/EncryptorApp/.buildozer/android/platform/build-arm64-v8a_armeabi-v7a/build/python-installs/encryptorx/armeabi-v7a/plyer/platforms/macosx/libs'...
Compiling '/home/null/EncryptorApp/.buildozer/android/platform/build-arm64-v8a_armeabi-v7a/build/python-installs/encryptorx/armeabi-v7a/plyer/platforms/macosx/libs/__init__.py'...
Compiling '/home/null/EncryptorApp/.buildozer/android/platform/build-arm64-v8a_armeabi-v7a/build/python-installs/encryptorx/armeabi-v7a/plyer/platforms/macosx/libs/osx_motion_sensor.py'...
Compiling '/home/null/EncryptorApp/.buildozer/android/platform/build-arm64-v8a_armeabi-v7a/build/python-installs/encryptorx/armeabi-v7a/plyer/platforms/macosx/libs/osx_paths.py'...
Compiling '/home/null/EncryptorApp/.buildozer/android/platform/build-arm64-v8a_armeabi-v7a/build/python-installs/encryptorx/armeabi-v7a/plyer/platforms/macosx/notification.py'...
Compiling '/home/null/EncryptorApp/.buildozer/android/platform/build-arm64-v8a_armeabi-v7a/build/python-installs/encryptorx/armeabi-v7a/plyer/platforms/macosx/screenshot.py'...
Compiling '/home/null/EncryptorApp/.buildozer/android/platform/build-arm64-v8a_armeabi-v7a/build/python-installs/encryptorx/armeabi-v7a/plyer/platforms/macosx/storagepath.py'...
Compiling '/home/null/EncryptorApp/.buildozer/android/platform/build-arm64-v8a_armeabi-v7a/build/python-installs/encryptorx/armeabi-v7a/plyer/platforms/macosx/tts.py'...
Compiling '/home/null/EncryptorApp/.buildozer/android/platform/build-arm64-v8a_armeabi-v7a/build/python-installs/encryptorx/armeabi-v7a/plyer/platforms/macosx/uniqueid.py'...
Compiling '/home/null/EncryptorApp/.buildozer/android/platform/build-arm64-v8a_armeabi-v7a/build/python-installs/encryptorx/armeabi-v7a/plyer/platforms/macosx/wifi.py'...
Listing '/home/null/EncryptorApp/.buildozer/android/platform/build-arm64-v8a_armeabi-v7a/build/python-installs/encryptorx/armeabi-v7a/plyer/platforms/win'...
Compiling '/home/null/EncryptorApp/.buildozer/android/platform/build-arm64-v8a_armeabi-v7a/build/python-installs/encryptorx/armeabi-v7a/plyer/platforms/win/__init__.py'...
Compiling '/home/null/EncryptorApp/.buildozer/android/platform/build-arm64-v8a_armeabi-v7a/build/python-installs/encryptorx/armeabi-v7a/plyer/platforms/win/audio.py'...
Compiling '/home/null/EncryptorApp/.buildozer/android/platform/build-arm64-v8a_armeabi-v7a/build/python-installs/encryptorx/armeabi-v7a/plyer/platforms/win/battery.py'...
Compiling '/home/null/EncryptorApp/.buildozer/android/platform/build-arm64-v8a_armeabi-v7a/build/python-installs/encryptorx/armeabi-v7a/plyer/platforms/win/cpu.py'...
Compiling '/home/null/EncryptorApp/.buildozer/android/platform/build-arm64-v8a_armeabi-v7a/build/python-installs/encryptorx/armeabi-v7a/plyer/platforms/win/devicename.py'...
Compiling '/home/null/EncryptorApp/.buildozer/android/platform/build-arm64-v8a_armeabi-v7a/build/python-installs/encryptorx/armeabi-v7a/plyer/platforms/win/email.py'...
Compiling '/home/null/EncryptorApp/.buildozer/android/platform/build-arm64-v8a_armeabi-v7a/build/python-installs/encryptorx/armeabi-v7a/plyer/platforms/win/filechooser.py'...
Compiling '/home/null/EncryptorApp/.buildozer/android/platform/build-arm64-v8a_armeabi-v7a/build/python-installs/encryptorx/armeabi-v7a/plyer/platforms/win/keystore.py'...
Listing '/home/null/EncryptorApp/.buildozer/android/platform/build-arm64-v8a_armeabi-v7a/build/python-installs/encryptorx/armeabi-v7a/plyer/platforms/win/libs'...
Compiling '/home/null/EncryptorApp/.buildozer/android/platform/build-arm64-v8a_armeabi-v7a/build/python-installs/encryptorx/armeabi-v7a/plyer/platforms/win/libs/__init__.py'...
Compiling '/home/null/EncryptorApp/.buildozer/android/platform/build-arm64-v8a_armeabi-v7a/build/python-installs/encryptorx/armeabi-v7a/plyer/platforms/win/libs/balloontip.py'...
Compiling '/home/null/EncryptorApp/.buildozer/android/platform/build-arm64-v8a_armeabi-v7a/build/python-installs/encryptorx/armeabi-v7a/plyer/platforms/win/libs/batterystatus.py'...
Compiling '/home/null/EncryptorApp/.buildozer/android/platform/build-arm64-v8a_armeabi-v7a/build/python-installs/encryptorx/armeabi-v7a/plyer/platforms/win/libs/wifi_defs.py'...
Compiling '/home/null/EncryptorApp/.buildozer/android/platform/build-arm64-v8a_armeabi-v7a/build/python-installs/encryptorx/armeabi-v7a/plyer/platforms/win/libs/win_api_defs.py'...
Compiling '/home/null/EncryptorApp/.buildozer/android/platform/build-arm64-v8a_armeabi-v7a/build/python-installs/encryptorx/armeabi-v7a/plyer/platforms/win/notification.py'...
Compiling '/home/null/EncryptorApp/.buildozer/android/platform/build-arm64-v8a_armeabi-v7a/build/python-installs/encryptorx/armeabi-v7a/plyer/platforms/win/screenshot.py'...
Compiling '/home/null/EncryptorApp/.buildozer/android/platform/build-arm64-v8a_armeabi-v7a/build/python-installs/encryptorx/armeabi-v7a/plyer/platforms/win/storagepath.py'...
Compiling '/home/null/EncryptorApp/.buildozer/android/platform/build-arm64-v8a_armeabi-v7a/build/python-installs/encryptorx/armeabi-v7a/plyer/platforms/win/tts.py'...
Compiling '/home/null/EncryptorApp/.buildozer/android/platform/build-arm64-v8a_armeabi-v7a/build/python-installs/encryptorx/armeabi-v7a/plyer/platforms/win/uniqueid.py'...
Compiling '/home/null/EncryptorApp/.buildozer/android/platform/build-arm64-v8a_armeabi-v7a/build/python-installs/encryptorx/armeabi-v7a/plyer/platforms/win/wifi.py'...
Compiling '/home/null/EncryptorApp/.buildozer/android/platform/build-arm64-v8a_armeabi-v7a/build/python-installs/encryptorx/armeabi-v7a/plyer/utils.py'...
Listing '/home/null/EncryptorApp/.buildozer/android/platform/build-arm64-v8a_armeabi-v7a/build/python-installs/encryptorx/armeabi-v7a/plyer-2.1.0.dist-info'...
Listing '/home/null/EncryptorApp/.buildozer/android/platform/build-arm64-v8a_armeabi-v7a/build/python-installs/encryptorx/armeabi-v7a/pyjnius-1.7.0.dist-info'...
Listing '/home/null/EncryptorApp/.buildozer/android/platform/build-arm64-v8a_armeabi-v7a/build/python-installs/encryptorx/armeabi-v7a/pyjnius-1.7.0.dist-info/licenses'...
Listing '/home/null/EncryptorApp/.buildozer/android/platform/build-arm64-v8a_armeabi-v7a/build/python-installs/encryptorx/armeabi-v7a/requests'...
Compiling '/home/null/EncryptorApp/.buildozer/android/platform/build-arm64-v8a_armeabi-v7a/build/python-installs/encryptorx/armeabi-v7a/requests/__init__.py'...
Compiling '/home/null/EncryptorApp/.buildozer/android/platform/build-arm64-v8a_armeabi-v7a/build/python-installs/encryptorx/armeabi-v7a/requests/__version__.py'...
Compiling '/home/null/EncryptorApp/.buildozer/android/platform/build-arm64-v8a_armeabi-v7a/build/python-installs/encryptorx/armeabi-v7a/requests/_internal_utils.py'...
Compiling '/home/null/EncryptorApp/.buildozer/android/platform/build-arm64-v8a_armeabi-v7a/build/python-installs/encryptorx/armeabi-v7a/requests/adapters.py'...
Compiling '/home/null/EncryptorApp/.buildozer/android/platform/build-arm64-v8a_armeabi-v7a/build/python-installs/encryptorx/armeabi-v7a/requests/api.py'...
Compiling '/home/null/EncryptorApp/.buildozer/android/platform/build-arm64-v8a_armeabi-v7a/build/python-installs/encryptorx/armeabi-v7a/requests/auth.py'...
Compiling '/home/null/EncryptorApp/.buildozer/android/platform/build-arm64-v8a_armeabi-v7a/build/python-installs/encryptorx/armeabi-v7a/requests/certs.py'...
Compiling '/home/null/EncryptorApp/.buildozer/android/platform/build-arm64-v8a_armeabi-v7a/build/python-installs/encryptorx/armeabi-v7a/requests/compat.py'...
Compiling '/home/null/EncryptorApp/.buildozer/android/platform/build-arm64-v8a_armeabi-v7a/build/python-installs/encryptorx/armeabi-v7a/requests/cookies.py'...
Compiling '/home/null/EncryptorApp/.buildozer/android/platform/build-arm64-v8a_armeabi-v7a/build/python-installs/encryptorx/armeabi-v7a/requests/exceptions.py'...
Compiling '/home/null/EncryptorApp/.buildozer/android/platform/build-arm64-v8a_armeabi-v7a/build/python-installs/encryptorx/armeabi-v7a/requests/help.py'...
Compiling '/home/null/EncryptorApp/.buildozer/android/platform/build-arm64-v8a_armeabi-v7a/build/python-installs/encryptorx/armeabi-v7a/requests/hooks.py'...
Compiling '/home/null/EncryptorApp/.buildozer/android/platform/build-arm64-v8a_armeabi-v7a/build/python-installs/encryptorx/armeabi-v7a/requests/models.py'...
Compiling '/home/null/EncryptorApp/.buildozer/android/platform/build-arm64-v8a_armeabi-v7a/build/python-installs/encryptorx/armeabi-v7a/requests/packages.py'...
Compiling '/home/null/EncryptorApp/.buildozer/android/platform/build-arm64-v8a_armeabi-v7a/build/python-installs/encryptorx/armeabi-v7a/requests/sessions.py'...
Compiling '/home/null/EncryptorApp/.buildozer/android/platform/build-arm64-v8a_armeabi-v7a/build/python-installs/encryptorx/armeabi-v7a/requests/status_codes.py'...
Compiling '/home/null/EncryptorApp/.buildozer/android/platform/build-arm64-v8a_armeabi-v7a/build/python-installs/encryptorx/armeabi-v7a/requests/structures.py'...
Compiling '/home/null/EncryptorApp/.buildozer/android/platform/build-arm64-v8a_armeabi-v7a/build/python-installs/encryptorx/armeabi-v7a/requests/utils.py'...
Listing '/home/null/EncryptorApp/.buildozer/android/platform/build-arm64-v8a_armeabi-v7a/build/python-installs/encryptorx/armeabi-v7a/requests-2.32.5.dist-info'...
Listing '/home/null/EncryptorApp/.buildozer/android/platform/build-arm64-v8a_armeabi-v7a/build/python-installs/encryptorx/armeabi-v7a/requests-2.32.5.dist-info/licenses'...
Compiling '/home/null/EncryptorApp/.buildozer/android/platform/build-arm64-v8a_armeabi-v7a/build/python-installs/encryptorx/armeabi-v7a/setup_sdist.py'...
Listing '/home/null/EncryptorApp/.buildozer/android/platform/build-arm64-v8a_armeabi-v7a/build/python-installs/encryptorx/armeabi-v7a/six-1.17.0.dist-info'...
Compiling '/home/null/EncryptorApp/.buildozer/android/platform/build-arm64-v8a_armeabi-v7a/build/python-installs/encryptorx/armeabi-v7a/six.py'...
Listing '/home/null/EncryptorApp/.buildozer/android/platform/build-arm64-v8a_armeabi-v7a/build/python-installs/encryptorx/armeabi-v7a/urllib3'...
Compiling '/home/null/EncryptorApp/.buildozer/android/platform/build-arm64-v8a_armeabi-v7a/build/python-installs/encryptorx/armeabi-v7a/urllib3/__init__.py'...
Compiling '/home/null/EncryptorApp/.buildozer/android/platform/build-arm64-v8a_armeabi-v7a/build/python-installs/encryptorx/armeabi-v7a/urllib3/_base_connection.py'...
Compiling '/home/null/EncryptorApp/.buildozer/android/platform/build-arm64-v8a_armeabi-v7a/build/python-installs/encryptorx/armeabi-v7a/urllib3/_collections.py'...
Compiling '/home/null/EncryptorApp/.buildozer/android/platform/build-arm64-v8a_armeabi-v7a/build/python-installs/encryptorx/armeabi-v7a/urllib3/_request_methods.py'...
Compiling '/home/null/EncryptorApp/.buildozer/android/platform/build-arm64-v8a_armeabi-v7a/build/python-installs/encryptorx/armeabi-v7a/urllib3/_version.py'...
Compiling '/home/null/EncryptorApp/.buildozer/android/platform/build-arm64-v8a_armeabi-v7a/build/python-installs/encryptorx/armeabi-v7a/urllib3/connection.py'...
Compiling '/home/null/EncryptorApp/.buildozer/android/platform/build-arm64-v8a_armeabi-v7a/build/python-installs/encryptorx/armeabi-v7a/urllib3/connectionpool.py'...
Listing '/home/null/EncryptorApp/.buildozer/android/platform/build-arm64-v8a_armeabi-v7a/build/python-installs/encryptorx/armeabi-v7a/urllib3/contrib'...
Compiling '/home/null/EncryptorApp/.buildozer/android/platform/build-arm64-v8a_armeabi-v7a/build/python-installs/encryptorx/armeabi-v7a/urllib3/contrib/__init__.py'...
Listing '/home/null/EncryptorApp/.buildozer/android/platform/build-arm64-v8a_armeabi-v7a/build/python-installs/encryptorx/armeabi-v7a/urllib3/contrib/emscripten'...
Compiling '/home/null/EncryptorApp/.buildozer/android/platform/build-arm64-v8a_armeabi-v7a/build/python-installs/encryptorx/armeabi-v7a/urllib3/contrib/emscripten/__init__.py'...
Compiling '/home/null/EncryptorApp/.buildozer/android/platform/build-arm64-v8a_armeabi-v7a/build/python-installs/encryptorx/armeabi-v7a/urllib3/contrib/emscripten/connection.py'...
Compiling '/home/null/EncryptorApp/.buildozer/android/platform/build-arm64-v8a_armeabi-v7a/build/python-installs/encryptorx/armeabi-v7a/urllib3/contrib/emscripten/fetch.py'...
Compiling '/home/null/EncryptorApp/.buildozer/android/platform/build-arm64-v8a_armeabi-v7a/build/python-installs/encryptorx/armeabi-v7a/urllib3/contrib/emscripten/request.py'...
Compiling '/home/null/EncryptorApp/.buildozer/android/platform/build-arm64-v8a_armeabi-v7a/build/python-installs/encryptorx/armeabi-v7a/urllib3/contrib/emscripten/response.py'...
Compiling '/home/null/EncryptorApp/.buildozer/android/platform/build-arm64-v8a_armeabi-v7a/build/python-installs/encryptorx/armeabi-v7a/urllib3/contrib/pyopenssl.py'...
Compiling '/home/null/EncryptorApp/.buildozer/android/platform/build-arm64-v8a_armeabi-v7a/build/python-installs/encryptorx/armeabi-v7a/urllib3/contrib/socks.py'...
Compiling '/home/null/EncryptorApp/.buildozer/android/platform/build-arm64-v8a_armeabi-v7a/build/python-installs/encryptorx/armeabi-v7a/urllib3/exceptions.py'...
Compiling '/home/null/EncryptorApp/.buildozer/android/platform/build-arm64-v8a_armeabi-v7a/build/python-installs/encryptorx/armeabi-v7a/urllib3/fields.py'...
Compiling '/home/null/EncryptorApp/.buildozer/android/platform/build-arm64-v8a_armeabi-v7a/build/python-installs/encryptorx/armeabi-v7a/urllib3/filepost.py'...
Listing '/home/null/EncryptorApp/.buildozer/android/platform/build-arm64-v8a_armeabi-v7a/build/python-installs/encryptorx/armeabi-v7a/urllib3/http2'...
Compiling '/home/null/EncryptorApp/.buildozer/android/platform/build-arm64-v8a_armeabi-v7a/build/python-installs/encryptorx/armeabi-v7a/urllib3/http2/__init__.py'...
Compiling '/home/null/EncryptorApp/.buildozer/android/platform/build-arm64-v8a_armeabi-v7a/build/python-installs/encryptorx/armeabi-v7a/urllib3/http2/connection.py'...
Compiling '/home/null/EncryptorApp/.buildozer/android/platform/build-arm64-v8a_armeabi-v7a/build/python-installs/encryptorx/armeabi-v7a/urllib3/http2/probe.py'...
Compiling '/home/null/EncryptorApp/.buildozer/android/platform/build-arm64-v8a_armeabi-v7a/build/python-installs/encryptorx/armeabi-v7a/urllib3/poolmanager.py'...
Compiling '/home/null/EncryptorApp/.buildozer/android/platform/build-arm64-v8a_armeabi-v7a/build/python-installs/encryptorx/armeabi-v7a/urllib3/response.py'...
Listing '/home/null/EncryptorApp/.buildozer/android/platform/build-arm64-v8a_armeabi-v7a/build/python-installs/encryptorx/armeabi-v7a/urllib3/util'...
Compiling '/home/null/EncryptorApp/.buildozer/android/platform/build-arm64-v8a_armeabi-v7a/build/python-installs/encryptorx/armeabi-v7a/urllib3/util/__init__.py'...
Compiling '/home/null/EncryptorApp/.buildozer/android/platform/build-arm64-v8a_armeabi-v7a/build/python-installs/encryptorx/armeabi-v7a/urllib3/util/connection.py'...
Compiling '/home/null/EncryptorApp/.buildozer/android/platform/build-arm64-v8a_armeabi-v7a/build/python-installs/encryptorx/armeabi-v7a/urllib3/util/proxy.py'...
Compiling '/home/null/EncryptorApp/.buildozer/android/platform/build-arm64-v8a_armeabi-v7a/build/python-installs/encryptorx/armeabi-v7a/urllib3/util/request.py'...
Compiling '/home/null/EncryptorApp/.buildozer/android/platform/build-arm64-v8a_armeabi-v7a/build/python-installs/encryptorx/armeabi-v7a/urllib3/util/response.py'...
Compiling '/home/null/EncryptorApp/.buildozer/android/platform/build-arm64-v8a_armeabi-v7a/build/python-installs/encryptorx/armeabi-v7a/urllib3/util/retry.py'...
Compiling '/home/null/EncryptorApp/.buildozer/android/platform/build-arm64-v8a_armeabi-v7a/build/python-installs/encryptorx/armeabi-v7a/urllib3/util/ssl_.py'...
Compiling '/home/null/EncryptorApp/.buildozer/android/platform/build-arm64-v8a_armeabi-v7a/build/python-installs/encryptorx/armeabi-v7a/urllib3/util/ssl_match_hostname.py'...
Compiling '/home/null/EncryptorApp/.buildozer/android/platform/build-arm64-v8a_armeabi-v7a/build/python-installs/encryptorx/armeabi-v7a/urllib3/util/ssltransport.py'...
Compiling '/home/null/EncryptorApp/.buildozer/android/platform/build-arm64-v8a_armeabi-v7a/build/python-installs/encryptorx/armeabi-v7a/urllib3/util/timeout.py'...
Compiling '/home/null/EncryptorApp/.buildozer/android/platform/build-arm64-v8a_armeabi-v7a/build/python-installs/encryptorx/armeabi-v7a/urllib3/util/url.py'...
Compiling '/home/null/EncryptorApp/.buildozer/android/platform/build-arm64-v8a_armeabi-v7a/build/python-installs/encryptorx/armeabi-v7a/urllib3/util/util.py'...
Compiling '/home/null/EncryptorApp/.buildozer/android/platform/build-arm64-v8a_armeabi-v7a/build/python-installs/encryptorx/armeabi-v7a/urllib3/util/wait.py'...
Listing '/home/null/EncryptorApp/.buildozer/android/platform/build-arm64-v8a_armeabi-v7a/build/python-installs/encryptorx/armeabi-v7a/urllib3-2.5.0.dist-info'...
Listing '/home/null/EncryptorApp/.buildozer/android/platform/build-arm64-v8a_armeabi-v7a/build/python-installs/encryptorx/armeabi-v7a/urllib3-2.5.0.dist-info/licenses'...
[1m[90m[DEBUG][39m[0m:   Create directory /home/null/EncryptorApp/.buildozer/android/platform/build-arm64-v8a_armeabi-v7a/dists/encryptorx/_python_bundle__armeabi-v7a/_python_bundle/modules
[1m[INFO][0m:    Copy 66 files into the bundle
[1m[INFO][0m:     - copy /home/null/EncryptorApp/.buildozer/android/platform/build-arm64-v8a_armeabi-v7a/build/other_builds/python3/armeabi-v7a__ndk_target_30/python3/android-build/build/lib.android-30-armeabi_v7a-3.14/_ssl.cpython-314-arm-linux-androideabi.so
[1m[INFO][0m:     - copy /home/null/EncryptorApp/.buildozer/android/platform/build-arm64-v8a_armeabi-v7a/build/other_builds/python3/armeabi-v7a__ndk_target_30/python3/android-build/build/lib.android-30-armeabi_v7a-3.14/_testclinic.cpython-314-arm-linux-androideabi.so
[1m[INFO][0m:     - copy /home/null/EncryptorApp/.buildozer/android/platform/build-arm64-v8a_armeabi-v7a/build/other_builds/python3/armeabi-v7a__ndk_target_30/python3/android-build/build/lib.android-30-armeabi_v7a-3.14/_elementtree.cpython-314-arm-linux-androideabi.so
[1m[INFO][0m:     - copy /home/null/EncryptorApp/.buildozer/android/platform/build-arm64-v8a_armeabi-v7a/build/other_builds/python3/armeabi-v7a__ndk_target_30/python3/android-build/build/lib.android-30-armeabi_v7a-3.14/_multibytecodec.cpython-314-arm-linux-androideabi.so
[1m[INFO][0m:     - copy /home/null/EncryptorApp/.buildozer/android/platform/build-arm64-v8a_armeabi-v7a/build/other_builds/python3/armeabi-v7a__ndk_target_30/python3/android-build/build/lib.android-30-armeabi_v7a-3.14/fcntl.cpython-314-arm-linux-androideabi.so
[1m[INFO][0m:     - copy /home/null/EncryptorApp/.buildozer/android/platform/build-arm64-v8a_armeabi-v7a/build/other_builds/python3/armeabi-v7a__ndk_target_30/python3/android-build/build/lib.android-30-armeabi_v7a-3.14/_json.cpython-314-arm-linux-androideabi.so
[1m[INFO][0m:     - copy /home/null/EncryptorApp/.buildozer/android/platform/build-arm64-v8a_armeabi-v7a/build/other_builds/python3/armeabi-v7a__ndk_target_30/python3/android-build/build/lib.android-30-armeabi_v7a-3.14/_codecs_kr.cpython-314-arm-linux-androideabi.so
[1m[INFO][0m:     - copy /home/null/EncryptorApp/.buildozer/android/platform/build-arm64-v8a_armeabi-v7a/build/other_builds/python3/armeabi-v7a__ndk_target_30/python3/android-build/build/lib.android-30-armeabi_v7a-3.14/_remote_debugging.cpython-314-arm-linux-androideabi.so
[1m[INFO][0m:     - copy /home/null/EncryptorApp/.buildozer/android/platform/build-arm64-v8a_armeabi-v7a/build/other_builds/python3/armeabi-v7a__ndk_target_30/python3/android-build/build/lib.android-30-armeabi_v7a-3.14/_bisect.cpython-314-arm-linux-androideabi.so
[1m[INFO][0m:     - copy /home/null/EncryptorApp/.buildozer/android/platform/build-arm64-v8a_armeabi-v7a/build/other_builds/python3/armeabi-v7a__ndk_target_30/python3/android-build/build/lib.android-30-armeabi_v7a-3.14/xxlimited_35.cpython-314-arm-linux-androideabi.so
[1m[INFO][0m:     - copy /home/null/EncryptorApp/.buildozer/android/platform/build-arm64-v8a_armeabi-v7a/build/other_builds/python3/armeabi-v7a__ndk_target_30/python3/android-build/build/lib.android-30-armeabi_v7a-3.14/_random.cpython-314-arm-linux-androideabi.so
[1m[INFO][0m:     - copy /home/null/EncryptorApp/.buildozer/android/platform/build-arm64-v8a_armeabi-v7a/build/other_builds/python3/armeabi-v7a__ndk_target_30/python3/android-build/build/lib.android-30-armeabi_v7a-3.14/_codecs_hk.cpython-314-arm-linux-androideabi.so
[1m[INFO][0m:     - copy /home/null/EncryptorApp/.buildozer/android/platform/build-arm64-v8a_armeabi-v7a/build/other_builds/python3/armeabi-v7a__ndk_target_30/python3/android-build/build/lib.android-30-armeabi_v7a-3.14/_sha1.cpython-314-arm-linux-androideabi.so
[1m[INFO][0m:     - copy /home/null/EncryptorApp/.buildozer/android/platform/build-arm64-v8a_armeabi-v7a/build/other_builds/python3/armeabi-v7a__ndk_target_30/python3/android-build/build/lib.android-30-armeabi_v7a-3.14/_pickle.cpython-314-arm-linux-androideabi.so
[1m[INFO][0m:     - copy /home/null/EncryptorApp/.buildozer/android/platform/build-arm64-v8a_armeabi-v7a/build/other_builds/python3/armeabi-v7a__ndk_target_30/python3/android-build/build/lib.android-30-armeabi_v7a-3.14/_hashlib.cpython-314-arm-linux-androideabi.so
[1m[INFO][0m:     - copy /home/null/EncryptorApp/.buildozer/android/platform/build-arm64-v8a_armeabi-v7a/build/other_builds/python3/armeabi-v7a__ndk_target_30/python3/android-build/build/lib.android-30-armeabi_v7a-3.14/_xxtestfuzz.cpython-314-arm-linux-androideabi.so
[1m[INFO][0m:     - copy /home/null/EncryptorApp/.buildozer/android/platform/build-arm64-v8a_armeabi-v7a/build/other_builds/python3/armeabi-v7a__ndk_target_30/python3/android-build/build/lib.android-30-armeabi_v7a-3.14/resource.cpython-314-arm-linux-androideabi.so
[1m[INFO][0m:     - copy /home/null/EncryptorApp/.buildozer/android/platform/build-arm64-v8a_armeabi-v7a/build/other_builds/python3/armeabi-v7a__ndk_target_30/python3/android-build/build/lib.android-30-armeabi_v7a-3.14/_sha3.cpython-314-arm-linux-androideabi.so
[1m[INFO][0m:     - copy /home/null/EncryptorApp/.buildozer/android/platform/build-arm64-v8a_armeabi-v7a/build/other_builds/python3/armeabi-v7a__ndk_target_30/python3/android-build/build/lib.android-30-armeabi_v7a-3.14/_asyncio.cpython-314-arm-linux-androideabi.so
[1m[INFO][0m:     - copy /home/null/EncryptorApp/.buildozer/android/platform/build-arm64-v8a_armeabi-v7a/build/other_builds/python3/armeabi-v7a__ndk_target_30/python3/android-build/build/lib.android-30-armeabi_v7a-3.14/select.cpython-314-arm-linux-androideabi.so
[1m[INFO][0m:     - copy /home/null/EncryptorApp/.buildozer/android/platform/build-arm64-v8a_armeabi-v7a/build/other_builds/python3/armeabi-v7a__ndk_target_30/python3/android-build/build/lib.android-30-armeabi_v7a-3.14/_testinternalcapi.cpython-314-arm-linux-androideabi.so
[1m[INFO][0m:     - copy /home/null/EncryptorApp/.buildozer/android/platform/build-arm64-v8a_armeabi-v7a/build/other_builds/python3/armeabi-v7a__ndk_target_30/python3/android-build/build/lib.android-30-armeabi_v7a-3.14/_heapq.cpython-314-arm-linux-androideabi.so
[1m[INFO][0m:     - copy /home/null/EncryptorApp/.buildozer/android/platform/build-arm64-v8a_armeabi-v7a/build/other_builds/python3/armeabi-v7a__ndk_target_30/python3/android-build/build/lib.android-30-armeabi_v7a-3.14/_testlimitedcapi.cpython-314-arm-linux-androideabi.so
[1m[INFO][0m:     - copy /home/null/EncryptorApp/.buildozer/android/platform/build-arm64-v8a_armeabi-v7a/build/other_builds/python3/armeabi-v7a__ndk_target_30/python3/android-build/build/lib.android-30-armeabi_v7a-3.14/_blake2.cpython-314-arm-linux-androideabi.so
[1m[INFO][0m:     - copy /home/null/EncryptorApp/.buildozer/android/platform/build-arm64-v8a_armeabi-v7a/build/other_builds/python3/armeabi-v7a__ndk_target_30/python3/android-build/build/lib.android-30-armeabi_v7a-3.14/_codecs_cn.cpython-314-arm-linux-androideabi.so
[1m[INFO][0m:     - copy /home/null/EncryptorApp/.buildozer/android/platform/build-arm64-v8a_armeabi-v7a/build/other_builds/python3/armeabi-v7a__ndk_target_30/python3/android-build/build/lib.android-30-armeabi_v7a-3.14/_sha2.cpython-314-arm-linux-androideabi.so
[1m[INFO][0m:     - copy /home/null/EncryptorApp/.buildozer/android/platform/build-arm64-v8a_armeabi-v7a/build/other_builds/python3/armeabi-v7a__ndk_target_30/python3/android-build/build/lib.android-30-armeabi_v7a-3.14/_codecs_jp.cpython-314-arm-linux-androideabi.so
[1m[INFO][0m:     - copy /home/null/EncryptorApp/.buildozer/android/platform/build-arm64-v8a_armeabi-v7a/build/other_builds/python3/armeabi-v7a__ndk_target_30/python3/android-build/build/lib.android-30-armeabi_v7a-3.14/_socket.cpython-314-arm-linux-androideabi.so
[1m[INFO][0m:     - copy /home/null/EncryptorApp/.buildozer/android/platform/build-arm64-v8a_armeabi-v7a/build/other_builds/python3/armeabi-v7a__ndk_target_30/python3/android-build/build/lib.android-30-armeabi_v7a-3.14/xxsubtype.cpython-314-arm-linux-androideabi.so
[1m[INFO][0m:     - copy /home/null/EncryptorApp/.buildozer/android/platform/build-arm64-v8a_armeabi-v7a/build/other_builds/python3/armeabi-v7a__ndk_target_30/python3/android-build/build/lib.android-30-armeabi_v7a-3.14/_statistics.cpython-314-arm-linux-androideabi.so
[1m[INFO][0m:     - copy /home/null/EncryptorApp/.buildozer/android/platform/build-arm64-v8a_armeabi-v7a/build/other_builds/python3/armeabi-v7a__ndk_target_30/python3/android-build/build/lib.android-30-armeabi_v7a-3.14/_interpreters.cpython-314-arm-linux-androideabi.so
[1m[INFO][0m:     - copy /home/null/EncryptorApp/.buildozer/android/platform/build-arm64-v8a_armeabi-v7a/build/other_builds/python3/armeabi-v7a__ndk_target_30/python3/android-build/build/lib.android-30-armeabi_v7a-3.14/_zoneinfo.cpython-314-arm-linux-androideabi.so
[1m[INFO][0m:     - copy /home/null/EncryptorApp/.buildozer/android/platform/build-arm64-v8a_armeabi-v7a/build/other_builds/python3/armeabi-v7a__ndk_target_30/python3/android-build/build/lib.android-30-armeabi_v7a-3.14/_testclinic_limited.cpython-314-arm-linux-androideabi.so
[1m[INFO][0m:     - copy /home/null/EncryptorApp/.buildozer/android/platform/build-arm64-v8a_armeabi-v7a/build/other_builds/python3/armeabi-v7a__ndk_target_30/python3/android-build/build/lib.android-30-armeabi_v7a-3.14/pyexpat.cpython-314-arm-linux-androideabi.so
[1m[INFO][0m:     - copy /home/null/EncryptorApp/.buildozer/android/platform/build-arm64-v8a_armeabi-v7a/build/other_builds/python3/armeabi-v7a__ndk_target_30/python3/android-build/build/lib.android-30-armeabi_v7a-3.14/_testmultiphase.cpython-314-arm-linux-androideabi.so
[1m[INFO][0m:     - copy /home/null/EncryptorApp/.buildozer/android/platform/build-arm64-v8a_armeabi-v7a/build/other_builds/python3/armeabi-v7a__ndk_target_30/python3/android-build/build/lib.android-30-armeabi_v7a-3.14/_queue.cpython-314-arm-linux-androideabi.so
[1m[INFO][0m:     - copy /home/null/EncryptorApp/.buildozer/android/platform/build-arm64-v8a_armeabi-v7a/build/other_builds/python3/armeabi-v7a__ndk_target_30/python3/android-build/build/lib.android-30-armeabi_v7a-3.14/_ctypes.cpython-314-arm-linux-androideabi.so
[1m[INFO][0m:     - copy /home/null/EncryptorApp/.buildozer/android/platform/build-arm64-v8a_armeabi-v7a/build/other_builds/python3/armeabi-v7a__ndk_target_30/python3/android-build/build/lib.android-30-armeabi_v7a-3.14/_md5.cpython-314-arm-linux-androideabi.so
[1m[INFO][0m:     - copy /home/null/EncryptorApp/.buildozer/android/platform/build-arm64-v8a_armeabi-v7a/build/other_builds/python3/armeabi-v7a__ndk_target_30/python3/android-build/build/lib.android-30-armeabi_v7a-3.14/_decimal.cpython-314-arm-linux-androideabi.so
[1m[INFO][0m:     - copy /home/null/EncryptorApp/.buildozer/android/platform/build-arm64-v8a_armeabi-v7a/build/other_builds/python3/armeabi-v7a__ndk_target_30/python3/android-build/build/lib.android-30-armeabi_v7a-3.14/xxlimited.cpython-314-arm-linux-androideabi.so
[1m[INFO][0m:     - copy /home/null/EncryptorApp/.buildozer/android/platform/build-arm64-v8a_armeabi-v7a/build/other_builds/python3/armeabi-v7a__ndk_target_30/python3/android-build/build/lib.android-30-armeabi_v7a-3.14/_lsprof.cpython-314-arm-linux-androideabi.so
[1m[INFO][0m:     - copy /home/null/EncryptorApp/.buildozer/android/platform/build-arm64-v8a_armeabi-v7a/build/other_builds/python3/armeabi-v7a__ndk_target_30/python3/android-build/build/lib.android-30-armeabi_v7a-3.14/binascii.cpython-314-arm-linux-androideabi.so
[1m[INFO][0m:     - copy /home/null/EncryptorApp/.buildozer/android/platform/build-arm64-v8a_armeabi-v7a/build/other_builds/python3/armeabi-v7a__ndk_target_30/python3/android-build/build/lib.android-30-armeabi_v7a-3.14/_testimportmultiple.cpython-314-arm-linux-androideabi.so
[1m[INFO][0m:     - copy /home/null/EncryptorApp/.buildozer/android/platform/build-arm64-v8a_armeabi-v7a/build/other_builds/python3/armeabi-v7a__ndk_target_30/python3/android-build/build/lib.android-30-armeabi_v7a-3.14/_interpqueues.cpython-314-arm-linux-androideabi.so
[1m[INFO][0m:     - copy /home/null/EncryptorApp/.buildozer/android/platform/build-arm64-v8a_armeabi-v7a/build/other_builds/python3/armeabi-v7a__ndk_target_30/python3/android-build/build/lib.android-30-armeabi_v7a-3.14/_ctypes_test.cpython-314-arm-linux-androideabi.so
[1m[INFO][0m:     - copy /home/null/EncryptorApp/.buildozer/android/platform/build-arm64-v8a_armeabi-v7a/build/other_builds/python3/armeabi-v7a__ndk_target_30/python3/android-build/build/lib.android-30-armeabi_v7a-3.14/unicodedata.cpython-314-arm-linux-androideabi.so
[1m[INFO][0m:     - copy /home/null/EncryptorApp/.buildozer/android/platform/build-arm64-v8a_armeabi-v7a/build/other_builds/python3/armeabi-v7a__ndk_target_30/python3/android-build/build/lib.android-30-armeabi_v7a-3.14/zlib.cpython-314-arm-linux-androideabi.so
[1m[INFO][0m:     - copy /home/null/EncryptorApp/.buildozer/android/platform/build-arm64-v8a_armeabi-v7a/build/other_builds/python3/armeabi-v7a__ndk_target_30/python3/android-build/build/lib.android-30-armeabi_v7a-3.14/_testsinglephase.cpython-314-arm-linux-androideabi.so
[1m[INFO][0m:     - copy /home/null/EncryptorApp/.buildozer/android/platform/build-arm64-v8a_armeabi-v7a/build/other_builds/python3/armeabi-v7a__ndk_target_30/python3/android-build/build/lib.android-30-armeabi_v7a-3.14/_testcapi.cpython-314-arm-linux-androideabi.so
[1m[INFO][0m:     - copy /home/null/EncryptorApp/.buildozer/android/platform/build-arm64-v8a_armeabi-v7a/build/other_builds/python3/armeabi-v7a__ndk_target_30/python3/android-build/build/lib.android-30-armeabi_v7a-3.14/_testbuffer.cpython-314-arm-linux-androideabi.so
[1m[INFO][0m:     - copy /home/null/EncryptorApp/.buildozer/android/platform/build-arm64-v8a_armeabi-v7a/build/other_builds/python3/armeabi-v7a__ndk_target_30/python3/android-build/build/lib.android-30-armeabi_v7a-3.14/_codecs_iso2022.cpython-314-arm-linux-androideabi.so
[1m[INFO][0m:     - copy /home/null/EncryptorApp/.buildozer/android/platform/build-arm64-v8a_armeabi-v7a/build/other_builds/python3/armeabi-v7a__ndk_target_30/python3/android-build/build/lib.android-30-armeabi_v7a-3.14/termios.cpython-314-arm-linux-androideabi.so
[1m[INFO][0m:     - copy /home/null/EncryptorApp/.buildozer/android/platform/build-arm64-v8a_armeabi-v7a/build/other_builds/python3/armeabi-v7a__ndk_target_30/python3/android-build/build/lib.android-30-armeabi_v7a-3.14/_posixsubprocess.cpython-314-arm-linux-androideabi.so
[1m[INFO][0m:     - copy /home/null/EncryptorApp/.buildozer/android/platform/build-arm64-v8a_armeabi-v7a/build/other_builds/python3/armeabi-v7a__ndk_target_30/python3/android-build/build/lib.android-30-armeabi_v7a-3.14/array.cpython-314-arm-linux-androideabi.so
[1m[INFO][0m:     - copy /home/null/EncryptorApp/.buildozer/android/platform/build-arm64-v8a_armeabi-v7a/build/other_builds/python3/armeabi-v7a__ndk_target_30/python3/android-build/build/lib.android-30-armeabi_v7a-3.14/_sqlite3.cpython-314-arm-linux-androideabi.so
[1m[INFO][0m:     - copy /home/null/EncryptorApp/.buildozer/android/platform/build-arm64-v8a_armeabi-v7a/build/other_builds/python3/armeabi-v7a__ndk_target_30/python3/android-build/build/lib.android-30-armeabi_v7a-3.14/mmap.cpython-314-arm-linux-androideabi.so
[1m[INFO][0m:     - copy /home/null/EncryptorApp/.buildozer/android/platform/build-arm64-v8a_armeabi-v7a/build/other_builds/python3/armeabi-v7a__ndk_target_30/python3/android-build/build/lib.android-30-armeabi_v7a-3.14/grp.cpython-314-arm-linux-androideabi.so
[1m[INFO][0m:     - copy /home/null/EncryptorApp/.buildozer/android/platform/build-arm64-v8a_armeabi-v7a/build/other_builds/python3/armeabi-v7a__ndk_target_30/python3/android-build/build/lib.android-30-armeabi_v7a-3.14/_hmac.cpython-314-arm-linux-androideabi.so
[1m[INFO][0m:     - copy /home/null/EncryptorApp/.buildozer/android/platform/build-arm64-v8a_armeabi-v7a/build/other_builds/python3/armeabi-v7a__ndk_target_30/python3/android-build/build/lib.android-30-armeabi_v7a-3.14/_struct.cpython-314-arm-linux-androideabi.so
[1m[INFO][0m:     - copy /home/null/EncryptorApp/.buildozer/android/platform/build-arm64-v8a_armeabi-v7a/build/other_builds/python3/armeabi-v7a__ndk_target_30/python3/android-build/build/lib.android-30-armeabi_v7a-3.14/cmath.cpython-314-arm-linux-androideabi.so
[1m[INFO][0m:     - copy /home/null/EncryptorApp/.buildozer/android/platform/build-arm64-v8a_armeabi-v7a/build/other_builds/python3/armeabi-v7a__ndk_target_30/python3/android-build/build/lib.android-30-armeabi_v7a-3.14/math.cpython-314-arm-linux-androideabi.so
[1m[INFO][0m:     - copy /home/null/EncryptorApp/.buildozer/android/platform/build-arm64-v8a_armeabi-v7a/build/other_builds/python3/armeabi-v7a__ndk_target_30/python3/android-build/build/lib.android-30-armeabi_v7a-3.14/_codecs_tw.cpython-314-arm-linux-androideabi.so
[1m[INFO][0m:     - copy /home/null/EncryptorApp/.buildozer/android/platform/build-arm64-v8a_armeabi-v7a/build/other_builds/python3/armeabi-v7a__ndk_target_30/python3/android-build/build/lib.android-30-armeabi_v7a-3.14/_interpchannels.cpython-314-arm-linux-androideabi.so
[1m[INFO][0m:     - copy /home/null/EncryptorApp/.buildozer/android/platform/build-arm64-v8a_armeabi-v7a/build/other_builds/python3/armeabi-v7a__ndk_target_30/python3/android-build/build/lib.android-30-armeabi_v7a-3.14/_csv.cpython-314-arm-linux-androideabi.so
[1m[INFO][0m:     - copy /home/null/EncryptorApp/.buildozer/android/platform/build-arm64-v8a_armeabi-v7a/build/other_builds/python3/armeabi-v7a__ndk_target_30/python3/android-build/build/lib.android-30-armeabi_v7a-3.14/syslog.cpython-314-arm-linux-androideabi.so
[1m[INFO][0m:     - copy /home/null/EncryptorApp/.buildozer/android/platform/build-arm64-v8a_armeabi-v7a/build/other_builds/python3/armeabi-v7a__ndk_target_30/python3/android-build/build/lib.android-30-armeabi_v7a-3.14/_sysconfigdata__android_arm-linux-androideabi.pyc
[1m[INFO][0m:    [36m-> directory context /home/null/EncryptorApp/.buildozer/android/platform/build-arm64-v8a_armeabi-v7a/build/other_builds/python3/armeabi-v7a__ndk_target_30/python3/Lib[39m
[1m[INFO][0m:    Zip 593 files into the bundle
Traceback (most recent call last):
  File "<frozen runpy>", line 198, in _run_module_as_main
  File "<frozen runpy>", line 88, in _run_code
  File "/home/null/EncryptorApp/.buildozer/android/platform/python-for-android/pythonforandroid/toolchain.py", line 1246, in <module>
    main()
  File "/home/null/EncryptorApp/.buildozer/android/platform/python-for-android/pythonforandroid/entrypoints.py", line 18, in main
    ToolchainCL()
  File "/home/null/EncryptorApp/.buildozer/android/platform/python-for-android/pythonforandroid/toolchain.py", line 677, in __init__
    getattr(self, command)(args)
  File "/home/null/EncryptorApp/.buildozer/android/platform/python-for-android/pythonforandroid/toolchain.py", line 104, in wrapper_func
    build_dist_from_args(ctx, dist, args)
  File "/home/null/EncryptorApp/.buildozer/android/platform/python-for-android/pythonforandroid/toolchain.py", line 170, in build_dist_from_args
    ctx.bootstrap.assemble_distribution()
  File "/home/null/EncryptorApp/.buildozer/android/platform/python-for-android/pythonforandroid/bootstraps/_sdl_common/__init__.py", line 39, in assemble_distribution
    site_packages_dir = self.ctx.python_recipe.create_python_bundle(
                        ^^^^^^^^^^^^^^^^^^^^^^^^^^^^^^^^^^^^^^^^^^^^
  File "/home/null/EncryptorApp/.buildozer/android/platform/python-for-android/pythonforandroid/recipes/python3/__init__.py", line 427, in create_python_bundle
    shprint(sh.zip, '-X', stdlib_zip, *stdlib_filens)
            ^^^^^^
  File "/home/null/EncryptorApp/.venv/lib/python3.12/site-packages/sh.py", line 3669, in __getattr__
    return self.__env[name]
           ~~~~~~~~~~^^^^^^
  File "/home/null/EncryptorApp/.venv/lib/python3.12/site-packages/sh.py", line 3444, in __getitem__
    raise CommandNotFound(k)
sh.CommandNotFound: zip
# Command failed: ['/home/null/EncryptorApp/.venv/bin/python3', '-m', 'pythonforandroid.toolchain', 'create', '--dist_name=encryptorx', '--bootstrap=sdl2', '--requirements=python3,kivy,plyer', '--arch=arm64-v8a', '--arch=armeabi-v7a', '--copy-libs', '--color=always', '--storage-dir=/home/null/EncryptorApp/.buildozer/android/platform/build-arm64-v8a_armeabi-v7a', '--ndk-api=30', '--ignore-setup-py', '--debug']
# ENVIRONMENT:
#     SHELL = '/bin/bash'
#     WSL2_GUI_APPS_ENABLED = '1'
#     WSL_DISTRO_NAME = 'Ubuntu'
#     NAME = 'DESKTOP-QMGOT6P'
#     PWD = '/home/null/EncryptorApp'
#     LOGNAME = 'null'
#     HOME = '/home/null'
#     LANG = 'C.UTF-8'
#     WSL_INTEROP = '/run/WSL/115060_interop'
#     VIRTUAL_ENV = '/home/null/EncryptorApp/.venv'
#     WAYLAND_DISPLAY = 'wayland-0'
#     TERM = 'xterm-256color'
#     USER = 'null'
#     DISPLAY = ':0'
#     SHLVL = '1'
#     VIRTUAL_ENV_PROMPT = '(.venv) '
#     XDG_RUNTIME_DIR = '/run/user/1000/'
#     PS1 = '(.venv) '
#     WSLENV = ''
#     PATH = ('/home/null/.buildozer/android/platform/apache-ant-1.9.4/bin:/home/null/EncryptorApp/.venv/bin:/usr/local/sbin:/usr/local/bin:/usr/sbin:/usr/bin:/sbin:/bin:/usr/games:/usr/local/games:/usr/lib/wsl/lib:/mnt/c/Program '
 'Files/Eclipse Adoptium/jdk-17.0.17.10-hotspot/bin:/mnt/c/Program '
 'Files/Python38/Scripts/:/mnt/c/Program Files/Python38/:/mnt/c/Program '
 'Files/Common Files/Oracle/Java/javapath:/mnt/c/Program Files/Eclipse '
 'Adoptium/jdk-21.0.7.6-hotspot/bin:/mnt/c/Program Files (x86)/Common '
 'Files/Oracle/Java/java8path:/mnt/c/Program Files (x86)/Common '
 'Files/Oracle/Java/javapath:/mnt/c/Windows/system32:/mnt/c/Windows:/mnt/c/Windows/System32/Wbem:/mnt/c/Windows/System32/WindowsPowerShell/v1.0/:/mnt/c/Windows/System32/OpenSSH/:/mnt/c/Program '
 'Files/dotnet/:/mnt/c/Program Files (x86)/NVIDIA '
 'Corporation/PhysX/Common:/mnt/c/Program Files/NVIDIA Corporation/NVIDIA '
 'app/NvDLISR:/mnt/c/Program Files (x86)/Windows Kits/10/Windows Performance '
 'Toolkit/:/mnt/c/Program Files/Common Files/Autodesk Shared/:/mnt/c/Program '
 'Files/Microsoft SQL '
 'Server/150/Tools/Binn/:/mnt/c/ProgramData/chocolatey/bin:/mnt/c/Program '
 'Files/nodejs/:/mnt/c/msys64/mingw64/bin:/mnt/c/ProgramData/Microsoft/Windows/Start '
 'Menu/Programs/Python '
 '3.8:/mnt/c/Users/maxi-/AppData/Local/Programs/Python/Python314/Scripts:/mnt/c/Users/maxi-/AppData/Local/Programs/Python/Python314:/mnt/c/Users/maxi-/AppData/Local/Programs/Python/Launcher/:/mnt/d/Krita/ComfyUI/uv:/mnt/c/Users/maxi-/AppData/Roaming/krita/ai_diffusion/server/uv:/mnt/c/Users/maxi-/AppData/Local/Microsoft/WindowsApps:/mnt/c/Users/maxi-/AppData/Local/Muse '
 'Hub/lib:/mnt/c/Users/maxi-/AppData/Local/Programs/Microsoft VS '
 'Code/bin:/mnt/c/Users/maxi-/OneDrive/Desktop/EncryptorApp/dist/EncryptorX:/mnt/c/Users/maxi-/AppData/Roaming/npm:/mnt/c/Users/maxi-/.dotnet/tools:/mnt/c/Users/maxi-/AppData/Local/Python/bin:/mnt/c/Users/maxi-/AppData/Local/Programs/Antigravity/bin')
#     DBUS_SESSION_BUS_ADDRESS = 'unix:path=/run/user/1000/bus'
#     HOSTTYPE = 'x86_64'
#     PULSE_SERVER = 'unix:/mnt/wslg/PulseServer'
#     OLDPWD = '/mnt/c/null/EncryptorApp'
#     _ = '/home/null/EncryptorApp/.venv/bin/buildozer'
#     PACKAGES_PATH = '/home/null/.buildozer/android/packages'
#     ANDROIDSDK = '/home/null/.buildozer/android/platform/android-sdk'
#     ANDROIDNDK = '/home/null/.buildozer/android/platform/android-ndk-r28c'
#     ANDROIDAPI = '34'
#     ANDROIDMINAPI = '30'
# 
# Buildozer failed to execute the last command
# The error might be hidden in the log above this error
# Please read the full log, and search for it before
# raising an issue with buildozer itself.
# In case of a bug report, please add a full log with log_level = 2
